[0.009s] Invoking command in '/home/husky/TR/build/livox_ros_driver2': CMAKE_PREFIX_PATH=${CMAKE_PREFIX_PATH}:/opt/ros/jazzy DEBUGINFOD_URLS=https://debuginfod.ubuntu.com /usr/bin/cmake /home/husky/TR/src/livox_ros_driver2 -DCMAKE_INSTALL_PREFIX=/home/husky/TR/install/livox_ros_driver2
[0.020s] -- livox_ros_driver2 version: 1.2.6
[0.020s] -- Found ament_cmake_auto: 2.5.6 (/opt/ros/jazzy/share/ament_cmake_auto/cmake)
[0.147s] -- Using all available rosidl_typesupport_c: rosidl_typesupport_fastrtps_c;rosidl_typesupport_introspection_c
[0.171s] -- Using all available rosidl_typesupport_cpp: rosidl_typesupport_fastrtps_cpp;rosidl_typesupport_introspection_cpp
[0.190s] -- Found rosidl_adapter: 4.6.9 (/opt/ros/jazzy/share/rosidl_adapter/cmake)
[0.233s] -- Found rmw_implementation_cmake: 7.3.3 (/opt/ros/jazzy/share/rmw_implementation_cmake/cmake)
[0.234s] -- Found rmw_fastrtps_cpp: 8.4.4 (/opt/ros/jazzy/share/rmw_fastrtps_cpp/cmake)
[0.278s] -- Using RMW implementation 'rmw_fastrtps_cpp' as default
[0.408s] [33mCMake Warning (dev) at /usr/lib/x86_64-linux-gnu/cmake/pcl/Modules/FindFLANN.cmake:45 (find_package):
[0.408s]   Policy CMP0144 is not set: find_package uses upper-case <PACKAGENAME>_ROOT
[0.409s]   variables.  Run "cmake --help-policy CMP0144" for policy details.  Use the
[0.409s]   cmake_policy command to set the policy and suppress this warning.
[0.409s] 
[0.409s]   CMake variable FLANN_ROOT is set to:
[0.409s] 
[0.409s]     /usr
[0.409s] 
[0.409s]   For compatibility, find_package is ignoring the variable, but code in a
[0.409s]   .cmake module might still use it.
[0.409s] Call Stack (most recent call first):
[0.409s]   /usr/lib/x86_64-linux-gnu/cmake/pcl/PCLConfig.cmake:261 (find_package)
[0.410s]   /usr/lib/x86_64-linux-gnu/cmake/pcl/PCLConfig.cmake:306 (find_flann)
[0.410s]   /usr/lib/x86_64-linux-gnu/cmake/pcl/PCLConfig.cmake:570 (find_external_library)
[0.410s]   /opt/ros/jazzy/share/pcl_conversions/cmake/ament_cmake_export_dependencies-extras.cmake:21 (find_package)
[0.410s]   /opt/ros/jazzy/share/pcl_conversions/cmake/pcl_conversionsConfig.cmake:41 (include)
[0.410s]   /opt/ros/jazzy/share/ament_cmake_auto/cmake/ament_auto_find_build_dependencies.cmake:67 (find_package)
[0.410s]   CMakeLists.txt:225 (ament_auto_find_build_dependencies)
[0.410s] This warning is for project developers.  Use -Wno-dev to suppress it.
[0.410s] [0m
[0.410s] -- Found flann version 1.9.2
[0.742s] -- OpenNI found (version: 1.5.4.0, include: /usr/include/ni, lib: /usr/lib/libOpenNI.so;libusb::libusb)
[0.748s] -- OpenNI2 found (version: 2.2.0.33, include: /usr/include/openni2, lib: /usr/lib/x86_64-linux-gnu/libOpenNI2.so;libusb::libusb)
[1.106s] -- OpenNI found (version: 1.5.4.0, include: /usr/include/ni, lib: /usr/lib/libOpenNI.so;libusb::libusb)
[1.112s] -- OpenNI2 found (version: 2.2.0.33, include: /usr/include/openni2, lib: /usr/lib/x86_64-linux-gnu/libOpenNI2.so;libusb::libusb)
[1.426s] -- Found Qhull version 8.0.2
[1.745s] -- OpenNI found (version: 1.5.4.0, include: /usr/include/ni, lib: /usr/lib/libOpenNI.so;libusb::libusb)
[2.088s] [0m/usr/include/apr-1.0[0m
[2.088s] [0mapr-1[0m
[2.214s] -- Found ament_cmake_ros: 0.12.1 (/opt/ros/jazzy/share/ament_cmake_ros/cmake)
[2.303s] -- Using all available rosidl_typesupport_c: rosidl_typesupport_fastrtps_c;rosidl_typesupport_introspection_c
[2.423s] -- Using all available rosidl_typesupport_cpp: rosidl_typesupport_fastrtps_cpp;rosidl_typesupport_introspection_cpp
[2.424s] -- Found python_cmake_module: 0.11.1 (/opt/ros/jazzy/share/python_cmake_module/cmake)
[2.606s] -- Found Python3: /usr/bin/python3 (found version "3.12.3") found components: Interpreter Development NumPy Development.Module Development.Embed 
[2.652s] -- Found Python3: /usr/bin/python3 (found version "3.12.3") found components: Interpreter 
[2.660s] -- Found ament_lint_auto: 0.17.5 (/opt/ros/jazzy/share/ament_lint_auto/cmake)
[2.667s] -- Added test 'copyright' to check source files copyright and LICENSE
[2.672s] -- Added test 'cppcheck' to perform static code analysis on C / C++ code
[2.673s] -- Configured cppcheck include dirs: /home/husky/TR/src/livox_ros_driver2/3rdparty;/home/husky/TR/src/livox_ros_driver2/src
[2.673s] -- Configured cppcheck exclude dirs and/or files: 
[2.678s] -- Added test 'cpplint' to check C / C++ code against the Google style
[2.678s] -- Configured cpplint exclude dirs and/or files: 
[2.679s] -- Added test 'flake8' to check Python code syntax and style conventions
[2.679s] -- Configured 'flake8' exclude dirs and/or files: 
[2.680s] -- Added test 'lint_cmake' to check CMake code style
[2.681s] -- Added test 'pep257' to check Python code against some of the docstring style conventions in PEP 257
[2.686s] -- Added test 'uncrustify' to check C / C++ code style
[2.686s] -- Configured uncrustify additional arguments: 
[2.687s] -- Added test 'xmllint' to check XML markup files
[2.688s] -- Configuring done (2.7s)
[2.694s] [0mCMake Error: The following variables are used in this project, but they are set to NOTFOUND.
[2.694s] Please set them or make sure they are set and tested correctly in the CMake files:
[2.694s] /home/husky/TR/src/livox_ros_driver2/LIVOX_INTERFACES_INCLUDE_DIRECTORIES
[2.694s]    used as include directory in directory /home/husky/TR/src/livox_ros_driver2
[2.695s] [0m
[2.748s] -- Generating done (0.0s)
[2.751s] [0mCMake Generate step failed.  Build files cannot be regenerated correctly.[0m
[2.767s] Invoked command in '/home/husky/TR/build/livox_ros_driver2' returned '1': CMAKE_PREFIX_PATH=${CMAKE_PREFIX_PATH}:/opt/ros/jazzy DEBUGINFOD_URLS=https://debuginfod.ubuntu.com /usr/bin/cmake /home/husky/TR/src/livox_ros_driver2 -DCMAKE_INSTALL_PREFIX=/home/husky/TR/install/livox_ros_driver2
