[0.066s] DEBUG:colcon:Command line arguments: ['/usr/bin/colcon', 'build', '--packages-select', 'livox_ros_driver2', 'fastlio2', '--event-handlers', 'console_direct+']
[0.066s] DEBUG:colcon:Parsed command line arguments: Namespace(log_base=None, log_level=None, verb_name='build', build_base='build', install_base='install', merge_install=False, symlink_install=False, test_result_base=None, continue_on_error=False, executor='parallel', parallel_workers=32, event_handlers=['console_direct+'], ignore_user_meta=False, metas=['./colcon.meta'], base_paths=['.'], packages_ignore=None, packages_ignore_regex=None, paths=None, packages_up_to=None, packages_up_to_regex=None, packages_above=None, packages_above_and_dependencies=None, packages_above_depth=None, packages_select_by_dep=None, packages_skip_by_dep=None, packages_skip_up_to=None, packages_select_build_failed=False, packages_skip_build_finished=False, packages_select_test_failures=False, packages_skip_test_passed=False, packages_select=['livox_ros_driver2', 'fastlio2'], packages_skip=None, packages_select_regex=None, packages_skip_regex=None, packages_start=None, packages_end=None, allow_overriding=[], cmake_args=None, cmake_target=None, cmake_target_skip_unavailable=False, cmake_clean_cache=False, cmake_clean_first=False, cmake_force_configure=False, ament_cmake_args=None, catkin_cmake_args=None, catkin_skip_building_tests=False, verb_parser=<colcon_defaults.argument_parser.defaults.DefaultArgumentsDecorator object at 0x7dac208271d0>, verb_extension=<colcon_core.verb.build.BuildVerb object at 0x7dac20827080>, main=<bound method BuildVerb.main of <colcon_core.verb.build.BuildVerb object at 0x7dac20827080>>)
[0.093s] Level 1:colcon.colcon_core.package_discovery:discover_packages(colcon_meta) check parameters
[0.093s] Level 1:colcon.colcon_core.package_discovery:discover_packages(recursive) check parameters
[0.093s] Level 1:colcon.colcon_core.package_discovery:discover_packages(ignore) check parameters
[0.093s] Level 1:colcon.colcon_core.package_discovery:discover_packages(path) check parameters
[0.093s] Level 1:colcon.colcon_core.package_discovery:discover_packages(colcon_meta) discover
[0.093s] Level 1:colcon.colcon_core.package_discovery:discover_packages(recursive) discover
[0.093s] INFO:colcon.colcon_core.package_discovery:Crawling recursively for packages in '/home/husky/TR'
[0.093s] Level 1:colcon.colcon_core.package_identification:_identify(.) by extensions ['ignore', 'ignore_ament_install']
[0.093s] Level 1:colcon.colcon_core.package_identification:_identify(.) by extension 'ignore'
[0.093s] Level 1:colcon.colcon_core.package_identification:_identify(.) by extension 'ignore_ament_install'
[0.093s] Level 1:colcon.colcon_core.package_identification:_identify(.) by extensions ['colcon_pkg']
[0.093s] Level 1:colcon.colcon_core.package_identification:_identify(.) by extension 'colcon_pkg'
[0.093s] Level 1:colcon.colcon_core.package_identification:_identify(.) by extensions ['colcon_meta']
[0.093s] Level 1:colcon.colcon_core.package_identification:_identify(.) by extension 'colcon_meta'
[0.093s] Level 1:colcon.colcon_core.package_identification:_identify(.) by extensions ['ros']
[0.093s] Level 1:colcon.colcon_core.package_identification:_identify(.) by extension 'ros'
[0.110s] Level 1:colcon.colcon_core.package_identification:_identify(.) by extensions ['cmake', 'python']
[0.110s] Level 1:colcon.colcon_core.package_identification:_identify(.) by extension 'cmake'
[0.110s] Level 1:colcon.colcon_core.package_identification:_identify(.) by extension 'python'
[0.110s] Level 1:colcon.colcon_core.package_identification:_identify(.) by extensions ['python_setup_py']
[0.110s] Level 1:colcon.colcon_core.package_identification:_identify(.) by extension 'python_setup_py'
[0.110s] Level 1:colcon.colcon_core.package_identification:_identify(build) by extensions ['ignore', 'ignore_ament_install']
[0.111s] Level 1:colcon.colcon_core.package_identification:_identify(build) by extension 'ignore'
[0.111s] Level 1:colcon.colcon_core.package_identification:_identify(build) ignored
[0.111s] Level 1:colcon.colcon_core.package_identification:_identify(docs) by extensions ['ignore', 'ignore_ament_install']
[0.111s] Level 1:colcon.colcon_core.package_identification:_identify(docs) by extension 'ignore'
[0.111s] Level 1:colcon.colcon_core.package_identification:_identify(docs) by extension 'ignore_ament_install'
[0.111s] Level 1:colcon.colcon_core.package_identification:_identify(docs) by extensions ['colcon_pkg']
[0.111s] Level 1:colcon.colcon_core.package_identification:_identify(docs) by extension 'colcon_pkg'
[0.111s] Level 1:colcon.colcon_core.package_identification:_identify(docs) by extensions ['colcon_meta']
[0.111s] Level 1:colcon.colcon_core.package_identification:_identify(docs) by extension 'colcon_meta'
[0.111s] Level 1:colcon.colcon_core.package_identification:_identify(docs) by extensions ['ros']
[0.111s] Level 1:colcon.colcon_core.package_identification:_identify(docs) by extension 'ros'
[0.111s] Level 1:colcon.colcon_core.package_identification:_identify(docs) by extensions ['cmake', 'python']
[0.111s] Level 1:colcon.colcon_core.package_identification:_identify(docs) by extension 'cmake'
[0.111s] Level 1:colcon.colcon_core.package_identification:_identify(docs) by extension 'python'
[0.111s] Level 1:colcon.colcon_core.package_identification:_identify(docs) by extensions ['python_setup_py']
[0.111s] Level 1:colcon.colcon_core.package_identification:_identify(docs) by extension 'python_setup_py'
[0.111s] Level 1:colcon.colcon_core.package_identification:_identify(install) by extensions ['ignore', 'ignore_ament_install']
[0.111s] Level 1:colcon.colcon_core.package_identification:_identify(install) by extension 'ignore'
[0.111s] Level 1:colcon.colcon_core.package_identification:_identify(install) ignored
[0.111s] Level 1:colcon.colcon_core.package_identification:_identify(log) by extensions ['ignore', 'ignore_ament_install']
[0.111s] Level 1:colcon.colcon_core.package_identification:_identify(log) by extension 'ignore'
[0.111s] Level 1:colcon.colcon_core.package_identification:_identify(log) ignored
[0.111s] Level 1:colcon.colcon_core.package_identification:_identify(src) by extensions ['ignore', 'ignore_ament_install']
[0.111s] Level 1:colcon.colcon_core.package_identification:_identify(src) by extension 'ignore'
[0.111s] Level 1:colcon.colcon_core.package_identification:_identify(src) by extension 'ignore_ament_install'
[0.111s] Level 1:colcon.colcon_core.package_identification:_identify(src) by extensions ['colcon_pkg']
[0.111s] Level 1:colcon.colcon_core.package_identification:_identify(src) by extension 'colcon_pkg'
[0.111s] Level 1:colcon.colcon_core.package_identification:_identify(src) by extensions ['colcon_meta']
[0.112s] Level 1:colcon.colcon_core.package_identification:_identify(src) by extension 'colcon_meta'
[0.112s] Level 1:colcon.colcon_core.package_identification:_identify(src) by extensions ['ros']
[0.112s] Level 1:colcon.colcon_core.package_identification:_identify(src) by extension 'ros'
[0.112s] Level 1:colcon.colcon_core.package_identification:_identify(src) by extensions ['cmake', 'python']
[0.112s] Level 1:colcon.colcon_core.package_identification:_identify(src) by extension 'cmake'
[0.112s] Level 1:colcon.colcon_core.package_identification:_identify(src) by extension 'python'
[0.112s] Level 1:colcon.colcon_core.package_identification:_identify(src) by extensions ['python_setup_py']
[0.112s] Level 1:colcon.colcon_core.package_identification:_identify(src) by extension 'python_setup_py'
[0.112s] Level 1:colcon.colcon_core.package_identification:_identify(src/FAST_LIO2_ROS2) by extensions ['ignore', 'ignore_ament_install']
[0.112s] Level 1:colcon.colcon_core.package_identification:_identify(src/FAST_LIO2_ROS2) by extension 'ignore'
[0.112s] Level 1:colcon.colcon_core.package_identification:_identify(src/FAST_LIO2_ROS2) by extension 'ignore_ament_install'
[0.112s] Level 1:colcon.colcon_core.package_identification:_identify(src/FAST_LIO2_ROS2) by extensions ['colcon_pkg']
[0.112s] Level 1:colcon.colcon_core.package_identification:_identify(src/FAST_LIO2_ROS2) by extension 'colcon_pkg'
[0.112s] Level 1:colcon.colcon_core.package_identification:_identify(src/FAST_LIO2_ROS2) by extensions ['colcon_meta']
[0.112s] Level 1:colcon.colcon_core.package_identification:_identify(src/FAST_LIO2_ROS2) by extension 'colcon_meta'
[0.112s] Level 1:colcon.colcon_core.package_identification:_identify(src/FAST_LIO2_ROS2) by extensions ['ros']
[0.112s] Level 1:colcon.colcon_core.package_identification:_identify(src/FAST_LIO2_ROS2) by extension 'ros'
[0.112s] Level 1:colcon.colcon_core.package_identification:_identify(src/FAST_LIO2_ROS2) by extensions ['cmake', 'python']
[0.112s] Level 1:colcon.colcon_core.package_identification:_identify(src/FAST_LIO2_ROS2) by extension 'cmake'
[0.112s] Level 1:colcon.colcon_core.package_identification:_identify(src/FAST_LIO2_ROS2) by extension 'python'
[0.112s] Level 1:colcon.colcon_core.package_identification:_identify(src/FAST_LIO2_ROS2) by extensions ['python_setup_py']
[0.112s] Level 1:colcon.colcon_core.package_identification:_identify(src/FAST_LIO2_ROS2) by extension 'python_setup_py'
[0.112s] Level 1:colcon.colcon_core.package_identification:_identify(src/FAST_LIO2_ROS2/fastlio2) by extensions ['ignore', 'ignore_ament_install']
[0.112s] Level 1:colcon.colcon_core.package_identification:_identify(src/FAST_LIO2_ROS2/fastlio2) by extension 'ignore'
[0.112s] Level 1:colcon.colcon_core.package_identification:_identify(src/FAST_LIO2_ROS2/fastlio2) by extension 'ignore_ament_install'
[0.112s] Level 1:colcon.colcon_core.package_identification:_identify(src/FAST_LIO2_ROS2/fastlio2) by extensions ['colcon_pkg']
[0.112s] Level 1:colcon.colcon_core.package_identification:_identify(src/FAST_LIO2_ROS2/fastlio2) by extension 'colcon_pkg'
[0.112s] Level 1:colcon.colcon_core.package_identification:_identify(src/FAST_LIO2_ROS2/fastlio2) by extensions ['colcon_meta']
[0.112s] Level 1:colcon.colcon_core.package_identification:_identify(src/FAST_LIO2_ROS2/fastlio2) by extension 'colcon_meta'
[0.112s] Level 1:colcon.colcon_core.package_identification:_identify(src/FAST_LIO2_ROS2/fastlio2) by extensions ['ros']
[0.112s] Level 1:colcon.colcon_core.package_identification:_identify(src/FAST_LIO2_ROS2/fastlio2) by extension 'ros'
[0.114s] DEBUG:colcon.colcon_core.package_identification:Package 'src/FAST_LIO2_ROS2/fastlio2' with type 'ros.ament_cmake' and name 'fastlio2'
[0.114s] Level 1:colcon.colcon_core.package_identification:_identify(src/FAST_LIO2_ROS2/hba) by extensions ['ignore', 'ignore_ament_install']
[0.114s] Level 1:colcon.colcon_core.package_identification:_identify(src/FAST_LIO2_ROS2/hba) by extension 'ignore'
[0.114s] Level 1:colcon.colcon_core.package_identification:_identify(src/FAST_LIO2_ROS2/hba) by extension 'ignore_ament_install'
[0.114s] Level 1:colcon.colcon_core.package_identification:_identify(src/FAST_LIO2_ROS2/hba) by extensions ['colcon_pkg']
[0.114s] Level 1:colcon.colcon_core.package_identification:_identify(src/FAST_LIO2_ROS2/hba) by extension 'colcon_pkg'
[0.114s] Level 1:colcon.colcon_core.package_identification:_identify(src/FAST_LIO2_ROS2/hba) by extensions ['colcon_meta']
[0.114s] Level 1:colcon.colcon_core.package_identification:_identify(src/FAST_LIO2_ROS2/hba) by extension 'colcon_meta'
[0.114s] Level 1:colcon.colcon_core.package_identification:_identify(src/FAST_LIO2_ROS2/hba) by extensions ['ros']
[0.114s] Level 1:colcon.colcon_core.package_identification:_identify(src/FAST_LIO2_ROS2/hba) by extension 'ros'
[0.115s] DEBUG:colcon.colcon_core.package_identification:Package 'src/FAST_LIO2_ROS2/hba' with type 'ros.ament_cmake' and name 'hba'
[0.115s] Level 1:colcon.colcon_core.package_identification:_identify(src/FAST_LIO2_ROS2/interface) by extensions ['ignore', 'ignore_ament_install']
[0.115s] Level 1:colcon.colcon_core.package_identification:_identify(src/FAST_LIO2_ROS2/interface) by extension 'ignore'
[0.115s] Level 1:colcon.colcon_core.package_identification:_identify(src/FAST_LIO2_ROS2/interface) by extension 'ignore_ament_install'
[0.115s] Level 1:colcon.colcon_core.package_identification:_identify(src/FAST_LIO2_ROS2/interface) by extensions ['colcon_pkg']
[0.115s] Level 1:colcon.colcon_core.package_identification:_identify(src/FAST_LIO2_ROS2/interface) by extension 'colcon_pkg'
[0.115s] Level 1:colcon.colcon_core.package_identification:_identify(src/FAST_LIO2_ROS2/interface) by extensions ['colcon_meta']
[0.115s] Level 1:colcon.colcon_core.package_identification:_identify(src/FAST_LIO2_ROS2/interface) by extension 'colcon_meta'
[0.115s] Level 1:colcon.colcon_core.package_identification:_identify(src/FAST_LIO2_ROS2/interface) by extensions ['ros']
[0.115s] Level 1:colcon.colcon_core.package_identification:_identify(src/FAST_LIO2_ROS2/interface) by extension 'ros'
[0.116s] DEBUG:colcon.colcon_core.package_identification:Package 'src/FAST_LIO2_ROS2/interface' with type 'ros.ament_cmake' and name 'interface'
[0.116s] Level 1:colcon.colcon_core.package_identification:_identify(src/FAST_LIO2_ROS2/localizer) by extensions ['ignore', 'ignore_ament_install']
[0.116s] Level 1:colcon.colcon_core.package_identification:_identify(src/FAST_LIO2_ROS2/localizer) by extension 'ignore'
[0.116s] Level 1:colcon.colcon_core.package_identification:_identify(src/FAST_LIO2_ROS2/localizer) by extension 'ignore_ament_install'
[0.116s] Level 1:colcon.colcon_core.package_identification:_identify(src/FAST_LIO2_ROS2/localizer) by extensions ['colcon_pkg']
[0.116s] Level 1:colcon.colcon_core.package_identification:_identify(src/FAST_LIO2_ROS2/localizer) by extension 'colcon_pkg'
[0.116s] Level 1:colcon.colcon_core.package_identification:_identify(src/FAST_LIO2_ROS2/localizer) by extensions ['colcon_meta']
[0.116s] Level 1:colcon.colcon_core.package_identification:_identify(src/FAST_LIO2_ROS2/localizer) by extension 'colcon_meta'
[0.116s] Level 1:colcon.colcon_core.package_identification:_identify(src/FAST_LIO2_ROS2/localizer) by extensions ['ros']
[0.116s] Level 1:colcon.colcon_core.package_identification:_identify(src/FAST_LIO2_ROS2/localizer) by extension 'ros'
[0.116s] DEBUG:colcon.colcon_core.package_identification:Package 'src/FAST_LIO2_ROS2/localizer' with type 'ros.ament_cmake' and name 'localizer'
[0.116s] Level 1:colcon.colcon_core.package_identification:_identify(src/FAST_LIO2_ROS2/pgo) by extensions ['ignore', 'ignore_ament_install']
[0.116s] Level 1:colcon.colcon_core.package_identification:_identify(src/FAST_LIO2_ROS2/pgo) by extension 'ignore'
[0.116s] Level 1:colcon.colcon_core.package_identification:_identify(src/FAST_LIO2_ROS2/pgo) by extension 'ignore_ament_install'
[0.117s] Level 1:colcon.colcon_core.package_identification:_identify(src/FAST_LIO2_ROS2/pgo) by extensions ['colcon_pkg']
[0.117s] Level 1:colcon.colcon_core.package_identification:_identify(src/FAST_LIO2_ROS2/pgo) by extension 'colcon_pkg'
[0.117s] Level 1:colcon.colcon_core.package_identification:_identify(src/FAST_LIO2_ROS2/pgo) by extensions ['colcon_meta']
[0.117s] Level 1:colcon.colcon_core.package_identification:_identify(src/FAST_LIO2_ROS2/pgo) by extension 'colcon_meta'
[0.117s] Level 1:colcon.colcon_core.package_identification:_identify(src/FAST_LIO2_ROS2/pgo) by extensions ['ros']
[0.117s] Level 1:colcon.colcon_core.package_identification:_identify(src/FAST_LIO2_ROS2/pgo) by extension 'ros'
[0.117s] DEBUG:colcon.colcon_core.package_identification:Package 'src/FAST_LIO2_ROS2/pgo' with type 'ros.ament_cmake' and name 'pgo'
[0.117s] Level 1:colcon.colcon_core.package_identification:_identify(src/common_launch_pkg) by extensions ['ignore', 'ignore_ament_install']
[0.117s] Level 1:colcon.colcon_core.package_identification:_identify(src/common_launch_pkg) by extension 'ignore'
[0.117s] Level 1:colcon.colcon_core.package_identification:_identify(src/common_launch_pkg) by extension 'ignore_ament_install'
[0.117s] Level 1:colcon.colcon_core.package_identification:_identify(src/common_launch_pkg) by extensions ['colcon_pkg']
[0.117s] Level 1:colcon.colcon_core.package_identification:_identify(src/common_launch_pkg) by extension 'colcon_pkg'
[0.117s] Level 1:colcon.colcon_core.package_identification:_identify(src/common_launch_pkg) by extensions ['colcon_meta']
[0.117s] Level 1:colcon.colcon_core.package_identification:_identify(src/common_launch_pkg) by extension 'colcon_meta'
[0.117s] Level 1:colcon.colcon_core.package_identification:_identify(src/common_launch_pkg) by extensions ['ros']
[0.117s] Level 1:colcon.colcon_core.package_identification:_identify(src/common_launch_pkg) by extension 'ros'
[0.118s] DEBUG:colcon.colcon_core.package_identification:Package 'src/common_launch_pkg' with type 'ros.ament_python' and name 'common_launch_pkg'
[0.118s] Level 1:colcon.colcon_core.package_identification:_identify(src/competition_gateway) by extensions ['ignore', 'ignore_ament_install']
[0.118s] Level 1:colcon.colcon_core.package_identification:_identify(src/competition_gateway) by extension 'ignore'
[0.118s] Level 1:colcon.colcon_core.package_identification:_identify(src/competition_gateway) by extension 'ignore_ament_install'
[0.118s] Level 1:colcon.colcon_core.package_identification:_identify(src/competition_gateway) by extensions ['colcon_pkg']
[0.118s] Level 1:colcon.colcon_core.package_identification:_identify(src/competition_gateway) by extension 'colcon_pkg'
[0.118s] Level 1:colcon.colcon_core.package_identification:_identify(src/competition_gateway) by extensions ['colcon_meta']
[0.118s] Level 1:colcon.colcon_core.package_identification:_identify(src/competition_gateway) by extension 'colcon_meta'
[0.118s] Level 1:colcon.colcon_core.package_identification:_identify(src/competition_gateway) by extensions ['ros']
[0.118s] Level 1:colcon.colcon_core.package_identification:_identify(src/competition_gateway) by extension 'ros'
[0.118s] DEBUG:colcon.colcon_core.package_identification:Package 'src/competition_gateway' with type 'ros.ament_cmake' and name 'competition_gateway'
[0.119s] Level 1:colcon.colcon_core.package_identification:_identify(src/fyt_pos) by extensions ['ignore', 'ignore_ament_install']
[0.119s] Level 1:colcon.colcon_core.package_identification:_identify(src/fyt_pos) by extension 'ignore'
[0.119s] Level 1:colcon.colcon_core.package_identification:_identify(src/fyt_pos) by extension 'ignore_ament_install'
[0.119s] Level 1:colcon.colcon_core.package_identification:_identify(src/fyt_pos) by extensions ['colcon_pkg']
[0.119s] Level 1:colcon.colcon_core.package_identification:_identify(src/fyt_pos) by extension 'colcon_pkg'
[0.119s] Level 1:colcon.colcon_core.package_identification:_identify(src/fyt_pos) by extensions ['colcon_meta']
[0.119s] Level 1:colcon.colcon_core.package_identification:_identify(src/fyt_pos) by extension 'colcon_meta'
[0.119s] Level 1:colcon.colcon_core.package_identification:_identify(src/fyt_pos) by extensions ['ros']
[0.119s] Level 1:colcon.colcon_core.package_identification:_identify(src/fyt_pos) by extension 'ros'
[0.119s] DEBUG:colcon.colcon_core.package_identification:Package 'src/fyt_pos' with type 'ros.ament_python' and name 'fyt_pos'
[0.119s] Level 1:colcon.colcon_core.package_identification:_identify(src/livox_ros_driver2) by extensions ['ignore', 'ignore_ament_install']
[0.119s] Level 1:colcon.colcon_core.package_identification:_identify(src/livox_ros_driver2) by extension 'ignore'
[0.119s] Level 1:colcon.colcon_core.package_identification:_identify(src/livox_ros_driver2) by extension 'ignore_ament_install'
[0.119s] Level 1:colcon.colcon_core.package_identification:_identify(src/livox_ros_driver2) by extensions ['colcon_pkg']
[0.119s] Level 1:colcon.colcon_core.package_identification:_identify(src/livox_ros_driver2) by extension 'colcon_pkg'
[0.119s] Level 1:colcon.colcon_core.package_identification:_identify(src/livox_ros_driver2) by extensions ['colcon_meta']
[0.119s] Level 1:colcon.colcon_core.package_identification:_identify(src/livox_ros_driver2) by extension 'colcon_meta'
[0.119s] Level 1:colcon.colcon_core.package_identification:_identify(src/livox_ros_driver2) by extensions ['ros']
[0.119s] Level 1:colcon.colcon_core.package_identification:_identify(src/livox_ros_driver2) by extension 'ros'
[0.120s] DEBUG:colcon.colcon_core.package_identification:Package 'src/livox_ros_driver2' with type 'ros.ament_cmake' and name 'livox_ros_driver2'
[0.120s] Level 1:colcon.colcon_core.package_identification:_identify(src/yolo_3d_detect_pkg) by extensions ['ignore', 'ignore_ament_install']
[0.120s] Level 1:colcon.colcon_core.package_identification:_identify(src/yolo_3d_detect_pkg) by extension 'ignore'
[0.120s] Level 1:colcon.colcon_core.package_identification:_identify(src/yolo_3d_detect_pkg) by extension 'ignore_ament_install'
[0.120s] Level 1:colcon.colcon_core.package_identification:_identify(src/yolo_3d_detect_pkg) by extensions ['colcon_pkg']
[0.120s] Level 1:colcon.colcon_core.package_identification:_identify(src/yolo_3d_detect_pkg) by extension 'colcon_pkg'
[0.120s] Level 1:colcon.colcon_core.package_identification:_identify(src/yolo_3d_detect_pkg) by extensions ['colcon_meta']
[0.120s] Level 1:colcon.colcon_core.package_identification:_identify(src/yolo_3d_detect_pkg) by extension 'colcon_meta'
[0.120s] Level 1:colcon.colcon_core.package_identification:_identify(src/yolo_3d_detect_pkg) by extensions ['ros']
[0.120s] Level 1:colcon.colcon_core.package_identification:_identify(src/yolo_3d_detect_pkg) by extension 'ros'
[0.121s] DEBUG:colcon.colcon_core.package_identification:Package 'src/yolo_3d_detect_pkg' with type 'ros.ament_python' and name 'yolo_3d_detect_pkg'
[0.121s] Level 1:colcon.colcon_core.package_discovery:discover_packages(recursive) using defaults
[0.121s] Level 1:colcon.colcon_core.package_discovery:discover_packages(ignore) discover
[0.121s] Level 1:colcon.colcon_core.package_discovery:discover_packages(ignore) using defaults
[0.121s] Level 1:colcon.colcon_core.package_discovery:discover_packages(path) discover
[0.121s] Level 1:colcon.colcon_core.package_discovery:discover_packages(path) using defaults
[0.133s] INFO:colcon.colcon_core.package_selection:Skipping not selected package 'competition_gateway' in 'src/competition_gateway'
[0.133s] INFO:colcon.colcon_core.package_selection:Skipping not selected package 'fyt_pos' in 'src/fyt_pos'
[0.133s] INFO:colcon.colcon_core.package_selection:Skipping not selected package 'interface' in 'src/FAST_LIO2_ROS2/interface'
[0.133s] INFO:colcon.colcon_core.package_selection:Skipping not selected package 'yolo_3d_detect_pkg' in 'src/yolo_3d_detect_pkg'
[0.133s] INFO:colcon.colcon_core.package_selection:Skipping not selected package 'hba' in 'src/FAST_LIO2_ROS2/hba'
[0.133s] INFO:colcon.colcon_core.package_selection:Skipping not selected package 'localizer' in 'src/FAST_LIO2_ROS2/localizer'
[0.133s] INFO:colcon.colcon_core.package_selection:Skipping not selected package 'pgo' in 'src/FAST_LIO2_ROS2/pgo'
[0.133s] INFO:colcon.colcon_core.package_selection:Skipping not selected package 'common_launch_pkg' in 'src/common_launch_pkg'
[0.134s] Level 1:colcon.colcon_core.package_discovery:discover_packages(prefix_path) check parameters
[0.134s] Level 1:colcon.colcon_core.package_discovery:discover_packages(prefix_path) discover
[0.137s] DEBUG:colcon.colcon_installed_package_information.package_discovery:Found 430 installed packages in /opt/ros/jazzy
[0.139s] Level 1:colcon.colcon_core.package_discovery:discover_packages(prefix_path) using defaults
[0.174s] Level 5:colcon.colcon_core.verb:set package 'livox_ros_driver2' build argument 'cmake_args' from command line to 'None'
[0.174s] Level 5:colcon.colcon_core.verb:set package 'livox_ros_driver2' build argument 'cmake_target' from command line to 'None'
[0.174s] Level 5:colcon.colcon_core.verb:set package 'livox_ros_driver2' build argument 'cmake_target_skip_unavailable' from command line to 'False'
[0.174s] Level 5:colcon.colcon_core.verb:set package 'livox_ros_driver2' build argument 'cmake_clean_cache' from command line to 'False'
[0.174s] Level 5:colcon.colcon_core.verb:set package 'livox_ros_driver2' build argument 'cmake_clean_first' from command line to 'False'
[0.174s] Level 5:colcon.colcon_core.verb:set package 'livox_ros_driver2' build argument 'cmake_force_configure' from command line to 'False'
[0.174s] Level 5:colcon.colcon_core.verb:set package 'livox_ros_driver2' build argument 'ament_cmake_args' from command line to 'None'
[0.174s] Level 5:colcon.colcon_core.verb:set package 'livox_ros_driver2' build argument 'catkin_cmake_args' from command line to 'None'
[0.175s] Level 5:colcon.colcon_core.verb:set package 'livox_ros_driver2' build argument 'catkin_skip_building_tests' from command line to 'False'
[0.175s] DEBUG:colcon.colcon_core.verb:Building package 'livox_ros_driver2' with the following arguments: {'ament_cmake_args': None, 'build_base': '/home/husky/TR/build/livox_ros_driver2', 'catkin_cmake_args': None, 'catkin_skip_building_tests': False, 'cmake_args': None, 'cmake_clean_cache': False, 'cmake_clean_first': False, 'cmake_force_configure': False, 'cmake_target': None, 'cmake_target_skip_unavailable': False, 'install_base': '/home/husky/TR/install/livox_ros_driver2', 'merge_install': False, 'path': '/home/husky/TR/src/livox_ros_driver2', 'symlink_install': False, 'test_result_base': None}
[0.175s] Level 5:colcon.colcon_core.verb:set package 'fastlio2' build argument 'cmake_args' from command line to 'None'
[0.175s] Level 5:colcon.colcon_core.verb:set package 'fastlio2' build argument 'cmake_target' from command line to 'None'
[0.175s] Level 5:colcon.colcon_core.verb:set package 'fastlio2' build argument 'cmake_target_skip_unavailable' from command line to 'False'
[0.175s] Level 5:colcon.colcon_core.verb:set package 'fastlio2' build argument 'cmake_clean_cache' from command line to 'False'
[0.175s] Level 5:colcon.colcon_core.verb:set package 'fastlio2' build argument 'cmake_clean_first' from command line to 'False'
[0.175s] Level 5:colcon.colcon_core.verb:set package 'fastlio2' build argument 'cmake_force_configure' from command line to 'False'
[0.175s] Level 5:colcon.colcon_core.verb:set package 'fastlio2' build argument 'ament_cmake_args' from command line to 'None'
[0.175s] Level 5:colcon.colcon_core.verb:set package 'fastlio2' build argument 'catkin_cmake_args' from command line to 'None'
[0.175s] Level 5:colcon.colcon_core.verb:set package 'fastlio2' build argument 'catkin_skip_building_tests' from command line to 'False'
[0.175s] DEBUG:colcon.colcon_core.verb:Building package 'fastlio2' with the following arguments: {'ament_cmake_args': None, 'build_base': '/home/husky/TR/build/fastlio2', 'catkin_cmake_args': None, 'catkin_skip_building_tests': False, 'cmake_args': None, 'cmake_clean_cache': False, 'cmake_clean_first': False, 'cmake_force_configure': False, 'cmake_target': None, 'cmake_target_skip_unavailable': False, 'install_base': '/home/husky/TR/install/fastlio2', 'merge_install': False, 'path': '/home/husky/TR/src/FAST_LIO2_ROS2/fastlio2', 'symlink_install': False, 'test_result_base': None}
[0.175s] INFO:colcon.colcon_core.executor:Executing jobs using 'parallel' executor
[0.176s] DEBUG:colcon.colcon_parallel_executor.executor.parallel:run_until_complete
[0.176s] INFO:colcon.colcon_ros.task.ament_cmake.build:Building ROS package in '/home/husky/TR/src/livox_ros_driver2' with build type 'ament_cmake'
[0.176s] INFO:colcon.colcon_cmake.task.cmake.build:Building CMake package in '/home/husky/TR/src/livox_ros_driver2'
[0.178s] INFO:colcon.colcon_core.plugin_system:Skipping extension 'colcon_core.shell.bat': Not used on non-Windows systems
[0.178s] INFO:colcon.colcon_core.shell:Skip shell extension 'powershell' for command environment: Not usable outside of PowerShell
[0.178s] DEBUG:colcon.colcon_core.shell:Skip shell extension 'dsv' for command environment
[0.185s] DEBUG:colcon.colcon_core.event_handler.log_command:Invoking command in '/home/husky/TR/build/livox_ros_driver2': CMAKE_PREFIX_PATH=${CMAKE_PREFIX_PATH}:/opt/ros/jazzy DEBUGINFOD_URLS=https://debuginfod.ubuntu.com /usr/bin/cmake /home/husky/TR/src/livox_ros_driver2 -DCMAKE_INSTALL_PREFIX=/home/husky/TR/install/livox_ros_driver2
[2.999s] DEBUG:colcon.colcon_core.event_handler.log_command:Invoked command in '/home/husky/TR/build/livox_ros_driver2' returned '0': CMAKE_PREFIX_PATH=${CMAKE_PREFIX_PATH}:/opt/ros/jazzy DEBUGINFOD_URLS=https://debuginfod.ubuntu.com /usr/bin/cmake /home/husky/TR/src/livox_ros_driver2 -DCMAKE_INSTALL_PREFIX=/home/husky/TR/install/livox_ros_driver2
[3.000s] DEBUG:colcon.colcon_core.event_handler.log_command:Invoking command in '/home/husky/TR/build/livox_ros_driver2': CMAKE_PREFIX_PATH=${CMAKE_PREFIX_PATH}:/opt/ros/jazzy DEBUGINFOD_URLS=https://debuginfod.ubuntu.com /usr/bin/cmake --build /home/husky/TR/build/livox_ros_driver2 -- -j32 -l32
[11.468s] DEBUG:colcon.colcon_core.event_handler.log_command:Invoked command in '/home/husky/TR/build/livox_ros_driver2' returned '0': CMAKE_PREFIX_PATH=${CMAKE_PREFIX_PATH}:/opt/ros/jazzy DEBUGINFOD_URLS=https://debuginfod.ubuntu.com /usr/bin/cmake --build /home/husky/TR/build/livox_ros_driver2 -- -j32 -l32
[11.477s] DEBUG:colcon.colcon_core.event_handler.log_command:Invoking command in '/home/husky/TR/build/livox_ros_driver2': CMAKE_PREFIX_PATH=${CMAKE_PREFIX_PATH}:/opt/ros/jazzy DEBUGINFOD_URLS=https://debuginfod.ubuntu.com /usr/bin/cmake --install /home/husky/TR/build/livox_ros_driver2
[11.547s] Level 1:colcon.colcon_core.environment:create_environment_scripts_only(livox_ros_driver2)
[11.547s] DEBUG:colcon.colcon_core.event_handler.log_command:Invoked command in '/home/husky/TR/build/livox_ros_driver2' returned '0': CMAKE_PREFIX_PATH=${CMAKE_PREFIX_PATH}:/opt/ros/jazzy DEBUGINFOD_URLS=https://debuginfod.ubuntu.com /usr/bin/cmake --install /home/husky/TR/build/livox_ros_driver2
[11.549s] Level 1:colcon.colcon_core.environment:checking '/home/husky/TR/install/livox_ros_driver2' for CMake module files
[11.549s] Level 1:colcon.colcon_core.environment:checking '/home/husky/TR/install/livox_ros_driver2' for CMake config files
[11.549s] Level 1:colcon.colcon_core.shell:create_environment_hook('livox_ros_driver2', 'cmake_prefix_path')
[11.549s] INFO:colcon.colcon_core.shell:Creating environment hook '/home/husky/TR/install/livox_ros_driver2/share/livox_ros_driver2/hook/cmake_prefix_path.ps1'
[11.550s] INFO:colcon.colcon_core.shell:Creating environment descriptor '/home/husky/TR/install/livox_ros_driver2/share/livox_ros_driver2/hook/cmake_prefix_path.dsv'
[11.550s] INFO:colcon.colcon_core.shell:Creating environment hook '/home/husky/TR/install/livox_ros_driver2/share/livox_ros_driver2/hook/cmake_prefix_path.sh'
[11.551s] Level 1:colcon.colcon_core.environment:checking '/home/husky/TR/install/livox_ros_driver2/lib'
[11.551s] Level 1:colcon.colcon_core.shell:create_environment_hook('livox_ros_driver2', 'ld_library_path_lib')
[11.551s] INFO:colcon.colcon_core.shell:Creating environment hook '/home/husky/TR/install/livox_ros_driver2/share/livox_ros_driver2/hook/ld_library_path_lib.ps1'
[11.551s] INFO:colcon.colcon_core.shell:Creating environment descriptor '/home/husky/TR/install/livox_ros_driver2/share/livox_ros_driver2/hook/ld_library_path_lib.dsv'
[11.551s] INFO:colcon.colcon_core.shell:Creating environment hook '/home/husky/TR/install/livox_ros_driver2/share/livox_ros_driver2/hook/ld_library_path_lib.sh'
[11.551s] Level 1:colcon.colcon_core.environment:checking '/home/husky/TR/install/livox_ros_driver2/bin'
[11.552s] Level 1:colcon.colcon_core.environment:checking '/home/husky/TR/install/livox_ros_driver2/lib/pkgconfig/livox_ros_driver2.pc'
[11.552s] Level 1:colcon.colcon_core.environment:checking '/home/husky/TR/install/livox_ros_driver2/lib/python3.12/site-packages'
[11.552s] Level 1:colcon.colcon_core.shell:create_environment_hook('livox_ros_driver2', 'pythonpath')
[11.552s] INFO:colcon.colcon_core.shell:Creating environment hook '/home/husky/TR/install/livox_ros_driver2/share/livox_ros_driver2/hook/pythonpath.ps1'
[11.552s] INFO:colcon.colcon_core.shell:Creating environment descriptor '/home/husky/TR/install/livox_ros_driver2/share/livox_ros_driver2/hook/pythonpath.dsv'
[11.553s] INFO:colcon.colcon_core.shell:Creating environment hook '/home/husky/TR/install/livox_ros_driver2/share/livox_ros_driver2/hook/pythonpath.sh'
[11.553s] Level 1:colcon.colcon_core.environment:checking '/home/husky/TR/install/livox_ros_driver2/bin'
[11.553s] INFO:colcon.colcon_core.shell:Creating package script '/home/husky/TR/install/livox_ros_driver2/share/livox_ros_driver2/package.ps1'
[11.554s] INFO:colcon.colcon_core.shell:Creating package descriptor '/home/husky/TR/install/livox_ros_driver2/share/livox_ros_driver2/package.dsv'
[11.554s] INFO:colcon.colcon_core.shell:Creating package script '/home/husky/TR/install/livox_ros_driver2/share/livox_ros_driver2/package.sh'
[11.554s] INFO:colcon.colcon_core.shell:Creating package script '/home/husky/TR/install/livox_ros_driver2/share/livox_ros_driver2/package.bash'
[11.555s] INFO:colcon.colcon_core.shell:Creating package script '/home/husky/TR/install/livox_ros_driver2/share/livox_ros_driver2/package.zsh'
[11.555s] Level 1:colcon.colcon_core.environment:create_file_with_runtime_dependencies(/home/husky/TR/install/livox_ros_driver2/share/colcon-core/packages/livox_ros_driver2)
[11.555s] Level 1:colcon.colcon_core.environment:create_environment_scripts_only(livox_ros_driver2)
[11.555s] Level 1:colcon.colcon_core.environment:checking '/home/husky/TR/install/livox_ros_driver2' for CMake module files
[11.556s] Level 1:colcon.colcon_core.environment:checking '/home/husky/TR/install/livox_ros_driver2' for CMake config files
[11.556s] Level 1:colcon.colcon_core.shell:create_environment_hook('livox_ros_driver2', 'cmake_prefix_path')
[11.556s] INFO:colcon.colcon_core.shell:Creating environment hook '/home/husky/TR/install/livox_ros_driver2/share/livox_ros_driver2/hook/cmake_prefix_path.ps1'
[11.557s] INFO:colcon.colcon_core.shell:Creating environment descriptor '/home/husky/TR/install/livox_ros_driver2/share/livox_ros_driver2/hook/cmake_prefix_path.dsv'
[11.557s] INFO:colcon.colcon_core.shell:Creating environment hook '/home/husky/TR/install/livox_ros_driver2/share/livox_ros_driver2/hook/cmake_prefix_path.sh'
[11.557s] Level 1:colcon.colcon_core.environment:checking '/home/husky/TR/install/livox_ros_driver2/lib'
[11.557s] Level 1:colcon.colcon_core.shell:create_environment_hook('livox_ros_driver2', 'ld_library_path_lib')
[11.557s] INFO:colcon.colcon_core.shell:Creating environment hook '/home/husky/TR/install/livox_ros_driver2/share/livox_ros_driver2/hook/ld_library_path_lib.ps1'
[11.557s] INFO:colcon.colcon_core.shell:Creating environment descriptor '/home/husky/TR/install/livox_ros_driver2/share/livox_ros_driver2/hook/ld_library_path_lib.dsv'
[11.558s] INFO:colcon.colcon_core.shell:Creating environment hook '/home/husky/TR/install/livox_ros_driver2/share/livox_ros_driver2/hook/ld_library_path_lib.sh'
[11.558s] Level 1:colcon.colcon_core.environment:checking '/home/husky/TR/install/livox_ros_driver2/bin'
[11.558s] Level 1:colcon.colcon_core.environment:checking '/home/husky/TR/install/livox_ros_driver2/lib/pkgconfig/livox_ros_driver2.pc'
[11.558s] Level 1:colcon.colcon_core.environment:checking '/home/husky/TR/install/livox_ros_driver2/lib/python3.12/site-packages'
[11.558s] Level 1:colcon.colcon_core.shell:create_environment_hook('livox_ros_driver2', 'pythonpath')
[11.558s] INFO:colcon.colcon_core.shell:Creating environment hook '/home/husky/TR/install/livox_ros_driver2/share/livox_ros_driver2/hook/pythonpath.ps1'
[11.558s] INFO:colcon.colcon_core.shell:Creating environment descriptor '/home/husky/TR/install/livox_ros_driver2/share/livox_ros_driver2/hook/pythonpath.dsv'
[11.559s] INFO:colcon.colcon_core.shell:Creating environment hook '/home/husky/TR/install/livox_ros_driver2/share/livox_ros_driver2/hook/pythonpath.sh'
[11.559s] Level 1:colcon.colcon_core.environment:checking '/home/husky/TR/install/livox_ros_driver2/bin'
[11.559s] INFO:colcon.colcon_core.shell:Creating package script '/home/husky/TR/install/livox_ros_driver2/share/livox_ros_driver2/package.ps1'
[11.560s] INFO:colcon.colcon_core.shell:Creating package descriptor '/home/husky/TR/install/livox_ros_driver2/share/livox_ros_driver2/package.dsv'
[11.560s] INFO:colcon.colcon_core.shell:Creating package script '/home/husky/TR/install/livox_ros_driver2/share/livox_ros_driver2/package.sh'
[11.560s] INFO:colcon.colcon_core.shell:Creating package script '/home/husky/TR/install/livox_ros_driver2/share/livox_ros_driver2/package.bash'
[11.560s] INFO:colcon.colcon_core.shell:Creating package script '/home/husky/TR/install/livox_ros_driver2/share/livox_ros_driver2/package.zsh'
[11.561s] Level 1:colcon.colcon_core.environment:create_file_with_runtime_dependencies(/home/husky/TR/install/livox_ros_driver2/share/colcon-core/packages/livox_ros_driver2)
[11.561s] INFO:colcon.colcon_ros.task.ament_cmake.build:Building ROS package in '/home/husky/TR/src/FAST_LIO2_ROS2/fastlio2' with build type 'ament_cmake'
[11.561s] INFO:colcon.colcon_cmake.task.cmake.build:Building CMake package in '/home/husky/TR/src/FAST_LIO2_ROS2/fastlio2'
[11.561s] INFO:colcon.colcon_core.shell:Skip shell extension 'powershell' for command environment: Not usable outside of PowerShell
[11.561s] DEBUG:colcon.colcon_core.shell:Skip shell extension 'dsv' for command environment
[11.570s] DEBUG:colcon.colcon_core.event_handler.log_command:Invoking command in '/home/husky/TR/build/fastlio2': AMENT_PREFIX_PATH=/home/husky/TR/install/livox_ros_driver2:${AMENT_PREFIX_PATH} CMAKE_PREFIX_PATH=/home/husky/TR/install/livox_ros_driver2:/opt/ros/jazzy/opt/gz_sim_vendor:/opt/ros/jazzy/opt/gz_sensors_vendor:/opt/ros/jazzy/opt/gz_physics_vendor:/opt/ros/jazzy/opt/sdformat_vendor:/opt/ros/jazzy/opt/gz_gui_vendor:/opt/ros/jazzy/opt/gz_transport_vendor:/opt/ros/jazzy/opt/gz_rendering_vendor:/opt/ros/jazzy/opt/gz_plugin_vendor:/opt/ros/jazzy/opt/gz_fuel_tools_vendor:/opt/ros/jazzy/opt/gz_msgs_vendor:/opt/ros/jazzy/opt/gz_common_vendor:/opt/ros/jazzy/opt/gz_math_vendor:/opt/ros/jazzy/opt/gz_utils_vendor:/opt/ros/jazzy/opt/gz_tools_vendor:/opt/ros/jazzy/opt/gz_ogre_next_vendor:/opt/ros/jazzy/opt/gz_dartsim_vendor:/opt/ros/jazzy/opt/gz_cmake_vendor:/opt/ros/jazzy DEBUGINFOD_URLS=https://debuginfod.ubuntu.com LD_LIBRARY_PATH=/home/husky/TR/install/livox_ros_driver2/lib:${LD_LIBRARY_PATH} PYTHONPATH=/home/husky/TR/install/livox_ros_driver2/lib/python3.12/site-packages:${PYTHONPATH} /usr/bin/cmake /home/husky/TR/src/FAST_LIO2_ROS2/fastlio2 -DCMAKE_INSTALL_PREFIX=/home/husky/TR/install/fastlio2
[15.486s] DEBUG:colcon.colcon_core.event_handler.log_command:Invoked command in '/home/husky/TR/build/fastlio2' returned '1': AMENT_PREFIX_PATH=/home/husky/TR/install/livox_ros_driver2:${AMENT_PREFIX_PATH} CMAKE_PREFIX_PATH=/home/husky/TR/install/livox_ros_driver2:/opt/ros/jazzy/opt/gz_sim_vendor:/opt/ros/jazzy/opt/gz_sensors_vendor:/opt/ros/jazzy/opt/gz_physics_vendor:/opt/ros/jazzy/opt/sdformat_vendor:/opt/ros/jazzy/opt/gz_gui_vendor:/opt/ros/jazzy/opt/gz_transport_vendor:/opt/ros/jazzy/opt/gz_rendering_vendor:/opt/ros/jazzy/opt/gz_plugin_vendor:/opt/ros/jazzy/opt/gz_fuel_tools_vendor:/opt/ros/jazzy/opt/gz_msgs_vendor:/opt/ros/jazzy/opt/gz_common_vendor:/opt/ros/jazzy/opt/gz_math_vendor:/opt/ros/jazzy/opt/gz_utils_vendor:/opt/ros/jazzy/opt/gz_tools_vendor:/opt/ros/jazzy/opt/gz_ogre_next_vendor:/opt/ros/jazzy/opt/gz_dartsim_vendor:/opt/ros/jazzy/opt/gz_cmake_vendor:/opt/ros/jazzy DEBUGINFOD_URLS=https://debuginfod.ubuntu.com LD_LIBRARY_PATH=/home/husky/TR/install/livox_ros_driver2/lib:${LD_LIBRARY_PATH} PYTHONPATH=/home/husky/TR/install/livox_ros_driver2/lib/python3.12/site-packages:${PYTHONPATH} /usr/bin/cmake /home/husky/TR/src/FAST_LIO2_ROS2/fastlio2 -DCMAKE_INSTALL_PREFIX=/home/husky/TR/install/fastlio2
[15.497s] Level 1:colcon.colcon_core.environment:create_environment_scripts_only(fastlio2)
[15.498s] Level 1:colcon.colcon_core.environment:checking '/home/husky/TR/install/fastlio2' for CMake module files
[15.498s] Level 1:colcon.colcon_core.environment:checking '/home/husky/TR/install/fastlio2' for CMake config files
[15.498s] Level 1:colcon.colcon_core.environment:checking '/home/husky/TR/install/fastlio2/bin'
[15.498s] Level 1:colcon.colcon_core.environment:checking '/home/husky/TR/install/fastlio2/lib/pkgconfig/fastlio2.pc'
[15.498s] Level 1:colcon.colcon_core.environment:checking '/home/husky/TR/install/fastlio2/lib/python3.12/site-packages'
[15.498s] Level 1:colcon.colcon_core.environment:checking '/home/husky/TR/install/fastlio2/bin'
[15.498s] INFO:colcon.colcon_core.shell:Creating package script '/home/husky/TR/install/fastlio2/share/fastlio2/package.ps1'
[15.499s] INFO:colcon.colcon_core.shell:Creating package descriptor '/home/husky/TR/install/fastlio2/share/fastlio2/package.dsv'
[15.499s] INFO:colcon.colcon_core.shell:Creating package script '/home/husky/TR/install/fastlio2/share/fastlio2/package.sh'
[15.499s] INFO:colcon.colcon_core.shell:Creating package script '/home/husky/TR/install/fastlio2/share/fastlio2/package.bash'
[15.499s] INFO:colcon.colcon_core.shell:Creating package script '/home/husky/TR/install/fastlio2/share/fastlio2/package.zsh'
[15.499s] Level 1:colcon.colcon_core.environment:create_file_with_runtime_dependencies(/home/husky/TR/install/fastlio2/share/colcon-core/packages/fastlio2)
[15.510s] DEBUG:colcon.colcon_parallel_executor.executor.parallel:closing loop
[15.510s] DEBUG:colcon.colcon_parallel_executor.executor.parallel:loop closed
[15.510s] DEBUG:colcon.colcon_parallel_executor.executor.parallel:run_until_complete finished with '1'
[15.510s] DEBUG:colcon.colcon_core.event_reactor:joining thread
[15.515s] INFO:colcon.colcon_core.plugin_system:Skipping extension 'colcon_notification.desktop_notification.terminal_notifier': Not used on non-Darwin systems
[15.515s] INFO:colcon.colcon_core.plugin_system:Skipping extension 'colcon_notification.desktop_notification.win32': Not used on non-Windows systems
[15.515s] INFO:colcon.colcon_notification.desktop_notification:Sending desktop notification using 'notify2'
[15.515s] DEBUG:colcon.colcon_notification.desktop_notification.notify2:Failed to initialize notify2: org.freedesktop.DBus.Error.AccessDenied: Failed to open socket: Operation not permitted
[15.515s] DEBUG:colcon.colcon_core.event_reactor:joined thread
[15.515s] INFO:colcon.colcon_core.shell:Creating prefix script '/home/husky/TR/install/local_setup.ps1'
[15.516s] INFO:colcon.colcon_core.shell:Creating prefix util module '/home/husky/TR/install/_local_setup_util_ps1.py'
[15.516s] INFO:colcon.colcon_core.shell:Creating prefix chain script '/home/husky/TR/install/setup.ps1'
[15.517s] INFO:colcon.colcon_core.shell:Creating prefix script '/home/husky/TR/install/local_setup.sh'
[15.517s] INFO:colcon.colcon_core.shell:Creating prefix util module '/home/husky/TR/install/_local_setup_util_sh.py'
[15.517s] INFO:colcon.colcon_core.shell:Creating prefix chain script '/home/husky/TR/install/setup.sh'
[15.518s] INFO:colcon.colcon_core.shell:Creating prefix script '/home/husky/TR/install/local_setup.bash'
[15.518s] INFO:colcon.colcon_core.shell:Creating prefix chain script '/home/husky/TR/install/setup.bash'
[15.518s] INFO:colcon.colcon_core.shell:Creating prefix script '/home/husky/TR/install/local_setup.zsh'
[15.519s] INFO:colcon.colcon_core.shell:Creating prefix chain script '/home/husky/TR/install/setup.zsh'
