[0.068s] DEBUG:colcon:Command line arguments: ['/usr/bin/colcon', 'build', '--packages-select', 'fyt_pos', 'common_launch_pkg', '--event-handlers', 'console_direct+']
[0.068s] DEBUG:colcon:Parsed command line arguments: Namespace(log_base=None, log_level=None, verb_name='build', build_base='build', install_base='install', merge_install=False, symlink_install=False, test_result_base=None, continue_on_error=False, executor='parallel', parallel_workers=32, event_handlers=['console_direct+'], ignore_user_meta=False, metas=['./colcon.meta'], base_paths=['.'], packages_ignore=None, packages_ignore_regex=None, paths=None, packages_up_to=None, packages_up_to_regex=None, packages_above=None, packages_above_and_dependencies=None, packages_above_depth=None, packages_select_by_dep=None, packages_skip_by_dep=None, packages_skip_up_to=None, packages_select_build_failed=False, packages_skip_build_finished=False, packages_select_test_failures=False, packages_skip_test_passed=False, packages_select=['fyt_pos', 'common_launch_pkg'], packages_skip=None, packages_select_regex=None, packages_skip_regex=None, packages_start=None, packages_end=None, allow_overriding=[], cmake_args=None, cmake_target=None, cmake_target_skip_unavailable=False, cmake_clean_cache=False, cmake_clean_first=False, cmake_force_configure=False, ament_cmake_args=None, catkin_cmake_args=None, catkin_skip_building_tests=False, verb_parser=<colcon_defaults.argument_parser.defaults.DefaultArgumentsDecorator object at 0x75def3d1b7d0>, verb_extension=<colcon_core.verb.build.BuildVerb object at 0x75def3d1b740>, main=<bound method BuildVerb.main of <colcon_core.verb.build.BuildVerb object at 0x75def3d1b740>>)
[0.094s] Level 1:colcon.colcon_core.package_discovery:discover_packages(colcon_meta) check parameters
[0.094s] Level 1:colcon.colcon_core.package_discovery:discover_packages(recursive) check parameters
[0.094s] Level 1:colcon.colcon_core.package_discovery:discover_packages(ignore) check parameters
[0.094s] Level 1:colcon.colcon_core.package_discovery:discover_packages(path) check parameters
[0.094s] Level 1:colcon.colcon_core.package_discovery:discover_packages(colcon_meta) discover
[0.094s] Level 1:colcon.colcon_core.package_discovery:discover_packages(recursive) discover
[0.094s] INFO:colcon.colcon_core.package_discovery:Crawling recursively for packages in '/home/husky/TR'
[0.094s] Level 1:colcon.colcon_core.package_identification:_identify(.) by extensions ['ignore', 'ignore_ament_install']
[0.094s] Level 1:colcon.colcon_core.package_identification:_identify(.) by extension 'ignore'
[0.094s] Level 1:colcon.colcon_core.package_identification:_identify(.) by extension 'ignore_ament_install'
[0.094s] Level 1:colcon.colcon_core.package_identification:_identify(.) by extensions ['colcon_pkg']
[0.094s] Level 1:colcon.colcon_core.package_identification:_identify(.) by extension 'colcon_pkg'
[0.094s] Level 1:colcon.colcon_core.package_identification:_identify(.) by extensions ['colcon_meta']
[0.094s] Level 1:colcon.colcon_core.package_identification:_identify(.) by extension 'colcon_meta'
[0.094s] Level 1:colcon.colcon_core.package_identification:_identify(.) by extensions ['ros']
[0.094s] Level 1:colcon.colcon_core.package_identification:_identify(.) by extension 'ros'
[0.110s] Level 1:colcon.colcon_core.package_identification:_identify(.) by extensions ['cmake', 'python']
[0.110s] Level 1:colcon.colcon_core.package_identification:_identify(.) by extension 'cmake'
[0.110s] Level 1:colcon.colcon_core.package_identification:_identify(.) by extension 'python'
[0.110s] Level 1:colcon.colcon_core.package_identification:_identify(.) by extensions ['python_setup_py']
[0.110s] Level 1:colcon.colcon_core.package_identification:_identify(.) by extension 'python_setup_py'
[0.110s] Level 1:colcon.colcon_core.package_identification:_identify(build) by extensions ['ignore', 'ignore_ament_install']
[0.111s] Level 1:colcon.colcon_core.package_identification:_identify(build) by extension 'ignore'
[0.111s] Level 1:colcon.colcon_core.package_identification:_identify(build) ignored
[0.111s] Level 1:colcon.colcon_core.package_identification:_identify(docs) by extensions ['ignore', 'ignore_ament_install']
[0.111s] Level 1:colcon.colcon_core.package_identification:_identify(docs) by extension 'ignore'
[0.111s] Level 1:colcon.colcon_core.package_identification:_identify(docs) by extension 'ignore_ament_install'
[0.111s] Level 1:colcon.colcon_core.package_identification:_identify(docs) by extensions ['colcon_pkg']
[0.111s] Level 1:colcon.colcon_core.package_identification:_identify(docs) by extension 'colcon_pkg'
[0.111s] Level 1:colcon.colcon_core.package_identification:_identify(docs) by extensions ['colcon_meta']
[0.111s] Level 1:colcon.colcon_core.package_identification:_identify(docs) by extension 'colcon_meta'
[0.111s] Level 1:colcon.colcon_core.package_identification:_identify(docs) by extensions ['ros']
[0.111s] Level 1:colcon.colcon_core.package_identification:_identify(docs) by extension 'ros'
[0.111s] Level 1:colcon.colcon_core.package_identification:_identify(docs) by extensions ['cmake', 'python']
[0.111s] Level 1:colcon.colcon_core.package_identification:_identify(docs) by extension 'cmake'
[0.111s] Level 1:colcon.colcon_core.package_identification:_identify(docs) by extension 'python'
[0.111s] Level 1:colcon.colcon_core.package_identification:_identify(docs) by extensions ['python_setup_py']
[0.111s] Level 1:colcon.colcon_core.package_identification:_identify(docs) by extension 'python_setup_py'
[0.111s] Level 1:colcon.colcon_core.package_identification:_identify(install) by extensions ['ignore', 'ignore_ament_install']
[0.111s] Level 1:colcon.colcon_core.package_identification:_identify(install) by extension 'ignore'
[0.111s] Level 1:colcon.colcon_core.package_identification:_identify(install) ignored
[0.111s] Level 1:colcon.colcon_core.package_identification:_identify(log) by extensions ['ignore', 'ignore_ament_install']
[0.111s] Level 1:colcon.colcon_core.package_identification:_identify(log) by extension 'ignore'
[0.111s] Level 1:colcon.colcon_core.package_identification:_identify(log) ignored
[0.111s] Level 1:colcon.colcon_core.package_identification:_identify(src) by extensions ['ignore', 'ignore_ament_install']
[0.111s] Level 1:colcon.colcon_core.package_identification:_identify(src) by extension 'ignore'
[0.111s] Level 1:colcon.colcon_core.package_identification:_identify(src) by extension 'ignore_ament_install'
[0.111s] Level 1:colcon.colcon_core.package_identification:_identify(src) by extensions ['colcon_pkg']
[0.111s] Level 1:colcon.colcon_core.package_identification:_identify(src) by extension 'colcon_pkg'
[0.111s] Level 1:colcon.colcon_core.package_identification:_identify(src) by extensions ['colcon_meta']
[0.111s] Level 1:colcon.colcon_core.package_identification:_identify(src) by extension 'colcon_meta'
[0.112s] Level 1:colcon.colcon_core.package_identification:_identify(src) by extensions ['ros']
[0.112s] Level 1:colcon.colcon_core.package_identification:_identify(src) by extension 'ros'
[0.112s] Level 1:colcon.colcon_core.package_identification:_identify(src) by extensions ['cmake', 'python']
[0.112s] Level 1:colcon.colcon_core.package_identification:_identify(src) by extension 'cmake'
[0.112s] Level 1:colcon.colcon_core.package_identification:_identify(src) by extension 'python'
[0.112s] Level 1:colcon.colcon_core.package_identification:_identify(src) by extensions ['python_setup_py']
[0.112s] Level 1:colcon.colcon_core.package_identification:_identify(src) by extension 'python_setup_py'
[0.112s] Level 1:colcon.colcon_core.package_identification:_identify(src/FAST_LIO2_ROS2) by extensions ['ignore', 'ignore_ament_install']
[0.112s] Level 1:colcon.colcon_core.package_identification:_identify(src/FAST_LIO2_ROS2) by extension 'ignore'
[0.112s] Level 1:colcon.colcon_core.package_identification:_identify(src/FAST_LIO2_ROS2) by extension 'ignore_ament_install'
[0.112s] Level 1:colcon.colcon_core.package_identification:_identify(src/FAST_LIO2_ROS2) by extensions ['colcon_pkg']
[0.112s] Level 1:colcon.colcon_core.package_identification:_identify(src/FAST_LIO2_ROS2) by extension 'colcon_pkg'
[0.112s] Level 1:colcon.colcon_core.package_identification:_identify(src/FAST_LIO2_ROS2) by extensions ['colcon_meta']
[0.112s] Level 1:colcon.colcon_core.package_identification:_identify(src/FAST_LIO2_ROS2) by extension 'colcon_meta'
[0.112s] Level 1:colcon.colcon_core.package_identification:_identify(src/FAST_LIO2_ROS2) by extensions ['ros']
[0.112s] Level 1:colcon.colcon_core.package_identification:_identify(src/FAST_LIO2_ROS2) by extension 'ros'
[0.112s] Level 1:colcon.colcon_core.package_identification:_identify(src/FAST_LIO2_ROS2) by extensions ['cmake', 'python']
[0.112s] Level 1:colcon.colcon_core.package_identification:_identify(src/FAST_LIO2_ROS2) by extension 'cmake'
[0.112s] Level 1:colcon.colcon_core.package_identification:_identify(src/FAST_LIO2_ROS2) by extension 'python'
[0.112s] Level 1:colcon.colcon_core.package_identification:_identify(src/FAST_LIO2_ROS2) by extensions ['python_setup_py']
[0.112s] Level 1:colcon.colcon_core.package_identification:_identify(src/FAST_LIO2_ROS2) by extension 'python_setup_py'
[0.112s] Level 1:colcon.colcon_core.package_identification:_identify(src/FAST_LIO2_ROS2/fastlio2) by extensions ['ignore', 'ignore_ament_install']
[0.112s] Level 1:colcon.colcon_core.package_identification:_identify(src/FAST_LIO2_ROS2/fastlio2) by extension 'ignore'
[0.112s] Level 1:colcon.colcon_core.package_identification:_identify(src/FAST_LIO2_ROS2/fastlio2) by extension 'ignore_ament_install'
[0.112s] Level 1:colcon.colcon_core.package_identification:_identify(src/FAST_LIO2_ROS2/fastlio2) by extensions ['colcon_pkg']
[0.112s] Level 1:colcon.colcon_core.package_identification:_identify(src/FAST_LIO2_ROS2/fastlio2) by extension 'colcon_pkg'
[0.112s] Level 1:colcon.colcon_core.package_identification:_identify(src/FAST_LIO2_ROS2/fastlio2) by extensions ['colcon_meta']
[0.112s] Level 1:colcon.colcon_core.package_identification:_identify(src/FAST_LIO2_ROS2/fastlio2) by extension 'colcon_meta'
[0.112s] Level 1:colcon.colcon_core.package_identification:_identify(src/FAST_LIO2_ROS2/fastlio2) by extensions ['ros']
[0.112s] Level 1:colcon.colcon_core.package_identification:_identify(src/FAST_LIO2_ROS2/fastlio2) by extension 'ros'
[0.114s] DEBUG:colcon.colcon_core.package_identification:Package 'src/FAST_LIO2_ROS2/fastlio2' with type 'ros.ament_cmake' and name 'fast_lio'
[0.114s] Level 1:colcon.colcon_core.package_identification:_identify(src/FAST_LIO2_ROS2/hba) by extensions ['ignore', 'ignore_ament_install']
[0.114s] Level 1:colcon.colcon_core.package_identification:_identify(src/FAST_LIO2_ROS2/hba) by extension 'ignore'
[0.114s] Level 1:colcon.colcon_core.package_identification:_identify(src/FAST_LIO2_ROS2/hba) by extension 'ignore_ament_install'
[0.114s] Level 1:colcon.colcon_core.package_identification:_identify(src/FAST_LIO2_ROS2/hba) by extensions ['colcon_pkg']
[0.115s] Level 1:colcon.colcon_core.package_identification:_identify(src/FAST_LIO2_ROS2/hba) by extension 'colcon_pkg'
[0.115s] Level 1:colcon.colcon_core.package_identification:_identify(src/FAST_LIO2_ROS2/hba) by extensions ['colcon_meta']
[0.115s] Level 1:colcon.colcon_core.package_identification:_identify(src/FAST_LIO2_ROS2/hba) by extension 'colcon_meta'
[0.115s] Level 1:colcon.colcon_core.package_identification:_identify(src/FAST_LIO2_ROS2/hba) by extensions ['ros']
[0.115s] Level 1:colcon.colcon_core.package_identification:_identify(src/FAST_LIO2_ROS2/hba) by extension 'ros'
[0.115s] DEBUG:colcon.colcon_core.package_identification:Package 'src/FAST_LIO2_ROS2/hba' with type 'ros.ament_cmake' and name 'hba'
[0.115s] Level 1:colcon.colcon_core.package_identification:_identify(src/FAST_LIO2_ROS2/interface) by extensions ['ignore', 'ignore_ament_install']
[0.115s] Level 1:colcon.colcon_core.package_identification:_identify(src/FAST_LIO2_ROS2/interface) by extension 'ignore'
[0.115s] Level 1:colcon.colcon_core.package_identification:_identify(src/FAST_LIO2_ROS2/interface) by extension 'ignore_ament_install'
[0.115s] Level 1:colcon.colcon_core.package_identification:_identify(src/FAST_LIO2_ROS2/interface) by extensions ['colcon_pkg']
[0.115s] Level 1:colcon.colcon_core.package_identification:_identify(src/FAST_LIO2_ROS2/interface) by extension 'colcon_pkg'
[0.115s] Level 1:colcon.colcon_core.package_identification:_identify(src/FAST_LIO2_ROS2/interface) by extensions ['colcon_meta']
[0.115s] Level 1:colcon.colcon_core.package_identification:_identify(src/FAST_LIO2_ROS2/interface) by extension 'colcon_meta'
[0.115s] Level 1:colcon.colcon_core.package_identification:_identify(src/FAST_LIO2_ROS2/interface) by extensions ['ros']
[0.115s] Level 1:colcon.colcon_core.package_identification:_identify(src/FAST_LIO2_ROS2/interface) by extension 'ros'
[0.116s] DEBUG:colcon.colcon_core.package_identification:Package 'src/FAST_LIO2_ROS2/interface' with type 'ros.ament_cmake' and name 'interface'
[0.116s] Level 1:colcon.colcon_core.package_identification:_identify(src/FAST_LIO2_ROS2/localizer) by extensions ['ignore', 'ignore_ament_install']
[0.116s] Level 1:colcon.colcon_core.package_identification:_identify(src/FAST_LIO2_ROS2/localizer) by extension 'ignore'
[0.116s] Level 1:colcon.colcon_core.package_identification:_identify(src/FAST_LIO2_ROS2/localizer) by extension 'ignore_ament_install'
[0.116s] Level 1:colcon.colcon_core.package_identification:_identify(src/FAST_LIO2_ROS2/localizer) by extensions ['colcon_pkg']
[0.116s] Level 1:colcon.colcon_core.package_identification:_identify(src/FAST_LIO2_ROS2/localizer) by extension 'colcon_pkg'
[0.116s] Level 1:colcon.colcon_core.package_identification:_identify(src/FAST_LIO2_ROS2/localizer) by extensions ['colcon_meta']
[0.116s] Level 1:colcon.colcon_core.package_identification:_identify(src/FAST_LIO2_ROS2/localizer) by extension 'colcon_meta'
[0.116s] Level 1:colcon.colcon_core.package_identification:_identify(src/FAST_LIO2_ROS2/localizer) by extensions ['ros']
[0.116s] Level 1:colcon.colcon_core.package_identification:_identify(src/FAST_LIO2_ROS2/localizer) by extension 'ros'
[0.116s] DEBUG:colcon.colcon_core.package_identification:Package 'src/FAST_LIO2_ROS2/localizer' with type 'ros.ament_cmake' and name 'localizer'
[0.117s] Level 1:colcon.colcon_core.package_identification:_identify(src/FAST_LIO2_ROS2/pgo) by extensions ['ignore', 'ignore_ament_install']
[0.117s] Level 1:colcon.colcon_core.package_identification:_identify(src/FAST_LIO2_ROS2/pgo) by extension 'ignore'
[0.117s] Level 1:colcon.colcon_core.package_identification:_identify(src/FAST_LIO2_ROS2/pgo) by extension 'ignore_ament_install'
[0.117s] Level 1:colcon.colcon_core.package_identification:_identify(src/FAST_LIO2_ROS2/pgo) by extensions ['colcon_pkg']
[0.117s] Level 1:colcon.colcon_core.package_identification:_identify(src/FAST_LIO2_ROS2/pgo) by extension 'colcon_pkg'
[0.117s] Level 1:colcon.colcon_core.package_identification:_identify(src/FAST_LIO2_ROS2/pgo) by extensions ['colcon_meta']
[0.117s] Level 1:colcon.colcon_core.package_identification:_identify(src/FAST_LIO2_ROS2/pgo) by extension 'colcon_meta'
[0.117s] Level 1:colcon.colcon_core.package_identification:_identify(src/FAST_LIO2_ROS2/pgo) by extensions ['ros']
[0.117s] Level 1:colcon.colcon_core.package_identification:_identify(src/FAST_LIO2_ROS2/pgo) by extension 'ros'
[0.117s] DEBUG:colcon.colcon_core.package_identification:Package 'src/FAST_LIO2_ROS2/pgo' with type 'ros.ament_cmake' and name 'pgo'
[0.118s] Level 1:colcon.colcon_core.package_identification:_identify(src/common_launch_pkg) by extensions ['ignore', 'ignore_ament_install']
[0.118s] Level 1:colcon.colcon_core.package_identification:_identify(src/common_launch_pkg) by extension 'ignore'
[0.118s] Level 1:colcon.colcon_core.package_identification:_identify(src/common_launch_pkg) by extension 'ignore_ament_install'
[0.118s] Level 1:colcon.colcon_core.package_identification:_identify(src/common_launch_pkg) by extensions ['colcon_pkg']
[0.118s] Level 1:colcon.colcon_core.package_identification:_identify(src/common_launch_pkg) by extension 'colcon_pkg'
[0.118s] Level 1:colcon.colcon_core.package_identification:_identify(src/common_launch_pkg) by extensions ['colcon_meta']
[0.118s] Level 1:colcon.colcon_core.package_identification:_identify(src/common_launch_pkg) by extension 'colcon_meta'
[0.118s] Level 1:colcon.colcon_core.package_identification:_identify(src/common_launch_pkg) by extensions ['ros']
[0.118s] Level 1:colcon.colcon_core.package_identification:_identify(src/common_launch_pkg) by extension 'ros'
[0.118s] DEBUG:colcon.colcon_core.package_identification:Package 'src/common_launch_pkg' with type 'ros.ament_python' and name 'common_launch_pkg'
[0.118s] Level 1:colcon.colcon_core.package_identification:_identify(src/competition_gateway) by extensions ['ignore', 'ignore_ament_install']
[0.118s] Level 1:colcon.colcon_core.package_identification:_identify(src/competition_gateway) by extension 'ignore'
[0.118s] Level 1:colcon.colcon_core.package_identification:_identify(src/competition_gateway) by extension 'ignore_ament_install'
[0.118s] Level 1:colcon.colcon_core.package_identification:_identify(src/competition_gateway) by extensions ['colcon_pkg']
[0.118s] Level 1:colcon.colcon_core.package_identification:_identify(src/competition_gateway) by extension 'colcon_pkg'
[0.118s] Level 1:colcon.colcon_core.package_identification:_identify(src/competition_gateway) by extensions ['colcon_meta']
[0.118s] Level 1:colcon.colcon_core.package_identification:_identify(src/competition_gateway) by extension 'colcon_meta'
[0.118s] Level 1:colcon.colcon_core.package_identification:_identify(src/competition_gateway) by extensions ['ros']
[0.119s] Level 1:colcon.colcon_core.package_identification:_identify(src/competition_gateway) by extension 'ros'
[0.119s] DEBUG:colcon.colcon_core.package_identification:Package 'src/competition_gateway' with type 'ros.ament_cmake' and name 'competition_gateway'
[0.119s] Level 1:colcon.colcon_core.package_identification:_identify(src/fyt_pos) by extensions ['ignore', 'ignore_ament_install']
[0.119s] Level 1:colcon.colcon_core.package_identification:_identify(src/fyt_pos) by extension 'ignore'
[0.119s] Level 1:colcon.colcon_core.package_identification:_identify(src/fyt_pos) by extension 'ignore_ament_install'
[0.119s] Level 1:colcon.colcon_core.package_identification:_identify(src/fyt_pos) by extensions ['colcon_pkg']
[0.119s] Level 1:colcon.colcon_core.package_identification:_identify(src/fyt_pos) by extension 'colcon_pkg'
[0.119s] Level 1:colcon.colcon_core.package_identification:_identify(src/fyt_pos) by extensions ['colcon_meta']
[0.119s] Level 1:colcon.colcon_core.package_identification:_identify(src/fyt_pos) by extension 'colcon_meta'
[0.119s] Level 1:colcon.colcon_core.package_identification:_identify(src/fyt_pos) by extensions ['ros']
[0.119s] Level 1:colcon.colcon_core.package_identification:_identify(src/fyt_pos) by extension 'ros'
[0.120s] DEBUG:colcon.colcon_core.package_identification:Package 'src/fyt_pos' with type 'ros.ament_python' and name 'fyt_pos'
[0.120s] Level 1:colcon.colcon_core.package_identification:_identify(src/livox_ros_driver2) by extensions ['ignore', 'ignore_ament_install']
[0.120s] Level 1:colcon.colcon_core.package_identification:_identify(src/livox_ros_driver2) by extension 'ignore'
[0.120s] Level 1:colcon.colcon_core.package_identification:_identify(src/livox_ros_driver2) by extension 'ignore_ament_install'
[0.120s] Level 1:colcon.colcon_core.package_identification:_identify(src/livox_ros_driver2) by extensions ['colcon_pkg']
[0.120s] Level 1:colcon.colcon_core.package_identification:_identify(src/livox_ros_driver2) by extension 'colcon_pkg'
[0.120s] Level 1:colcon.colcon_core.package_identification:_identify(src/livox_ros_driver2) by extensions ['colcon_meta']
[0.120s] Level 1:colcon.colcon_core.package_identification:_identify(src/livox_ros_driver2) by extension 'colcon_meta'
[0.120s] Level 1:colcon.colcon_core.package_identification:_identify(src/livox_ros_driver2) by extensions ['ros']
[0.120s] Level 1:colcon.colcon_core.package_identification:_identify(src/livox_ros_driver2) by extension 'ros'
[0.121s] DEBUG:colcon.colcon_core.package_identification:Package 'src/livox_ros_driver2' with type 'ros.ament_cmake' and name 'livox_ros_driver2'
[0.121s] Level 1:colcon.colcon_core.package_identification:_identify(src/yolo_3d_detect_pkg) by extensions ['ignore', 'ignore_ament_install']
[0.121s] Level 1:colcon.colcon_core.package_identification:_identify(src/yolo_3d_detect_pkg) by extension 'ignore'
[0.121s] Level 1:colcon.colcon_core.package_identification:_identify(src/yolo_3d_detect_pkg) by extension 'ignore_ament_install'
[0.121s] Level 1:colcon.colcon_core.package_identification:_identify(src/yolo_3d_detect_pkg) by extensions ['colcon_pkg']
[0.121s] Level 1:colcon.colcon_core.package_identification:_identify(src/yolo_3d_detect_pkg) by extension 'colcon_pkg'
[0.121s] Level 1:colcon.colcon_core.package_identification:_identify(src/yolo_3d_detect_pkg) by extensions ['colcon_meta']
[0.121s] Level 1:colcon.colcon_core.package_identification:_identify(src/yolo_3d_detect_pkg) by extension 'colcon_meta'
[0.121s] Level 1:colcon.colcon_core.package_identification:_identify(src/yolo_3d_detect_pkg) by extensions ['ros']
[0.121s] Level 1:colcon.colcon_core.package_identification:_identify(src/yolo_3d_detect_pkg) by extension 'ros'
[0.121s] DEBUG:colcon.colcon_core.package_identification:Package 'src/yolo_3d_detect_pkg' with type 'ros.ament_python' and name 'yolo_3d_detect_pkg'
[0.121s] Level 1:colcon.colcon_core.package_discovery:discover_packages(recursive) using defaults
[0.121s] Level 1:colcon.colcon_core.package_discovery:discover_packages(ignore) discover
[0.121s] Level 1:colcon.colcon_core.package_discovery:discover_packages(ignore) using defaults
[0.121s] Level 1:colcon.colcon_core.package_discovery:discover_packages(path) discover
[0.121s] Level 1:colcon.colcon_core.package_discovery:discover_packages(path) using defaults
[0.134s] INFO:colcon.colcon_core.package_selection:Skipping not selected package 'competition_gateway' in 'src/competition_gateway'
[0.134s] INFO:colcon.colcon_core.package_selection:Skipping not selected package 'interface' in 'src/FAST_LIO2_ROS2/interface'
[0.134s] INFO:colcon.colcon_core.package_selection:Skipping not selected package 'livox_ros_driver2' in 'src/livox_ros_driver2'
[0.134s] INFO:colcon.colcon_core.package_selection:Skipping not selected package 'yolo_3d_detect_pkg' in 'src/yolo_3d_detect_pkg'
[0.134s] INFO:colcon.colcon_core.package_selection:Skipping not selected package 'fast_lio' in 'src/FAST_LIO2_ROS2/fastlio2'
[0.134s] INFO:colcon.colcon_core.package_selection:Skipping not selected package 'hba' in 'src/FAST_LIO2_ROS2/hba'
[0.134s] INFO:colcon.colcon_core.package_selection:Skipping not selected package 'localizer' in 'src/FAST_LIO2_ROS2/localizer'
[0.134s] INFO:colcon.colcon_core.package_selection:Skipping not selected package 'pgo' in 'src/FAST_LIO2_ROS2/pgo'
[0.134s] Level 1:colcon.colcon_core.package_discovery:discover_packages(prefix_path) check parameters
[0.134s] Level 1:colcon.colcon_core.package_discovery:discover_packages(prefix_path) discover
[0.137s] DEBUG:colcon.colcon_installed_package_information.package_discovery:Found 430 installed packages in /opt/ros/jazzy
[0.138s] Level 1:colcon.colcon_core.package_discovery:discover_packages(prefix_path) using defaults
[0.172s] Level 5:colcon.colcon_core.verb:set package 'fyt_pos' build argument 'cmake_args' from command line to 'None'
[0.172s] Level 5:colcon.colcon_core.verb:set package 'fyt_pos' build argument 'cmake_target' from command line to 'None'
[0.172s] Level 5:colcon.colcon_core.verb:set package 'fyt_pos' build argument 'cmake_target_skip_unavailable' from command line to 'False'
[0.172s] Level 5:colcon.colcon_core.verb:set package 'fyt_pos' build argument 'cmake_clean_cache' from command line to 'False'
[0.172s] Level 5:colcon.colcon_core.verb:set package 'fyt_pos' build argument 'cmake_clean_first' from command line to 'False'
[0.172s] Level 5:colcon.colcon_core.verb:set package 'fyt_pos' build argument 'cmake_force_configure' from command line to 'False'
[0.172s] Level 5:colcon.colcon_core.verb:set package 'fyt_pos' build argument 'ament_cmake_args' from command line to 'None'
[0.172s] Level 5:colcon.colcon_core.verb:set package 'fyt_pos' build argument 'catkin_cmake_args' from command line to 'None'
[0.172s] Level 5:colcon.colcon_core.verb:set package 'fyt_pos' build argument 'catkin_skip_building_tests' from command line to 'False'
[0.172s] DEBUG:colcon.colcon_core.verb:Building package 'fyt_pos' with the following arguments: {'ament_cmake_args': None, 'build_base': '/home/husky/TR/build/fyt_pos', 'catkin_cmake_args': None, 'catkin_skip_building_tests': False, 'cmake_args': None, 'cmake_clean_cache': False, 'cmake_clean_first': False, 'cmake_force_configure': False, 'cmake_target': None, 'cmake_target_skip_unavailable': False, 'install_base': '/home/husky/TR/install/fyt_pos', 'merge_install': False, 'path': '/home/husky/TR/src/fyt_pos', 'symlink_install': False, 'test_result_base': None}
[0.172s] Level 5:colcon.colcon_core.verb:set package 'common_launch_pkg' build argument 'cmake_args' from command line to 'None'
[0.172s] Level 5:colcon.colcon_core.verb:set package 'common_launch_pkg' build argument 'cmake_target' from command line to 'None'
[0.172s] Level 5:colcon.colcon_core.verb:set package 'common_launch_pkg' build argument 'cmake_target_skip_unavailable' from command line to 'False'
[0.172s] Level 5:colcon.colcon_core.verb:set package 'common_launch_pkg' build argument 'cmake_clean_cache' from command line to 'False'
[0.172s] Level 5:colcon.colcon_core.verb:set package 'common_launch_pkg' build argument 'cmake_clean_first' from command line to 'False'
[0.172s] Level 5:colcon.colcon_core.verb:set package 'common_launch_pkg' build argument 'cmake_force_configure' from command line to 'False'
[0.172s] Level 5:colcon.colcon_core.verb:set package 'common_launch_pkg' build argument 'ament_cmake_args' from command line to 'None'
[0.172s] Level 5:colcon.colcon_core.verb:set package 'common_launch_pkg' build argument 'catkin_cmake_args' from command line to 'None'
[0.172s] Level 5:colcon.colcon_core.verb:set package 'common_launch_pkg' build argument 'catkin_skip_building_tests' from command line to 'False'
[0.172s] DEBUG:colcon.colcon_core.verb:Building package 'common_launch_pkg' with the following arguments: {'ament_cmake_args': None, 'build_base': '/home/husky/TR/build/common_launch_pkg', 'catkin_cmake_args': None, 'catkin_skip_building_tests': False, 'cmake_args': None, 'cmake_clean_cache': False, 'cmake_clean_first': False, 'cmake_force_configure': False, 'cmake_target': None, 'cmake_target_skip_unavailable': False, 'install_base': '/home/husky/TR/install/common_launch_pkg', 'merge_install': False, 'path': '/home/husky/TR/src/common_launch_pkg', 'symlink_install': False, 'test_result_base': None}
[0.173s] INFO:colcon.colcon_core.executor:Executing jobs using 'parallel' executor
[0.173s] DEBUG:colcon.colcon_parallel_executor.executor.parallel:run_until_complete
[0.174s] INFO:colcon.colcon_ros.task.ament_python.build:Building ROS package in '/home/husky/TR/src/fyt_pos' with build type 'ament_python'
[0.174s] Level 1:colcon.colcon_core.shell:create_environment_hook('fyt_pos', 'ament_prefix_path')
[0.175s] INFO:colcon.colcon_core.plugin_system:Skipping extension 'colcon_core.shell.bat': Not used on non-Windows systems
[0.175s] INFO:colcon.colcon_core.shell:Creating environment hook '/home/husky/TR/install/fyt_pos/share/fyt_pos/hook/ament_prefix_path.ps1'
[0.176s] INFO:colcon.colcon_core.shell:Creating environment descriptor '/home/husky/TR/install/fyt_pos/share/fyt_pos/hook/ament_prefix_path.dsv'
[0.176s] INFO:colcon.colcon_core.shell:Creating environment hook '/home/husky/TR/install/fyt_pos/share/fyt_pos/hook/ament_prefix_path.sh'
[0.176s] INFO:colcon.colcon_core.shell:Skip shell extension 'powershell' for command environment: Not usable outside of PowerShell
[0.176s] DEBUG:colcon.colcon_core.shell:Skip shell extension 'dsv' for command environment
[0.302s] INFO:colcon.colcon_core.task.python.build:Building Python package in '/home/husky/TR/src/fyt_pos'
[0.303s] INFO:colcon.colcon_core.shell:Skip shell extension 'powershell' for command environment: Not usable outside of PowerShell
[0.303s] DEBUG:colcon.colcon_core.shell:Skip shell extension 'dsv' for command environment
[0.650s] DEBUG:colcon.colcon_core.task.python.build:Available setuptools commands: install_scripts, easy_install, dist_info, register, build_py, check, build_ext, setopt, symlink_data, alias, editable_wheel, clean, build_clib, install_headers, compile_catalog, rotate, update_catalog, bdist_wheel, test, init_catalog, bdist_egg, egg_info, bdist, sdist, upload, install_lib, extract_messages, bdist_rpm, build_scripts, install_data, install, saveopts, install_egg_info, bdist_dumb, develop, build, upload_docs
[0.653s] DEBUG:colcon.colcon_core.event_handler.log_command:Invoking command in '/home/husky/TR/src/fyt_pos': DEBUGINFOD_URLS=https://debuginfod.ubuntu.com PYTHONPATH=/home/husky/TR/build/fyt_pos/prefix_override:/usr/lib/python3/dist-packages/colcon_core/task/python/colcon_distutils_commands:/home/husky/TR/install/fyt_pos/lib/python3.12/site-packages:${PYTHONPATH} /usr/bin/python3 -W ignore:setup.py install is deprecated -W ignore:easy_install command is deprecated setup.py egg_info --egg-base ../../build/fyt_pos build --build-base /home/husky/TR/build/fyt_pos/build install --record /home/husky/TR/build/fyt_pos/install.log --install-scripts $base/lib/fyt_pos --single-version-externally-managed install_data
[0.968s] DEBUG:colcon.colcon_core.event_handler.log_command:Invoked command in '/home/husky/TR/src/fyt_pos' returned '0': DEBUGINFOD_URLS=https://debuginfod.ubuntu.com PYTHONPATH=/home/husky/TR/build/fyt_pos/prefix_override:/usr/lib/python3/dist-packages/colcon_core/task/python/colcon_distutils_commands:/home/husky/TR/install/fyt_pos/lib/python3.12/site-packages:${PYTHONPATH} /usr/bin/python3 -W ignore:setup.py install is deprecated -W ignore:easy_install command is deprecated setup.py egg_info --egg-base ../../build/fyt_pos build --build-base /home/husky/TR/build/fyt_pos/build install --record /home/husky/TR/build/fyt_pos/install.log --install-scripts $base/lib/fyt_pos --single-version-externally-managed install_data
[0.970s] Level 1:colcon.colcon_core.environment:checking '/home/husky/TR/install/fyt_pos' for CMake module files
[0.970s] Level 1:colcon.colcon_core.environment:checking '/home/husky/TR/install/fyt_pos' for CMake config files
[0.970s] Level 1:colcon.colcon_core.environment:checking '/home/husky/TR/install/fyt_pos/lib'
[0.971s] Level 1:colcon.colcon_core.environment:checking '/home/husky/TR/install/fyt_pos/bin'
[0.971s] Level 1:colcon.colcon_core.environment:checking '/home/husky/TR/install/fyt_pos/lib/pkgconfig/fyt_pos.pc'
[0.971s] Level 1:colcon.colcon_core.environment:checking '/home/husky/TR/install/fyt_pos/lib/python3.12/site-packages'
[0.971s] Level 1:colcon.colcon_core.shell:create_environment_hook('fyt_pos', 'pythonpath')
[0.971s] INFO:colcon.colcon_core.shell:Creating environment hook '/home/husky/TR/install/fyt_pos/share/fyt_pos/hook/pythonpath.ps1'
[0.971s] INFO:colcon.colcon_core.shell:Creating environment descriptor '/home/husky/TR/install/fyt_pos/share/fyt_pos/hook/pythonpath.dsv'
[0.971s] INFO:colcon.colcon_core.shell:Creating environment hook '/home/husky/TR/install/fyt_pos/share/fyt_pos/hook/pythonpath.sh'
[0.972s] Level 1:colcon.colcon_core.environment:checking '/home/husky/TR/install/fyt_pos/bin'
[0.972s] Level 1:colcon.colcon_core.environment:create_environment_scripts_only(fyt_pos)
[0.972s] INFO:colcon.colcon_core.shell:Creating package script '/home/husky/TR/install/fyt_pos/share/fyt_pos/package.ps1'
[0.973s] INFO:colcon.colcon_core.shell:Creating package descriptor '/home/husky/TR/install/fyt_pos/share/fyt_pos/package.dsv'
[0.973s] INFO:colcon.colcon_core.shell:Creating package script '/home/husky/TR/install/fyt_pos/share/fyt_pos/package.sh'
[0.973s] INFO:colcon.colcon_core.shell:Creating package script '/home/husky/TR/install/fyt_pos/share/fyt_pos/package.bash'
[0.974s] INFO:colcon.colcon_core.shell:Creating package script '/home/husky/TR/install/fyt_pos/share/fyt_pos/package.zsh'
[0.974s] Level 1:colcon.colcon_core.environment:create_file_with_runtime_dependencies(/home/husky/TR/install/fyt_pos/share/colcon-core/packages/fyt_pos)
[0.974s] INFO:colcon.colcon_ros.task.ament_python.build:Building ROS package in '/home/husky/TR/src/common_launch_pkg' with build type 'ament_python'
[0.974s] Level 1:colcon.colcon_core.shell:create_environment_hook('common_launch_pkg', 'ament_prefix_path')
[0.974s] INFO:colcon.colcon_core.shell:Creating environment hook '/home/husky/TR/install/common_launch_pkg/share/common_launch_pkg/hook/ament_prefix_path.ps1'
[0.975s] INFO:colcon.colcon_core.shell:Creating environment descriptor '/home/husky/TR/install/common_launch_pkg/share/common_launch_pkg/hook/ament_prefix_path.dsv'
[0.975s] INFO:colcon.colcon_core.shell:Creating environment hook '/home/husky/TR/install/common_launch_pkg/share/common_launch_pkg/hook/ament_prefix_path.sh'
[0.976s] INFO:colcon.colcon_core.shell:Skip shell extension 'powershell' for command environment: Not usable outside of PowerShell
[0.976s] DEBUG:colcon.colcon_core.shell:Skip shell extension 'dsv' for command environment
[0.978s] ERROR:colcon.colcon_ros.task.ament_python.build:Failed to find the following files:
- /home/husky/TR/install/yolo_3d_detect_pkg/share/yolo_3d_detect_pkg/package.sh
Check that the following packages have been built:
- yolo_3d_detect_pkg
[0.988s] DEBUG:colcon.colcon_parallel_executor.executor.parallel:closing loop
[0.988s] DEBUG:colcon.colcon_parallel_executor.executor.parallel:loop closed
[0.988s] DEBUG:colcon.colcon_parallel_executor.executor.parallel:run_until_complete finished with '1'
[0.988s] DEBUG:colcon.colcon_core.event_reactor:joining thread
[0.992s] INFO:colcon.colcon_core.plugin_system:Skipping extension 'colcon_notification.desktop_notification.terminal_notifier': Not used on non-Darwin systems
[0.992s] INFO:colcon.colcon_core.plugin_system:Skipping extension 'colcon_notification.desktop_notification.win32': Not used on non-Windows systems
[0.992s] INFO:colcon.colcon_notification.desktop_notification:Sending desktop notification using 'notify2'
[0.992s] DEBUG:colcon.colcon_notification.desktop_notification.notify2:Failed to initialize notify2: org.freedesktop.DBus.Error.AccessDenied: Failed to open socket: Operation not permitted
[0.992s] DEBUG:colcon.colcon_core.event_reactor:joined thread
[0.993s] INFO:colcon.colcon_core.shell:Creating prefix script '/home/husky/TR/install/local_setup.ps1'
[0.993s] INFO:colcon.colcon_core.shell:Creating prefix util module '/home/husky/TR/install/_local_setup_util_ps1.py'
[0.994s] INFO:colcon.colcon_core.shell:Creating prefix chain script '/home/husky/TR/install/setup.ps1'
[0.994s] INFO:colcon.colcon_core.shell:Creating prefix script '/home/husky/TR/install/local_setup.sh'
[0.994s] INFO:colcon.colcon_core.shell:Creating prefix util module '/home/husky/TR/install/_local_setup_util_sh.py'
[0.995s] INFO:colcon.colcon_core.shell:Creating prefix chain script '/home/husky/TR/install/setup.sh'
[0.995s] INFO:colcon.colcon_core.shell:Creating prefix script '/home/husky/TR/install/local_setup.bash'
[0.995s] INFO:colcon.colcon_core.shell:Creating prefix chain script '/home/husky/TR/install/setup.bash'
[0.996s] INFO:colcon.colcon_core.shell:Creating prefix script '/home/husky/TR/install/local_setup.zsh'
[0.996s] INFO:colcon.colcon_core.shell:Creating prefix chain script '/home/husky/TR/install/setup.zsh'
