[0.065s] DEBUG:colcon:Command line arguments: ['/usr/bin/colcon', 'build', '--packages-select', 'common_launch_pkg', '--event-handlers', 'console_direct+']
[0.066s] DEBUG:colcon:Parsed command line arguments: Namespace(log_base=None, log_level=None, verb_name='build', build_base='build', install_base='install', merge_install=False, symlink_install=False, test_result_base=None, continue_on_error=False, executor='parallel', parallel_workers=32, event_handlers=['console_direct+'], ignore_user_meta=False, metas=['./colcon.meta'], base_paths=['.'], packages_ignore=None, packages_ignore_regex=None, paths=None, packages_up_to=None, packages_up_to_regex=None, packages_above=None, packages_above_and_dependencies=None, packages_above_depth=None, packages_select_by_dep=None, packages_skip_by_dep=None, packages_skip_up_to=None, packages_select_build_failed=False, packages_skip_build_finished=False, packages_select_test_failures=False, packages_skip_test_passed=False, packages_select=['common_launch_pkg'], packages_skip=None, packages_select_regex=None, packages_skip_regex=None, packages_start=None, packages_end=None, allow_overriding=[], cmake_args=None, cmake_target=None, cmake_target_skip_unavailable=False, cmake_clean_cache=False, cmake_clean_first=False, cmake_force_configure=False, ament_cmake_args=None, catkin_cmake_args=None, catkin_skip_building_tests=False, verb_parser=<colcon_defaults.argument_parser.defaults.DefaultArgumentsDecorator object at 0x793a077834a0>, verb_extension=<colcon_core.verb.build.BuildVerb object at 0x793a07783320>, main=<bound method BuildVerb.main of <colcon_core.verb.build.BuildVerb object at 0x793a07783320>>)
[0.090s] Level 1:colcon.colcon_core.package_discovery:discover_packages(colcon_meta) check parameters
[0.090s] Level 1:colcon.colcon_core.package_discovery:discover_packages(recursive) check parameters
[0.090s] Level 1:colcon.colcon_core.package_discovery:discover_packages(ignore) check parameters
[0.090s] Level 1:colcon.colcon_core.package_discovery:discover_packages(path) check parameters
[0.090s] Level 1:colcon.colcon_core.package_discovery:discover_packages(colcon_meta) discover
[0.090s] Level 1:colcon.colcon_core.package_discovery:discover_packages(recursive) discover
[0.090s] INFO:colcon.colcon_core.package_discovery:Crawling recursively for packages in '/home/husky/TR'
[0.090s] Level 1:colcon.colcon_core.package_identification:_identify(.) by extensions ['ignore', 'ignore_ament_install']
[0.090s] Level 1:colcon.colcon_core.package_identification:_identify(.) by extension 'ignore'
[0.090s] Level 1:colcon.colcon_core.package_identification:_identify(.) by extension 'ignore_ament_install'
[0.090s] Level 1:colcon.colcon_core.package_identification:_identify(.) by extensions ['colcon_pkg']
[0.090s] Level 1:colcon.colcon_core.package_identification:_identify(.) by extension 'colcon_pkg'
[0.090s] Level 1:colcon.colcon_core.package_identification:_identify(.) by extensions ['colcon_meta']
[0.090s] Level 1:colcon.colcon_core.package_identification:_identify(.) by extension 'colcon_meta'
[0.090s] Level 1:colcon.colcon_core.package_identification:_identify(.) by extensions ['ros']
[0.090s] Level 1:colcon.colcon_core.package_identification:_identify(.) by extension 'ros'
[0.105s] Level 1:colcon.colcon_core.package_identification:_identify(.) by extensions ['cmake', 'python']
[0.105s] Level 1:colcon.colcon_core.package_identification:_identify(.) by extension 'cmake'
[0.105s] Level 1:colcon.colcon_core.package_identification:_identify(.) by extension 'python'
[0.105s] Level 1:colcon.colcon_core.package_identification:_identify(.) by extensions ['python_setup_py']
[0.105s] Level 1:colcon.colcon_core.package_identification:_identify(.) by extension 'python_setup_py'
[0.105s] Level 1:colcon.colcon_core.package_identification:_identify(build) by extensions ['ignore', 'ignore_ament_install']
[0.105s] Level 1:colcon.colcon_core.package_identification:_identify(build) by extension 'ignore'
[0.105s] Level 1:colcon.colcon_core.package_identification:_identify(build) ignored
[0.106s] Level 1:colcon.colcon_core.package_identification:_identify(docs) by extensions ['ignore', 'ignore_ament_install']
[0.106s] Level 1:colcon.colcon_core.package_identification:_identify(docs) by extension 'ignore'
[0.106s] Level 1:colcon.colcon_core.package_identification:_identify(docs) by extension 'ignore_ament_install'
[0.106s] Level 1:colcon.colcon_core.package_identification:_identify(docs) by extensions ['colcon_pkg']
[0.106s] Level 1:colcon.colcon_core.package_identification:_identify(docs) by extension 'colcon_pkg'
[0.106s] Level 1:colcon.colcon_core.package_identification:_identify(docs) by extensions ['colcon_meta']
[0.106s] Level 1:colcon.colcon_core.package_identification:_identify(docs) by extension 'colcon_meta'
[0.106s] Level 1:colcon.colcon_core.package_identification:_identify(docs) by extensions ['ros']
[0.106s] Level 1:colcon.colcon_core.package_identification:_identify(docs) by extension 'ros'
[0.106s] Level 1:colcon.colcon_core.package_identification:_identify(docs) by extensions ['cmake', 'python']
[0.106s] Level 1:colcon.colcon_core.package_identification:_identify(docs) by extension 'cmake'
[0.106s] Level 1:colcon.colcon_core.package_identification:_identify(docs) by extension 'python'
[0.106s] Level 1:colcon.colcon_core.package_identification:_identify(docs) by extensions ['python_setup_py']
[0.106s] Level 1:colcon.colcon_core.package_identification:_identify(docs) by extension 'python_setup_py'
[0.106s] Level 1:colcon.colcon_core.package_identification:_identify(install) by extensions ['ignore', 'ignore_ament_install']
[0.106s] Level 1:colcon.colcon_core.package_identification:_identify(install) by extension 'ignore'
[0.106s] Level 1:colcon.colcon_core.package_identification:_identify(install) ignored
[0.106s] Level 1:colcon.colcon_core.package_identification:_identify(log) by extensions ['ignore', 'ignore_ament_install']
[0.106s] Level 1:colcon.colcon_core.package_identification:_identify(log) by extension 'ignore'
[0.106s] Level 1:colcon.colcon_core.package_identification:_identify(log) ignored
[0.106s] Level 1:colcon.colcon_core.package_identification:_identify(src) by extensions ['ignore', 'ignore_ament_install']
[0.106s] Level 1:colcon.colcon_core.package_identification:_identify(src) by extension 'ignore'
[0.106s] Level 1:colcon.colcon_core.package_identification:_identify(src) by extension 'ignore_ament_install'
[0.106s] Level 1:colcon.colcon_core.package_identification:_identify(src) by extensions ['colcon_pkg']
[0.106s] Level 1:colcon.colcon_core.package_identification:_identify(src) by extension 'colcon_pkg'
[0.106s] Level 1:colcon.colcon_core.package_identification:_identify(src) by extensions ['colcon_meta']
[0.106s] Level 1:colcon.colcon_core.package_identification:_identify(src) by extension 'colcon_meta'
[0.106s] Level 1:colcon.colcon_core.package_identification:_identify(src) by extensions ['ros']
[0.106s] Level 1:colcon.colcon_core.package_identification:_identify(src) by extension 'ros'
[0.107s] Level 1:colcon.colcon_core.package_identification:_identify(src) by extensions ['cmake', 'python']
[0.107s] Level 1:colcon.colcon_core.package_identification:_identify(src) by extension 'cmake'
[0.107s] Level 1:colcon.colcon_core.package_identification:_identify(src) by extension 'python'
[0.107s] Level 1:colcon.colcon_core.package_identification:_identify(src) by extensions ['python_setup_py']
[0.107s] Level 1:colcon.colcon_core.package_identification:_identify(src) by extension 'python_setup_py'
[0.107s] Level 1:colcon.colcon_core.package_identification:_identify(src/FAST_LIO2_ROS2) by extensions ['ignore', 'ignore_ament_install']
[0.107s] Level 1:colcon.colcon_core.package_identification:_identify(src/FAST_LIO2_ROS2) by extension 'ignore'
[0.107s] Level 1:colcon.colcon_core.package_identification:_identify(src/FAST_LIO2_ROS2) by extension 'ignore_ament_install'
[0.107s] Level 1:colcon.colcon_core.package_identification:_identify(src/FAST_LIO2_ROS2) by extensions ['colcon_pkg']
[0.107s] Level 1:colcon.colcon_core.package_identification:_identify(src/FAST_LIO2_ROS2) by extension 'colcon_pkg'
[0.107s] Level 1:colcon.colcon_core.package_identification:_identify(src/FAST_LIO2_ROS2) by extensions ['colcon_meta']
[0.107s] Level 1:colcon.colcon_core.package_identification:_identify(src/FAST_LIO2_ROS2) by extension 'colcon_meta'
[0.107s] Level 1:colcon.colcon_core.package_identification:_identify(src/FAST_LIO2_ROS2) by extensions ['ros']
[0.107s] Level 1:colcon.colcon_core.package_identification:_identify(src/FAST_LIO2_ROS2) by extension 'ros'
[0.107s] Level 1:colcon.colcon_core.package_identification:_identify(src/FAST_LIO2_ROS2) by extensions ['cmake', 'python']
[0.107s] Level 1:colcon.colcon_core.package_identification:_identify(src/FAST_LIO2_ROS2) by extension 'cmake'
[0.107s] Level 1:colcon.colcon_core.package_identification:_identify(src/FAST_LIO2_ROS2) by extension 'python'
[0.107s] Level 1:colcon.colcon_core.package_identification:_identify(src/FAST_LIO2_ROS2) by extensions ['python_setup_py']
[0.107s] Level 1:colcon.colcon_core.package_identification:_identify(src/FAST_LIO2_ROS2) by extension 'python_setup_py'
[0.107s] Level 1:colcon.colcon_core.package_identification:_identify(src/FAST_LIO2_ROS2/fastlio2) by extensions ['ignore', 'ignore_ament_install']
[0.107s] Level 1:colcon.colcon_core.package_identification:_identify(src/FAST_LIO2_ROS2/fastlio2) by extension 'ignore'
[0.107s] Level 1:colcon.colcon_core.package_identification:_identify(src/FAST_LIO2_ROS2/fastlio2) by extension 'ignore_ament_install'
[0.107s] Level 1:colcon.colcon_core.package_identification:_identify(src/FAST_LIO2_ROS2/fastlio2) by extensions ['colcon_pkg']
[0.107s] Level 1:colcon.colcon_core.package_identification:_identify(src/FAST_LIO2_ROS2/fastlio2) by extension 'colcon_pkg'
[0.107s] Level 1:colcon.colcon_core.package_identification:_identify(src/FAST_LIO2_ROS2/fastlio2) by extensions ['colcon_meta']
[0.107s] Level 1:colcon.colcon_core.package_identification:_identify(src/FAST_LIO2_ROS2/fastlio2) by extension 'colcon_meta'
[0.107s] Level 1:colcon.colcon_core.package_identification:_identify(src/FAST_LIO2_ROS2/fastlio2) by extensions ['ros']
[0.107s] Level 1:colcon.colcon_core.package_identification:_identify(src/FAST_LIO2_ROS2/fastlio2) by extension 'ros'
[0.109s] DEBUG:colcon.colcon_core.package_identification:Package 'src/FAST_LIO2_ROS2/fastlio2' with type 'ros.ament_cmake' and name 'fast_lio'
[0.109s] Level 1:colcon.colcon_core.package_identification:_identify(src/FAST_LIO2_ROS2/hba) by extensions ['ignore', 'ignore_ament_install']
[0.109s] Level 1:colcon.colcon_core.package_identification:_identify(src/FAST_LIO2_ROS2/hba) by extension 'ignore'
[0.109s] Level 1:colcon.colcon_core.package_identification:_identify(src/FAST_LIO2_ROS2/hba) by extension 'ignore_ament_install'
[0.109s] Level 1:colcon.colcon_core.package_identification:_identify(src/FAST_LIO2_ROS2/hba) by extensions ['colcon_pkg']
[0.109s] Level 1:colcon.colcon_core.package_identification:_identify(src/FAST_LIO2_ROS2/hba) by extension 'colcon_pkg'
[0.109s] Level 1:colcon.colcon_core.package_identification:_identify(src/FAST_LIO2_ROS2/hba) by extensions ['colcon_meta']
[0.109s] Level 1:colcon.colcon_core.package_identification:_identify(src/FAST_LIO2_ROS2/hba) by extension 'colcon_meta'
[0.109s] Level 1:colcon.colcon_core.package_identification:_identify(src/FAST_LIO2_ROS2/hba) by extensions ['ros']
[0.109s] Level 1:colcon.colcon_core.package_identification:_identify(src/FAST_LIO2_ROS2/hba) by extension 'ros'
[0.110s] DEBUG:colcon.colcon_core.package_identification:Package 'src/FAST_LIO2_ROS2/hba' with type 'ros.ament_cmake' and name 'hba'
[0.110s] Level 1:colcon.colcon_core.package_identification:_identify(src/FAST_LIO2_ROS2/interface) by extensions ['ignore', 'ignore_ament_install']
[0.110s] Level 1:colcon.colcon_core.package_identification:_identify(src/FAST_LIO2_ROS2/interface) by extension 'ignore'
[0.110s] Level 1:colcon.colcon_core.package_identification:_identify(src/FAST_LIO2_ROS2/interface) by extension 'ignore_ament_install'
[0.110s] Level 1:colcon.colcon_core.package_identification:_identify(src/FAST_LIO2_ROS2/interface) by extensions ['colcon_pkg']
[0.110s] Level 1:colcon.colcon_core.package_identification:_identify(src/FAST_LIO2_ROS2/interface) by extension 'colcon_pkg'
[0.110s] Level 1:colcon.colcon_core.package_identification:_identify(src/FAST_LIO2_ROS2/interface) by extensions ['colcon_meta']
[0.110s] Level 1:colcon.colcon_core.package_identification:_identify(src/FAST_LIO2_ROS2/interface) by extension 'colcon_meta'
[0.110s] Level 1:colcon.colcon_core.package_identification:_identify(src/FAST_LIO2_ROS2/interface) by extensions ['ros']
[0.110s] Level 1:colcon.colcon_core.package_identification:_identify(src/FAST_LIO2_ROS2/interface) by extension 'ros'
[0.110s] DEBUG:colcon.colcon_core.package_identification:Package 'src/FAST_LIO2_ROS2/interface' with type 'ros.ament_cmake' and name 'interface'
[0.110s] Level 1:colcon.colcon_core.package_identification:_identify(src/FAST_LIO2_ROS2/localizer) by extensions ['ignore', 'ignore_ament_install']
[0.111s] Level 1:colcon.colcon_core.package_identification:_identify(src/FAST_LIO2_ROS2/localizer) by extension 'ignore'
[0.111s] Level 1:colcon.colcon_core.package_identification:_identify(src/FAST_LIO2_ROS2/localizer) by extension 'ignore_ament_install'
[0.111s] Level 1:colcon.colcon_core.package_identification:_identify(src/FAST_LIO2_ROS2/localizer) by extensions ['colcon_pkg']
[0.111s] Level 1:colcon.colcon_core.package_identification:_identify(src/FAST_LIO2_ROS2/localizer) by extension 'colcon_pkg'
[0.111s] Level 1:colcon.colcon_core.package_identification:_identify(src/FAST_LIO2_ROS2/localizer) by extensions ['colcon_meta']
[0.111s] Level 1:colcon.colcon_core.package_identification:_identify(src/FAST_LIO2_ROS2/localizer) by extension 'colcon_meta'
[0.111s] Level 1:colcon.colcon_core.package_identification:_identify(src/FAST_LIO2_ROS2/localizer) by extensions ['ros']
[0.111s] Level 1:colcon.colcon_core.package_identification:_identify(src/FAST_LIO2_ROS2/localizer) by extension 'ros'
[0.111s] DEBUG:colcon.colcon_core.package_identification:Package 'src/FAST_LIO2_ROS2/localizer' with type 'ros.ament_cmake' and name 'localizer'
[0.111s] Level 1:colcon.colcon_core.package_identification:_identify(src/FAST_LIO2_ROS2/pgo) by extensions ['ignore', 'ignore_ament_install']
[0.111s] Level 1:colcon.colcon_core.package_identification:_identify(src/FAST_LIO2_ROS2/pgo) by extension 'ignore'
[0.111s] Level 1:colcon.colcon_core.package_identification:_identify(src/FAST_LIO2_ROS2/pgo) by extension 'ignore_ament_install'
[0.111s] Level 1:colcon.colcon_core.package_identification:_identify(src/FAST_LIO2_ROS2/pgo) by extensions ['colcon_pkg']
[0.111s] Level 1:colcon.colcon_core.package_identification:_identify(src/FAST_LIO2_ROS2/pgo) by extension 'colcon_pkg'
[0.111s] Level 1:colcon.colcon_core.package_identification:_identify(src/FAST_LIO2_ROS2/pgo) by extensions ['colcon_meta']
[0.111s] Level 1:colcon.colcon_core.package_identification:_identify(src/FAST_LIO2_ROS2/pgo) by extension 'colcon_meta'
[0.111s] Level 1:colcon.colcon_core.package_identification:_identify(src/FAST_LIO2_ROS2/pgo) by extensions ['ros']
[0.112s] Level 1:colcon.colcon_core.package_identification:_identify(src/FAST_LIO2_ROS2/pgo) by extension 'ros'
[0.112s] DEBUG:colcon.colcon_core.package_identification:Package 'src/FAST_LIO2_ROS2/pgo' with type 'ros.ament_cmake' and name 'pgo'
[0.112s] Level 1:colcon.colcon_core.package_identification:_identify(src/common_launch_pkg) by extensions ['ignore', 'ignore_ament_install']
[0.112s] Level 1:colcon.colcon_core.package_identification:_identify(src/common_launch_pkg) by extension 'ignore'
[0.112s] Level 1:colcon.colcon_core.package_identification:_identify(src/common_launch_pkg) by extension 'ignore_ament_install'
[0.112s] Level 1:colcon.colcon_core.package_identification:_identify(src/common_launch_pkg) by extensions ['colcon_pkg']
[0.112s] Level 1:colcon.colcon_core.package_identification:_identify(src/common_launch_pkg) by extension 'colcon_pkg'
[0.112s] Level 1:colcon.colcon_core.package_identification:_identify(src/common_launch_pkg) by extensions ['colcon_meta']
[0.112s] Level 1:colcon.colcon_core.package_identification:_identify(src/common_launch_pkg) by extension 'colcon_meta'
[0.112s] Level 1:colcon.colcon_core.package_identification:_identify(src/common_launch_pkg) by extensions ['ros']
[0.112s] Level 1:colcon.colcon_core.package_identification:_identify(src/common_launch_pkg) by extension 'ros'
[0.113s] DEBUG:colcon.colcon_core.package_identification:Package 'src/common_launch_pkg' with type 'ros.ament_python' and name 'common_launch_pkg'
[0.113s] Level 1:colcon.colcon_core.package_identification:_identify(src/competition_gateway) by extensions ['ignore', 'ignore_ament_install']
[0.113s] Level 1:colcon.colcon_core.package_identification:_identify(src/competition_gateway) by extension 'ignore'
[0.113s] Level 1:colcon.colcon_core.package_identification:_identify(src/competition_gateway) by extension 'ignore_ament_install'
[0.113s] Level 1:colcon.colcon_core.package_identification:_identify(src/competition_gateway) by extensions ['colcon_pkg']
[0.113s] Level 1:colcon.colcon_core.package_identification:_identify(src/competition_gateway) by extension 'colcon_pkg'
[0.113s] Level 1:colcon.colcon_core.package_identification:_identify(src/competition_gateway) by extensions ['colcon_meta']
[0.113s] Level 1:colcon.colcon_core.package_identification:_identify(src/competition_gateway) by extension 'colcon_meta'
[0.113s] Level 1:colcon.colcon_core.package_identification:_identify(src/competition_gateway) by extensions ['ros']
[0.113s] Level 1:colcon.colcon_core.package_identification:_identify(src/competition_gateway) by extension 'ros'
[0.113s] DEBUG:colcon.colcon_core.package_identification:Package 'src/competition_gateway' with type 'ros.ament_cmake' and name 'competition_gateway'
[0.113s] Level 1:colcon.colcon_core.package_identification:_identify(src/fyt_pos) by extensions ['ignore', 'ignore_ament_install']
[0.113s] Level 1:colcon.colcon_core.package_identification:_identify(src/fyt_pos) by extension 'ignore'
[0.113s] Level 1:colcon.colcon_core.package_identification:_identify(src/fyt_pos) by extension 'ignore_ament_install'
[0.114s] Level 1:colcon.colcon_core.package_identification:_identify(src/fyt_pos) by extensions ['colcon_pkg']
[0.114s] Level 1:colcon.colcon_core.package_identification:_identify(src/fyt_pos) by extension 'colcon_pkg'
[0.114s] Level 1:colcon.colcon_core.package_identification:_identify(src/fyt_pos) by extensions ['colcon_meta']
[0.114s] Level 1:colcon.colcon_core.package_identification:_identify(src/fyt_pos) by extension 'colcon_meta'
[0.114s] Level 1:colcon.colcon_core.package_identification:_identify(src/fyt_pos) by extensions ['ros']
[0.114s] Level 1:colcon.colcon_core.package_identification:_identify(src/fyt_pos) by extension 'ros'
[0.114s] DEBUG:colcon.colcon_core.package_identification:Package 'src/fyt_pos' with type 'ros.ament_python' and name 'fyt_pos'
[0.114s] Level 1:colcon.colcon_core.package_identification:_identify(src/livox_ros_driver2) by extensions ['ignore', 'ignore_ament_install']
[0.114s] Level 1:colcon.colcon_core.package_identification:_identify(src/livox_ros_driver2) by extension 'ignore'
[0.114s] Level 1:colcon.colcon_core.package_identification:_identify(src/livox_ros_driver2) by extension 'ignore_ament_install'
[0.114s] Level 1:colcon.colcon_core.package_identification:_identify(src/livox_ros_driver2) by extensions ['colcon_pkg']
[0.114s] Level 1:colcon.colcon_core.package_identification:_identify(src/livox_ros_driver2) by extension 'colcon_pkg'
[0.114s] Level 1:colcon.colcon_core.package_identification:_identify(src/livox_ros_driver2) by extensions ['colcon_meta']
[0.114s] Level 1:colcon.colcon_core.package_identification:_identify(src/livox_ros_driver2) by extension 'colcon_meta'
[0.114s] Level 1:colcon.colcon_core.package_identification:_identify(src/livox_ros_driver2) by extensions ['ros']
[0.114s] Level 1:colcon.colcon_core.package_identification:_identify(src/livox_ros_driver2) by extension 'ros'
[0.115s] DEBUG:colcon.colcon_core.package_identification:Package 'src/livox_ros_driver2' with type 'ros.ament_cmake' and name 'livox_ros_driver2'
[0.115s] Level 1:colcon.colcon_core.package_identification:_identify(src/yolo_3d_detect_pkg) by extensions ['ignore', 'ignore_ament_install']
[0.115s] Level 1:colcon.colcon_core.package_identification:_identify(src/yolo_3d_detect_pkg) by extension 'ignore'
[0.115s] Level 1:colcon.colcon_core.package_identification:_identify(src/yolo_3d_detect_pkg) by extension 'ignore_ament_install'
[0.115s] Level 1:colcon.colcon_core.package_identification:_identify(src/yolo_3d_detect_pkg) by extensions ['colcon_pkg']
[0.115s] Level 1:colcon.colcon_core.package_identification:_identify(src/yolo_3d_detect_pkg) by extension 'colcon_pkg'
[0.115s] Level 1:colcon.colcon_core.package_identification:_identify(src/yolo_3d_detect_pkg) by extensions ['colcon_meta']
[0.115s] Level 1:colcon.colcon_core.package_identification:_identify(src/yolo_3d_detect_pkg) by extension 'colcon_meta'
[0.115s] Level 1:colcon.colcon_core.package_identification:_identify(src/yolo_3d_detect_pkg) by extensions ['ros']
[0.115s] Level 1:colcon.colcon_core.package_identification:_identify(src/yolo_3d_detect_pkg) by extension 'ros'
[0.116s] DEBUG:colcon.colcon_core.package_identification:Package 'src/yolo_3d_detect_pkg' with type 'ros.ament_python' and name 'yolo_3d_detect_pkg'
[0.116s] Level 1:colcon.colcon_core.package_discovery:discover_packages(recursive) using defaults
[0.116s] Level 1:colcon.colcon_core.package_discovery:discover_packages(ignore) discover
[0.116s] Level 1:colcon.colcon_core.package_discovery:discover_packages(ignore) using defaults
[0.116s] Level 1:colcon.colcon_core.package_discovery:discover_packages(path) discover
[0.116s] Level 1:colcon.colcon_core.package_discovery:discover_packages(path) using defaults
[0.127s] INFO:colcon.colcon_core.package_selection:Skipping not selected package 'competition_gateway' in 'src/competition_gateway'
[0.127s] INFO:colcon.colcon_core.package_selection:Skipping not selected package 'fyt_pos' in 'src/fyt_pos'
[0.127s] INFO:colcon.colcon_core.package_selection:Skipping not selected package 'interface' in 'src/FAST_LIO2_ROS2/interface'
[0.127s] INFO:colcon.colcon_core.package_selection:Skipping not selected package 'livox_ros_driver2' in 'src/livox_ros_driver2'
[0.127s] INFO:colcon.colcon_core.package_selection:Skipping not selected package 'yolo_3d_detect_pkg' in 'src/yolo_3d_detect_pkg'
[0.127s] INFO:colcon.colcon_core.package_selection:Skipping not selected package 'fast_lio' in 'src/FAST_LIO2_ROS2/fastlio2'
[0.128s] INFO:colcon.colcon_core.package_selection:Skipping not selected package 'hba' in 'src/FAST_LIO2_ROS2/hba'
[0.128s] INFO:colcon.colcon_core.package_selection:Skipping not selected package 'localizer' in 'src/FAST_LIO2_ROS2/localizer'
[0.128s] INFO:colcon.colcon_core.package_selection:Skipping not selected package 'pgo' in 'src/FAST_LIO2_ROS2/pgo'
[0.128s] Level 1:colcon.colcon_core.package_discovery:discover_packages(prefix_path) check parameters
[0.128s] Level 1:colcon.colcon_core.package_discovery:discover_packages(prefix_path) discover
[0.130s] DEBUG:colcon.colcon_installed_package_information.package_discovery:Found 430 installed packages in /opt/ros/jazzy
[0.131s] Level 1:colcon.colcon_core.package_discovery:discover_packages(prefix_path) using defaults
[0.164s] Level 5:colcon.colcon_core.verb:set package 'common_launch_pkg' build argument 'cmake_args' from command line to 'None'
[0.164s] Level 5:colcon.colcon_core.verb:set package 'common_launch_pkg' build argument 'cmake_target' from command line to 'None'
[0.164s] Level 5:colcon.colcon_core.verb:set package 'common_launch_pkg' build argument 'cmake_target_skip_unavailable' from command line to 'False'
[0.164s] Level 5:colcon.colcon_core.verb:set package 'common_launch_pkg' build argument 'cmake_clean_cache' from command line to 'False'
[0.164s] Level 5:colcon.colcon_core.verb:set package 'common_launch_pkg' build argument 'cmake_clean_first' from command line to 'False'
[0.164s] Level 5:colcon.colcon_core.verb:set package 'common_launch_pkg' build argument 'cmake_force_configure' from command line to 'False'
[0.164s] Level 5:colcon.colcon_core.verb:set package 'common_launch_pkg' build argument 'ament_cmake_args' from command line to 'None'
[0.164s] Level 5:colcon.colcon_core.verb:set package 'common_launch_pkg' build argument 'catkin_cmake_args' from command line to 'None'
[0.164s] Level 5:colcon.colcon_core.verb:set package 'common_launch_pkg' build argument 'catkin_skip_building_tests' from command line to 'False'
[0.164s] DEBUG:colcon.colcon_core.verb:Building package 'common_launch_pkg' with the following arguments: {'ament_cmake_args': None, 'build_base': '/home/husky/TR/build/common_launch_pkg', 'catkin_cmake_args': None, 'catkin_skip_building_tests': False, 'cmake_args': None, 'cmake_clean_cache': False, 'cmake_clean_first': False, 'cmake_force_configure': False, 'cmake_target': None, 'cmake_target_skip_unavailable': False, 'install_base': '/home/husky/TR/install/common_launch_pkg', 'merge_install': False, 'path': '/home/husky/TR/src/common_launch_pkg', 'symlink_install': False, 'test_result_base': None}
[0.164s] INFO:colcon.colcon_core.executor:Executing jobs using 'parallel' executor
[0.165s] DEBUG:colcon.colcon_parallel_executor.executor.parallel:run_until_complete
[0.165s] INFO:colcon.colcon_ros.task.ament_python.build:Building ROS package in '/home/husky/TR/src/common_launch_pkg' with build type 'ament_python'
[0.165s] Level 1:colcon.colcon_core.shell:create_environment_hook('common_launch_pkg', 'ament_prefix_path')
[0.167s] INFO:colcon.colcon_core.plugin_system:Skipping extension 'colcon_core.shell.bat': Not used on non-Windows systems
[0.167s] INFO:colcon.colcon_core.shell:Creating environment hook '/home/husky/TR/install/common_launch_pkg/share/common_launch_pkg/hook/ament_prefix_path.ps1'
[0.167s] INFO:colcon.colcon_core.shell:Creating environment descriptor '/home/husky/TR/install/common_launch_pkg/share/common_launch_pkg/hook/ament_prefix_path.dsv'
[0.168s] INFO:colcon.colcon_core.shell:Creating environment hook '/home/husky/TR/install/common_launch_pkg/share/common_launch_pkg/hook/ament_prefix_path.sh'
[0.168s] INFO:colcon.colcon_core.shell:Skip shell extension 'powershell' for command environment: Not usable outside of PowerShell
[0.168s] DEBUG:colcon.colcon_core.shell:Skip shell extension 'dsv' for command environment
[0.303s] INFO:colcon.colcon_core.task.python.build:Building Python package in '/home/husky/TR/src/common_launch_pkg'
[0.304s] INFO:colcon.colcon_core.shell:Skip shell extension 'powershell' for command environment: Not usable outside of PowerShell
[0.304s] DEBUG:colcon.colcon_core.shell:Skip shell extension 'dsv' for command environment
[0.676s] DEBUG:colcon.colcon_core.task.python.build:Available setuptools commands: bdist_wheel, clean, rotate, upload_docs, bdist_egg, symlink_data, setopt, develop, register, alias, install_lib, upload, test, editable_wheel, egg_info, build_ext, build_py, saveopts, install_egg_info, build, install_scripts, install, build_scripts, bdist_dumb, update_catalog, dist_info, init_catalog, install_headers, install_data, compile_catalog, bdist, sdist, check, easy_install, bdist_rpm, build_clib, extract_messages
[0.678s] DEBUG:colcon.colcon_core.event_handler.log_command:Invoking command in '/home/husky/TR/src/common_launch_pkg': AMENT_PREFIX_PATH=/home/husky/TR/install/fast_lio:/home/husky/TR/install/yolo_3d_detect_pkg:/home/husky/TR/install/livox_ros_driver2:/home/husky/TR/install/fyt_pos:/home/husky/TR/install/competition_gateway:${AMENT_PREFIX_PATH} CMAKE_PREFIX_PATH=/home/husky/TR/install/fast_lio:/home/husky/TR/install/livox_ros_driver2:/home/husky/TR/install/competition_gateway:${CMAKE_PREFIX_PATH} DEBUGINFOD_URLS=https://debuginfod.ubuntu.com LD_LIBRARY_PATH=/home/husky/TR/install/fast_lio/lib:/home/husky/TR/install/livox_ros_driver2/lib:${LD_LIBRARY_PATH} PYTHONPATH=/home/husky/TR/build/common_launch_pkg/prefix_override:/usr/lib/python3/dist-packages/colcon_core/task/python/colcon_distutils_commands:/home/husky/TR/install/common_launch_pkg/lib/python3.12/site-packages:/home/husky/TR/install/fast_lio/lib/python3.12/site-packages:/home/husky/TR/install/yolo_3d_detect_pkg/lib/python3.12/site-packages:/home/husky/TR/install/livox_ros_driver2/lib/python3.12/site-packages:/home/husky/TR/install/fyt_pos/lib/python3.12/site-packages:${PYTHONPATH} /usr/bin/python3 -W ignore:setup.py install is deprecated -W ignore:easy_install command is deprecated setup.py egg_info --egg-base ../../build/common_launch_pkg build --build-base /home/husky/TR/build/common_launch_pkg/build install --record /home/husky/TR/build/common_launch_pkg/install.log --install-scripts $base/lib/common_launch_pkg --single-version-externally-managed install_data
[1.010s] DEBUG:colcon.colcon_core.event_handler.log_command:Invoked command in '/home/husky/TR/src/common_launch_pkg' returned '0': AMENT_PREFIX_PATH=/home/husky/TR/install/fast_lio:/home/husky/TR/install/yolo_3d_detect_pkg:/home/husky/TR/install/livox_ros_driver2:/home/husky/TR/install/fyt_pos:/home/husky/TR/install/competition_gateway:${AMENT_PREFIX_PATH} CMAKE_PREFIX_PATH=/home/husky/TR/install/fast_lio:/home/husky/TR/install/livox_ros_driver2:/home/husky/TR/install/competition_gateway:${CMAKE_PREFIX_PATH} DEBUGINFOD_URLS=https://debuginfod.ubuntu.com LD_LIBRARY_PATH=/home/husky/TR/install/fast_lio/lib:/home/husky/TR/install/livox_ros_driver2/lib:${LD_LIBRARY_PATH} PYTHONPATH=/home/husky/TR/build/common_launch_pkg/prefix_override:/usr/lib/python3/dist-packages/colcon_core/task/python/colcon_distutils_commands:/home/husky/TR/install/common_launch_pkg/lib/python3.12/site-packages:/home/husky/TR/install/fast_lio/lib/python3.12/site-packages:/home/husky/TR/install/yolo_3d_detect_pkg/lib/python3.12/site-packages:/home/husky/TR/install/livox_ros_driver2/lib/python3.12/site-packages:/home/husky/TR/install/fyt_pos/lib/python3.12/site-packages:${PYTHONPATH} /usr/bin/python3 -W ignore:setup.py install is deprecated -W ignore:easy_install command is deprecated setup.py egg_info --egg-base ../../build/common_launch_pkg build --build-base /home/husky/TR/build/common_launch_pkg/build install --record /home/husky/TR/build/common_launch_pkg/install.log --install-scripts $base/lib/common_launch_pkg --single-version-externally-managed install_data
[1.012s] Level 1:colcon.colcon_core.environment:checking '/home/husky/TR/install/common_launch_pkg' for CMake module files
[1.012s] Level 1:colcon.colcon_core.environment:checking '/home/husky/TR/install/common_launch_pkg' for CMake config files
[1.012s] Level 1:colcon.colcon_core.environment:checking '/home/husky/TR/install/common_launch_pkg/lib'
[1.012s] Level 1:colcon.colcon_core.environment:checking '/home/husky/TR/install/common_launch_pkg/bin'
[1.012s] Level 1:colcon.colcon_core.environment:checking '/home/husky/TR/install/common_launch_pkg/lib/pkgconfig/common_launch_pkg.pc'
[1.013s] Level 1:colcon.colcon_core.environment:checking '/home/husky/TR/install/common_launch_pkg/lib/python3.12/site-packages'
[1.013s] Level 1:colcon.colcon_core.shell:create_environment_hook('common_launch_pkg', 'pythonpath')
[1.013s] INFO:colcon.colcon_core.shell:Creating environment hook '/home/husky/TR/install/common_launch_pkg/share/common_launch_pkg/hook/pythonpath.ps1'
[1.013s] INFO:colcon.colcon_core.shell:Creating environment descriptor '/home/husky/TR/install/common_launch_pkg/share/common_launch_pkg/hook/pythonpath.dsv'
[1.013s] INFO:colcon.colcon_core.shell:Creating environment hook '/home/husky/TR/install/common_launch_pkg/share/common_launch_pkg/hook/pythonpath.sh'
[1.014s] Level 1:colcon.colcon_core.environment:checking '/home/husky/TR/install/common_launch_pkg/bin'
[1.014s] Level 1:colcon.colcon_core.environment:create_environment_scripts_only(common_launch_pkg)
[1.014s] INFO:colcon.colcon_core.shell:Creating package script '/home/husky/TR/install/common_launch_pkg/share/common_launch_pkg/package.ps1'
[1.015s] INFO:colcon.colcon_core.shell:Creating package descriptor '/home/husky/TR/install/common_launch_pkg/share/common_launch_pkg/package.dsv'
[1.015s] INFO:colcon.colcon_core.shell:Creating package script '/home/husky/TR/install/common_launch_pkg/share/common_launch_pkg/package.sh'
[1.015s] INFO:colcon.colcon_core.shell:Creating package script '/home/husky/TR/install/common_launch_pkg/share/common_launch_pkg/package.bash'
[1.016s] INFO:colcon.colcon_core.shell:Creating package script '/home/husky/TR/install/common_launch_pkg/share/common_launch_pkg/package.zsh'
[1.016s] Level 1:colcon.colcon_core.environment:create_file_with_runtime_dependencies(/home/husky/TR/install/common_launch_pkg/share/colcon-core/packages/common_launch_pkg)
[1.016s] DEBUG:colcon.colcon_parallel_executor.executor.parallel:closing loop
[1.016s] DEBUG:colcon.colcon_parallel_executor.executor.parallel:loop closed
[1.017s] DEBUG:colcon.colcon_parallel_executor.executor.parallel:run_until_complete finished with '0'
[1.017s] DEBUG:colcon.colcon_core.event_reactor:joining thread
[1.020s] INFO:colcon.colcon_core.plugin_system:Skipping extension 'colcon_notification.desktop_notification.terminal_notifier': Not used on non-Darwin systems
[1.020s] INFO:colcon.colcon_core.plugin_system:Skipping extension 'colcon_notification.desktop_notification.win32': Not used on non-Windows systems
[1.020s] INFO:colcon.colcon_notification.desktop_notification:Sending desktop notification using 'notify2'
[1.020s] DEBUG:colcon.colcon_notification.desktop_notification.notify2:Failed to initialize notify2: org.freedesktop.DBus.Error.AccessDenied: Failed to open socket: Operation not permitted
[1.021s] DEBUG:colcon.colcon_core.event_reactor:joined thread
[1.021s] INFO:colcon.colcon_core.shell:Creating prefix script '/home/husky/TR/install/local_setup.ps1'
[1.021s] INFO:colcon.colcon_core.shell:Creating prefix util module '/home/husky/TR/install/_local_setup_util_ps1.py'
[1.022s] INFO:colcon.colcon_core.shell:Creating prefix chain script '/home/husky/TR/install/setup.ps1'
[1.022s] INFO:colcon.colcon_core.shell:Creating prefix script '/home/husky/TR/install/local_setup.sh'
[1.022s] INFO:colcon.colcon_core.shell:Creating prefix util module '/home/husky/TR/install/_local_setup_util_sh.py'
[1.023s] INFO:colcon.colcon_core.shell:Creating prefix chain script '/home/husky/TR/install/setup.sh'
[1.023s] INFO:colcon.colcon_core.shell:Creating prefix script '/home/husky/TR/install/local_setup.bash'
[1.024s] INFO:colcon.colcon_core.shell:Creating prefix chain script '/home/husky/TR/install/setup.bash'
[1.024s] INFO:colcon.colcon_core.shell:Creating prefix script '/home/husky/TR/install/local_setup.zsh'
[1.024s] INFO:colcon.colcon_core.shell:Creating prefix chain script '/home/husky/TR/install/setup.zsh'
