/home/husky/TR/install/fyt_pos/lib/python3.12/site-packages/fyt_pos/simple_position.py
/home/husky/TR/install/fyt_pos/lib/python3.12/site-packages/fyt_pos/field_geometry.py
/home/husky/TR/install/fyt_pos/lib/python3.12/site-packages/fyt_pos/field_localizer.py
/home/husky/TR/install/fyt_pos/lib/python3.12/site-packages/fyt_pos/field_visualizer.py
/home/husky/TR/install/fyt_pos/lib/python3.12/site-packages/fyt_pos/__init__.py
/home/husky/TR/install/fyt_pos/lib/python3.12/site-packages/fyt_pos/__pycache__/simple_position.cpython-312.pyc
/home/husky/TR/install/fyt_pos/lib/python3.12/site-packages/fyt_pos/__pycache__/field_geometry.cpython-312.pyc
/home/husky/TR/install/fyt_pos/lib/python3.12/site-packages/fyt_pos/__pycache__/field_localizer.cpython-312.pyc
/home/husky/TR/install/fyt_pos/lib/python3.12/site-packages/fyt_pos/__pycache__/field_visualizer.cpython-312.pyc
/home/husky/TR/install/fyt_pos/lib/python3.12/site-packages/fyt_pos/__pycache__/__init__.cpython-312.pyc
/home/husky/TR/install/fyt_pos/share/ament_index/resource_index/packages/fyt_pos
/home/husky/TR/install/fyt_pos/share/fyt_pos/package.xml
/home/husky/TR/install/fyt_pos/share/fyt_pos/config/field.yaml
/home/husky/TR/install/fyt_pos/share/fyt_pos/launch/simple_position.launch.py
/home/husky/TR/install/fyt_pos/share/fyt_pos/launch/fyt_pos.launch.py
/home/husky/TR/install/fyt_pos/lib/python3.12/site-packages/fyt_pos-0.1.0-py3.12.egg-info/top_level.txt
/home/husky/TR/install/fyt_pos/lib/python3.12/site-packages/fyt_pos-0.1.0-py3.12.egg-info/requires.txt
/home/husky/TR/install/fyt_pos/lib/python3.12/site-packages/fyt_pos-0.1.0-py3.12.egg-info/dependency_links.txt
/home/husky/TR/install/fyt_pos/lib/python3.12/site-packages/fyt_pos-0.1.0-py3.12.egg-info/entry_points.txt
/home/husky/TR/install/fyt_pos/lib/python3.12/site-packages/fyt_pos-0.1.0-py3.12.egg-info/PKG-INFO
/home/husky/TR/install/fyt_pos/lib/python3.12/site-packages/fyt_pos-0.1.0-py3.12.egg-info/SOURCES.txt
/home/husky/TR/install/fyt_pos/lib/python3.12/site-packages/fyt_pos-0.1.0-py3.12.egg-info/zip-safe
/home/husky/TR/install/fyt_pos/lib/fyt_pos/field_localizer
/home/husky/TR/install/fyt_pos/lib/fyt_pos/field_visualizer
/home/husky/TR/install/fyt_pos/lib/fyt_pos/simple_position
