[0.512s] Invoking command in '/home/husky/TR/src/common_launch_pkg': AMENT_PREFIX_PATH=/home/husky/TR/install/fast_lio:/home/husky/TR/install/yolo_3d_detect_pkg:/home/husky/TR/install/livox_ros_driver2:/home/husky/TR/install/fyt_pos:/home/husky/TR/install/competition_gateway:${AMENT_PREFIX_PATH} CMAKE_PREFIX_PATH=/home/husky/TR/install/fast_lio:/home/husky/TR/install/livox_ros_driver2:/home/husky/TR/install/competition_gateway:${CMAKE_PREFIX_PATH} DEBUGINFOD_URLS=https://debuginfod.ubuntu.com LD_LIBRARY_PATH=/home/husky/TR/install/fast_lio/lib:/home/husky/TR/install/livox_ros_driver2/lib:${LD_LIBRARY_PATH} PYTHONPATH=/home/husky/TR/build/common_launch_pkg/prefix_override:/usr/lib/python3/dist-packages/colcon_core/task/python/colcon_distutils_commands:/home/husky/TR/install/common_launch_pkg/lib/python3.12/site-packages:/home/husky/TR/install/fast_lio/lib/python3.12/site-packages:/home/husky/TR/install/yolo_3d_detect_pkg/lib/python3.12/site-packages:/home/husky/TR/install/livox_ros_driver2/lib/python3.12/site-packages:/home/husky/TR/install/fyt_pos/lib/python3.12/site-packages:${PYTHONPATH} /usr/bin/python3 -W ignore:setup.py install is deprecated -W ignore:easy_install command is deprecated setup.py egg_info --egg-base ../../build/common_launch_pkg build --build-base /home/husky/TR/build/common_launch_pkg/build install --record /home/husky/TR/build/common_launch_pkg/install.log --install-scripts $base/lib/common_launch_pkg --single-version-externally-managed install_data
[0.670s] running egg_info
[0.683s] writing ../../build/common_launch_pkg/common_launch_pkg.egg-info/PKG-INFO
[0.683s] writing dependency_links to ../../build/common_launch_pkg/common_launch_pkg.egg-info/dependency_links.txt
[0.683s] writing requirements to ../../build/common_launch_pkg/common_launch_pkg.egg-info/requires.txt
[0.683s] writing top-level names to ../../build/common_launch_pkg/common_launch_pkg.egg-info/top_level.txt
[0.706s] reading manifest file '../../build/common_launch_pkg/common_launch_pkg.egg-info/SOURCES.txt'
[0.707s] writing manifest file '../../build/common_launch_pkg/common_launch_pkg.egg-info/SOURCES.txt'
[0.707s] running build
[0.707s] running build_py
[0.707s] running install
[0.711s] running install_lib
[0.723s] running install_data
[0.723s] copying package.xml -> /home/husky/TR/install/common_launch_pkg/share/common_launch_pkg
[0.723s] running install_egg_info
[0.736s] removing '/home/husky/TR/install/common_launch_pkg/lib/python3.12/site-packages/common_launch_pkg-0.1.0-py3.12.egg-info' (and everything under it)
[0.736s] Copying ../../build/common_launch_pkg/common_launch_pkg.egg-info to /home/husky/TR/install/common_launch_pkg/lib/python3.12/site-packages/common_launch_pkg-0.1.0-py3.12.egg-info
[0.737s] running install_scripts
[0.826s] writing list of installed files to '/home/husky/TR/build/common_launch_pkg/install.log'
[0.844s] Invoked command in '/home/husky/TR/src/common_launch_pkg' returned '0': AMENT_PREFIX_PATH=/home/husky/TR/install/fast_lio:/home/husky/TR/install/yolo_3d_detect_pkg:/home/husky/TR/install/livox_ros_driver2:/home/husky/TR/install/fyt_pos:/home/husky/TR/install/competition_gateway:${AMENT_PREFIX_PATH} CMAKE_PREFIX_PATH=/home/husky/TR/install/fast_lio:/home/husky/TR/install/livox_ros_driver2:/home/husky/TR/install/competition_gateway:${CMAKE_PREFIX_PATH} DEBUGINFOD_URLS=https://debuginfod.ubuntu.com LD_LIBRARY_PATH=/home/husky/TR/install/fast_lio/lib:/home/husky/TR/install/livox_ros_driver2/lib:${LD_LIBRARY_PATH} PYTHONPATH=/home/husky/TR/build/common_launch_pkg/prefix_override:/usr/lib/python3/dist-packages/colcon_core/task/python/colcon_distutils_commands:/home/husky/TR/install/common_launch_pkg/lib/python3.12/site-packages:/home/husky/TR/install/fast_lio/lib/python3.12/site-packages:/home/husky/TR/install/yolo_3d_detect_pkg/lib/python3.12/site-packages:/home/husky/TR/install/livox_ros_driver2/lib/python3.12/site-packages:/home/husky/TR/install/fyt_pos/lib/python3.12/site-packages:${PYTHONPATH} /usr/bin/python3 -W ignore:setup.py install is deprecated -W ignore:easy_install command is deprecated setup.py egg_info --egg-base ../../build/common_launch_pkg build --build-base /home/husky/TR/build/common_launch_pkg/build install --record /home/husky/TR/build/common_launch_pkg/install.log --install-scripts $base/lib/common_launch_pkg --single-version-externally-managed install_data
