[0.478s] Invoking command in '/home/husky/TR/src/yolo_3d_detect_pkg': DEBUGINFOD_URLS=https://debuginfod.ubuntu.com PYTHONPATH=/home/husky/TR/build/yolo_3d_detect_pkg/prefix_override:/usr/lib/python3/dist-packages/colcon_core/task/python/colcon_distutils_commands:/home/husky/TR/install/yolo_3d_detect_pkg/lib/python3.12/site-packages:${PYTHONPATH} /usr/bin/python3 -W ignore:setup.py install is deprecated -W ignore:easy_install command is deprecated setup.py egg_info --egg-base ../../build/yolo_3d_detect_pkg build --build-base /home/husky/TR/build/yolo_3d_detect_pkg/build install --record /home/husky/TR/build/yolo_3d_detect_pkg/install.log --install-scripts $base/lib/yolo_3d_detect_pkg --single-version-externally-managed install_data
[0.633s] running egg_info
[0.633s] creating ../../build/yolo_3d_detect_pkg/yolo_3d_detect_pkg.egg-info
[0.645s] writing ../../build/yolo_3d_detect_pkg/yolo_3d_detect_pkg.egg-info/PKG-INFO
[0.645s] writing dependency_links to ../../build/yolo_3d_detect_pkg/yolo_3d_detect_pkg.egg-info/dependency_links.txt
[0.645s] writing entry points to ../../build/yolo_3d_detect_pkg/yolo_3d_detect_pkg.egg-info/entry_points.txt
[0.646s] writing requirements to ../../build/yolo_3d_detect_pkg/yolo_3d_detect_pkg.egg-info/requires.txt
[0.646s] writing top-level names to ../../build/yolo_3d_detect_pkg/yolo_3d_detect_pkg.egg-info/top_level.txt
[0.646s] writing manifest file '../../build/yolo_3d_detect_pkg/yolo_3d_detect_pkg.egg-info/SOURCES.txt'
[0.667s] reading manifest file '../../build/yolo_3d_detect_pkg/yolo_3d_detect_pkg.egg-info/SOURCES.txt'
[0.668s] writing manifest file '../../build/yolo_3d_detect_pkg/yolo_3d_detect_pkg.egg-info/SOURCES.txt'
[0.668s] running build
[0.668s] running build_py
[0.668s] creating /home/husky/TR/build/yolo_3d_detect_pkg/build
[0.668s] creating /home/husky/TR/build/yolo_3d_detect_pkg/build/lib
[0.668s] creating /home/husky/TR/build/yolo_3d_detect_pkg/build/lib/yolo_3d_detect_pkg
[0.668s] copying yolo_3d_detect_pkg/vision_detector.py -> /home/husky/TR/build/yolo_3d_detect_pkg/build/lib/yolo_3d_detect_pkg
[0.668s] copying yolo_3d_detect_pkg/block_geometry.py -> /home/husky/TR/build/yolo_3d_detect_pkg/build/lib/yolo_3d_detect_pkg
[0.668s] copying yolo_3d_detect_pkg/__init__.py -> /home/husky/TR/build/yolo_3d_detect_pkg/build/lib/yolo_3d_detect_pkg
[0.668s] copying yolo_3d_detect_pkg/block_detector.py -> /home/husky/TR/build/yolo_3d_detect_pkg/build/lib/yolo_3d_detect_pkg
[0.668s] running install
[0.672s] running install_lib
[0.683s] creating /home/husky/TR/install/yolo_3d_detect_pkg/lib/python3.12/site-packages/yolo_3d_detect_pkg
[0.683s] copying /home/husky/TR/build/yolo_3d_detect_pkg/build/lib/yolo_3d_detect_pkg/vision_detector.py -> /home/husky/TR/install/yolo_3d_detect_pkg/lib/python3.12/site-packages/yolo_3d_detect_pkg
[0.683s] copying /home/husky/TR/build/yolo_3d_detect_pkg/build/lib/yolo_3d_detect_pkg/block_geometry.py -> /home/husky/TR/install/yolo_3d_detect_pkg/lib/python3.12/site-packages/yolo_3d_detect_pkg
[0.683s] copying /home/husky/TR/build/yolo_3d_detect_pkg/build/lib/yolo_3d_detect_pkg/__init__.py -> /home/husky/TR/install/yolo_3d_detect_pkg/lib/python3.12/site-packages/yolo_3d_detect_pkg
[0.683s] copying /home/husky/TR/build/yolo_3d_detect_pkg/build/lib/yolo_3d_detect_pkg/block_detector.py -> /home/husky/TR/install/yolo_3d_detect_pkg/lib/python3.12/site-packages/yolo_3d_detect_pkg
[0.684s] byte-compiling /home/husky/TR/install/yolo_3d_detect_pkg/lib/python3.12/site-packages/yolo_3d_detect_pkg/vision_detector.py to vision_detector.cpython-312.pyc
[0.685s] byte-compiling /home/husky/TR/install/yolo_3d_detect_pkg/lib/python3.12/site-packages/yolo_3d_detect_pkg/block_geometry.py to block_geometry.cpython-312.pyc
[0.685s] byte-compiling /home/husky/TR/install/yolo_3d_detect_pkg/lib/python3.12/site-packages/yolo_3d_detect_pkg/__init__.py to __init__.cpython-312.pyc
[0.686s] byte-compiling /home/husky/TR/install/yolo_3d_detect_pkg/lib/python3.12/site-packages/yolo_3d_detect_pkg/block_detector.py to block_detector.cpython-312.pyc
[0.687s] running install_data
[0.687s] creating /home/husky/TR/install/yolo_3d_detect_pkg/share/ament_index
[0.687s] creating /home/husky/TR/install/yolo_3d_detect_pkg/share/ament_index/resource_index
[0.687s] creating /home/husky/TR/install/yolo_3d_detect_pkg/share/ament_index/resource_index/packages
[0.687s] copying resource/yolo_3d_detect_pkg -> /home/husky/TR/install/yolo_3d_detect_pkg/share/ament_index/resource_index/packages
[0.687s] copying package.xml -> /home/husky/TR/install/yolo_3d_detect_pkg/share/yolo_3d_detect_pkg
[0.687s] creating /home/husky/TR/install/yolo_3d_detect_pkg/share/yolo_3d_detect_pkg/config
[0.687s] copying config/vision.yaml -> /home/husky/TR/install/yolo_3d_detect_pkg/share/yolo_3d_detect_pkg/config
[0.687s] creating /home/husky/TR/install/yolo_3d_detect_pkg/share/yolo_3d_detect_pkg/model
[0.687s] copying model/README.md -> /home/husky/TR/install/yolo_3d_detect_pkg/share/yolo_3d_detect_pkg/model
[0.687s] running install_egg_info
[0.698s] Copying ../../build/yolo_3d_detect_pkg/yolo_3d_detect_pkg.egg-info to /home/husky/TR/install/yolo_3d_detect_pkg/lib/python3.12/site-packages/yolo_3d_detect_pkg-0.1.0-py3.12.egg-info
[0.699s] running install_scripts
[0.782s] Installing block_detector script to /home/husky/TR/install/yolo_3d_detect_pkg/lib/yolo_3d_detect_pkg
[0.782s] Installing vision_detector script to /home/husky/TR/install/yolo_3d_detect_pkg/lib/yolo_3d_detect_pkg
[0.783s] writing list of installed files to '/home/husky/TR/build/yolo_3d_detect_pkg/install.log'
[0.802s] Invoked command in '/home/husky/TR/src/yolo_3d_detect_pkg' returned '0': DEBUGINFOD_URLS=https://debuginfod.ubuntu.com PYTHONPATH=/home/husky/TR/build/yolo_3d_detect_pkg/prefix_override:/usr/lib/python3/dist-packages/colcon_core/task/python/colcon_distutils_commands:/home/husky/TR/install/yolo_3d_detect_pkg/lib/python3.12/site-packages:${PYTHONPATH} /usr/bin/python3 -W ignore:setup.py install is deprecated -W ignore:easy_install command is deprecated setup.py egg_info --egg-base ../../build/yolo_3d_detect_pkg build --build-base /home/husky/TR/build/yolo_3d_detect_pkg/build install --record /home/husky/TR/build/yolo_3d_detect_pkg/install.log --install-scripts $base/lib/yolo_3d_detect_pkg --single-version-externally-managed install_data
