-- Found ament_cmake: 2.5.6 (/opt/ros/jazzy/share/ament_cmake/cmake)
-- Found rclcpp: 28.1.21 (/opt/ros/jazzy/share/rclcpp/cmake)
-- Found rosidl_generator_c: 4.6.9 (/opt/ros/jazzy/share/rosidl_generator_c/cmake)
-- Found rosidl_generator_cpp: 4.6.9 (/opt/ros/jazzy/share/rosidl_generator_cpp/cmake)
-- Using all available rosidl_typesupport_c: rosidl_typesupport_fastrtps_c;rosidl_typesupport_introspection_c
-- Using all available rosidl_typesupport_cpp: rosidl_typesupport_fastrtps_cpp;rosidl_typesupport_introspection_cpp
-- Found rmw_implementation_cmake: 7.3.3 (/opt/ros/jazzy/share/rmw_implementation_cmake/cmake)
-- Found rmw_fastrtps_cpp: 8.4.4 (/opt/ros/jazzy/share/rmw_fastrtps_cpp/cmake)
-- Using RMW implementation 'rmw_fastrtps_cpp' as default
-- Found rclcpp_components: 28.1.21 (/opt/ros/jazzy/share/rclcpp_components/cmake)
-- Found geometry_msgs: 5.3.8 (/opt/ros/jazzy/share/geometry_msgs/cmake)
-- Found nav_msgs: 5.3.8 (/opt/ros/jazzy/share/nav_msgs/cmake)
-- Found sensor_msgs: 5.3.8 (/opt/ros/jazzy/share/sensor_msgs/cmake)
-- Found std_srvs: 5.3.8 (/opt/ros/jazzy/share/std_srvs/cmake)
-- Found visualization_msgs: 5.3.8 (/opt/ros/jazzy/share/visualization_msgs/cmake)
-- Found pcl_ros: 2.6.4 (/opt/ros/jazzy/share/pcl_ros/cmake)
-- Found flann version 1.9.2
-- OpenNI found (version: 1.5.4.0, include: /usr/include/ni, lib: /usr/lib/libOpenNI.so;libusb::libusb)
-- OpenNI2 found (version: 2.2.0.33, include: /usr/include/openni2, lib: /usr/lib/x86_64-linux-gnu/libOpenNI2.so;libusb::libusb)
-- OpenNI found (version: 1.5.4.0, include: /usr/include/ni, lib: /usr/lib/libOpenNI.so;libusb::libusb)
-- OpenNI2 found (version: 2.2.0.33, include: /usr/include/openni2, lib: /usr/lib/x86_64-linux-gnu/libOpenNI2.so;libusb::libusb)
-- Found Qhull version 8.0.2
-- OpenNI found (version: 1.5.4.0, include: /usr/include/ni, lib: /usr/lib/libOpenNI.so;libusb::libusb)
-- Found eigen3_cmake_module: 0.3.1 (/opt/ros/jazzy/share/eigen3_cmake_module/cmake)
-- Ensuring Eigen3 include directory is part of orocos-kdl CMake target
-- Found livox_ros_driver2: 1.0.0 (/home/husky/TR/install/livox_ros_driver2/share/livox_ros_driver2/cmake)
-- Found rosidl_default_generators: 1.6.1 (/opt/ros/jazzy/share/rosidl_default_generators/cmake)
-- Found rosidl_adapter: 4.6.9 (/opt/ros/jazzy/share/rosidl_adapter/cmake)
-- PCL: /usr/include/pcl-1.14
-- Found ament_cmake_ros: 0.12.1 (/opt/ros/jazzy/share/ament_cmake_ros/cmake)
-- Using all available rosidl_typesupport_c: rosidl_typesupport_fastrtps_c;rosidl_typesupport_introspection_c
-- Using all available rosidl_typesupport_cpp: rosidl_typesupport_fastrtps_cpp;rosidl_typesupport_introspection_cpp
-- Found python_cmake_module: 0.11.1 (/opt/ros/jazzy/share/python_cmake_module/cmake)
-- Found Python3: /usr/bin/python3 (found version "3.12.3") found components: Interpreter Development NumPy Development.Module Development.Embed 
-- Found Python3: /usr/bin/python3 (found version "3.12.3") found components: Interpreter 
-- Configuring done (2.7s)
-- Generating done (0.1s)
-- Build files have been written to: /home/husky/TR/build/fast_lio
[  5%] [34m[1mGenerating Rust code for ROS interfaces[0m
[  5%] [34m[1mGenerating type hashes for ROS interfaces[0m
[  5%] Built target ament_cmake_python_copy_fast_lio
[  5%] Built target fast_lio__rosidl_generator_type_description
running egg_info
creating fast_lio.egg-info
[  7%] [34m[1mGenerating C code for ROS interfaces[0m
writing fast_lio.egg-info/PKG-INFO
writing dependency_links to fast_lio.egg-info/dependency_links.txt
writing top-level names to fast_lio.egg-info/top_level.txt
writing manifest file 'fast_lio.egg-info/SOURCES.txt'
[  7%] Built target fast_lio__rs
[ 10%] [34m[1mGenerating C++ code for ROS interfaces[0m
reading manifest file 'fast_lio.egg-info/SOURCES.txt'
writing manifest file 'fast_lio.egg-info/SOURCES.txt'
[ 10%] Built target ament_cmake_python_build_fast_lio_egg
[ 10%] Built target fast_lio__cpp
[ 12%] [32mBuilding C object CMakeFiles/fast_lio__rosidl_generator_c.dir/rosidl_generator_c/fast_lio/msg/detail/pose6_d__description.c.o[0m
[ 15%] [32mBuilding C object CMakeFiles/fast_lio__rosidl_generator_c.dir/rosidl_generator_c/fast_lio/msg/detail/pose6_d__functions.c.o[0m
[ 17%] [32mBuilding C object CMakeFiles/fast_lio__rosidl_generator_c.dir/rosidl_generator_c/fast_lio/msg/detail/pose6_d__type_support.c.o[0m
[ 20%] [32m[1mLinking C shared library libfast_lio__rosidl_generator_c.so[0m
[ 20%] Built target fast_lio__rosidl_generator_c
[ 23%] [34m[1mGenerating C type support for eProsima Fast-RTPS[0m
[ 25%] [34m[1mGenerating C type support dispatch for ROS interfaces[0m
[ 28%] [34m[1mGenerating C++ introspection for ROS interfaces[0m
[ 35%] [34m[1mGenerating C++ type support dispatch for ROS interfaces[0m
[ 35%] [34m[1mGenerating C introspection for ROS interfaces[0m
[ 35%] [34m[1mGenerating C++ type support for eProsima Fast-RTPS[0m
[ 38%] [32mBuilding CXX object CMakeFiles/fast_lio__rosidl_typesupport_c.dir/rosidl_typesupport_c/fast_lio/msg/pose6_d__type_support.cpp.o[0m
[ 41%] [32mBuilding CXX object CMakeFiles/fast_lio__rosidl_typesupport_cpp.dir/rosidl_typesupport_cpp/fast_lio/msg/pose6_d__type_support.cpp.o[0m
[ 43%] [32mBuilding CXX object CMakeFiles/fast_lio__rosidl_typesupport_introspection_cpp.dir/rosidl_typesupport_introspection_cpp/fast_lio/msg/detail/pose6_d__type_support.cpp.o[0m
[ 46%] [32mBuilding C object CMakeFiles/fast_lio__rosidl_typesupport_introspection_c.dir/rosidl_typesupport_introspection_c/fast_lio/msg/detail/pose6_d__type_support.c.o[0m
[ 48%] [32mBuilding CXX object CMakeFiles/fast_lio__rosidl_typesupport_fastrtps_c.dir/rosidl_typesupport_fastrtps_c/fast_lio/msg/detail/pose6_d__type_support_c.cpp.o[0m
[ 51%] [32mBuilding CXX object CMakeFiles/fast_lio__rosidl_typesupport_fastrtps_cpp.dir/rosidl_typesupport_fastrtps_cpp/fast_lio/msg/detail/dds_fastrtps/pose6_d__type_support.cpp.o[0m
[ 53%] [32m[1mLinking CXX shared library libfast_lio__rosidl_typesupport_c.so[0m
[ 56%] [32m[1mLinking C shared library libfast_lio__rosidl_typesupport_introspection_c.so[0m
[ 56%] Built target fast_lio__rosidl_typesupport_c
[ 56%] Built target fast_lio__rosidl_typesupport_introspection_c
[ 58%] [32m[1mLinking CXX shared library libfast_lio__rosidl_typesupport_cpp.so[0m
[ 58%] Built target fast_lio__rosidl_typesupport_cpp
[ 61%] [32m[1mLinking CXX shared library libfast_lio__rosidl_typesupport_introspection_cpp.so[0m
[ 66%] [32mBuilding CXX object CMakeFiles/fastlio_mapping.dir/src/laserMapping.cpp.o[0m
[ 66%] [32mBuilding CXX object CMakeFiles/fastlio_mapping.dir/include/ikd-Tree/ikd_Tree.cpp.o[0m
[ 69%] [32mBuilding CXX object CMakeFiles/fastlio_mapping.dir/src/preprocess.cpp.o[0m
[ 69%] Built target fast_lio__rosidl_typesupport_introspection_cpp
[ 71%] [32m[1mLinking CXX shared library libfast_lio__rosidl_typesupport_fastrtps_c.so[0m
[ 74%] [32m[1mLinking CXX shared library libfast_lio__rosidl_typesupport_fastrtps_cpp.so[0m
[ 74%] Built target fast_lio__rosidl_typesupport_fastrtps_c
[ 74%] Built target fast_lio__rosidl_typesupport_fastrtps_cpp
[ 74%] Built target fast_lio
[ 76%] [34m[1mGenerating Python code for ROS interfaces[0m
[ 76%] Built target fast_lio__py
[ 79%] [32mBuilding C object CMakeFiles/fast_lio__rosidl_generator_py.dir/rosidl_generator_py/fast_lio/msg/_pose6_d_s.c.o[0m
[ 82%] [32m[1mLinking C shared library libfast_lio__rosidl_generator_py.so[0m
[ 82%] Built target fast_lio__rosidl_generator_py
[ 87%] [32mBuilding C object CMakeFiles/fast_lio_s__rosidl_typesupport_c.dir/rosidl_generator_py/fast_lio/_fast_lio_s.ep.rosidl_typesupport_c.c.o[0m
[ 87%] [32mBuilding C object CMakeFiles/fast_lio_s__rosidl_typesupport_fastrtps_c.dir/rosidl_generator_py/fast_lio/_fast_lio_s.ep.rosidl_typesupport_fastrtps_c.c.o[0m
[ 89%] [32mBuilding C object CMakeFiles/fast_lio_s__rosidl_typesupport_introspection_c.dir/rosidl_generator_py/fast_lio/_fast_lio_s.ep.rosidl_typesupport_introspection_c.c.o[0m
[ 92%] [32m[1mLinking C shared module rosidl_generator_py/fast_lio/fast_lio_s__rosidl_typesupport_c.so[0m
[ 94%] [32m[1mLinking C shared module rosidl_generator_py/fast_lio/fast_lio_s__rosidl_typesupport_introspection_c.so[0m
[ 97%] [32m[1mLinking C shared module rosidl_generator_py/fast_lio/fast_lio_s__rosidl_typesupport_fastrtps_c.so[0m
[ 97%] Built target fast_lio_s__rosidl_typesupport_c
[ 97%] Built target fast_lio_s__rosidl_typesupport_introspection_c
[ 97%] Built target fast_lio_s__rosidl_typesupport_fastrtps_c
[100%] [32m[1mLinking CXX executable fastlio_mapping[0m
[100%] Built target fastlio_mapping
-- Install configuration: "Release"
-- Installing: /home/husky/TR/install/fast_lio/share/ament_index/resource_index/rosidl_interfaces/fast_lio
-- Installing: /home/husky/TR/install/fast_lio/share/fast_lio/msg/Pose6D.json
-- Installing: /home/husky/TR/install/fast_lio/include/fast_lio/fast_lio
-- Installing: /home/husky/TR/install/fast_lio/include/fast_lio/fast_lio/msg
-- Installing: /home/husky/TR/install/fast_lio/include/fast_lio/fast_lio/msg/rosidl_generator_c__visibility_control.h
-- Installing: /home/husky/TR/install/fast_lio/include/fast_lio/fast_lio/msg/detail
-- Installing: /home/husky/TR/install/fast_lio/include/fast_lio/fast_lio/msg/detail/pose6_d__description.c
-- Installing: /home/husky/TR/install/fast_lio/include/fast_lio/fast_lio/msg/detail/pose6_d__type_support.c
-- Installing: /home/husky/TR/install/fast_lio/include/fast_lio/fast_lio/msg/detail/pose6_d__type_support.h
-- Installing: /home/husky/TR/install/fast_lio/include/fast_lio/fast_lio/msg/detail/pose6_d__functions.c
-- Installing: /home/husky/TR/install/fast_lio/include/fast_lio/fast_lio/msg/detail/pose6_d__struct.h
-- Installing: /home/husky/TR/install/fast_lio/include/fast_lio/fast_lio/msg/detail/pose6_d__functions.h
-- Installing: /home/husky/TR/install/fast_lio/include/fast_lio/fast_lio/msg/pose6_d.h
-- Installing: /home/husky/TR/install/fast_lio/share/fast_lio/environment/library_path.sh
-- Installing: /home/husky/TR/install/fast_lio/share/fast_lio/environment/library_path.dsv
-- Installing: /home/husky/TR/install/fast_lio/lib/libfast_lio__rosidl_generator_c.so
-- Set non-toolchain portion of runtime path of "/home/husky/TR/install/fast_lio/lib/libfast_lio__rosidl_generator_c.so" to ""
-- Up-to-date: /home/husky/TR/install/fast_lio/include/fast_lio/fast_lio
-- Up-to-date: /home/husky/TR/install/fast_lio/include/fast_lio/fast_lio/msg
-- Installing: /home/husky/TR/install/fast_lio/include/fast_lio/fast_lio/msg/rosidl_typesupport_fastrtps_c__visibility_control.h
-- Up-to-date: /home/husky/TR/install/fast_lio/include/fast_lio/fast_lio/msg/detail
-- Installing: /home/husky/TR/install/fast_lio/include/fast_lio/fast_lio/msg/detail/pose6_d__rosidl_typesupport_fastrtps_c.h
-- Installing: /home/husky/TR/install/fast_lio/lib/libfast_lio__rosidl_typesupport_fastrtps_c.so
-- Set non-toolchain portion of runtime path of "/home/husky/TR/install/fast_lio/lib/libfast_lio__rosidl_typesupport_fastrtps_c.so" to ""
-- Up-to-date: /home/husky/TR/install/fast_lio/include/fast_lio/fast_lio
-- Up-to-date: /home/husky/TR/install/fast_lio/include/fast_lio/fast_lio/msg
-- Installing: /home/husky/TR/install/fast_lio/include/fast_lio/fast_lio/msg/rosidl_generator_cpp__visibility_control.hpp
-- Installing: /home/husky/TR/install/fast_lio/include/fast_lio/fast_lio/msg/pose6_d.hpp
-- Up-to-date: /home/husky/TR/install/fast_lio/include/fast_lio/fast_lio/msg/detail
-- Installing: /home/husky/TR/install/fast_lio/include/fast_lio/fast_lio/msg/detail/pose6_d__struct.hpp
-- Installing: /home/husky/TR/install/fast_lio/include/fast_lio/fast_lio/msg/detail/pose6_d__builder.hpp
-- Installing: /home/husky/TR/install/fast_lio/include/fast_lio/fast_lio/msg/detail/pose6_d__traits.hpp
-- Installing: /home/husky/TR/install/fast_lio/include/fast_lio/fast_lio/msg/detail/pose6_d__type_support.hpp
-- Up-to-date: /home/husky/TR/install/fast_lio/include/fast_lio/fast_lio
-- Up-to-date: /home/husky/TR/install/fast_lio/include/fast_lio/fast_lio/msg
-- Installing: /home/husky/TR/install/fast_lio/include/fast_lio/fast_lio/msg/rosidl_typesupport_fastrtps_cpp__visibility_control.h
-- Up-to-date: /home/husky/TR/install/fast_lio/include/fast_lio/fast_lio/msg/detail
-- Installing: /home/husky/TR/install/fast_lio/include/fast_lio/fast_lio/msg/detail/pose6_d__rosidl_typesupport_fastrtps_cpp.hpp
-- Installing: /home/husky/TR/install/fast_lio/include/fast_lio/fast_lio/msg/detail/dds_fastrtps
-- Installing: /home/husky/TR/install/fast_lio/lib/libfast_lio__rosidl_typesupport_fastrtps_cpp.so
-- Set non-toolchain portion of runtime path of "/home/husky/TR/install/fast_lio/lib/libfast_lio__rosidl_typesupport_fastrtps_cpp.so" to ""
-- Up-to-date: /home/husky/TR/install/fast_lio/include/fast_lio/fast_lio
-- Up-to-date: /home/husky/TR/install/fast_lio/include/fast_lio/fast_lio/msg
-- Installing: /home/husky/TR/install/fast_lio/include/fast_lio/fast_lio/msg/rosidl_typesupport_introspection_c__visibility_control.h
-- Up-to-date: /home/husky/TR/install/fast_lio/include/fast_lio/fast_lio/msg/detail
-- Up-to-date: /home/husky/TR/install/fast_lio/include/fast_lio/fast_lio/msg/detail/pose6_d__type_support.c
-- Installing: /home/husky/TR/install/fast_lio/include/fast_lio/fast_lio/msg/detail/pose6_d__rosidl_typesupport_introspection_c.h
-- Installing: /home/husky/TR/install/fast_lio/lib/libfast_lio__rosidl_typesupport_introspection_c.so
-- Set non-toolchain portion of runtime path of "/home/husky/TR/install/fast_lio/lib/libfast_lio__rosidl_typesupport_introspection_c.so" to ""
-- Installing: /home/husky/TR/install/fast_lio/lib/libfast_lio__rosidl_typesupport_c.so
-- Set non-toolchain portion of runtime path of "/home/husky/TR/install/fast_lio/lib/libfast_lio__rosidl_typesupport_c.so" to ""
-- Up-to-date: /home/husky/TR/install/fast_lio/include/fast_lio/fast_lio
-- Up-to-date: /home/husky/TR/install/fast_lio/include/fast_lio/fast_lio/msg
-- Up-to-date: /home/husky/TR/install/fast_lio/include/fast_lio/fast_lio/msg/detail
-- Installing: /home/husky/TR/install/fast_lio/include/fast_lio/fast_lio/msg/detail/pose6_d__type_support.cpp
-- Installing: /home/husky/TR/install/fast_lio/include/fast_lio/fast_lio/msg/detail/pose6_d__rosidl_typesupport_introspection_cpp.hpp
-- Installing: /home/husky/TR/install/fast_lio/lib/libfast_lio__rosidl_typesupport_introspection_cpp.so
-- Set non-toolchain portion of runtime path of "/home/husky/TR/install/fast_lio/lib/libfast_lio__rosidl_typesupport_introspection_cpp.so" to ""
-- Installing: /home/husky/TR/install/fast_lio/lib/libfast_lio__rosidl_typesupport_cpp.so
-- Set non-toolchain portion of runtime path of "/home/husky/TR/install/fast_lio/lib/libfast_lio__rosidl_typesupport_cpp.so" to ""
-- Installing: /home/husky/TR/install/fast_lio/share/fast_lio/environment/pythonpath.sh
-- Installing: /home/husky/TR/install/fast_lio/share/fast_lio/environment/pythonpath.dsv
-- Installing: /home/husky/TR/install/fast_lio/lib/python3.12/site-packages/fast_lio-0.0.0-py3.12.egg-info
-- Installing: /home/husky/TR/install/fast_lio/lib/python3.12/site-packages/fast_lio-0.0.0-py3.12.egg-info/top_level.txt
-- Installing: /home/husky/TR/install/fast_lio/lib/python3.12/site-packages/fast_lio-0.0.0-py3.12.egg-info/dependency_links.txt
-- Installing: /home/husky/TR/install/fast_lio/lib/python3.12/site-packages/fast_lio-0.0.0-py3.12.egg-info/PKG-INFO
-- Installing: /home/husky/TR/install/fast_lio/lib/python3.12/site-packages/fast_lio-0.0.0-py3.12.egg-info/SOURCES.txt
-- Installing: /home/husky/TR/install/fast_lio/lib/python3.12/site-packages/fast_lio
-- Installing: /home/husky/TR/install/fast_lio/lib/python3.12/site-packages/fast_lio/fast_lio_s__rosidl_typesupport_c.so
-- Installing: /home/husky/TR/install/fast_lio/lib/python3.12/site-packages/fast_lio/_fast_lio_s.ep.rosidl_typesupport_fastrtps_c.c
-- Installing: /home/husky/TR/install/fast_lio/lib/python3.12/site-packages/fast_lio/_fast_lio_s.ep.rosidl_typesupport_introspection_c.c
-- Installing: /home/husky/TR/install/fast_lio/lib/python3.12/site-packages/fast_lio/fast_lio_s__rosidl_typesupport_introspection_c.so
-- Installing: /home/husky/TR/install/fast_lio/lib/python3.12/site-packages/fast_lio/msg
-- Installing: /home/husky/TR/install/fast_lio/lib/python3.12/site-packages/fast_lio/msg/__init__.py
-- Installing: /home/husky/TR/install/fast_lio/lib/python3.12/site-packages/fast_lio/msg/_pose6_d_s.c
-- Installing: /home/husky/TR/install/fast_lio/lib/python3.12/site-packages/fast_lio/msg/_pose6_d.py
-- Installing: /home/husky/TR/install/fast_lio/lib/python3.12/site-packages/fast_lio/__init__.py
-- Installing: /home/husky/TR/install/fast_lio/lib/python3.12/site-packages/fast_lio/fast_lio_s__rosidl_typesupport_fastrtps_c.so
-- Installing: /home/husky/TR/install/fast_lio/lib/python3.12/site-packages/fast_lio/_fast_lio_s.ep.rosidl_typesupport_c.c
Listing '/home/husky/TR/install/fast_lio/lib/python3.12/site-packages/fast_lio'...
Compiling '/home/husky/TR/install/fast_lio/lib/python3.12/site-packages/fast_lio/__init__.py'...
Listing '/home/husky/TR/install/fast_lio/lib/python3.12/site-packages/fast_lio/msg'...
Compiling '/home/husky/TR/install/fast_lio/lib/python3.12/site-packages/fast_lio/msg/__init__.py'...
Compiling '/home/husky/TR/install/fast_lio/lib/python3.12/site-packages/fast_lio/msg/_pose6_d.py'...
-- Installing: /home/husky/TR/install/fast_lio/lib/python3.12/site-packages/fast_lio/fast_lio_s__rosidl_typesupport_fastrtps_c.so
-- Set non-toolchain portion of runtime path of "/home/husky/TR/install/fast_lio/lib/python3.12/site-packages/fast_lio/fast_lio_s__rosidl_typesupport_fastrtps_c.so" to ""
-- Installing: /home/husky/TR/install/fast_lio/lib/python3.12/site-packages/fast_lio/fast_lio_s__rosidl_typesupport_introspection_c.so
-- Set non-toolchain portion of runtime path of "/home/husky/TR/install/fast_lio/lib/python3.12/site-packages/fast_lio/fast_lio_s__rosidl_typesupport_introspection_c.so" to ""
-- Installing: /home/husky/TR/install/fast_lio/lib/python3.12/site-packages/fast_lio/fast_lio_s__rosidl_typesupport_c.so
-- Set non-toolchain portion of runtime path of "/home/husky/TR/install/fast_lio/lib/python3.12/site-packages/fast_lio/fast_lio_s__rosidl_typesupport_c.so" to ""
-- Installing: /home/husky/TR/install/fast_lio/lib/libfast_lio__rosidl_generator_py.so
-- Set non-toolchain portion of runtime path of "/home/husky/TR/install/fast_lio/lib/libfast_lio__rosidl_generator_py.so" to ""
-- Installing: /home/husky/TR/install/fast_lio/share/ament_index/resource_index/rust_packages/fast_lio
-- Installing: /home/husky/TR/install/fast_lio/share/fast_lio/rust
-- Installing: /home/husky/TR/install/fast_lio/share/fast_lio/rust/build.rs
-- Installing: /home/husky/TR/install/fast_lio/share/fast_lio/rust/src
-- Installing: /home/husky/TR/install/fast_lio/share/fast_lio/rust/src/lib.rs
-- Installing: /home/husky/TR/install/fast_lio/share/fast_lio/rust/src/msg.rs
-- Installing: /home/husky/TR/install/fast_lio/share/fast_lio/rust/src/msg
-- Installing: /home/husky/TR/install/fast_lio/share/fast_lio/rust/src/msg/rmw.rs
-- Installing: /home/husky/TR/install/fast_lio/share/fast_lio/rust/Cargo.toml
-- Installing: /home/husky/TR/install/fast_lio/share/fast_lio/msg/Pose6D.idl
-- Installing: /home/husky/TR/install/fast_lio/share/fast_lio/msg/Pose6D.msg
-- Installing: /home/husky/TR/install/fast_lio/lib/fast_lio/fastlio_mapping
-- Set non-toolchain portion of runtime path of "/home/husky/TR/install/fast_lio/lib/fast_lio/fastlio_mapping" to ""
-- Installing: /home/husky/TR/install/fast_lio/share/fast_lio/config
-- Installing: /home/husky/TR/install/fast_lio/share/fast_lio/config/velodyne.yaml
-- Installing: /home/husky/TR/install/fast_lio/share/fast_lio/config/mid360.yaml
-- Installing: /home/husky/TR/install/fast_lio/share/fast_lio/config/ouster64.yaml
-- Installing: /home/husky/TR/install/fast_lio/share/fast_lio/config/avia.yaml
-- Installing: /home/husky/TR/install/fast_lio/share/fast_lio/config/horizon.yaml
-- Installing: /home/husky/TR/install/fast_lio/share/fast_lio/launch
-- Installing: /home/husky/TR/install/fast_lio/share/fast_lio/launch/mapping.launch.py
-- Installing: /home/husky/TR/install/fast_lio/share/fast_lio/launch/gdb_debug_example.launch
-- Installing: /home/husky/TR/install/fast_lio/share/fast_lio/launch/__pycache__
-- Installing: /home/husky/TR/install/fast_lio/share/fast_lio/launch/__pycache__/mapping.launch.cpython-312.pyc
-- Installing: /home/husky/TR/install/fast_lio/share/fast_lio/rviz
-- Installing: /home/husky/TR/install/fast_lio/share/fast_lio/rviz/fastlio.rviz
-- Installing: /home/husky/TR/install/fast_lio/share/ament_index/resource_index/package_run_dependencies/fast_lio
-- Installing: /home/husky/TR/install/fast_lio/share/ament_index/resource_index/parent_prefix_path/fast_lio
-- Installing: /home/husky/TR/install/fast_lio/share/fast_lio/environment/ament_prefix_path.sh
-- Installing: /home/husky/TR/install/fast_lio/share/fast_lio/environment/ament_prefix_path.dsv
-- Installing: /home/husky/TR/install/fast_lio/share/fast_lio/environment/path.sh
-- Installing: /home/husky/TR/install/fast_lio/share/fast_lio/environment/path.dsv
-- Installing: /home/husky/TR/install/fast_lio/share/fast_lio/local_setup.bash
-- Installing: /home/husky/TR/install/fast_lio/share/fast_lio/local_setup.sh
-- Installing: /home/husky/TR/install/fast_lio/share/fast_lio/local_setup.zsh
-- Installing: /home/husky/TR/install/fast_lio/share/fast_lio/local_setup.dsv
-- Installing: /home/husky/TR/install/fast_lio/share/fast_lio/package.dsv
-- Installing: /home/husky/TR/install/fast_lio/share/ament_index/resource_index/packages/fast_lio
-- Installing: /home/husky/TR/install/fast_lio/share/fast_lio/cmake/export_fast_lio__rosidl_generator_cExport.cmake
-- Installing: /home/husky/TR/install/fast_lio/share/fast_lio/cmake/export_fast_lio__rosidl_generator_cExport-release.cmake
-- Installing: /home/husky/TR/install/fast_lio/share/fast_lio/cmake/export_fast_lio__rosidl_typesupport_fastrtps_cExport.cmake
-- Installing: /home/husky/TR/install/fast_lio/share/fast_lio/cmake/export_fast_lio__rosidl_typesupport_fastrtps_cExport-release.cmake
-- Installing: /home/husky/TR/install/fast_lio/share/fast_lio/cmake/export_fast_lio__rosidl_generator_cppExport.cmake
-- Installing: /home/husky/TR/install/fast_lio/share/fast_lio/cmake/export_fast_lio__rosidl_typesupport_fastrtps_cppExport.cmake
-- Installing: /home/husky/TR/install/fast_lio/share/fast_lio/cmake/export_fast_lio__rosidl_typesupport_fastrtps_cppExport-release.cmake
-- Installing: /home/husky/TR/install/fast_lio/share/fast_lio/cmake/fast_lio__rosidl_typesupport_introspection_cExport.cmake
-- Installing: /home/husky/TR/install/fast_lio/share/fast_lio/cmake/fast_lio__rosidl_typesupport_introspection_cExport-release.cmake
-- Installing: /home/husky/TR/install/fast_lio/share/fast_lio/cmake/fast_lio__rosidl_typesupport_cExport.cmake
-- Installing: /home/husky/TR/install/fast_lio/share/fast_lio/cmake/fast_lio__rosidl_typesupport_cExport-release.cmake
-- Installing: /home/husky/TR/install/fast_lio/share/fast_lio/cmake/fast_lio__rosidl_typesupport_introspection_cppExport.cmake
-- Installing: /home/husky/TR/install/fast_lio/share/fast_lio/cmake/fast_lio__rosidl_typesupport_introspection_cppExport-release.cmake
-- Installing: /home/husky/TR/install/fast_lio/share/fast_lio/cmake/fast_lio__rosidl_typesupport_cppExport.cmake
-- Installing: /home/husky/TR/install/fast_lio/share/fast_lio/cmake/fast_lio__rosidl_typesupport_cppExport-release.cmake
-- Installing: /home/husky/TR/install/fast_lio/share/fast_lio/cmake/export_fast_lio__rosidl_generator_pyExport.cmake
-- Installing: /home/husky/TR/install/fast_lio/share/fast_lio/cmake/export_fast_lio__rosidl_generator_pyExport-release.cmake
-- Installing: /home/husky/TR/install/fast_lio/share/fast_lio/cmake/rosidl_cmake-extras.cmake
-- Installing: /home/husky/TR/install/fast_lio/share/fast_lio/cmake/ament_cmake_export_include_directories-extras.cmake
-- Installing: /home/husky/TR/install/fast_lio/share/fast_lio/cmake/ament_cmake_export_libraries-extras.cmake
-- Installing: /home/husky/TR/install/fast_lio/share/fast_lio/cmake/ament_cmake_export_targets-extras.cmake
-- Installing: /home/husky/TR/install/fast_lio/share/fast_lio/cmake/rosidl_cmake_export_typesupport_targets-extras.cmake
-- Installing: /home/husky/TR/install/fast_lio/share/fast_lio/cmake/ament_cmake_export_dependencies-extras.cmake
-- Installing: /home/husky/TR/install/fast_lio/share/fast_lio/cmake/rosidl_cmake_export_typesupport_libraries-extras.cmake
-- Installing: /home/husky/TR/install/fast_lio/share/fast_lio/cmake/rosidl_cmake_aggregate_target-extras.cmake
-- Installing: /home/husky/TR/install/fast_lio/share/fast_lio/cmake/fast_lioConfig.cmake
-- Installing: /home/husky/TR/install/fast_lio/share/fast_lio/cmake/fast_lioConfig-version.cmake
-- Installing: /home/husky/TR/install/fast_lio/share/fast_lio/package.xml
