[0.012s] Invoking command in '/home/husky/TR/build/fast_lio': AMENT_PREFIX_PATH=/home/husky/TR/install/livox_ros_driver2:${AMENT_PREFIX_PATH} CMAKE_PREFIX_PATH=/home/husky/TR/install/livox_ros_driver2:/opt/ros/jazzy/opt/gz_sim_vendor:/opt/ros/jazzy/opt/gz_sensors_vendor:/opt/ros/jazzy/opt/gz_physics_vendor:/opt/ros/jazzy/opt/sdformat_vendor:/opt/ros/jazzy/opt/gz_gui_vendor:/opt/ros/jazzy/opt/gz_transport_vendor:/opt/ros/jazzy/opt/gz_rendering_vendor:/opt/ros/jazzy/opt/gz_plugin_vendor:/opt/ros/jazzy/opt/gz_fuel_tools_vendor:/opt/ros/jazzy/opt/gz_msgs_vendor:/opt/ros/jazzy/opt/gz_common_vendor:/opt/ros/jazzy/opt/gz_math_vendor:/opt/ros/jazzy/opt/gz_utils_vendor:/opt/ros/jazzy/opt/gz_tools_vendor:/opt/ros/jazzy/opt/gz_ogre_next_vendor:/opt/ros/jazzy/opt/gz_dartsim_vendor:/opt/ros/jazzy/opt/gz_cmake_vendor:/opt/ros/jazzy DEBUGINFOD_URLS=https://debuginfod.ubuntu.com LD_LIBRARY_PATH=/home/husky/TR/install/livox_ros_driver2/lib:${LD_LIBRARY_PATH} PYTHONPATH=/home/husky/TR/install/livox_ros_driver2/lib/python3.12/site-packages:${PYTHONPATH} /usr/bin/cmake /home/husky/TR/src/FAST_LIO2_ROS2/fastlio2 -DCMAKE_INSTALL_PREFIX=/home/husky/TR/install/fast_lio
[0.023s] [0mCurrent CPU archtecture: x86_64[0m
[0.026s] [0mProcesser number:  32[0m
[0.026s] [0mcore for MP: 3[0m
[0.033s] -- Found ament_cmake: 2.5.6 (/opt/ros/jazzy/share/ament_cmake/cmake)
[0.103s] -- Found rclcpp: 28.1.21 (/opt/ros/jazzy/share/rclcpp/cmake)
[0.122s] -- Found rosidl_generator_c: 4.6.9 (/opt/ros/jazzy/share/rosidl_generator_c/cmake)
[0.128s] -- Found rosidl_generator_cpp: 4.6.9 (/opt/ros/jazzy/share/rosidl_generator_cpp/cmake)
[0.135s] -- Using all available rosidl_typesupport_c: rosidl_typesupport_fastrtps_c;rosidl_typesupport_introspection_c
[0.143s] -- Using all available rosidl_typesupport_cpp: rosidl_typesupport_fastrtps_cpp;rosidl_typesupport_introspection_cpp
[0.182s] -- Found rmw_implementation_cmake: 7.3.3 (/opt/ros/jazzy/share/rmw_implementation_cmake/cmake)
[0.183s] -- Found rmw_fastrtps_cpp: 8.4.4 (/opt/ros/jazzy/share/rmw_fastrtps_cpp/cmake)
[0.230s] -- Using RMW implementation 'rmw_fastrtps_cpp' as default
[0.279s] -- Found rclcpp_components: 28.1.21 (/opt/ros/jazzy/share/rclcpp_components/cmake)
[0.298s] -- Found geometry_msgs: 5.3.8 (/opt/ros/jazzy/share/geometry_msgs/cmake)
[0.318s] -- Found nav_msgs: 5.3.8 (/opt/ros/jazzy/share/nav_msgs/cmake)
[0.336s] -- Found sensor_msgs: 5.3.8 (/opt/ros/jazzy/share/sensor_msgs/cmake)
[0.351s] -- Found std_srvs: 5.3.8 (/opt/ros/jazzy/share/std_srvs/cmake)
[0.362s] -- Found visualization_msgs: 5.3.8 (/opt/ros/jazzy/share/visualization_msgs/cmake)
[0.381s] -- Found pcl_ros: 2.6.4 (/opt/ros/jazzy/share/pcl_ros/cmake)
[0.420s] [33mCMake Warning (dev) at /usr/lib/x86_64-linux-gnu/cmake/pcl/Modules/FindFLANN.cmake:45 (find_package):
[0.420s]   Policy CMP0144 is not set: find_package uses upper-case <PACKAGENAME>_ROOT
[0.420s]   variables.  Run "cmake --help-policy CMP0144" for policy details.  Use the
[0.420s]   cmake_policy command to set the policy and suppress this warning.
[0.420s] 
[0.420s]   CMake variable FLANN_ROOT is set to:
[0.420s] 
[0.420s]     /usr
[0.421s] 
[0.421s]   For compatibility, find_package is ignoring the variable, but code in a
[0.421s]   .cmake module might still use it.
[0.421s] Call Stack (most recent call first):
[0.421s]   /usr/lib/x86_64-linux-gnu/cmake/pcl/PCLConfig.cmake:261 (find_package)
[0.421s]   /usr/lib/x86_64-linux-gnu/cmake/pcl/PCLConfig.cmake:306 (find_flann)
[0.421s]   /usr/lib/x86_64-linux-gnu/cmake/pcl/PCLConfig.cmake:570 (find_external_library)
[0.421s]   /opt/ros/jazzy/share/pcl_conversions/cmake/ament_cmake_export_dependencies-extras.cmake:21 (find_package)
[0.421s]   /opt/ros/jazzy/share/pcl_conversions/cmake/pcl_conversionsConfig.cmake:41 (include)
[0.421s]   /opt/ros/jazzy/share/pcl_ros/cmake/ament_cmake_export_dependencies-extras.cmake:21 (find_package)
[0.421s]   /opt/ros/jazzy/share/pcl_ros/cmake/pcl_rosConfig.cmake:41 (include)
[0.421s]   CMakeLists.txt:62 (find_package)
[0.421s] This warning is for project developers.  Use -Wno-dev to suppress it.
[0.422s] [0m
[0.422s] -- Found flann version 1.9.2
[0.751s] -- OpenNI found (version: 1.5.4.0, include: /usr/include/ni, lib: /usr/lib/libOpenNI.so;libusb::libusb)
[0.756s] -- OpenNI2 found (version: 2.2.0.33, include: /usr/include/openni2, lib: /usr/lib/x86_64-linux-gnu/libOpenNI2.so;libusb::libusb)
[1.103s] -- OpenNI found (version: 1.5.4.0, include: /usr/include/ni, lib: /usr/lib/libOpenNI.so;libusb::libusb)
[1.109s] -- OpenNI2 found (version: 2.2.0.33, include: /usr/include/openni2, lib: /usr/lib/x86_64-linux-gnu/libOpenNI2.so;libusb::libusb)
[1.429s] -- Found Qhull version 8.0.2
[1.756s] -- OpenNI found (version: 1.5.4.0, include: /usr/include/ni, lib: /usr/lib/libOpenNI.so;libusb::libusb)
[2.140s] -- Found eigen3_cmake_module: 0.3.1 (/opt/ros/jazzy/share/eigen3_cmake_module/cmake)
[2.140s] -- Ensuring Eigen3 include directory is part of orocos-kdl CMake target
[2.143s] -- Found livox_ros_driver2: 1.0.0 (/home/husky/TR/install/livox_ros_driver2/share/livox_ros_driver2/cmake)
[2.161s] -- Found rosidl_default_generators: 1.6.1 (/opt/ros/jazzy/share/rosidl_default_generators/cmake)
[2.168s] -- Found rosidl_adapter: 4.6.9 (/opt/ros/jazzy/share/rosidl_adapter/cmake)
[2.170s] [33mCMake Warning (dev) at CMakeLists.txt:83 (find_package):
[2.170s]   Policy CMP0074 is not set: find_package uses <PackageName>_ROOT variables.
[2.170s]   Run "cmake --help-policy CMP0074" for policy details.  Use the cmake_policy
[2.170s]   command to set the policy and suppress this warning.
[2.170s] 
[2.170s]   CMake variable PCL_ROOT is set to:
[2.170s] 
[2.170s]     /usr
[2.170s] 
[2.170s]   For compatibility, CMake is ignoring the variable.
[2.170s] This warning is for project developers.  Use -Wno-dev to suppress it.
[2.170s] [0m
[2.176s] [0mEigen:/usr/include/eigen3[0m
[2.177s] -- PCL: /usr/include/pcl-1.14
[2.341s] -- Found ament_cmake_ros: 0.12.1 (/opt/ros/jazzy/share/ament_cmake_ros/cmake)
[2.450s] -- Using all available rosidl_typesupport_c: rosidl_typesupport_fastrtps_c;rosidl_typesupport_introspection_c
[2.492s] -- Using all available rosidl_typesupport_cpp: rosidl_typesupport_fastrtps_cpp;rosidl_typesupport_introspection_cpp
[2.492s] -- Found python_cmake_module: 0.11.1 (/opt/ros/jazzy/share/python_cmake_module/cmake)
[2.681s] -- Found Python3: /usr/bin/python3 (found version "3.12.3") found components: Interpreter Development NumPy Development.Module Development.Embed 
[2.710s] -- Found Python3: /usr/bin/python3 (found version "3.12.3") found components: Interpreter 
[2.723s] -- Configuring done (2.7s)
[2.795s] -- Generating done (0.1s)
[2.806s] -- Build files have been written to: /home/husky/TR/build/fast_lio
[2.823s] Invoked command in '/home/husky/TR/build/fast_lio' returned '0': AMENT_PREFIX_PATH=/home/husky/TR/install/livox_ros_driver2:${AMENT_PREFIX_PATH} CMAKE_PREFIX_PATH=/home/husky/TR/install/livox_ros_driver2:/opt/ros/jazzy/opt/gz_sim_vendor:/opt/ros/jazzy/opt/gz_sensors_vendor:/opt/ros/jazzy/opt/gz_physics_vendor:/opt/ros/jazzy/opt/sdformat_vendor:/opt/ros/jazzy/opt/gz_gui_vendor:/opt/ros/jazzy/opt/gz_transport_vendor:/opt/ros/jazzy/opt/gz_rendering_vendor:/opt/ros/jazzy/opt/gz_plugin_vendor:/opt/ros/jazzy/opt/gz_fuel_tools_vendor:/opt/ros/jazzy/opt/gz_msgs_vendor:/opt/ros/jazzy/opt/gz_common_vendor:/opt/ros/jazzy/opt/gz_math_vendor:/opt/ros/jazzy/opt/gz_utils_vendor:/opt/ros/jazzy/opt/gz_tools_vendor:/opt/ros/jazzy/opt/gz_ogre_next_vendor:/opt/ros/jazzy/opt/gz_dartsim_vendor:/opt/ros/jazzy/opt/gz_cmake_vendor:/opt/ros/jazzy DEBUGINFOD_URLS=https://debuginfod.ubuntu.com LD_LIBRARY_PATH=/home/husky/TR/install/livox_ros_driver2/lib:${LD_LIBRARY_PATH} PYTHONPATH=/home/husky/TR/install/livox_ros_driver2/lib/python3.12/site-packages:${PYTHONPATH} /usr/bin/cmake /home/husky/TR/src/FAST_LIO2_ROS2/fastlio2 -DCMAKE_INSTALL_PREFIX=/home/husky/TR/install/fast_lio
[2.824s] Invoking command in '/home/husky/TR/build/fast_lio': AMENT_PREFIX_PATH=/home/husky/TR/install/livox_ros_driver2:${AMENT_PREFIX_PATH} CMAKE_PREFIX_PATH=/home/husky/TR/install/livox_ros_driver2:/opt/ros/jazzy/opt/gz_sim_vendor:/opt/ros/jazzy/opt/gz_sensors_vendor:/opt/ros/jazzy/opt/gz_physics_vendor:/opt/ros/jazzy/opt/sdformat_vendor:/opt/ros/jazzy/opt/gz_gui_vendor:/opt/ros/jazzy/opt/gz_transport_vendor:/opt/ros/jazzy/opt/gz_rendering_vendor:/opt/ros/jazzy/opt/gz_plugin_vendor:/opt/ros/jazzy/opt/gz_fuel_tools_vendor:/opt/ros/jazzy/opt/gz_msgs_vendor:/opt/ros/jazzy/opt/gz_common_vendor:/opt/ros/jazzy/opt/gz_math_vendor:/opt/ros/jazzy/opt/gz_utils_vendor:/opt/ros/jazzy/opt/gz_tools_vendor:/opt/ros/jazzy/opt/gz_ogre_next_vendor:/opt/ros/jazzy/opt/gz_dartsim_vendor:/opt/ros/jazzy/opt/gz_cmake_vendor:/opt/ros/jazzy DEBUGINFOD_URLS=https://debuginfod.ubuntu.com LD_LIBRARY_PATH=/home/husky/TR/install/livox_ros_driver2/lib:${LD_LIBRARY_PATH} PYTHONPATH=/home/husky/TR/install/livox_ros_driver2/lib/python3.12/site-packages:${PYTHONPATH} /usr/bin/cmake --build /home/husky/TR/build/fast_lio -- -j32 -l32
[2.874s] [  5%] [34m[1mGenerating Rust code for ROS interfaces[0m
[2.874s] [  5%] [34m[1mGenerating type hashes for ROS interfaces[0m
[2.883s] [  5%] Built target ament_cmake_python_copy_fast_lio
[3.016s] [  5%] Built target fast_lio__rosidl_generator_type_description
[3.018s] running egg_info
[3.018s] creating fast_lio.egg-info
[3.025s] [  7%] [34m[1mGenerating C code for ROS interfaces[0m
[3.029s] writing fast_lio.egg-info/PKG-INFO
[3.029s] writing dependency_links to fast_lio.egg-info/dependency_links.txt
[3.029s] writing top-level names to fast_lio.egg-info/top_level.txt
[3.030s] writing manifest file 'fast_lio.egg-info/SOURCES.txt'
[3.033s] [  7%] Built target fast_lio__rs
[3.034s] [ 10%] [34m[1mGenerating C++ code for ROS interfaces[0m
[3.061s] reading manifest file 'fast_lio.egg-info/SOURCES.txt'
[3.061s] writing manifest file 'fast_lio.egg-info/SOURCES.txt'
[3.082s] [ 10%] Built target ament_cmake_python_build_fast_lio_egg
[3.217s] [ 10%] Built target fast_lio__cpp
[3.225s] [ 12%] [32mBuilding C object CMakeFiles/fast_lio__rosidl_generator_c.dir/rosidl_generator_c/fast_lio/msg/detail/pose6_d__description.c.o[0m
[3.225s] [ 15%] [32mBuilding C object CMakeFiles/fast_lio__rosidl_generator_c.dir/rosidl_generator_c/fast_lio/msg/detail/pose6_d__functions.c.o[0m
[3.226s] [ 17%] [32mBuilding C object CMakeFiles/fast_lio__rosidl_generator_c.dir/rosidl_generator_c/fast_lio/msg/detail/pose6_d__type_support.c.o[0m
[3.297s] [ 20%] [32m[1mLinking C shared library libfast_lio__rosidl_generator_c.so[0m
[3.327s] [ 20%] Built target fast_lio__rosidl_generator_c
[3.336s] [ 23%] [34m[1mGenerating C type support for eProsima Fast-RTPS[0m
[3.336s] [ 25%] [34m[1mGenerating C type support dispatch for ROS interfaces[0m
[3.336s] [ 28%] [34m[1mGenerating C++ introspection for ROS interfaces[0m
[3.337s] [ 35%] [34m[1mGenerating C++ type support dispatch for ROS interfaces[0m
[3.337s] [ 35%] [34m[1mGenerating C introspection for ROS interfaces[0m
[3.337s] [ 35%] [34m[1mGenerating C++ type support for eProsima Fast-RTPS[0m
[3.508s] [ 38%] [32mBuilding CXX object CMakeFiles/fast_lio__rosidl_typesupport_c.dir/rosidl_typesupport_c/fast_lio/msg/pose6_d__type_support.cpp.o[0m
[3.515s] [ 41%] [32mBuilding CXX object CMakeFiles/fast_lio__rosidl_typesupport_cpp.dir/rosidl_typesupport_cpp/fast_lio/msg/pose6_d__type_support.cpp.o[0m
[3.523s] [ 43%] [32mBuilding CXX object CMakeFiles/fast_lio__rosidl_typesupport_introspection_cpp.dir/rosidl_typesupport_introspection_cpp/fast_lio/msg/detail/pose6_d__type_support.cpp.o[0m
[3.524s] [ 46%] [32mBuilding C object CMakeFiles/fast_lio__rosidl_typesupport_introspection_c.dir/rosidl_typesupport_introspection_c/fast_lio/msg/detail/pose6_d__type_support.c.o[0m
[3.533s] [ 48%] [32mBuilding CXX object CMakeFiles/fast_lio__rosidl_typesupport_fastrtps_c.dir/rosidl_typesupport_fastrtps_c/fast_lio/msg/detail/pose6_d__type_support_c.cpp.o[0m
[3.533s] [ 51%] [32mBuilding CXX object CMakeFiles/fast_lio__rosidl_typesupport_fastrtps_cpp.dir/rosidl_typesupport_fastrtps_cpp/fast_lio/msg/detail/dds_fastrtps/pose6_d__type_support.cpp.o[0m
[3.546s] [ 53%] [32m[1mLinking CXX shared library libfast_lio__rosidl_typesupport_c.so[0m
[3.569s] [ 56%] [32m[1mLinking C shared library libfast_lio__rosidl_typesupport_introspection_c.so[0m
[3.577s] [ 56%] Built target fast_lio__rosidl_typesupport_c
[3.594s] [ 56%] Built target fast_lio__rosidl_typesupport_introspection_c
[3.729s] [ 58%] [32m[1mLinking CXX shared library libfast_lio__rosidl_typesupport_cpp.so[0m
[3.762s] [ 58%] Built target fast_lio__rosidl_typesupport_cpp
[3.765s] [ 61%] [32m[1mLinking CXX shared library libfast_lio__rosidl_typesupport_introspection_cpp.so[0m
[3.780s] [ 66%] [32mBuilding CXX object CMakeFiles/fastlio_mapping.dir/src/laserMapping.cpp.o[0m
[3.780s] [ 66%] [32mBuilding CXX object CMakeFiles/fastlio_mapping.dir/include/ikd-Tree/ikd_Tree.cpp.o[0m
[3.780s] [ 69%] [32mBuilding CXX object CMakeFiles/fastlio_mapping.dir/src/preprocess.cpp.o[0m
[3.798s] [ 69%] Built target fast_lio__rosidl_typesupport_introspection_cpp
[3.860s] [ 71%] [32m[1mLinking CXX shared library libfast_lio__rosidl_typesupport_fastrtps_c.so[0m
[3.880s] [ 74%] [32m[1mLinking CXX shared library libfast_lio__rosidl_typesupport_fastrtps_cpp.so[0m
[3.897s] [ 74%] Built target fast_lio__rosidl_typesupport_fastrtps_c
[3.917s] [ 74%] Built target fast_lio__rosidl_typesupport_fastrtps_cpp
[3.934s] [ 74%] Built target fast_lio
[3.953s] [ 76%] [34m[1mGenerating Python code for ROS interfaces[0m
[4.195s] [ 76%] Built target fast_lio__py
[4.213s] [ 79%] [32mBuilding C object CMakeFiles/fast_lio__rosidl_generator_py.dir/rosidl_generator_py/fast_lio/msg/_pose6_d_s.c.o[0m
[4.324s] [ 82%] [32m[1mLinking C shared library libfast_lio__rosidl_generator_py.so[0m
[4.355s] [ 82%] Built target fast_lio__rosidl_generator_py
[4.374s] [ 87%] [32mBuilding C object CMakeFiles/fast_lio_s__rosidl_typesupport_c.dir/rosidl_generator_py/fast_lio/_fast_lio_s.ep.rosidl_typesupport_c.c.o[0m
[4.374s] [ 87%] [32mBuilding C object CMakeFiles/fast_lio_s__rosidl_typesupport_fastrtps_c.dir/rosidl_generator_py/fast_lio/_fast_lio_s.ep.rosidl_typesupport_fastrtps_c.c.o[0m
[4.375s] [ 89%] [32mBuilding C object CMakeFiles/fast_lio_s__rosidl_typesupport_introspection_c.dir/rosidl_generator_py/fast_lio/_fast_lio_s.ep.rosidl_typesupport_introspection_c.c.o[0m
[4.459s] [ 92%] [32m[1mLinking C shared module rosidl_generator_py/fast_lio/fast_lio_s__rosidl_typesupport_c.so[0m
[4.464s] [ 94%] [32m[1mLinking C shared module rosidl_generator_py/fast_lio/fast_lio_s__rosidl_typesupport_introspection_c.so[0m
[4.468s] [ 97%] [32m[1mLinking C shared module rosidl_generator_py/fast_lio/fast_lio_s__rosidl_typesupport_fastrtps_c.so[0m
[4.483s] [ 97%] Built target fast_lio_s__rosidl_typesupport_c
[4.495s] [ 97%] Built target fast_lio_s__rosidl_typesupport_introspection_c
[4.495s] [ 97%] Built target fast_lio_s__rosidl_typesupport_fastrtps_c
[49.003s] [100%] [32m[1mLinking CXX executable fastlio_mapping[0m
[49.781s] [100%] Built target fastlio_mapping
[49.791s] Invoked command in '/home/husky/TR/build/fast_lio' returned '0': AMENT_PREFIX_PATH=/home/husky/TR/install/livox_ros_driver2:${AMENT_PREFIX_PATH} CMAKE_PREFIX_PATH=/home/husky/TR/install/livox_ros_driver2:/opt/ros/jazzy/opt/gz_sim_vendor:/opt/ros/jazzy/opt/gz_sensors_vendor:/opt/ros/jazzy/opt/gz_physics_vendor:/opt/ros/jazzy/opt/sdformat_vendor:/opt/ros/jazzy/opt/gz_gui_vendor:/opt/ros/jazzy/opt/gz_transport_vendor:/opt/ros/jazzy/opt/gz_rendering_vendor:/opt/ros/jazzy/opt/gz_plugin_vendor:/opt/ros/jazzy/opt/gz_fuel_tools_vendor:/opt/ros/jazzy/opt/gz_msgs_vendor:/opt/ros/jazzy/opt/gz_common_vendor:/opt/ros/jazzy/opt/gz_math_vendor:/opt/ros/jazzy/opt/gz_utils_vendor:/opt/ros/jazzy/opt/gz_tools_vendor:/opt/ros/jazzy/opt/gz_ogre_next_vendor:/opt/ros/jazzy/opt/gz_dartsim_vendor:/opt/ros/jazzy/opt/gz_cmake_vendor:/opt/ros/jazzy DEBUGINFOD_URLS=https://debuginfod.ubuntu.com LD_LIBRARY_PATH=/home/husky/TR/install/livox_ros_driver2/lib:${LD_LIBRARY_PATH} PYTHONPATH=/home/husky/TR/install/livox_ros_driver2/lib/python3.12/site-packages:${PYTHONPATH} /usr/bin/cmake --build /home/husky/TR/build/fast_lio -- -j32 -l32
[49.799s] Invoking command in '/home/husky/TR/build/fast_lio': AMENT_PREFIX_PATH=/home/husky/TR/install/livox_ros_driver2:${AMENT_PREFIX_PATH} CMAKE_PREFIX_PATH=/home/husky/TR/install/livox_ros_driver2:/opt/ros/jazzy/opt/gz_sim_vendor:/opt/ros/jazzy/opt/gz_sensors_vendor:/opt/ros/jazzy/opt/gz_physics_vendor:/opt/ros/jazzy/opt/sdformat_vendor:/opt/ros/jazzy/opt/gz_gui_vendor:/opt/ros/jazzy/opt/gz_transport_vendor:/opt/ros/jazzy/opt/gz_rendering_vendor:/opt/ros/jazzy/opt/gz_plugin_vendor:/opt/ros/jazzy/opt/gz_fuel_tools_vendor:/opt/ros/jazzy/opt/gz_msgs_vendor:/opt/ros/jazzy/opt/gz_common_vendor:/opt/ros/jazzy/opt/gz_math_vendor:/opt/ros/jazzy/opt/gz_utils_vendor:/opt/ros/jazzy/opt/gz_tools_vendor:/opt/ros/jazzy/opt/gz_ogre_next_vendor:/opt/ros/jazzy/opt/gz_dartsim_vendor:/opt/ros/jazzy/opt/gz_cmake_vendor:/opt/ros/jazzy DEBUGINFOD_URLS=https://debuginfod.ubuntu.com LD_LIBRARY_PATH=/home/husky/TR/install/livox_ros_driver2/lib:${LD_LIBRARY_PATH} PYTHONPATH=/home/husky/TR/install/livox_ros_driver2/lib/python3.12/site-packages:${PYTHONPATH} /usr/bin/cmake --install /home/husky/TR/build/fast_lio
[49.806s] -- Install configuration: "Release"
[49.806s] -- Installing: /home/husky/TR/install/fast_lio/share/ament_index/resource_index/rosidl_interfaces/fast_lio
[49.806s] -- Installing: /home/husky/TR/install/fast_lio/share/fast_lio/msg/Pose6D.json
[49.806s] -- Installing: /home/husky/TR/install/fast_lio/include/fast_lio/fast_lio
[49.806s] -- Installing: /home/husky/TR/install/fast_lio/include/fast_lio/fast_lio/msg
[49.806s] -- Installing: /home/husky/TR/install/fast_lio/include/fast_lio/fast_lio/msg/rosidl_generator_c__visibility_control.h
[49.806s] -- Installing: /home/husky/TR/install/fast_lio/include/fast_lio/fast_lio/msg/detail
[49.806s] -- Installing: /home/husky/TR/install/fast_lio/include/fast_lio/fast_lio/msg/detail/pose6_d__description.c
[49.806s] -- Installing: /home/husky/TR/install/fast_lio/include/fast_lio/fast_lio/msg/detail/pose6_d__type_support.c
[49.807s] -- Installing: /home/husky/TR/install/fast_lio/include/fast_lio/fast_lio/msg/detail/pose6_d__type_support.h
[49.807s] -- Installing: /home/husky/TR/install/fast_lio/include/fast_lio/fast_lio/msg/detail/pose6_d__functions.c
[49.807s] -- Installing: /home/husky/TR/install/fast_lio/include/fast_lio/fast_lio/msg/detail/pose6_d__struct.h
[49.807s] -- Installing: /home/husky/TR/install/fast_lio/include/fast_lio/fast_lio/msg/detail/pose6_d__functions.h
[49.807s] -- Installing: /home/husky/TR/install/fast_lio/include/fast_lio/fast_lio/msg/pose6_d.h
[49.807s] -- Installing: /home/husky/TR/install/fast_lio/share/fast_lio/environment/library_path.sh
[49.807s] -- Installing: /home/husky/TR/install/fast_lio/share/fast_lio/environment/library_path.dsv
[49.807s] -- Installing: /home/husky/TR/install/fast_lio/lib/libfast_lio__rosidl_generator_c.so
[49.808s] -- Set non-toolchain portion of runtime path of "/home/husky/TR/install/fast_lio/lib/libfast_lio__rosidl_generator_c.so" to ""
[49.808s] -- Up-to-date: /home/husky/TR/install/fast_lio/include/fast_lio/fast_lio
[49.808s] -- Up-to-date: /home/husky/TR/install/fast_lio/include/fast_lio/fast_lio/msg
[49.808s] -- Installing: /home/husky/TR/install/fast_lio/include/fast_lio/fast_lio/msg/rosidl_typesupport_fastrtps_c__visibility_control.h
[49.808s] -- Up-to-date: /home/husky/TR/install/fast_lio/include/fast_lio/fast_lio/msg/detail
[49.808s] -- Installing: /home/husky/TR/install/fast_lio/include/fast_lio/fast_lio/msg/detail/pose6_d__rosidl_typesupport_fastrtps_c.h
[49.808s] -- Installing: /home/husky/TR/install/fast_lio/lib/libfast_lio__rosidl_typesupport_fastrtps_c.so
[49.809s] -- Set non-toolchain portion of runtime path of "/home/husky/TR/install/fast_lio/lib/libfast_lio__rosidl_typesupport_fastrtps_c.so" to ""
[49.809s] -- Up-to-date: /home/husky/TR/install/fast_lio/include/fast_lio/fast_lio
[49.809s] -- Up-to-date: /home/husky/TR/install/fast_lio/include/fast_lio/fast_lio/msg
[49.809s] -- Installing: /home/husky/TR/install/fast_lio/include/fast_lio/fast_lio/msg/rosidl_generator_cpp__visibility_control.hpp
[49.809s] -- Installing: /home/husky/TR/install/fast_lio/include/fast_lio/fast_lio/msg/pose6_d.hpp
[49.809s] -- Up-to-date: /home/husky/TR/install/fast_lio/include/fast_lio/fast_lio/msg/detail
[49.809s] -- Installing: /home/husky/TR/install/fast_lio/include/fast_lio/fast_lio/msg/detail/pose6_d__struct.hpp
[49.809s] -- Installing: /home/husky/TR/install/fast_lio/include/fast_lio/fast_lio/msg/detail/pose6_d__builder.hpp
[49.809s] -- Installing: /home/husky/TR/install/fast_lio/include/fast_lio/fast_lio/msg/detail/pose6_d__traits.hpp
[49.809s] -- Installing: /home/husky/TR/install/fast_lio/include/fast_lio/fast_lio/msg/detail/pose6_d__type_support.hpp
[49.810s] -- Up-to-date: /home/husky/TR/install/fast_lio/include/fast_lio/fast_lio
[49.810s] -- Up-to-date: /home/husky/TR/install/fast_lio/include/fast_lio/fast_lio/msg
[49.810s] -- Installing: /home/husky/TR/install/fast_lio/include/fast_lio/fast_lio/msg/rosidl_typesupport_fastrtps_cpp__visibility_control.h
[49.810s] -- Up-to-date: /home/husky/TR/install/fast_lio/include/fast_lio/fast_lio/msg/detail
[49.810s] -- Installing: /home/husky/TR/install/fast_lio/include/fast_lio/fast_lio/msg/detail/pose6_d__rosidl_typesupport_fastrtps_cpp.hpp
[49.810s] -- Installing: /home/husky/TR/install/fast_lio/include/fast_lio/fast_lio/msg/detail/dds_fastrtps
[49.810s] -- Installing: /home/husky/TR/install/fast_lio/lib/libfast_lio__rosidl_typesupport_fastrtps_cpp.so
[49.810s] -- Set non-toolchain portion of runtime path of "/home/husky/TR/install/fast_lio/lib/libfast_lio__rosidl_typesupport_fastrtps_cpp.so" to ""
[49.810s] -- Up-to-date: /home/husky/TR/install/fast_lio/include/fast_lio/fast_lio
[49.811s] -- Up-to-date: /home/husky/TR/install/fast_lio/include/fast_lio/fast_lio/msg
[49.811s] -- Installing: /home/husky/TR/install/fast_lio/include/fast_lio/fast_lio/msg/rosidl_typesupport_introspection_c__visibility_control.h
[49.811s] -- Up-to-date: /home/husky/TR/install/fast_lio/include/fast_lio/fast_lio/msg/detail
[49.811s] -- Up-to-date: /home/husky/TR/install/fast_lio/include/fast_lio/fast_lio/msg/detail/pose6_d__type_support.c
[49.811s] -- Installing: /home/husky/TR/install/fast_lio/include/fast_lio/fast_lio/msg/detail/pose6_d__rosidl_typesupport_introspection_c.h
[49.811s] -- Installing: /home/husky/TR/install/fast_lio/lib/libfast_lio__rosidl_typesupport_introspection_c.so
[49.811s] -- Set non-toolchain portion of runtime path of "/home/husky/TR/install/fast_lio/lib/libfast_lio__rosidl_typesupport_introspection_c.so" to ""
[49.811s] -- Installing: /home/husky/TR/install/fast_lio/lib/libfast_lio__rosidl_typesupport_c.so
[49.812s] -- Set non-toolchain portion of runtime path of "/home/husky/TR/install/fast_lio/lib/libfast_lio__rosidl_typesupport_c.so" to ""
[49.812s] -- Up-to-date: /home/husky/TR/install/fast_lio/include/fast_lio/fast_lio
[49.812s] -- Up-to-date: /home/husky/TR/install/fast_lio/include/fast_lio/fast_lio/msg
[49.812s] -- Up-to-date: /home/husky/TR/install/fast_lio/include/fast_lio/fast_lio/msg/detail
[49.812s] -- Installing: /home/husky/TR/install/fast_lio/include/fast_lio/fast_lio/msg/detail/pose6_d__type_support.cpp
[49.812s] -- Installing: /home/husky/TR/install/fast_lio/include/fast_lio/fast_lio/msg/detail/pose6_d__rosidl_typesupport_introspection_cpp.hpp
[49.812s] -- Installing: /home/husky/TR/install/fast_lio/lib/libfast_lio__rosidl_typesupport_introspection_cpp.so
[49.812s] -- Set non-toolchain portion of runtime path of "/home/husky/TR/install/fast_lio/lib/libfast_lio__rosidl_typesupport_introspection_cpp.so" to ""
[49.812s] -- Installing: /home/husky/TR/install/fast_lio/lib/libfast_lio__rosidl_typesupport_cpp.so
[49.813s] -- Set non-toolchain portion of runtime path of "/home/husky/TR/install/fast_lio/lib/libfast_lio__rosidl_typesupport_cpp.so" to ""
[49.813s] -- Installing: /home/husky/TR/install/fast_lio/share/fast_lio/environment/pythonpath.sh
[49.813s] -- Installing: /home/husky/TR/install/fast_lio/share/fast_lio/environment/pythonpath.dsv
[49.813s] -- Installing: /home/husky/TR/install/fast_lio/lib/python3.12/site-packages/fast_lio-0.0.0-py3.12.egg-info
[49.813s] -- Installing: /home/husky/TR/install/fast_lio/lib/python3.12/site-packages/fast_lio-0.0.0-py3.12.egg-info/top_level.txt
[49.813s] -- Installing: /home/husky/TR/install/fast_lio/lib/python3.12/site-packages/fast_lio-0.0.0-py3.12.egg-info/dependency_links.txt
[49.813s] -- Installing: /home/husky/TR/install/fast_lio/lib/python3.12/site-packages/fast_lio-0.0.0-py3.12.egg-info/PKG-INFO
[49.813s] -- Installing: /home/husky/TR/install/fast_lio/lib/python3.12/site-packages/fast_lio-0.0.0-py3.12.egg-info/SOURCES.txt
[49.814s] -- Installing: /home/husky/TR/install/fast_lio/lib/python3.12/site-packages/fast_lio
[49.814s] -- Installing: /home/husky/TR/install/fast_lio/lib/python3.12/site-packages/fast_lio/fast_lio_s__rosidl_typesupport_c.so
[49.814s] -- Installing: /home/husky/TR/install/fast_lio/lib/python3.12/site-packages/fast_lio/_fast_lio_s.ep.rosidl_typesupport_fastrtps_c.c
[49.814s] -- Installing: /home/husky/TR/install/fast_lio/lib/python3.12/site-packages/fast_lio/_fast_lio_s.ep.rosidl_typesupport_introspection_c.c
[49.814s] -- Installing: /home/husky/TR/install/fast_lio/lib/python3.12/site-packages/fast_lio/fast_lio_s__rosidl_typesupport_introspection_c.so
[49.814s] -- Installing: /home/husky/TR/install/fast_lio/lib/python3.12/site-packages/fast_lio/msg
[49.814s] -- Installing: /home/husky/TR/install/fast_lio/lib/python3.12/site-packages/fast_lio/msg/__init__.py
[49.814s] -- Installing: /home/husky/TR/install/fast_lio/lib/python3.12/site-packages/fast_lio/msg/_pose6_d_s.c
[49.814s] -- Installing: /home/husky/TR/install/fast_lio/lib/python3.12/site-packages/fast_lio/msg/_pose6_d.py
[49.815s] -- Installing: /home/husky/TR/install/fast_lio/lib/python3.12/site-packages/fast_lio/__init__.py
[49.815s] -- Installing: /home/husky/TR/install/fast_lio/lib/python3.12/site-packages/fast_lio/fast_lio_s__rosidl_typesupport_fastrtps_c.so
[49.815s] -- Installing: /home/husky/TR/install/fast_lio/lib/python3.12/site-packages/fast_lio/_fast_lio_s.ep.rosidl_typesupport_c.c
[49.842s] Listing '/home/husky/TR/install/fast_lio/lib/python3.12/site-packages/fast_lio'...
[49.842s] Compiling '/home/husky/TR/install/fast_lio/lib/python3.12/site-packages/fast_lio/__init__.py'...
[49.842s] Listing '/home/husky/TR/install/fast_lio/lib/python3.12/site-packages/fast_lio/msg'...
[49.842s] Compiling '/home/husky/TR/install/fast_lio/lib/python3.12/site-packages/fast_lio/msg/__init__.py'...
[49.842s] Compiling '/home/husky/TR/install/fast_lio/lib/python3.12/site-packages/fast_lio/msg/_pose6_d.py'...
[49.846s] -- Installing: /home/husky/TR/install/fast_lio/lib/python3.12/site-packages/fast_lio/fast_lio_s__rosidl_typesupport_fastrtps_c.so
[49.846s] -- Set non-toolchain portion of runtime path of "/home/husky/TR/install/fast_lio/lib/python3.12/site-packages/fast_lio/fast_lio_s__rosidl_typesupport_fastrtps_c.so" to ""
[49.847s] -- Installing: /home/husky/TR/install/fast_lio/lib/python3.12/site-packages/fast_lio/fast_lio_s__rosidl_typesupport_introspection_c.so
[49.847s] -- Set non-toolchain portion of runtime path of "/home/husky/TR/install/fast_lio/lib/python3.12/site-packages/fast_lio/fast_lio_s__rosidl_typesupport_introspection_c.so" to ""
[49.847s] -- Installing: /home/husky/TR/install/fast_lio/lib/python3.12/site-packages/fast_lio/fast_lio_s__rosidl_typesupport_c.so
[49.847s] -- Set non-toolchain portion of runtime path of "/home/husky/TR/install/fast_lio/lib/python3.12/site-packages/fast_lio/fast_lio_s__rosidl_typesupport_c.so" to ""
[49.847s] -- Installing: /home/husky/TR/install/fast_lio/lib/libfast_lio__rosidl_generator_py.so
[49.848s] -- Set non-toolchain portion of runtime path of "/home/husky/TR/install/fast_lio/lib/libfast_lio__rosidl_generator_py.so" to ""
[49.848s] -- Installing: /home/husky/TR/install/fast_lio/share/ament_index/resource_index/rust_packages/fast_lio
[49.848s] -- Installing: /home/husky/TR/install/fast_lio/share/fast_lio/rust
[49.848s] -- Installing: /home/husky/TR/install/fast_lio/share/fast_lio/rust/build.rs
[49.848s] -- Installing: /home/husky/TR/install/fast_lio/share/fast_lio/rust/src
[49.848s] -- Installing: /home/husky/TR/install/fast_lio/share/fast_lio/rust/src/lib.rs
[49.848s] -- Installing: /home/husky/TR/install/fast_lio/share/fast_lio/rust/src/msg.rs
[49.849s] -- Installing: /home/husky/TR/install/fast_lio/share/fast_lio/rust/src/msg
[49.849s] -- Installing: /home/husky/TR/install/fast_lio/share/fast_lio/rust/src/msg/rmw.rs
[49.849s] -- Installing: /home/husky/TR/install/fast_lio/share/fast_lio/rust/Cargo.toml
[49.849s] -- Installing: /home/husky/TR/install/fast_lio/share/fast_lio/msg/Pose6D.idl
[49.849s] -- Installing: /home/husky/TR/install/fast_lio/share/fast_lio/msg/Pose6D.msg
[49.849s] -- Installing: /home/husky/TR/install/fast_lio/lib/fast_lio/fastlio_mapping
[49.853s] -- Set non-toolchain portion of runtime path of "/home/husky/TR/install/fast_lio/lib/fast_lio/fastlio_mapping" to ""
[49.853s] -- Installing: /home/husky/TR/install/fast_lio/share/fast_lio/config
[49.853s] -- Installing: /home/husky/TR/install/fast_lio/share/fast_lio/config/velodyne.yaml
[49.853s] -- Installing: /home/husky/TR/install/fast_lio/share/fast_lio/config/mid360.yaml
[49.853s] -- Installing: /home/husky/TR/install/fast_lio/share/fast_lio/config/ouster64.yaml
[49.853s] -- Installing: /home/husky/TR/install/fast_lio/share/fast_lio/config/avia.yaml
[49.853s] -- Installing: /home/husky/TR/install/fast_lio/share/fast_lio/config/horizon.yaml
[49.853s] -- Installing: /home/husky/TR/install/fast_lio/share/fast_lio/launch
[49.853s] -- Installing: /home/husky/TR/install/fast_lio/share/fast_lio/launch/mapping.launch.py
[49.853s] -- Installing: /home/husky/TR/install/fast_lio/share/fast_lio/launch/gdb_debug_example.launch
[49.853s] -- Installing: /home/husky/TR/install/fast_lio/share/fast_lio/launch/__pycache__
[49.854s] -- Installing: /home/husky/TR/install/fast_lio/share/fast_lio/launch/__pycache__/mapping.launch.cpython-312.pyc
[49.854s] -- Installing: /home/husky/TR/install/fast_lio/share/fast_lio/rviz
[49.854s] -- Installing: /home/husky/TR/install/fast_lio/share/fast_lio/rviz/fastlio.rviz
[49.854s] -- Installing: /home/husky/TR/install/fast_lio/share/ament_index/resource_index/package_run_dependencies/fast_lio
[49.854s] -- Installing: /home/husky/TR/install/fast_lio/share/ament_index/resource_index/parent_prefix_path/fast_lio
[49.854s] -- Installing: /home/husky/TR/install/fast_lio/share/fast_lio/environment/ament_prefix_path.sh
[49.854s] -- Installing: /home/husky/TR/install/fast_lio/share/fast_lio/environment/ament_prefix_path.dsv
[49.854s] -- Installing: /home/husky/TR/install/fast_lio/share/fast_lio/environment/path.sh
[49.854s] -- Installing: /home/husky/TR/install/fast_lio/share/fast_lio/environment/path.dsv
[49.855s] -- Installing: /home/husky/TR/install/fast_lio/share/fast_lio/local_setup.bash
[49.855s] -- Installing: /home/husky/TR/install/fast_lio/share/fast_lio/local_setup.sh
[49.855s] -- Installing: /home/husky/TR/install/fast_lio/share/fast_lio/local_setup.zsh
[49.855s] -- Installing: /home/husky/TR/install/fast_lio/share/fast_lio/local_setup.dsv
[49.855s] -- Installing: /home/husky/TR/install/fast_lio/share/fast_lio/package.dsv
[49.855s] -- Installing: /home/husky/TR/install/fast_lio/share/ament_index/resource_index/packages/fast_lio
[49.855s] -- Installing: /home/husky/TR/install/fast_lio/share/fast_lio/cmake/export_fast_lio__rosidl_generator_cExport.cmake
[49.855s] -- Installing: /home/husky/TR/install/fast_lio/share/fast_lio/cmake/export_fast_lio__rosidl_generator_cExport-release.cmake
[49.856s] -- Installing: /home/husky/TR/install/fast_lio/share/fast_lio/cmake/export_fast_lio__rosidl_typesupport_fastrtps_cExport.cmake
[49.856s] -- Installing: /home/husky/TR/install/fast_lio/share/fast_lio/cmake/export_fast_lio__rosidl_typesupport_fastrtps_cExport-release.cmake
[49.856s] -- Installing: /home/husky/TR/install/fast_lio/share/fast_lio/cmake/export_fast_lio__rosidl_generator_cppExport.cmake
[49.856s] -- Installing: /home/husky/TR/install/fast_lio/share/fast_lio/cmake/export_fast_lio__rosidl_typesupport_fastrtps_cppExport.cmake
[49.856s] -- Installing: /home/husky/TR/install/fast_lio/share/fast_lio/cmake/export_fast_lio__rosidl_typesupport_fastrtps_cppExport-release.cmake
[49.856s] -- Installing: /home/husky/TR/install/fast_lio/share/fast_lio/cmake/fast_lio__rosidl_typesupport_introspection_cExport.cmake
[49.856s] -- Installing: /home/husky/TR/install/fast_lio/share/fast_lio/cmake/fast_lio__rosidl_typesupport_introspection_cExport-release.cmake
[49.857s] -- Installing: /home/husky/TR/install/fast_lio/share/fast_lio/cmake/fast_lio__rosidl_typesupport_cExport.cmake
[49.857s] -- Installing: /home/husky/TR/install/fast_lio/share/fast_lio/cmake/fast_lio__rosidl_typesupport_cExport-release.cmake
[49.857s] -- Installing: /home/husky/TR/install/fast_lio/share/fast_lio/cmake/fast_lio__rosidl_typesupport_introspection_cppExport.cmake
[49.857s] -- Installing: /home/husky/TR/install/fast_lio/share/fast_lio/cmake/fast_lio__rosidl_typesupport_introspection_cppExport-release.cmake
[49.857s] -- Installing: /home/husky/TR/install/fast_lio/share/fast_lio/cmake/fast_lio__rosidl_typesupport_cppExport.cmake
[49.857s] -- Installing: /home/husky/TR/install/fast_lio/share/fast_lio/cmake/fast_lio__rosidl_typesupport_cppExport-release.cmake
[49.857s] -- Installing: /home/husky/TR/install/fast_lio/share/fast_lio/cmake/export_fast_lio__rosidl_generator_pyExport.cmake
[49.857s] -- Installing: /home/husky/TR/install/fast_lio/share/fast_lio/cmake/export_fast_lio__rosidl_generator_pyExport-release.cmake
[49.858s] -- Installing: /home/husky/TR/install/fast_lio/share/fast_lio/cmake/rosidl_cmake-extras.cmake
[49.858s] -- Installing: /home/husky/TR/install/fast_lio/share/fast_lio/cmake/ament_cmake_export_include_directories-extras.cmake
[49.858s] -- Installing: /home/husky/TR/install/fast_lio/share/fast_lio/cmake/ament_cmake_export_libraries-extras.cmake
[49.858s] -- Installing: /home/husky/TR/install/fast_lio/share/fast_lio/cmake/ament_cmake_export_targets-extras.cmake
[49.858s] -- Installing: /home/husky/TR/install/fast_lio/share/fast_lio/cmake/rosidl_cmake_export_typesupport_targets-extras.cmake
[49.858s] -- Installing: /home/husky/TR/install/fast_lio/share/fast_lio/cmake/ament_cmake_export_dependencies-extras.cmake
[49.858s] -- Installing: /home/husky/TR/install/fast_lio/share/fast_lio/cmake/rosidl_cmake_export_typesupport_libraries-extras.cmake
[49.858s] -- Installing: /home/husky/TR/install/fast_lio/share/fast_lio/cmake/rosidl_cmake_aggregate_target-extras.cmake
[49.859s] -- Installing: /home/husky/TR/install/fast_lio/share/fast_lio/cmake/fast_lioConfig.cmake
[49.859s] -- Installing: /home/husky/TR/install/fast_lio/share/fast_lio/cmake/fast_lioConfig-version.cmake
[49.859s] -- Installing: /home/husky/TR/install/fast_lio/share/fast_lio/package.xml
[49.861s] Invoked command in '/home/husky/TR/build/fast_lio' returned '0': AMENT_PREFIX_PATH=/home/husky/TR/install/livox_ros_driver2:${AMENT_PREFIX_PATH} CMAKE_PREFIX_PATH=/home/husky/TR/install/livox_ros_driver2:/opt/ros/jazzy/opt/gz_sim_vendor:/opt/ros/jazzy/opt/gz_sensors_vendor:/opt/ros/jazzy/opt/gz_physics_vendor:/opt/ros/jazzy/opt/sdformat_vendor:/opt/ros/jazzy/opt/gz_gui_vendor:/opt/ros/jazzy/opt/gz_transport_vendor:/opt/ros/jazzy/opt/gz_rendering_vendor:/opt/ros/jazzy/opt/gz_plugin_vendor:/opt/ros/jazzy/opt/gz_fuel_tools_vendor:/opt/ros/jazzy/opt/gz_msgs_vendor:/opt/ros/jazzy/opt/gz_common_vendor:/opt/ros/jazzy/opt/gz_math_vendor:/opt/ros/jazzy/opt/gz_utils_vendor:/opt/ros/jazzy/opt/gz_tools_vendor:/opt/ros/jazzy/opt/gz_ogre_next_vendor:/opt/ros/jazzy/opt/gz_dartsim_vendor:/opt/ros/jazzy/opt/gz_cmake_vendor:/opt/ros/jazzy DEBUGINFOD_URLS=https://debuginfod.ubuntu.com LD_LIBRARY_PATH=/home/husky/TR/install/livox_ros_driver2/lib:${LD_LIBRARY_PATH} PYTHONPATH=/home/husky/TR/install/livox_ros_driver2/lib/python3.12/site-packages:${PYTHONPATH} /usr/bin/cmake --install /home/husky/TR/build/fast_lio
