Component: Arm Compiler for Embedded 6.18 Tool: armlink [5e4cc100]

==============================================================================

Section Cross References

    startup_stm32h723xx.o(STACK) refers (Special) to heapauxi.o(.text) for __use_two_region_memory
    startup_stm32h723xx.o(HEAP) refers (Special) to heapauxi.o(.text) for __use_two_region_memory
    startup_stm32h723xx.o(RESET) refers (Special) to heapauxi.o(.text) for __use_two_region_memory
    startup_stm32h723xx.o(RESET) refers to startup_stm32h723xx.o(STACK) for __initial_sp
    startup_stm32h723xx.o(RESET) refers to startup_stm32h723xx.o(.text) for Reset_Handler
    startup_stm32h723xx.o(RESET) refers to stm32h7xx_it.o(.text.NMI_Handler) for NMI_Handler
    startup_stm32h723xx.o(RESET) refers to stm32h7xx_it.o(.text.HardFault_Handler) for HardFault_Handler
    startup_stm32h723xx.o(RESET) refers to stm32h7xx_it.o(.text.MemManage_Handler) for MemManage_Handler
    startup_stm32h723xx.o(RESET) refers to stm32h7xx_it.o(.text.BusFault_Handler) for BusFault_Handler
    startup_stm32h723xx.o(RESET) refers to stm32h7xx_it.o(.text.UsageFault_Handler) for UsageFault_Handler
    startup_stm32h723xx.o(RESET) refers to port.o(.text.SVC_Handler) for SVC_Handler
    startup_stm32h723xx.o(RESET) refers to stm32h7xx_it.o(.text.DebugMon_Handler) for DebugMon_Handler
    startup_stm32h723xx.o(RESET) refers to port.o(.text.PendSV_Handler) for PendSV_Handler
    startup_stm32h723xx.o(RESET) refers to cmsis_os2.o(.text.SysTick_Handler) for SysTick_Handler
    startup_stm32h723xx.o(RESET) refers to stm32h7xx_it.o(.text.DMA1_Stream0_IRQHandler) for DMA1_Stream0_IRQHandler
    startup_stm32h723xx.o(RESET) refers to stm32h7xx_it.o(.text.DMA1_Stream1_IRQHandler) for DMA1_Stream1_IRQHandler
    startup_stm32h723xx.o(RESET) refers to stm32h7xx_it.o(.text.DMA1_Stream2_IRQHandler) for DMA1_Stream2_IRQHandler
    startup_stm32h723xx.o(RESET) refers to stm32h7xx_it.o(.text.DMA1_Stream3_IRQHandler) for DMA1_Stream3_IRQHandler
    startup_stm32h723xx.o(RESET) refers to stm32h7xx_it.o(.text.FDCAN1_IT0_IRQHandler) for FDCAN1_IT0_IRQHandler
    startup_stm32h723xx.o(RESET) refers to stm32h7xx_it.o(.text.FDCAN2_IT0_IRQHandler) for FDCAN2_IT0_IRQHandler
    startup_stm32h723xx.o(RESET) refers to stm32h7xx_it.o(.text.USART1_IRQHandler) for USART1_IRQHandler
    startup_stm32h723xx.o(RESET) refers to stm32h7xx_it.o(.text.USART2_IRQHandler) for USART2_IRQHandler
    startup_stm32h723xx.o(RESET) refers to stm32h7xx_it.o(.text.TIM6_DAC_IRQHandler) for TIM6_DAC_IRQHandler
    startup_stm32h723xx.o(RESET) refers to stm32h7xx_it.o(.text.FDCAN3_IT0_IRQHandler) for FDCAN3_IT0_IRQHandler
    startup_stm32h723xx.o(.text) refers (Special) to heapauxi.o(.text) for __use_two_region_memory
    startup_stm32h723xx.o(.text) refers to system_stm32h7xx.o(.text.ExitRun0Mode) for ExitRun0Mode
    startup_stm32h723xx.o(.text) refers to system_stm32h7xx.o(.text.SystemInit) for SystemInit
    startup_stm32h723xx.o(.text) refers to __main.o(!!!main) for __main
    startup_stm32h723xx.o(.text) refers to startup_stm32h723xx.o(HEAP) for Heap_Mem
    startup_stm32h723xx.o(.text) refers to startup_stm32h723xx.o(STACK) for Stack_Mem
    main.o(.text.main) refers to stm32h7xx_hal_cortex.o(.text.HAL_MPU_Disable) for HAL_MPU_Disable
    main.o(.text.main) refers to stm32h7xx_hal_cortex.o(.text.HAL_MPU_ConfigRegion) for HAL_MPU_ConfigRegion
    main.o(.text.main) refers to stm32h7xx_hal_cortex.o(.text.HAL_MPU_Enable) for HAL_MPU_Enable
    main.o(.text.main) refers to stm32h7xx_hal.o(.text.HAL_Init) for HAL_Init
    main.o(.text.main) refers to main.o(.text.SystemClock_Config) for SystemClock_Config
    main.o(.text.main) refers to rt_memclr_w.o(.text) for __aeabi_memclr8
    main.o(.text.main) refers to stm32h7xx_hal_rcc_ex.o(.text.HAL_RCCEx_PeriphCLKConfig) for HAL_RCCEx_PeriphCLKConfig
    main.o(.text.main) refers to gpio.o(.text.MX_GPIO_Init) for MX_GPIO_Init
    main.o(.text.main) refers to dma.o(.text.MX_DMA_Init) for MX_DMA_Init
    main.o(.text.main) refers to fdcan.o(.text.MX_FDCAN1_Init) for MX_FDCAN1_Init
    main.o(.text.main) refers to fdcan.o(.text.MX_FDCAN2_Init) for MX_FDCAN2_Init
    main.o(.text.main) refers to fdcan.o(.text.MX_FDCAN3_Init) for MX_FDCAN3_Init
    main.o(.text.main) refers to usart.o(.text.MX_USART1_UART_Init) for MX_USART1_UART_Init
    main.o(.text.main) refers to usart.o(.text.MX_USART2_UART_Init) for MX_USART2_UART_Init
    main.o(.text.main) refers to cmsis_os2.o(.text.osKernelInitialize) for osKernelInitialize
    main.o(.text.main) refers to freertos.o(.text.MX_FREERTOS_Init) for MX_FREERTOS_Init
    main.o(.text.main) refers to cmsis_os2.o(.text.osKernelStart) for osKernelStart
    main.o(.ARM.exidx.text.main) refers to main.o(.text.main) for [Anonymous Symbol]
    main.o(.text.SystemClock_Config) refers to stm32h7xx_hal_pwr_ex.o(.text.HAL_PWREx_ConfigSupply) for HAL_PWREx_ConfigSupply
[...]
    _ll_udiv                                 0x080003b5   Thumb Code   240  lludivv7m.o(.text)
    __aeabi_ldivmod                          0x080004a5   Thumb Code     0  llsdiv.o(.text)
    _ll_sdiv                                 0x080004a5   Thumb Code   116  llsdiv.o(.text)
    __aeabi_memcpy                           0x08000519   Thumb Code     0  rt_memcpy_v6.o(.text)
    __rt_memcpy                              0x08000519   Thumb Code   138  rt_memcpy_v6.o(.text)
    _memcpy_lastbytes                        0x0800057f   Thumb Code     0  rt_memcpy_v6.o(.text)
    __aeabi_memset4                          0x080005a3   Thumb Code    16  aeabi_memset4.o(.text)
    __aeabi_memset8                          0x080005a3   Thumb Code     0  aeabi_memset4.o(.text)
    __aeabi_memclr                           0x080005b3   Thumb Code     0  rt_memclr.o(.text)
    __rt_memclr                              0x080005b3   Thumb Code     0  rt_memclr.o(.text)
    _memset                                  0x080005b7   Thumb Code    64  rt_memclr.o(.text)
    __aeabi_memclr4                          0x080005f7   Thumb Code     0  rt_memclr_w.o(.text)
    __aeabi_memclr8                          0x080005f7   Thumb Code     0  rt_memclr_w.o(.text)
    __rt_memclr_w                            0x080005f7   Thumb Code     0  rt_memclr_w.o(.text)
    _memset_w                                0x080005fb   Thumb Code    74  rt_memclr_w.o(.text)
    __use_two_region_memory                  0x08000645   Thumb Code     2  heapauxi.o(.text)
    __rt_heap_escrow$2region                 0x08000647   Thumb Code     2  heapauxi.o(.text)
    __rt_heap_expand$2region                 0x08000649   Thumb Code     2  heapauxi.o(.text)
    __aeabi_memcpy4                          0x0800064b   Thumb Code     0  rt_memcpy_w.o(.text)
    __aeabi_memcpy8                          0x0800064b   Thumb Code     0  rt_memcpy_w.o(.text)
    __rt_memcpy_w                            0x0800064b   Thumb Code   100  rt_memcpy_w.o(.text)
    _memcpy_lastbytes_aligned                0x08000693   Thumb Code     0  rt_memcpy_w.o(.text)
    __user_setup_stackheap                   0x080006af   Thumb Code    74  sys_stackheap_outer.o(.text)
    exit                                     0x080006f9   Thumb Code    18  exit.o(.text)
    __user_libspace                          0x0800070d   Thumb Code     8  libspace.o(.text)
    __user_perproc_libspace                  0x0800070d   Thumb Code     0  libspace.o(.text)
    __user_perthread_libspace                0x0800070d   Thumb Code     0  libspace.o(.text)
    _sys_exit                                0x08000715   Thumb Code     8  sys_exit.o(.text)
    __I$use$semihosting                      0x08000721   Thumb Code     0  use_no_semi.o(.text)
    __use_no_semihosting_swi                 0x08000721   Thumb Code     2  use_no_semi.o(.text)
    __semihosting_library_function           0x08000723   Thumb Code     0  indicate_semi.o(.text)
    BusFault_Handler                         0x08000729   Thumb Code     2  stm32h7xx_it.o(.text.BusFault_Handler)
    C610_Init                                0x08000731   Thumb Code   440  c610_2006.o(.text.C610_Init)
    C610_Run                                 0x080008e9   Thumb Code   640  c610_2006.o(.text.C610_Run)
    Chassis_Init                             0x08000b69   Thumb Code   188  chassis_main.o(.text.Chassis_Init)
    Chassis_Run1ms                           0x08000c29   Thumb Code   332  chassis_main.o(.text.Chassis_Run1ms)
    DMA1_Stream0_IRQHandler                  0x08000d79   Thumb Code    12  stm32h7xx_it.o(.text.DMA1_Stream0_IRQHandler)
    DMA1_Stream1_IRQHandler                  0x08000d89   Thumb Code    12  stm32h7xx_it.o(.text.DMA1_Stream1_IRQHandler)
    DMA1_Stream2_IRQHandler                  0x08000d99   Thumb Code    12  stm32h7xx_it.o(.text.DMA1_Stream2_IRQHandler)
    DMA1_Stream3_IRQHandler                  0x08000da9   Thumb Code    12  stm32h7xx_it.o(.text.DMA1_Stream3_IRQHandler)
    DebugMon_Handler                         0x08000ee9   Thumb Code     2  stm32h7xx_it.o(.text.DebugMon_Handler)
    DmApp_Enable                             0x08000ef1   Thumb Code   144  dm_app.o(.text.DmApp_Enable)
    DmApp_GetStatus                          0x08000f81   Thumb Code   272  dm_app.o(.text.DmApp_GetStatus)
    DmApp_Init                               0x08001091   Thumb Code   756  dm_app.o(.text.DmApp_Init)
    DmApp_Restart                            0x08001389   Thumb Code   162  dm_app.o(.text.DmApp_Restart)
    DmApp_Run                                0x08001431   Thumb Code   288  dm_app.o(.text.DmApp_Run)
    DmApp_SetMitCmd                          0x08001551   Thumb Code   380  dm_app.o(.text.DmApp_SetMitCmd)
    DmMotor_BuildDisable                     0x080016d1   Thumb Code    64  dm_motor.o(.text.DmMotor_BuildDisable)
    DmMotor_BuildEnable                      0x08001711   Thumb Code    64  dm_motor.o(.text.DmMotor_BuildEnable)
    DmMotor_BuildMit                         0x08001751   Thumb Code   628  dm_motor.o(.text.DmMotor_BuildMit)
    DmMotor_GetState                         0x080019c9   Thumb Code   208  dm_motor.o(.text.DmMotor_GetState)
    DmMotor_Init                             0x08001a99   Thumb Code    76  dm_motor.o(.text.DmMotor_Init)
    DmMotor_Parse                            0x08001ae9   Thumb Code   244  dm_motor.o(.text.DmMotor_Parse)
    Error_Handler                            0x08001be1   Thumb Code     6  main.o(.text.Error_Handler)
    ExitRun0Mode                             0x08001be9   Thumb Code    44  system_stm32h7xx.o(.text.ExitRun0Mode)
    FDCAN1_IT0_IRQHandler                    0x08001c19   Thumb Code    12  stm32h7xx_it.o(.text.FDCAN1_IT0_IRQHandler)
    FDCAN2_IT0_IRQHandler                    0x08001c29   Thumb Code    12  stm32h7xx_it.o(.text.FDCAN2_IT0_IRQHandler)
    FDCAN3_IT0_IRQHandler                    0x08001c39   Thumb Code    12  stm32h7xx_it.o(.text.FDCAN3_IT0_IRQHandler)
    Fdcan_GetRsBus                           0x08001c49   Thumb Code    26  fdcan_task.o(.text.Fdcan_GetRsBus)
    Fdcan_GetStdBus                          0x08001c69   Thumb Code    26  fdcan_task.o(.text.Fdcan_GetStdBus)
    Fdcan_HandleErrorIsr                     0x08001c89   Thumb Code    26  fdcan_task.o(.text.Fdcan_HandleErrorIsr)
    Fdcan_HandleRxIsr                        0x08001ca9   Thumb Code    52  fdcan_task.o(.text.Fdcan_HandleRxIsr)
    Fdcan_Init                               0x08001ce1   Thumb Code   112  fdcan_task.o(.text.Fdcan_Init)
    Fdcan_Run1ms                             0x08001d51   Thumb Code    46  fdcan_task.o(.text.Fdcan_Run1ms)
    Fdcan_Stop                               0x08001d81   Thumb Code    48  fdcan_task.o(.text.Fdcan_Stop)
    HAL_DMA_Abort                            0x08001db1   Thumb Code  1326  stm32h7xx_hal_dma.o(.text.HAL_DMA_Abort)
    HAL_DMA_Abort_IT                         0x080022e1   Thumb Code   698  stm32h7xx_hal_dma.o(.text.HAL_DMA_Abort_IT)
    HAL_DMA_IRQHandler                       0x080025a1   Thumb Code  2104  stm32h7xx_hal_dma.o(.text.HAL_DMA_IRQHandler)
    HAL_DMA_Init                             0x08002dd9   Thumb Code  1662  stm32h7xx_hal_dma.o(.text.HAL_DMA_Init)
    HAL_FDCAN_ActivateNotification           0x08003459   Thumb Code   140  stm32h7xx_hal_fdcan.o(.text.HAL_FDCAN_ActivateNotification)
    HAL_FDCAN_AddMessageToTxFifoQ            0x080034e9   Thumb Code   238  stm32h7xx_hal_fdcan.o(.text.HAL_FDCAN_AddMessageToTxFifoQ)
    HAL_FDCAN_ClockCalibrationCallback       0x080035d9   Thumb Code     2  stm32h7xx_hal_fdcan.o(.text.HAL_FDCAN_ClockCalibrationCallback)
    HAL_FDCAN_ConfigFilter                   0x080035e1   Thumb Code   140  stm32h7xx_hal_fdcan.o(.text.HAL_FDCAN_ConfigFilter)
    HAL_FDCAN_ConfigGlobalFilter             0x08003671   Thumb Code    56  stm32h7xx_hal_fdcan.o(.text.HAL_FDCAN_ConfigGlobalFilter)
    HAL_FDCAN_ConfigRxFifoOverwrite          0x080036a9   Thumb Code    72  stm32h7xx_hal_fdcan.o(.text.HAL_FDCAN_ConfigRxFifoOverwrite)
    HAL_FDCAN_ErrorCallback                  0x080036f1   Thumb Code     2  stm32h7xx_hal_fdcan.o(.text.HAL_FDCAN_ErrorCallback)
    HAL_FDCAN_ErrorStatusCallback            0x080036f9   Thumb Code     4  fdcan.o(.text.HAL_FDCAN_ErrorStatusCallback)
    HAL_FDCAN_GetProtocolStatus              0x08003701   Thumb Code    74  stm32h7xx_hal_fdcan.o(.text.HAL_FDCAN_GetProtocolStatus)
    HAL_FDCAN_GetRxFifoFillLevel             0x08003751   Thumb Code    18  stm32h7xx_hal_fdcan.o(.text.HAL_FDCAN_GetRxFifoFillLevel)
    HAL_FDCAN_GetRxMessage                   0x08003769   Thumb Code   530  stm32h7xx_hal_fdcan.o(.text.HAL_FDCAN_GetRxMessage)
    HAL_FDCAN_GetTxFifoFreeLevel             0x08003981   Thumb Code    12  stm32h7xx_hal_fdcan.o(.text.HAL_FDCAN_GetTxFifoFreeLevel)
    HAL_FDCAN_HighPriorityMessageCallback    0x08003991   Thumb Code     2  stm32h7xx_hal_fdcan.o(.text.HAL_FDCAN_HighPriorityMessageCallback)
    HAL_FDCAN_IRQHandler                     0x08003999   Thumb Code   790  stm32h7xx_hal_fdcan.o(.text.HAL_FDCAN_IRQHandler)
    HAL_FDCAN_Init                           0x08003cb1   Thumb Code  1024  stm32h7xx_hal_fdcan.o(.text.HAL_FDCAN_Init)
    HAL_FDCAN_MspInit                        0x080040b1   Thumb Code   350  fdcan.o(.text.HAL_FDCAN_MspInit)
    HAL_FDCAN_RxBufferNewMessageCallback     0x08004211   Thumb Code     2  stm32h7xx_hal_fdcan.o(.text.HAL_FDCAN_RxBufferNewMessageCallback)
    HAL_FDCAN_RxFifo0Callback                0x08004219   Thumb Code     4  fdcan.o(.text.HAL_FDCAN_RxFifo0Callback)
    HAL_FDCAN_RxFifo1Callback                0x08004221   Thumb Code     2  stm32h7xx_hal_fdcan.o(.text.HAL_FDCAN_RxFifo1Callback)
    HAL_FDCAN_Start                          0x08004229   Thumb Code    52  stm32h7xx_hal_fdcan.o(.text.HAL_FDCAN_Start)
    HAL_FDCAN_Stop                           0x08004261   Thumb Code   898  stm32h7xx_hal_fdcan.o(.text.HAL_FDCAN_Stop)
    HAL_FDCAN_TT_GlobalTimeCallback          0x080045e9   Thumb Code     2  stm32h7xx_hal_fdcan.o(.text.HAL_FDCAN_TT_GlobalTimeCallback)
    HAL_FDCAN_TT_ScheduleSyncCallback        0x080045f1   Thumb Code     2  stm32h7xx_hal_fdcan.o(.text.HAL_FDCAN_TT_ScheduleSyncCallback)
    HAL_FDCAN_TT_StopWatchCallback           0x080045f9   Thumb Code     2  stm32h7xx_hal_fdcan.o(.text.HAL_FDCAN_TT_StopWatchCallback)
    HAL_FDCAN_TT_TimeMarkCallback            0x08004601   Thumb Code     2  stm32h7xx_hal_fdcan.o(.text.HAL_FDCAN_TT_TimeMarkCallback)
    HAL_FDCAN_TimeoutOccurredCallback        0x08004609   Thumb Code     2  stm32h7xx_hal_fdcan.o(.text.HAL_FDCAN_TimeoutOccurredCallback)
    HAL_FDCAN_TimestampWraparoundCallback    0x08004611   Thumb Code     2  stm32h7xx_hal_fdcan.o(.text.HAL_FDCAN_TimestampWraparoundCallback)
    HAL_FDCAN_TxBufferAbortCallback          0x08004619   Thumb Code     2  stm32h7xx_hal_fdcan.o(.text.HAL_FDCAN_TxBufferAbortCallback)
    HAL_FDCAN_TxBufferCompleteCallback       0x08004621   Thumb Code     2  stm32h7xx_hal_fdcan.o(.text.HAL_FDCAN_TxBufferCompleteCallback)
    HAL_FDCAN_TxEventFifoCallback            0x08004629   Thumb Code     2  stm32h7xx_hal_fdcan.o(.text.HAL_FDCAN_TxEventFifoCallback)
    HAL_FDCAN_TxFifoEmptyCallback            0x08004631   Thumb Code     2  stm32h7xx_hal_fdcan.o(.text.HAL_FDCAN_TxFifoEmptyCallback)
    HAL_GPIO_Init                            0x08004639   Thumb Code   502  stm32h7xx_hal_gpio.o(.text.HAL_GPIO_Init)
    HAL_GetTick                              0x08004831   Thumb Code    12  stm32h7xx_hal.o(.text.HAL_GetTick)
    HAL_IncTick                              0x08004841   Thumb Code    26  stm32h7xx_hal.o(.text.HAL_IncTick)
    HAL_Init                                 0x08004861   Thumb Code   100  stm32h7xx_hal.o(.text.HAL_Init)
    HAL_InitTick                             0x080048c9   Thumb Code   164  stm32h7xx_hal_timebase_tim.o(.text.HAL_InitTick)
    HAL_MPU_ConfigRegion                     0x08004971   Thumb Code    94  stm32h7xx_hal_cortex.o(.text.HAL_MPU_ConfigRegion)
    HAL_MPU_Disable                          0x080049d1   Thumb Code    26  stm32h7xx_hal_cortex.o(.text.HAL_MPU_Disable)
    HAL_MPU_Enable                           0x080049f1   Thumb Code    32  stm32h7xx_hal_cortex.o(.text.HAL_MPU_Enable)
    HAL_MspInit                              0x08004a11   Thumb Code    42  stm32h7xx_hal_msp.o(.text.HAL_MspInit)
    HAL_NVIC_EnableIRQ                       0x08004a41   Thumb Code    32  stm32h7xx_hal_cortex.o(.text.HAL_NVIC_EnableIRQ)
    HAL_NVIC_SetPriority                     0x08004a61   Thumb Code    92  stm32h7xx_hal_cortex.o(.text.HAL_NVIC_SetPriority)
    HAL_NVIC_SetPriorityGrouping             0x08004ac1   Thumb Code    32  stm32h7xx_hal_cortex.o(.text.HAL_NVIC_SetPriorityGrouping)
    HAL_PWREx_ConfigSupply                   0x08004ae1   Thumb Code    76  stm32h7xx_hal_pwr_ex.o(.text.HAL_PWREx_ConfigSupply)
    HAL_RCCEx_GetD3PCLK1Freq                 0x08004b31   Thumb Code    38  stm32h7xx_hal_rcc_ex.o(.text.HAL_RCCEx_GetD3PCLK1Freq)
    HAL_RCCEx_GetPLL2ClockFreq               0x08004b59   Thumb Code   300  stm32h7xx_hal_rcc_ex.o(.text.HAL_RCCEx_GetPLL2ClockFreq)
    HAL_RCCEx_GetPLL3ClockFreq               0x08004c89   Thumb Code   300  stm32h7xx_hal_rcc_ex.o(.text.HAL_RCCEx_GetPLL3ClockFreq)
    HAL_RCCEx_PeriphCLKConfig                0x08004db9   Thumb Code  2728  stm32h7xx_hal_rcc_ex.o(.text.HAL_RCCEx_PeriphCLKConfig)
    HAL_RCC_ClockConfig                      0x08005861   Thumb Code   616  stm32h7xx_hal_rcc.o(.text.HAL_RCC_ClockConfig)
    HAL_RCC_GetClockConfig                   0x08005ac9   Thumb Code    88  stm32h7xx_hal_rcc.o(.text.HAL_RCC_GetClockConfig)
    HAL_RCC_GetHCLKFreq                      0x08005b21   Thumb Code    76  stm32h7xx_hal_rcc.o(.text.HAL_RCC_GetHCLKFreq)
    HAL_RCC_GetPCLK1Freq                     0x08005b71   Thumb Code    96  stm32h7xx_hal_rcc.o(.text.HAL_RCC_GetPCLK1Freq)
    HAL_RCC_GetPCLK2Freq                     0x08005bd1   Thumb Code    96  stm32h7xx_hal_rcc.o(.text.HAL_RCC_GetPCLK2Freq)
    HAL_RCC_GetSysClockFreq                  0x08005c31   Thumb Code   276  stm32h7xx_hal_rcc.o(.text.HAL_RCC_GetSysClockFreq)
    HAL_RCC_OscConfig                        0x08005d49   Thumb Code  1304  stm32h7xx_hal_rcc.o(.text.HAL_RCC_OscConfig)
    HAL_TIMEx_Break2Callback                 0x08006261   Thumb Code     2  stm32h7xx_hal_tim_ex.o(.text.HAL_TIMEx_Break2Callback)
    HAL_TIMEx_BreakCallback                  0x08006269   Thumb Code     2  stm32h7xx_hal_tim_ex.o(.text.HAL_TIMEx_BreakCallback)
    HAL_TIMEx_CommutCallback                 0x08006271   Thumb Code     2  stm32h7xx_hal_tim_ex.o(.text.HAL_TIMEx_CommutCallback)
    HAL_TIM_Base_Init                        0x08006279   Thumb Code    96  stm32h7xx_hal_tim.o(.text.HAL_TIM_Base_Init)
    HAL_TIM_Base_MspInit                     0x080062d9   Thumb Code     2  stm32h7xx_hal_tim.o(.text.HAL_TIM_Base_MspInit)
    HAL_TIM_Base_Start_IT                    0x080062e1   Thumb Code   220  stm32h7xx_hal_tim.o(.text.HAL_TIM_Base_Start_IT)
    HAL_TIM_IC_CaptureCallback               0x080063c1   Thumb Code     2  stm32h7xx_hal_tim.o(.text.HAL_TIM_IC_CaptureCallback)
    HAL_TIM_IRQHandler                       0x080063c9   Thumb Code   364  stm32h7xx_hal_tim.o(.text.HAL_TIM_IRQHandler)
    HAL_TIM_OC_DelayElapsedCallback          0x08006539   Thumb Code     2  stm32h7xx_hal_tim.o(.text.HAL_TIM_OC_DelayElapsedCallback)
    HAL_TIM_PWM_PulseFinishedCallback        0x08006541   Thumb Code     2  stm32h7xx_hal_tim.o(.text.HAL_TIM_PWM_PulseFinishedCallback)
    HAL_TIM_PeriodElapsedCallback            0x08006549   Thumb Code    20  main.o(.text.HAL_TIM_PeriodElapsedCallback)
    HAL_TIM_TriggerCallback                  0x08006561   Thumb Code     2  stm32h7xx_hal_tim.o(.text.HAL_TIM_TriggerCallback)
    HAL_UARTEx_DisableFifoMode               0x08006569   Thumb Code    54  stm32h7xx_hal_uart_ex.o(.text.HAL_UARTEx_DisableFifoMode)
    HAL_UARTEx_RxEventCallback               0x080065a1   Thumb Code     2  stm32h7xx_hal_uart.o(.text.HAL_UARTEx_RxEventCallback)
    HAL_UARTEx_RxFifoFullCallback            0x080065a9   Thumb Code     2  stm32h7xx_hal_uart_ex.o(.text.HAL_UARTEx_RxFifoFullCallback)
    HAL_UARTEx_SetRxFifoThreshold            0x080065b1   Thumb Code   144  stm32h7xx_hal_uart_ex.o(.text.HAL_UARTEx_SetRxFifoThreshold)
    HAL_UARTEx_SetTxFifoThreshold            0x08006641   Thumb Code   144  stm32h7xx_hal_uart_ex.o(.text.HAL_UARTEx_SetTxFifoThreshold)
    HAL_UARTEx_TxFifoEmptyCallback           0x080066d1   Thumb Code     2  stm32h7xx_hal_uart_ex.o(.text.HAL_UARTEx_TxFifoEmptyCallback)
    HAL_UARTEx_WakeupCallback                0x080066d9   Thumb Code     2  stm32h7xx_hal_uart_ex.o(.text.HAL_UARTEx_WakeupCallback)
    HAL_UART_ErrorCallback                   0x080066e1   Thumb Code     2  stm32h7xx_hal_uart.o(.text.HAL_UART_ErrorCallback)
    HAL_UART_IRQHandler                      0x080066e9   Thumb Code  1670  stm32h7xx_hal_uart.o(.text.HAL_UART_IRQHandler)
    HAL_UART_Init                            0x08006d71   Thumb Code   104  stm32h7xx_hal_uart.o(.text.HAL_UART_Init)
    HAL_UART_MspInit                         0x08006dd9   Thumb Code   514  usart.o(.text.HAL_UART_MspInit)
    HAL_UART_TxCpltCallback                  0x08006fe1   Thumb Code     2  stm32h7xx_hal_uart.o(.text.HAL_UART_TxCpltCallback)
    HardFault_Handler                        0x08006fe9   Thumb Code     2  stm32h7xx_it.o(.text.HardFault_Handler)
    MX_DMA_Init                              0x08006ff1   Thumb Code   100  dma.o(.text.MX_DMA_Init)
    MX_FDCAN1_Init                           0x08007059   Thumb Code   106  fdcan.o(.text.MX_FDCAN1_Init)
    MX_FDCAN2_Init                           0x080070c9   Thumb Code   108  fdcan.o(.text.MX_FDCAN2_Init)
    MX_FDCAN3_Init                           0x08007139   Thumb Code   110  fdcan.o(.text.MX_FDCAN3_Init)
    MX_FREERTOS_Init                         0x080071a9   Thumb Code    84  freertos.o(.text.MX_FREERTOS_Init)
    MX_GPIO_Init                             0x08007201   Thumb Code    86  gpio.o(.text.MX_GPIO_Init)
    MX_USART1_UART_Init                      0x08007259   Thumb Code   124  usart.o(.text.MX_USART1_UART_Init)
    MX_USART2_UART_Init                      0x080072d9   Thumb Code   128  usart.o(.text.MX_USART2_UART_Init)
    MemManage_Handler                        0x08007359   Thumb Code     2  stm32h7xx_it.o(.text.MemManage_Handler)
    NMI_Handler                              0x08007361   Thumb Code     2  stm32h7xx_it.o(.text.NMI_Handler)
    PendSV_Handler                           0x08007371   Thumb Code   100  port.o(.text.PendSV_Handler)
    RsApp_Enable                             0x08007629   Thumb Code   126  rs_app.o(.text.RsApp_Enable)
    RsApp_GetStatus                          0x080076a9   Thumb Code   268  rs_app.o(.text.RsApp_GetStatus)
    RsApp_Init                               0x080077b9   Thumb Code   690  rs_app.o(.text.RsApp_Init)
    RsApp_Restart                            0x08007a71   Thumb Code   140  rs_app.o(.text.RsApp_Restart)
    RsApp_Run                                0x08007b01   Thumb Code   376  rs_app.o(.text.RsApp_Run)
    RsApp_SetCmd                             0x08007c79   Thumb Code   154  rs_app.o(.text.RsApp_SetCmd)
    RsBus_HandleRxIsr                        0x08007d19   Thumb Code   150  rs_bus.o(.text.RsBus_HandleRxIsr)
    RsBus_Init                               0x08007db1   Thumb Code   154  rs_bus.o(.text.RsBus_Init)
    RsBus_ProcessRx                          0x08007e51   Thumb Code   102  rs_bus.o(.text.RsBus_ProcessRx)
    RsBus_Send                               0x08007eb9   Thumb Code    98  rs_bus.o(.text.RsBus_Send)
    RsBus_SetHandler                         0x08007f21   Thumb Code    32  rs_bus.o(.text.RsBus_SetHandler)
    RsBus_Stop                               0x08007f41   Thumb Code    30  rs_bus.o(.text.RsBus_Stop)
    RsMotor_GetFeedback                      0x08007f61   Thumb Code    60  rs00.o(.text.RsMotor_GetFeedback)
    RsMotor_Init                             0x08007fa1   Thumb Code    56  rs00.o(.text.RsMotor_Init)
    RsMotor_Parse                            0x08007fd9   Thumb Code   332  rs00.o(.text.RsMotor_Parse)
    RsMotor_SetCsp                           0x08008129   Thumb Code   324  rs00.o(.text.RsMotor_SetCsp)
    RsMotor_SetIq                            0x08008271   Thumb Code   188  rs00.o(.text.RsMotor_SetIq)
    RsMotor_SetMotion                        0x08008331   Thumb Code   572  rs00.o(.text.RsMotor_SetMotion)
    RsMotor_SetPp                            0x08008571   Thumb Code   316  rs00.o(.text.RsMotor_SetPp)
    RsMotor_SetSpeed                         0x080086b1   Thumb Code   424  rs00.o(.text.RsMotor_SetSpeed)
    RsMotor_Start                            0x08008859   Thumb Code   312  rs00.o(.text.RsMotor_Start)
    RsMotor_Stop                             0x08008991   Thumb Code    86  rs00.o(.text.RsMotor_Stop)
    SVC_Handler                              0x080089f1   Thumb Code    36  port.o(.text.SVC_Handler)
    StartChassisTask                         0x08008a19   Thumb Code    42  freertos.o(.text.StartChassisTask)
    StartCommTask                            0x08008a49   Thumb Code    12  freertos.o(.text.StartCommTask)
    StartLiftTask                            0x08008a59   Thumb Code    42  freertos.o(.text.StartLiftTask)
    StdCan_AddHandler                        0x08008a89   Thumb Code   164  dm_2006_bus.o(.text.StdCan_AddHandler)
    StdCan_HandleErrorIsr                    0x08008b31   Thumb Code    54  dm_2006_bus.o(.text.StdCan_HandleErrorIsr)
    StdCan_HandleRxIsr                       0x08008b69   Thumb Code   180  dm_2006_bus.o(.text.StdCan_HandleRxIsr)
    StdCan_Init                              0x08008c21   Thumb Code   352  dm_2006_bus.o(.text.StdCan_Init)
    StdCan_ProcessRx                         0x08008d81   Thumb Code   140  dm_2006_bus.o(.text.StdCan_ProcessRx)
    StdCan_Send                              0x08008e11   Thumb Code   116  dm_2006_bus.o(.text.StdCan_Send)
    StdCan_Stop                              0x08008e89   Thumb Code    30  dm_2006_bus.o(.text.StdCan_Stop)
    SysTick_Handler                          0x08008ea9   Thumb Code    30  cmsis_os2.o(.text.SysTick_Handler)
    SystemClock_Config                       0x08008ec9   Thumb Code   200  main.o(.text.SystemClock_Config)
    SystemInit                               0x08008f91   Thumb Code   210  system_stm32h7xx.o(.text.SystemInit)
    TIM6_DAC_IRQHandler                      0x08009069   Thumb Code    12  stm32h7xx_it.o(.text.TIM6_DAC_IRQHandler)
    TIM_Base_SetConfig                       0x08009079   Thumb Code   376  stm32h7xx_hal_tim.o(.text.TIM_Base_SetConfig)
    UART_AdvFeatureConfig                    0x080091f1   Thumb Code   224  stm32h7xx_hal_uart.o(.text.UART_AdvFeatureConfig)
    UART_CheckIdleState                      0x080092d1   Thumb Code   374  stm32h7xx_hal_uart.o(.text.UART_CheckIdleState)
    UART_SetConfig                           0x08009451   Thumb Code  1228  stm32h7xx_hal_uart.o(.text.UART_SetConfig)
    UART_WaitOnFlagUntilTimeout              0x08009929   Thumb Code   856  stm32h7xx_hal_uart.o(.text.UART_WaitOnFlagUntilTimeout)
    USART1_IRQHandler                        0x08009c81   Thumb Code    12  stm32h7xx_it.o(.text.USART1_IRQHandler)
    USART2_IRQHandler                        0x08009c91   Thumb Code    12  stm32h7xx_it.o(.text.USART2_IRQHandler)
    Up_HomeMotors                            0x08009ca1   Thumb Code   616  up_main.o(.text.Up_HomeMotors)
    Up_Init                                  0x08009f09   Thumb Code   168  up_main.o(.text.Up_Init)
    Up_Run1ms                                0x08009fb1   Thumb Code   908  up_main.o(.text.Up_Run1ms)
    UsageFault_Handler                       0x0800a341   Thumb Code     2  stm32h7xx_it.o(.text.UsageFault_Handler)
    VescCan_Init                             0x0800a349   Thumb Code   134  vesc_can.o(.text.VescCan_Init)
    VescCan_Read                             0x0800a3d1   Thumb Code   104  vesc_can.o(.text.VescCan_Read)
    VescCan_Recover                          0x0800a439   Thumb Code   128  vesc_can.o(.text.VescCan_Recover)
    VescCan_Send                             0x0800a4b9   Thumb Code   240  vesc_can.o(.text.VescCan_Send)
    VescCan_Stop                             0x0800a5d1   Thumb Code    28  vesc_can.o(.text.VescCan_Stop)
    VescMotor_Init                           0x0800a5f1   Thumb Code    98  vesc_motor.o(.text.VescMotor_Init)
    VescMotor_Parse                          0x0800a659   Thumb Code   168  vesc_motor.o(.text.VescMotor_Parse)
    VescMotor_SendRpm                        0x0800a701   Thumb Code    98  vesc_motor.o(.text.VescMotor_SendRpm)
    VescMotor_SetRpm                         0x0800a769   Thumb Code    80  vesc_motor.o(.text.VescMotor_SetRpm)
    VescMotor_Update                         0x0800a7b9   Thumb Code    22  vesc_motor.o(.text.VescMotor_Update)
    main                                     0x0800ab31   Thumb Code   202  main.o(.text.main)
    osDelay                                  0x0800ac01   Thumb Code    64  cmsis_os2.o(.text.osDelay)
    osDelayUntil                             0x0800ac41   Thumb Code    92  cmsis_os2.o(.text.osDelayUntil)
    osKernelGetTickCount                     0x0800aca1   Thumb Code    50  cmsis_os2.o(.text.osKernelGetTickCount)
    osKernelInitialize                       0x0800acd9   Thumb Code    78  cmsis_os2.o(.text.osKernelInitialize)
    osKernelStart                            0x0800ad29   Thumb Code    94  cmsis_os2.o(.text.osKernelStart)
    osThreadNew                              0x0800ad89   Thumb Code   204  cmsis_os2.o(.text.osThreadNew)
    pvPortMalloc                             0x0800b761   Thumb Code   478  heap_4.o(.text.pvPortMalloc)
    pxPortInitialiseStack                    0x0800b941   Thumb Code    44  port.o(.text.pxPortInitialiseStack)
    uxListRemove                             0x0800b9a1   Thumb Code    42  list.o(.text.uxListRemove)
    vApplicationGetIdleTaskMemory            0x0800b9d1   Thumb Code    28  cmsis_os2.o(.text.vApplicationGetIdleTaskMemory)
    vApplicationGetTimerTaskMemory           0x0800b9f1   Thumb Code    28  cmsis_os2.o(.text.vApplicationGetTimerTaskMemory)
    vApplicationMallocFailedHook             0x0800ba11   Thumb Code     2  freertos.o(.text.vApplicationMallocFailedHook)
    vApplicationStackOverflowHook            0x0800ba19   Thumb Code     2  freertos.o(.text.vApplicationStackOverflowHook)
    vListInitialise                          0x0800ba21   Thumb Code    22  list.o(.text.vListInitialise)
    vListInitialiseItem                      0x0800ba39   Thumb Code     6  list.o(.text.vListInitialiseItem)
    vListInsert                              0x0800ba41   Thumb Code    98  list.o(.text.vListInsert)
    vPortEnterCritical                       0x0800bac1   Thumb Code    74  port.o(.text.vPortEnterCritical)
    vPortExitCritical                        0x0800bb11   Thumb Code    46  port.o(.text.vPortExitCritical)
    vPortFree                                0x0800bb41   Thumb Code   216  heap_4.o(.text.vPortFree)
    vPortSetupTimerInterrupt                 0x0800bc19   Thumb Code    52  port.o(.text.vPortSetupTimerInterrupt)
    vPortValidateInterruptPriority           0x0800bc51   Thumb Code    94  port.o(.text.vPortValidateInterruptPriority)
    vQueueAddToRegistry                      0x0800bcb1   Thumb Code   298  queue.o(.text.vQueueAddToRegistry)
    vQueueWaitForMessageRestricted           0x0800bde1   Thumb Code   100  queue.o(.text.vQueueWaitForMessageRestricted)
    vTaskDelay                               0x0800be49   Thumb Code   150  tasks.o(.text.vTaskDelay)
    vTaskInternalSetTimeOutState             0x0800bee1   Thumb Code    18  tasks.o(.text.vTaskInternalSetTimeOutState)
    vTaskMissedYield                         0x0800bef9   Thumb Code    14  tasks.o(.text.vTaskMissedYield)
    vTaskPlaceOnEventList                    0x0800bf09   Thumb Code    54  tasks.o(.text.vTaskPlaceOnEventList)
    vTaskPlaceOnEventListRestricted          0x0800bf41   Thumb Code   162  tasks.o(.text.vTaskPlaceOnEventListRestricted)
    vTaskStartScheduler                      0x0800bfe9   Thumb Code   252  tasks.o(.text.vTaskStartScheduler)
    vTaskSuspendAll                          0x0800c0f1   Thumb Code    16  tasks.o(.text.vTaskSuspendAll)
    vTaskSwitchContext                       0x0800c101   Thumb Code   228  tasks.o(.text.vTaskSwitchContext)
    xPortStartScheduler                      0x0800c289   Thumb Code   442  port.o(.text.xPortStartScheduler)
    xPortSysTickHandler                      0x0800c449   Thumb Code    46  port.o(.text.xPortSysTickHandler)
    xQueueGenericCreateStatic                0x0800c479   Thumb Code   212  queue.o(.text.xQueueGenericCreateStatic)
    xQueueReceive                            0x0800c551   Thumb Code   446  queue.o(.text.xQueueReceive)
    xTaskCheckForTimeOut                     0x0800c711   Thumb Code   166  tasks.o(.text.xTaskCheckForTimeOut)
    xTaskCreate                              0x0800c7b9   Thumb Code    96  tasks.o(.text.xTaskCreate)
    xTaskCreateStatic                        0x0800c819   Thumb Code   158  tasks.o(.text.xTaskCreateStatic)
    xTaskDelayUntil                          0x0800c8b9   Thumb Code   228  tasks.o(.text.xTaskDelayUntil)
    xTaskGetSchedulerState                   0x0800c9a1   Thumb Code    28  tasks.o(.text.xTaskGetSchedulerState)
    xTaskGetTickCount                        0x0800c9c1   Thumb Code    12  tasks.o(.text.xTaskGetTickCount)
    xTaskGetTickCountFromISR                 0x0800c9d1   Thumb Code    18  tasks.o(.text.xTaskGetTickCountFromISR)
    xTaskIncrementTick                       0x0800c9e9   Thumb Code   382  tasks.o(.text.xTaskIncrementTick)
    xTaskRemoveFromEventList                 0x0800cb69   Thumb Code   240  tasks.o(.text.xTaskRemoveFromEventList)
    xTaskResumeAll                           0x0800cc59   Thumb Code   322  tasks.o(.text.xTaskResumeAll)
    xTimerCreateTimerTask                    0x0800cda1   Thumb Code   172  timers.o(.text.xTimerCreateTimerTask)
    _fp_init                                 0x0800ce55   Thumb Code    26  fpinit.o(x$fpl$fpinit)
    __fplib_config_fpu_vfp                   0x0800ce6d   Thumb Code     0  fpinit.o(x$fpl$fpinit)
    __fplib_config_pureend_doubles           0x0800ce6d   Thumb Code     0  fpinit.o(x$fpl$fpinit)
    D1CorePrescTable                         0x0800cec8   Data          16  system_stm32h7xx.o(.rodata.D1CorePrescTable)
    UARTPrescTable                           0x0800ced8   Data          24  stm32h7xx_hal_uart.o(.rodata.UARTPrescTable)
    chassisTask_attributes                   0x0800cef0   Data          36  freertos.o(.rodata.chassisTask_attributes)
    commTask_attributes                      0x0800cf14   Data          36  freertos.o(.rodata.commTask_attributes)
    liftTask_attributes                      0x0800cf9c   Data          36  freertos.o(.rodata.liftTask_attributes)
    uxTopUsedPriority                        0x0800d094   Data           4  tasks.o(.rodata.uxTopUsedPriority)
    Region$$Table$$Base                      0x0800d098   Number         0  anon$$obj.o(Region$$Table)
    Region$$Table$$Limit                     0x0800d0b8   Number         0  anon$$obj.o(Region$$Table)
    uwTickFreq                               0x24000000   Data           1  stm32h7xx_hal.o(.data..L_MergedGlobals)
    uwTickPrio                               0x24000004   Data           4  stm32h7xx_hal.o(.data..L_MergedGlobals)
    SystemCoreClock                          0x24000008   Data           4  system_stm32h7xx.o(.data..L_MergedGlobals)
    SystemD2Clock                            0x2400000c   Data           4  system_stm32h7xx.o(.data..L_MergedGlobals)
    chassis_target_vx                        0x24000010   Data           2  chassis_main.o(.data.chassis_target_vx)
    __libspace_start                         0x24000018   Data          96  libspace.o(.bss)
    __temporary_stack_top$libspace           0x24000078   Data           0  libspace.o(.bss)
    chassisTaskHandle                        0x24000078   Data           4  freertos.o(.bss..L_MergedGlobals)
    liftTaskHandle                           0x2400007c   Data           4  freertos.o(.bss..L_MergedGlobals)
    commTaskHandle                           0x24000080   Data           4  freertos.o(.bss..L_MergedGlobals)
    chassis_target_vy                        0x240001ca   Data           2  chassis_main.o(.bss..L_MergedGlobals)
    chassis_target_z                         0x240001cc   Data           2  chassis_main.o(.bss..L_MergedGlobals)
    hdma_usart1_rx                           0x24000494   Data         120  usart.o(.bss.hdma_usart1_rx)
    hdma_usart1_tx                           0x2400050c   Data         120  usart.o(.bss.hdma_usart1_tx)
    hdma_usart2_rx                           0x24000584   Data         120  usart.o(.bss.hdma_usart2_rx)
    hdma_usart2_tx                           0x240005fc   Data         120  usart.o(.bss.hdma_usart2_tx)
    hfdcan1                                  0x24000674   Data         160  fdcan.o(.bss.hfdcan1)
    hfdcan2                                  0x24000714   Data         160  fdcan.o(.bss.hfdcan2)
    hfdcan3                                  0x240007b4   Data         160  fdcan.o(.bss.hfdcan3)
    htim6                                    0x24000854   Data          76  stm32h7xx_hal_timebase_tim.o(.bss.htim6)
    huart1                                   0x240008a0   Data         148  usart.o(.bss.huart1)
    huart2                                   0x24000934   Data         148  usart.o(.bss.huart2)
    pxCurrentTCB                             0x24000bf0   Data           4  tasks.o(.bss.pxCurrentTCB)
    uwTick                                   0x2401182c   Data           4  stm32h7xx_hal.o(.bss.uwTick)
    xQueueRegistry                           0x240124e8   Data          64  queue.o(.bss.xQueueRegistry)



==============================================================================

Memory Map of the image

  Image Entry point : 0x080002cd

  Load Region LR_IROM1 (Base: 0x08000000, Size: 0x0000d0d0, Max: 0x00100000, ABSOLUTE)

    Execution Region ER_IROM1 (Exec base: 0x08000000, Load base: 0x08000000, Size: 0x0000d0b8, Max: 0x00100000, ABSOLUTE)

    Exec Addr    Load Addr    Size         Type   Attr      Idx    E Section Name        Object

    0x08000000   0x08000000   0x000002cc   Data   RO            3    RESET               startup_stm32h723xx.o
    0x080002cc   0x080002cc   0x00000008   Code   RO         2661  * !!!main             c_w.l(__main.o)
    0x080002d4   0x080002d4   0x00000034   Code   RO         2838    !!!scatter          c_w.l(__scatter.o)
    0x08000308   0x08000308   0x0000001a   Code   RO         2840    !!handler_copy      c_w.l(__scatter_copy.o)
    0x08000322   0x08000322   0x00000002   PAD
    0x08000324   0x08000324   0x0000001c   Code   RO         2842    !!handler_zi        c_w.l(__scatter_zi.o)
    0x08000340   0x08000340   0x00000002   Code   RO         2700    .ARM.Collect$$libinit$$00000000  c_w.l(libinit.o)
    0x08000342   0x08000342   0x00000004   Code   RO         2712    .ARM.Collect$$libinit$$00000001  c_w.l(libinit2.o)
    0x08000346   0x08000346   0x00000000   Code   RO         2715    .ARM.Collect$$libinit$$00000004  c_w.l(libinit2.o)
    0x08000346   0x08000346   0x00000000   Code   RO         2717    .ARM.Collect$$libinit$$00000006  c_w.l(libinit2.o)
    0x08000346   0x08000346   0x00000000   Code   RO         2720    .ARM.Collect$$libinit$$0000000C  c_w.l(libinit2.o)
    0x08000346   0x08000346   0x00000000   Code   RO         2722    .ARM.Collect$$libinit$$0000000E  c_w.l(libinit2.o)
    0x08000346   0x08000346   0x00000000   Code   RO         2724    .ARM.Collect$$libinit$$00000010  c_w.l(libinit2.o)
    0x08000346   0x08000346   0x00000000   Code   RO         2727    .ARM.Collect$$libinit$$00000013  c_w.l(libinit2.o)
    0x08000346   0x08000346   0x00000000   Code   RO         2729    .ARM.Collect$$libinit$$00000015  c_w.l(libinit2.o)
    0x08000346   0x08000346   0x00000000   Code   RO         2731    .ARM.Collect$$libinit$$00000017  c_w.l(libinit2.o)
    0x08000346   0x08000346   0x00000000   Code   RO         2733    .ARM.Collect$$libinit$$00000019  c_w.l(libinit2.o)
    0x08000346   0x08000346   0x00000000   Code   RO         2735    .ARM.Collect$$libinit$$0000001B  c_w.l(libinit2.o)
    0x08000346   0x08000346   0x00000000   Code   RO         2737    .ARM.Collect$$libinit$$0000001D  c_w.l(libinit2.o)
    0x08000346   0x08000346   0x00000000   Code   RO         2739    .ARM.Collect$$libinit$$0000001F  c_w.l(libinit2.o)
    0x08000346   0x08000346   0x00000000   Code   RO         2741    .ARM.Collect$$libinit$$00000021  c_w.l(libinit2.o)
    0x08000346   0x08000346   0x00000000   Code   RO         2743    .ARM.Collect$$libinit$$00000023  c_w.l(libinit2.o)
    0x08000346   0x08000346   0x00000000   Code   RO         2745    .ARM.Collect$$libinit$$00000025  c_w.l(libinit2.o)
    0x08000346   0x08000346   0x00000000   Code   RO         2747    .ARM.Collect$$libinit$$00000027  c_w.l(libinit2.o)
    0x08000346   0x08000346   0x00000000   Code   RO         2751    .ARM.Collect$$libinit$$0000002E  c_w.l(libinit2.o)
    0x08000346   0x08000346   0x00000000   Code   RO         2753    .ARM.Collect$$libinit$$00000030  c_w.l(libinit2.o)
    0x08000346   0x08000346   0x00000000   Code   RO         2755    .ARM.Collect$$libinit$$00000032  c_w.l(libinit2.o)
    0x08000346   0x08000346   0x00000000   Code   RO         2757    .ARM.Collect$$libinit$$00000034  c_w.l(libinit2.o)
    0x08000346   0x08000346   0x00000002   Code   RO         2758    .ARM.Collect$$libinit$$00000035  c_w.l(libinit2.o)
    0x08000348   0x08000348   0x00000002   Code   RO         2793    .ARM.Collect$$libshutdown$$00000000  c_w.l(libshutdown.o)
    0x0800034a   0x0800034a   0x00000000   Code   RO         2821    .ARM.Collect$$libshutdown$$00000002  c_w.l(libshutdown2.o)
    0x0800034a   0x0800034a   0x00000000   Code   RO         2823    .ARM.Collect$$libshutdown$$00000004  c_w.l(libshutdown2.o)
    0x0800034a   0x0800034a   0x00000000   Code   RO         2826    .ARM.Collect$$libshutdown$$00000007  c_w.l(libshutdown2.o)
    0x0800034a   0x0800034a   0x00000000   Code   RO         2829    .ARM.Collect$$libshutdown$$0000000A  c_w.l(libshutdown2.o)
    0x0800034a   0x0800034a   0x00000000   Code   RO         2831    .ARM.Collect$$libshutdown$$0000000C  c_w.l(libshutdown2.o)
    0x0800034a   0x0800034a   0x00000000   Code   RO         2834    .ARM.Collect$$libshutdown$$0000000F  c_w.l(libshutdown2.o)
    0x0800034a   0x0800034a   0x00000002   Code   RO         2835    .ARM.Collect$$libshutdown$$00000010  c_w.l(libshutdown2.o)
    0x0800034c   0x0800034c   0x00000000   Code   RO         2663    .ARM.Collect$$rtentry$$00000000  c_w.l(__rtentry.o)
    0x0800034c   0x0800034c   0x00000000   Code   RO         2671    .ARM.Collect$$rtentry$$00000002  c_w.l(__rtentry2.o)
    0x0800034c   0x0800034c   0x00000006   Code   RO         2683    .ARM.Collect$$rtentry$$00000004  c_w.l(__rtentry4.o)
    0x08000352   0x08000352   0x00000000   Code   RO         2673    .ARM.Collect$$rtentry$$00000009  c_w.l(__rtentry2.o)
    0x08000352   0x08000352   0x00000004   Code   RO         2674    .ARM.Collect$$rtentry$$0000000A  c_w.l(__rtentry2.o)
    0x08000356   0x08000356   0x00000000   Code   RO         2676    .ARM.Collect$$rtentry$$0000000C  c_w.l(__rtentry2.o)
    0x08000356   0x08000356   0x00000008   Code   RO         2677    .ARM.Collect$$rtentry$$0000000D  c_w.l(__rtentry2.o)
    0x0800035e   0x0800035e   0x00000002   Code   RO         2704    .ARM.Collect$$rtexit$$00000000  c_w.l(rtexit.o)
    0x08000360   0x08000360   0x00000000   Code   RO         2764    .ARM.Collect$$rtexit$$00000002  c_w.l(rtexit2.o)
    0x08000360   0x08000360   0x00000004   Code   RO         2765    .ARM.Collect$$rtexit$$00000003  c_w.l(rtexit2.o)
    0x08000364   0x08000364   0x00000006   Code   RO         2766    .ARM.Collect$$rtexit$$00000004  c_w.l(rtexit2.o)
    0x0800036a   0x0800036a   0x00000002   PAD
    0x0800036c   0x0800036c   0x00000048   Code   RO            4    .text               startup_stm32h723xx.o
    0x080003b4   0x080003b4   0x000000f0   Code   RO         2645    .text               c_w.l(lludivv7m.o)
    0x080004a4   0x080004a4   0x00000074   Code   RO         2647    .text               c_w.l(llsdiv.o)
    0x08000518   0x08000518   0x0000008a   Code   RO         2649    .text               c_w.l(rt_memcpy_v6.o)
    0x080005a2   0x080005a2   0x00000010   Code   RO         2653    .text               c_w.l(aeabi_memset4.o)
    0x080005b2   0x080005b2   0x00000044   Code   RO         2655    .text               c_w.l(rt_memclr.o)
    0x080005f6   0x080005f6   0x0000004e   Code   RO         2657    .text               c_w.l(rt_memclr_w.o)
    0x08000644   0x08000644   0x00000006   Code   RO         2659    .text               c_w.l(heapauxi.o)
    0x0800064a   0x0800064a   0x00000064   Code   RO         2668    .text               c_w.l(rt_memcpy_w.o)
    0x080006ae   0x080006ae   0x0000004a   Code   RO         2687    .text               c_w.l(sys_stackheap_outer.o)
    0x080006f8   0x080006f8   0x00000012   Code   RO         2689    .text               c_w.l(exit.o)
    0x0800070a   0x0800070a   0x00000002   PAD
    0x0800070c   0x0800070c   0x00000008   Code   RO         2701    .text               c_w.l(libspace.o)
    0x08000714   0x08000714   0x0000000c   Code   RO         2759    .text               c_w.l(sys_exit.o)
    0x08000720   0x08000720   0x00000002   Code   RO         2782    .text               c_w.l(use_no_semi.o)
    0x08000722   0x08000722   0x00000000   Code   RO         2784    .text               c_w.l(indicate_semi.o)
    0x08000722   0x08000722   0x00000006   PAD
    0x08000728   0x08000728   0x00000002   Code   RO          126    .text.BusFault_Handler  stm32h7xx_it.o
    0x0800072a   0x0800072a   0x00000006   PAD
    0x08000730   0x08000730   0x000001b8   Code   RO         2558    .text.C610_Init     c610_2006.o
    0x080008e8   0x080008e8   0x00000280   Code   RO         2562    .text.C610_Run      c610_2006.o
    0x08000b68   0x08000b68   0x000000bc   Code   RO         2622    .text.Chassis_Init  chassis_main.o
    0x08000c24   0x08000c24   0x00000004   PAD
    0x08000c28   0x08000c28   0x0000014c   Code   RO         2626    .text.Chassis_Run1ms  chassis_main.o
    0x08000d74   0x08000d74   0x00000004   PAD
    0x08000d78   0x08000d78   0x0000000c   Code   RO          132    .text.DMA1_Stream0_IRQHandler  stm32h7xx_it.o
    0x08000d84   0x08000d84   0x00000004   PAD
    0x08000d88   0x08000d88   0x0000000c   Code   RO          134    .text.DMA1_Stream1_IRQHandler  stm32h7xx_it.o
    0x08000d94   0x08000d94   0x00000004   PAD
    0x08000d98   0x08000d98   0x0000000c   Code   RO          136    .text.DMA1_Stream2_IRQHandler  stm32h7xx_it.o
    0x08000da4   0x08000da4   0x00000004   PAD
    0x08000da8   0x08000da8   0x0000000c   Code   RO          138    .text.DMA1_Stream3_IRQHandler  stm32h7xx_it.o
    0x08000db4   0x08000db4   0x00000004   PAD
    0x08000db8   0x08000db8   0x0000012c   Code   RO          783    .text.DMA_CalcBaseAndBitshift  stm32h7xx_hal_dma.o
    0x08000ee4   0x08000ee4   0x00000004   PAD
    0x08000ee8   0x08000ee8   0x00000002   Code   RO          130    .text.DebugMon_Handler  stm32h7xx_it.o
    0x08000eea   0x08000eea   0x00000006   PAD
    0x08000ef0   0x08000ef0   0x00000090   Code   RO         2368    .text.DmApp_Enable  dm_app.o
    0x08000f80   0x08000f80   0x00000110   Code   RO         2376    .text.DmApp_GetStatus  dm_app.o
    0x08001090   0x08001090   0x000002f4   Code   RO         2360    .text.DmApp_Init    dm_app.o
    0x08001384   0x08001384   0x00000004   PAD
    0x08001388   0x08001388   0x000000a2   Code   RO         2370    .text.DmApp_Restart  dm_app.o
    0x0800142a   0x0800142a   0x00000006   PAD
    0x08001430   0x08001430   0x00000120   Code   RO         2364    .text.DmApp_Run     dm_app.o
    0x08001550   0x08001550   0x0000017c   Code   RO         2366    .text.DmApp_SetMitCmd  dm_app.o
    0x080016cc   0x080016cc   0x00000004   PAD
    0x080016d0   0x080016d0   0x00000040   Code   RO         2342    .text.DmMotor_BuildDisable  dm_motor.o
    0x08001710   0x08001710   0x00000040   Code   RO         2340    .text.DmMotor_BuildEnable  dm_motor.o
    0x08001750   0x08001750   0x00000274   Code   RO         2346    .text.DmMotor_BuildMit  dm_motor.o
    0x080019c4   0x080019c4   0x00000004   PAD
    0x080019c8   0x080019c8   0x000000d0   Code   RO         2350    .text.DmMotor_GetState  dm_motor.o
    0x08001a98   0x08001a98   0x0000004c   Code   RO         2336    .text.DmMotor_Init  dm_motor.o
    0x08001ae4   0x08001ae4   0x00000004   PAD
    0x08001ae8   0x08001ae8   0x000000f4   Code   RO         2348    .text.DmMotor_Parse  dm_motor.o
    0x08001bdc   0x08001bdc   0x00000004   PAD
    0x08001be0   0x08001be0   0x00000006   Code   RO           17    .text.Error_Handler  main.o
    0x08001be6   0x08001be6   0x00000002   PAD
    0x08001be8   0x08001be8   0x0000002c   Code   RO         1729    .text.ExitRun0Mode  system_stm32h7xx.o
    0x08001c14   0x08001c14   0x00000004   PAD
    0x08001c18   0x08001c18   0x0000000c   Code   RO          140    .text.FDCAN1_IT0_IRQHandler  stm32h7xx_it.o
    0x08001c24   0x08001c24   0x00000004   PAD
    0x08001c28   0x08001c28   0x0000000c   Code   RO          142    .text.FDCAN2_IT0_IRQHandler  stm32h7xx_it.o
    0x08001c34   0x08001c34   0x00000004   PAD
    0x08001c38   0x08001c38   0x0000000c   Code   RO          150    .text.FDCAN3_IT0_IRQHandler  stm32h7xx_it.o
    0x08001c44   0x08001c44   0x00000004   PAD
    0x08001c48   0x08001c48   0x0000001a   Code   RO         2504    .text.Fdcan_GetRsBus  fdcan_task.o
    0x08001c62   0x08001c62   0x00000006   PAD
    0x08001c68   0x08001c68   0x0000001a   Code   RO         2506    .text.Fdcan_GetStdBus  fdcan_task.o
    0x08001c82   0x08001c82   0x00000006   PAD
    0x08001c88   0x08001c88   0x0000001a   Code   RO         2510    .text.Fdcan_HandleErrorIsr  fdcan_task.o
    0x08001ca2   0x08001ca2   0x00000006   PAD
    0x08001ca8   0x08001ca8   0x00000034   Code   RO         2508    .text.Fdcan_HandleRxIsr  fdcan_task.o
    0x08001cdc   0x08001cdc   0x00000004   PAD
    0x08001ce0   0x08001ce0   0x00000070   Code   RO         2498    .text.Fdcan_Init    fdcan_task.o
    0x08001d50   0x08001d50   0x0000002e   Code   RO         2500    .text.Fdcan_Run1ms  fdcan_task.o
    0x08001d7e   0x08001d7e   0x00000002   PAD
    0x08001d80   0x08001d80   0x00000030   Code   RO         2502    .text.Fdcan_Stop    fdcan_task.o
    0x08001db0   0x08001db0   0x0000052e   Code   RO          793    .text.HAL_DMA_Abort  stm32h7xx_hal_dma.o
    0x080022de   0x080022de   0x00000002   PAD
    0x080022e0   0x080022e0   0x000002ba   Code   RO          795    .text.HAL_DMA_Abort_IT  stm32h7xx_hal_dma.o
    0x0800259a   0x0800259a   0x00000006   PAD
    0x080025a0   0x080025a0   0x00000838   Code   RO          799    .text.HAL_DMA_IRQHandler  stm32h7xx_hal_dma.o
    0x08002dd8   0x08002dd8   0x0000067e   Code   RO          781    .text.HAL_DMA_Init  stm32h7xx_hal_dma.o
    0x08003456   0x08003456   0x00000002   PAD
    0x08003458   0x08003458   0x0000008c   Code   RO         1481    .text.HAL_FDCAN_ActivateNotification  stm32h7xx_hal_fdcan.o
    0x080034e4   0x080034e4   0x00000004   PAD
    0x080034e8   0x080034e8   0x000000ee   Code   RO         1403    .text.HAL_FDCAN_AddMessageToTxFifoQ  stm32h7xx_hal_fdcan.o
    0x080035d6   0x080035d6   0x00000002   PAD
    0x080035d8   0x080035d8   0x00000002   Code   RO         1495    .text.HAL_FDCAN_ClockCalibrationCallback  stm32h7xx_hal_fdcan.o
    0x080035da   0x080035da   0x00000006   PAD
    0x080035e0   0x080035e0   0x0000008c   Code   RO         1355    .text.HAL_FDCAN_ConfigFilter  stm32h7xx_hal_fdcan.o
    0x0800366c   0x0800366c   0x00000004   PAD
    0x08003670   0x08003670   0x00000038   Code   RO         1357    .text.HAL_FDCAN_ConfigGlobalFilter  stm32h7xx_hal_fdcan.o
    0x080036a8   0x080036a8   0x00000048   Code   RO         1361    .text.HAL_FDCAN_ConfigRxFifoOverwrite  stm32h7xx_hal_fdcan.o
    0x080036f0   0x080036f0   0x00000002   Code   RO         1523    .text.HAL_FDCAN_ErrorCallback  stm32h7xx_hal_fdcan.o
    0x080036f2   0x080036f2   0x00000006   PAD
    0x080036f8   0x080036f8   0x00000004   Code   RO           84    .text.HAL_FDCAN_ErrorStatusCallback  fdcan.o
    0x080036fc   0x080036fc   0x00000004   PAD
    0x08003700   0x08003700   0x0000004a   Code   RO         1419    .text.HAL_FDCAN_GetProtocolStatus  stm32h7xx_hal_fdcan.o
    0x0800374a   0x0800374a   0x00000006   PAD
    0x08003750   0x08003750   0x00000012   Code   RO         1427    .text.HAL_FDCAN_GetRxFifoFillLevel  stm32h7xx_hal_fdcan.o
    0x08003762   0x08003762   0x00000006   PAD
    0x08003768   0x08003768   0x00000212   Code   RO         1413    .text.HAL_FDCAN_GetRxMessage  stm32h7xx_hal_fdcan.o
    0x0800397a   0x0800397a   0x00000006   PAD
    0x08003980   0x08003980   0x0000000c   Code   RO         1429    .text.HAL_FDCAN_GetTxFifoFreeLevel  stm32h7xx_hal_fdcan.o
    0x0800398c   0x0800398c   0x00000004   PAD
    0x08003990   0x08003990   0x00000002   Code   RO         1491    .text.HAL_FDCAN_HighPriorityMessageCallback  stm32h7xx_hal_fdcan.o
    0x08003992   0x08003992   0x00000006   PAD
    0x08003998   0x08003998   0x00000316   Code   RO         1489    .text.HAL_FDCAN_IRQHandler  stm32h7xx_hal_fdcan.o
    0x08003cae   0x08003cae   0x00000002   PAD
    0x08003cb0   0x08003cb0   0x00000400   Code   RO         1333    .text.HAL_FDCAN_Init  stm32h7xx_hal_fdcan.o
    0x080040b0   0x080040b0   0x0000015e   Code   RO           78    .text.HAL_FDCAN_MspInit  fdcan.o
    0x0800420e   0x0800420e   0x00000002   PAD
    0x08004210   0x08004210   0x00000002   Code   RO         1507    .text.HAL_FDCAN_RxBufferNewMessageCallback  stm32h7xx_hal_fdcan.o
    0x08004212   0x08004212   0x00000006   PAD
    0x08004218   0x08004218   0x00000004   Code   RO           82    .text.HAL_FDCAN_RxFifo0Callback  fdcan.o
    0x0800421c   0x0800421c   0x00000004   PAD
    0x08004220   0x08004220   0x00000002   Code   RO         1501    .text.HAL_FDCAN_RxFifo1Callback  stm32h7xx_hal_fdcan.o
    0x08004222   0x08004222   0x00000006   PAD
    0x08004228   0x08004228   0x00000034   Code   RO         1401    .text.HAL_FDCAN_Start  stm32h7xx_hal_fdcan.o
    0x0800425c   0x0800425c   0x00000004   PAD
    0x08004260   0x08004260   0x00000382   Code   RO         1339    .text.HAL_FDCAN_Stop  stm32h7xx_hal_fdcan.o
    0x080045e2   0x080045e2   0x00000006   PAD
    0x080045e8   0x080045e8   0x00000002   Code   RO         1521    .text.HAL_FDCAN_TT_GlobalTimeCallback  stm32h7xx_hal_fdcan.o
    0x080045ea   0x080045ea   0x00000006   PAD
    0x080045f0   0x080045f0   0x00000002   Code   RO         1515    .text.HAL_FDCAN_TT_ScheduleSyncCallback  stm32h7xx_hal_fdcan.o
    0x080045f2   0x080045f2   0x00000006   PAD
    0x080045f8   0x080045f8   0x00000002   Code   RO         1519    .text.HAL_FDCAN_TT_StopWatchCallback  stm32h7xx_hal_fdcan.o
    0x080045fa   0x080045fa   0x00000006   PAD
    0x08004600   0x08004600   0x00000002   Code   RO         1517    .text.HAL_FDCAN_TT_TimeMarkCallback  stm32h7xx_hal_fdcan.o
    0x08004602   0x08004602   0x00000006   PAD
    0x08004608   0x08004608   0x00000002   Code   RO         1511    .text.HAL_FDCAN_TimeoutOccurredCallback  stm32h7xx_hal_fdcan.o
    0x0800460a   0x0800460a   0x00000006   PAD
    0x08004610   0x08004610   0x00000002   Code   RO         1509    .text.HAL_FDCAN_TimestampWraparoundCallback  stm32h7xx_hal_fdcan.o
    0x08004612   0x08004612   0x00000006   PAD
    0x08004618   0x08004618   0x00000002   Code   RO         1493    .text.HAL_FDCAN_TxBufferAbortCallback  stm32h7xx_hal_fdcan.o
    0x0800461a   0x0800461a   0x00000006   PAD
    0x08004620   0x08004620   0x00000002   Code   RO         1505    .text.HAL_FDCAN_TxBufferCompleteCallback  stm32h7xx_hal_fdcan.o
    0x08004622   0x08004622   0x00000006   PAD
    0x08004628   0x08004628   0x00000002   Code   RO         1497    .text.HAL_FDCAN_TxEventFifoCallback  stm32h7xx_hal_fdcan.o
    0x0800462a   0x0800462a   0x00000006   PAD
    0x08004630   0x08004630   0x00000002   Code   RO         1503    .text.HAL_FDCAN_TxFifoEmptyCallback  stm32h7xx_hal_fdcan.o
    0x08004632   0x08004632   0x00000006   PAD
    0x08004638   0x08004638   0x000001f6   Code   RO          727    .text.HAL_GPIO_Init  stm32h7xx_hal_gpio.o
    0x0800482e   0x0800482e   0x00000002   PAD
    0x08004830   0x08004830   0x0000000c   Code   RO         1027    .text.HAL_GetTick   stm32h7xx_hal.o
    0x0800483c   0x0800483c   0x00000004   PAD
    0x08004840   0x08004840   0x0000001a   Code   RO         1025    .text.HAL_IncTick   stm32h7xx_hal.o
    0x0800485a   0x0800485a   0x00000006   PAD
    0x08004860   0x08004860   0x00000064   Code   RO         1015    .text.HAL_Init      stm32h7xx_hal.o
    0x080048c4   0x080048c4   0x00000004   PAD
    0x080048c8   0x080048c8   0x000000a4   Code   RO          168    .text.HAL_InitTick  stm32h7xx_hal_timebase_tim.o
    0x0800496c   0x0800496c   0x00000004   PAD
    0x08004970   0x08004970   0x0000005e   Code   RO          536    .text.HAL_MPU_ConfigRegion  stm32h7xx_hal_cortex.o
    0x080049ce   0x080049ce   0x00000002   PAD
    0x080049d0   0x080049d0   0x0000001a   Code   RO          528    .text.HAL_MPU_Disable  stm32h7xx_hal_cortex.o
    0x080049ea   0x080049ea   0x00000006   PAD
    0x080049f0   0x080049f0   0x00000020   Code   RO          530    .text.HAL_MPU_Enable  stm32h7xx_hal_cortex.o
    0x08004a10   0x08004a10   0x0000002a   Code   RO          159    .text.HAL_MspInit   stm32h7xx_hal_msp.o
    0x08004a3a   0x08004a3a   0x00000006   PAD
    0x08004a40   0x08004a40   0x00000020   Code   RO          518    .text.HAL_NVIC_EnableIRQ  stm32h7xx_hal_cortex.o
    0x08004a60   0x08004a60   0x0000005c   Code   RO          516    .text.HAL_NVIC_SetPriority  stm32h7xx_hal_cortex.o
    0x08004abc   0x08004abc   0x00000004   PAD
    0x08004ac0   0x08004ac0   0x00000020   Code   RO          514    .text.HAL_NVIC_SetPriorityGrouping  stm32h7xx_hal_cortex.o
    0x08004ae0   0x08004ae0   0x0000004c   Code   RO          931    .text.HAL_PWREx_ConfigSupply  stm32h7xx_hal_pwr_ex.o
    0x08004b2c   0x08004b2c   0x00000004   PAD
    0x08004b30   0x08004b30   0x00000026   Code   RO          618    .text.HAL_RCCEx_GetD3PCLK1Freq  stm32h7xx_hal_rcc_ex.o
    0x08004b56   0x08004b56   0x00000002   PAD
    0x08004b58   0x08004b58   0x0000012c   Code   RO          614    .text.HAL_RCCEx_GetPLL2ClockFreq  stm32h7xx_hal_rcc_ex.o
    0x08004c84   0x08004c84   0x00000004   PAD
    0x08004c88   0x08004c88   0x0000012c   Code   RO          616    .text.HAL_RCCEx_GetPLL3ClockFreq  stm32h7xx_hal_rcc_ex.o
    0x08004db4   0x08004db4   0x00000004   PAD
    0x08004db8   0x08004db8   0x00000aa8   Code   RO          602    .text.HAL_RCCEx_PeriphCLKConfig  stm32h7xx_hal_rcc_ex.o
    0x08005860   0x08005860   0x00000268   Code   RO          570    .text.HAL_RCC_ClockConfig  stm32h7xx_hal_rcc.o
    0x08005ac8   0x08005ac8   0x00000058   Code   RO          588    .text.HAL_RCC_GetClockConfig  stm32h7xx_hal_rcc.o
    0x08005b20   0x08005b20   0x0000004c   Code   RO          580    .text.HAL_RCC_GetHCLKFreq  stm32h7xx_hal_rcc.o
    0x08005b6c   0x08005b6c   0x00000004   PAD
    0x08005b70   0x08005b70   0x00000060   Code   RO          582    .text.HAL_RCC_GetPCLK1Freq  stm32h7xx_hal_rcc.o
    0x08005bd0   0x08005bd0   0x00000060   Code   RO          584    .text.HAL_RCC_GetPCLK2Freq  stm32h7xx_hal_rcc.o
    0x08005c30   0x08005c30   0x00000114   Code   RO          572    .text.HAL_RCC_GetSysClockFreq  stm32h7xx_hal_rcc.o
    0x08005d44   0x08005d44   0x00000004   PAD
    0x08005d48   0x08005d48   0x00000518   Code   RO          568    .text.HAL_RCC_OscConfig  stm32h7xx_hal_rcc.o
    0x08006260   0x08006260   0x00000002   Code   RO          500    .text.HAL_TIMEx_Break2Callback  stm32h7xx_hal_tim_ex.o
    0x08006262   0x08006262   0x00000006   PAD
    0x08006268   0x08006268   0x00000002   Code   RO          498    .text.HAL_TIMEx_BreakCallback  stm32h7xx_hal_tim_ex.o
    0x0800626a   0x0800626a   0x00000006   PAD
    0x08006270   0x08006270   0x00000002   Code   RO          494    .text.HAL_TIMEx_CommutCallback  stm32h7xx_hal_tim_ex.o
    0x08006272   0x08006272   0x00000006   PAD
    0x08006278   0x08006278   0x00000060   Code   RO          183    .text.HAL_TIM_Base_Init  stm32h7xx_hal_tim.o
    0x080062d8   0x080062d8   0x00000002   Code   RO          185    .text.HAL_TIM_Base_MspInit  stm32h7xx_hal_tim.o
    0x080062da   0x080062da   0x00000006   PAD
    0x080062e0   0x080062e0   0x000000dc   Code   RO          197    .text.HAL_TIM_Base_Start_IT  stm32h7xx_hal_tim.o
    0x080063bc   0x080063bc   0x00000004   PAD
    0x080063c0   0x080063c0   0x00000002   Code   RO          319    .text.HAL_TIM_IC_CaptureCallback  stm32h7xx_hal_tim.o
    0x080063c2   0x080063c2   0x00000006   PAD
    0x080063c8   0x080063c8   0x0000016c   Code   RO          317    .text.HAL_TIM_IRQHandler  stm32h7xx_hal_tim.o
    0x08006534   0x08006534   0x00000004   PAD
    0x08006538   0x08006538   0x00000002   Code   RO          321    .text.HAL_TIM_OC_DelayElapsedCallback  stm32h7xx_hal_tim.o
    0x0800653a   0x0800653a   0x00000006   PAD
    0x08006540   0x08006540   0x00000002   Code   RO          323    .text.HAL_TIM_PWM_PulseFinishedCallback  stm32h7xx_hal_tim.o
    0x08006542   0x08006542   0x00000006   PAD
    0x08006548   0x08006548   0x00000014   Code   RO           19    .text.HAL_TIM_PeriodElapsedCallback  main.o
    0x0800655c   0x0800655c   0x00000004   PAD
    0x08006560   0x08006560   0x00000002   Code   RO          327    .text.HAL_TIM_TriggerCallback  stm32h7xx_hal_tim.o
    0x08006562   0x08006562   0x00000006   PAD
    0x08006568   0x08006568   0x00000036   Code   RO         1702    .text.HAL_UARTEx_DisableFifoMode  stm32h7xx_hal_uart_ex.o
    0x0800659e   0x0800659e   0x00000002   PAD
    0x080065a0   0x080065a0   0x00000002   Code   RO         1629    .text.HAL_UARTEx_RxEventCallback  stm32h7xx_hal_uart.o
    0x080065a2   0x080065a2   0x00000006   PAD
    0x080065a8   0x080065a8   0x00000002   Code   RO         1688    .text.HAL_UARTEx_RxFifoFullCallback  stm32h7xx_hal_uart_ex.o
    0x080065aa   0x080065aa   0x00000006   PAD
    0x080065b0   0x080065b0   0x00000090   Code   RO         1706    .text.HAL_UARTEx_SetRxFifoThreshold  stm32h7xx_hal_uart_ex.o
    0x08006640   0x08006640   0x00000090   Code   RO         1704    .text.HAL_UARTEx_SetTxFifoThreshold  stm32h7xx_hal_uart_ex.o
    0x080066d0   0x080066d0   0x00000002   Code   RO         1690    .text.HAL_UARTEx_TxFifoEmptyCallback  stm32h7xx_hal_uart_ex.o
    0x080066d2   0x080066d2   0x00000006   PAD
    0x080066d8   0x080066d8   0x00000002   Code   RO         1686    .text.HAL_UARTEx_WakeupCallback  stm32h7xx_hal_uart_ex.o
    0x080066da   0x080066da   0x00000006   PAD
    0x080066e0   0x080066e0   0x00000002   Code   RO         1627    .text.HAL_UART_ErrorCallback  stm32h7xx_hal_uart.o
    0x080066e2   0x080066e2   0x00000006   PAD
    0x080066e8   0x080066e8   0x00000686   Code   RO         1623    .text.HAL_UART_IRQHandler  stm32h7xx_hal_uart.o
    0x08006d6e   0x08006d6e   0x00000002   PAD
    0x08006d70   0x08006d70   0x00000068   Code   RO         1539    .text.HAL_UART_Init  stm32h7xx_hal_uart.o
    0x08006dd8   0x08006dd8   0x00000202   Code   RO          102    .text.HAL_UART_MspInit  usart.o
    0x08006fda   0x08006fda   0x00000006   PAD
    0x08006fe0   0x08006fe0   0x00000002   Code   RO         1631    .text.HAL_UART_TxCpltCallback  stm32h7xx_hal_uart.o
    0x08006fe2   0x08006fe2   0x00000006   PAD
    0x08006fe8   0x08006fe8   0x00000002   Code   RO          122    .text.HardFault_Handler  stm32h7xx_it.o
    0x08006fea   0x08006fea   0x00000006   PAD
    0x08006ff0   0x08006ff0   0x00000064   Code   RO           63    .text.MX_DMA_Init   dma.o
    0x08007054   0x08007054   0x00000004   PAD
    0x08007058   0x08007058   0x0000006a   Code   RO           72    .text.MX_FDCAN1_Init  fdcan.o
    0x080070c2   0x080070c2   0x00000006   PAD
    0x080070c8   0x080070c8   0x0000006c   Code   RO           74    .text.MX_FDCAN2_Init  fdcan.o
    0x08007134   0x08007134   0x00000004   PAD
    0x08007138   0x08007138   0x0000006e   Code   RO           76    .text.MX_FDCAN3_Init  fdcan.o
    0x080071a6   0x080071a6   0x00000002   PAD
    0x080071a8   0x080071a8   0x00000054   Code   RO           42    .text.MX_FREERTOS_Init  freertos.o
    0x080071fc   0x080071fc   0x00000004   PAD
    0x08007200   0x08007200   0x00000056   Code   RO           30    .text.MX_GPIO_Init  gpio.o
    0x08007256   0x08007256   0x00000002   PAD
    0x08007258   0x08007258   0x0000007c   Code   RO           98    .text.MX_USART1_UART_Init  usart.o
    0x080072d4   0x080072d4   0x00000004   PAD
    0x080072d8   0x080072d8   0x00000080   Code   RO          100    .text.MX_USART2_UART_Init  usart.o
    0x08007358   0x08007358   0x00000002   Code   RO          124    .text.MemManage_Handler  stm32h7xx_it.o
    0x0800735a   0x0800735a   0x00000006   PAD
    0x08007360   0x08007360   0x00000002   Code   RO          120    .text.NMI_Handler   stm32h7xx_it.o
    0x08007362   0x08007362   0x0000000e   PAD
    0x08007370   0x08007370   0x00000064   Code   RO         2320    .text.PendSV_Handler  port.o
    0x080073d4   0x080073d4   0x00000004   PAD
    0x080073d8   0x080073d8   0x00000122   Code   RO          604    .text.RCCEx_PLL2_Config  stm32h7xx_hal_rcc_ex.o
    0x080074fa   0x080074fa   0x00000006   PAD
    0x08007500   0x08007500   0x00000122   Code   RO          606    .text.RCCEx_PLL3_Config  stm32h7xx_hal_rcc_ex.o
    0x08007622   0x08007622   0x00000006   PAD
    0x08007628   0x08007628   0x0000007e   Code   RO         2478    .text.RsApp_Enable  rs_app.o
    0x080076a6   0x080076a6   0x00000002   PAD
    0x080076a8   0x080076a8   0x0000010c   Code   RO         2488    .text.RsApp_GetStatus  rs_app.o
    0x080077b4   0x080077b4   0x00000004   PAD
    0x080077b8   0x080077b8   0x000002b2   Code   RO         2468    .text.RsApp_Init    rs_app.o
    0x08007a6a   0x08007a6a   0x00000006   PAD
    0x08007a70   0x08007a70   0x0000008c   Code   RO         2480    .text.RsApp_Restart  rs_app.o
    0x08007afc   0x08007afc   0x00000004   PAD
    0x08007b00   0x08007b00   0x00000178   Code   RO         2474    .text.RsApp_Run     rs_app.o
    0x08007c78   0x08007c78   0x0000009a   Code   RO         2476    .text.RsApp_SetCmd  rs_app.o
    0x08007d12   0x08007d12   0x00000006   PAD
    0x08007d18   0x08007d18   0x00000096   Code   RO         2456    .text.RsBus_HandleRxIsr  rs_bus.o
    0x08007dae   0x08007dae   0x00000002   PAD
    0x08007db0   0x08007db0   0x0000009a   Code   RO         2448    .text.RsBus_Init    rs_bus.o
    0x08007e4a   0x08007e4a   0x00000006   PAD
    0x08007e50   0x08007e50   0x00000066   Code   RO         2458    .text.RsBus_ProcessRx  rs_bus.o
    0x08007eb6   0x08007eb6   0x00000002   PAD
    0x08007eb8   0x08007eb8   0x00000062   Code   RO         2454    .text.RsBus_Send    rs_bus.o
    0x08007f1a   0x08007f1a   0x00000006   PAD
    0x08007f20   0x08007f20   0x00000020   Code   RO         2452    .text.RsBus_SetHandler  rs_bus.o
    0x08007f40   0x08007f40   0x0000001e   Code   RO         2450    .text.RsBus_Stop    rs_bus.o
    0x08007f5e   0x08007f5e   0x00000002   PAD
    0x08007f60   0x08007f60   0x0000003c   Code   RO         2436    .text.RsMotor_GetFeedback  rs00.o
    0x08007f9c   0x08007f9c   0x00000004   PAD
    0x08007fa0   0x08007fa0   0x00000038   Code   RO         2410    .text.RsMotor_Init  rs00.o
    0x08007fd8   0x08007fd8   0x0000014c   Code   RO         2438    .text.RsMotor_Parse  rs00.o
    0x08008124   0x08008124   0x00000004   PAD
    0x08008128   0x08008128   0x00000144   Code   RO         2430    .text.RsMotor_SetCsp  rs00.o
    0x0800826c   0x0800826c   0x00000004   PAD
    0x08008270   0x08008270   0x000000bc   Code   RO         2424    .text.RsMotor_SetIq  rs00.o
    0x0800832c   0x0800832c   0x00000004   PAD
    0x08008330   0x08008330   0x0000023c   Code   RO         2420    .text.RsMotor_SetMotion  rs00.o
    0x0800856c   0x0800856c   0x00000004   PAD
    0x08008570   0x08008570   0x0000013c   Code   RO         2432    .text.RsMotor_SetPp  rs00.o
    0x080086ac   0x080086ac   0x00000004   PAD
    0x080086b0   0x080086b0   0x000001a8   Code   RO         2428    .text.RsMotor_SetSpeed  rs00.o
    0x08008858   0x08008858   0x00000138   Code   RO         2414    .text.RsMotor_Start  rs00.o
    0x08008990   0x08008990   0x00000056   Code   RO         2416    .text.RsMotor_Stop  rs00.o
    0x080089e6   0x080089e6   0x0000000a   PAD
    0x080089f0   0x080089f0   0x00000024   Code   RO         2304    .text.SVC_Handler   port.o
    0x08008a14   0x08008a14   0x00000004   PAD
    0x08008a18   0x08008a18   0x0000002a   Code   RO           44    .text.StartChassisTask  freertos.o
    0x08008a42   0x08008a42   0x00000006   PAD
    0x08008a48   0x08008a48   0x0000000c   Code   RO           48    .text.StartCommTask  freertos.o
    0x08008a54   0x08008a54   0x00000004   PAD
    0x08008a58   0x08008a58   0x0000002a   Code   RO           46    .text.StartLiftTask  freertos.o
    0x08008a82   0x08008a82   0x00000006   PAD
    0x08008a88   0x08008a88   0x000000a4   Code   RO         2390    .text.StdCan_AddHandler  dm_2006_bus.o
    0x08008b2c   0x08008b2c   0x00000004   PAD
    0x08008b30   0x08008b30   0x00000036   Code   RO         2396    .text.StdCan_HandleErrorIsr  dm_2006_bus.o
    0x08008b66   0x08008b66   0x00000002   PAD
    0x08008b68   0x08008b68   0x000000b4   Code   RO         2394    .text.StdCan_HandleRxIsr  dm_2006_bus.o
    0x08008c1c   0x08008c1c   0x00000004   PAD
    0x08008c20   0x08008c20   0x00000160   Code   RO         2386    .text.StdCan_Init   dm_2006_bus.o
    0x08008d80   0x08008d80   0x0000008c   Code   RO         2398    .text.StdCan_ProcessRx  dm_2006_bus.o
    0x08008e0c   0x08008e0c   0x00000004   PAD
    0x08008e10   0x08008e10   0x00000074   Code   RO         2392    .text.StdCan_Send   dm_2006_bus.o
    0x08008e84   0x08008e84   0x00000004   PAD
    0x08008e88   0x08008e88   0x0000001e   Code   RO         2388    .text.StdCan_Stop   dm_2006_bus.o
    0x08008ea6   0x08008ea6   0x00000002   PAD
    0x08008ea8   0x08008ea8   0x0000001e   Code   RO         2109    .text.SysTick_Handler  cmsis_os2.o
    0x08008ec6   0x08008ec6   0x00000002   PAD
    0x08008ec8   0x08008ec8   0x000000c8   Code   RO           13    .text.SystemClock_Config  main.o
    0x08008f90   0x08008f90   0x000000d2   Code   RO         1725    .text.SystemInit    system_stm32h7xx.o
    0x08009062   0x08009062   0x00000006   PAD
    0x08009068   0x08009068   0x0000000c   Code   RO          148    .text.TIM6_DAC_IRQHandler  stm32h7xx_it.o
    0x08009074   0x08009074   0x00000004   PAD
    0x08009078   0x08009078   0x00000178   Code   RO          187    .text.TIM_Base_SetConfig  stm32h7xx_hal_tim.o
    0x080091f0   0x080091f0   0x000000e0   Code   RO         1543    .text.UART_AdvFeatureConfig  stm32h7xx_hal_uart.o
    0x080092d0   0x080092d0   0x00000176   Code   RO         1547    .text.UART_CheckIdleState  stm32h7xx_hal_uart.o
    0x08009446   0x08009446   0x00000002   PAD
    0x08009448   0x08009448   0x00000006   Code   RO         1625    .text.UART_DMAAbortOnError  stm32h7xx_hal_uart.o
    0x0800944e   0x0800944e   0x00000002   PAD
    0x08009450   0x08009450   0x000004d4   Code   RO         1545    .text.UART_SetConfig  stm32h7xx_hal_uart.o
    0x08009924   0x08009924   0x00000004   PAD
    0x08009928   0x08009928   0x00000358   Code   RO         1561    .text.UART_WaitOnFlagUntilTimeout  stm32h7xx_hal_uart.o
    0x08009c80   0x08009c80   0x0000000c   Code   RO          144    .text.USART1_IRQHandler  stm32h7xx_it.o
    0x08009c8c   0x08009c8c   0x00000004   PAD
    0x08009c90   0x08009c90   0x0000000c   Code   RO          146    .text.USART2_IRQHandler  stm32h7xx_it.o
    0x08009c9c   0x08009c9c   0x00000004   PAD
    0x08009ca0   0x08009ca0   0x00000268   Code   RO         2525    .text.Up_HomeMotors  up_main.o
    0x08009f08   0x08009f08   0x000000a8   Code   RO         2523    .text.Up_Init       up_main.o
    0x08009fb0   0x08009fb0   0x0000038c   Code   RO         2531    .text.Up_Run1ms     up_main.o
    0x0800a33c   0x0800a33c   0x00000004   PAD
    0x0800a340   0x0800a340   0x00000002   Code   RO          128    .text.UsageFault_Handler  stm32h7xx_it.o
    0x0800a342   0x0800a342   0x00000006   PAD
    0x0800a348   0x0800a348   0x00000086   Code   RO         2582    .text.VescCan_Init  vesc_can.o
    0x0800a3ce   0x0800a3ce   0x00000002   PAD
    0x0800a3d0   0x0800a3d0   0x00000068   Code   RO         2588    .text.VescCan_Read  vesc_can.o
    0x0800a438   0x0800a438   0x00000080   Code   RO         2586    .text.VescCan_Recover  vesc_can.o
    0x0800a4b8   0x0800a4b8   0x00000114   Code   RO         2584    .text.VescCan_Send  vesc_can.o
    0x0800a5cc   0x0800a5cc   0x00000004   PAD
    0x0800a5d0   0x0800a5d0   0x0000001c   Code   RO         2590    .text.VescCan_Stop  vesc_can.o
    0x0800a5ec   0x0800a5ec   0x00000004   PAD
    0x0800a5f0   0x0800a5f0   0x00000062   Code   RO         2600    .text.VescMotor_Init  vesc_motor.o
    0x0800a652   0x0800a652   0x00000006   PAD
    0x0800a658   0x0800a658   0x000000a8   Code   RO         2608    .text.VescMotor_Parse  vesc_motor.o
    0x0800a700   0x0800a700   0x00000062   Code   RO         2604    .text.VescMotor_SendRpm  vesc_motor.o
    0x0800a762   0x0800a762   0x00000006   PAD
    0x0800a768   0x0800a768   0x00000050   Code   RO         2602    .text.VescMotor_SetRpm  vesc_motor.o
    0x0800a7b8   0x0800a7b8   0x00000016   Code   RO         2610    .text.VescMotor_Update  vesc_motor.o
    0x0800a7ce   0x0800a7ce   0x00000002   PAD
    0x0800a7d0   0x0800a7d0   0x000001f4   Code   RO         2470    .text.command_valid  rs_app.o
    0x0800a9c4   0x0800a9c4   0x00000004   PAD
    0x0800a9c8   0x0800a9c8   0x0000006a   Code   RO         2362    .text.handle_rx     dm_app.o
    0x0800aa32   0x0800aa32   0x00000006   PAD
    0x0800aa38   0x0800aa38   0x00000062   Code   RO         2472    .text.handle_rx     rs_app.o
    0x0800aa9a   0x0800aa9a   0x00000006   PAD
    0x0800aaa0   0x0800aaa0   0x0000008a   Code   RO         2560    .text.handle_rx     c610_2006.o
    0x0800ab2a   0x0800ab2a   0x00000006   PAD
    0x0800ab30   0x0800ab30   0x000000ca   Code   RO           11    .text.main          main.o
    0x0800abfa   0x0800abfa   0x00000006   PAD
    0x0800ac00   0x0800ac00   0x00000040   Code   RO         2169    .text.osDelay       cmsis_os2.o
    0x0800ac40   0x0800ac40   0x0000005c   Code   RO         2171    .text.osDelayUntil  cmsis_os2.o
    0x0800ac9c   0x0800ac9c   0x00000004   PAD
    0x0800aca0   0x0800aca0   0x00000032   Code   RO         2125    .text.osKernelGetTickCount  cmsis_os2.o
    0x0800acd2   0x0800acd2   0x00000006   PAD
    0x0800acd8   0x0800acd8   0x0000004e   Code   RO         2111    .text.osKernelInitialize  cmsis_os2.o
    0x0800ad26   0x0800ad26   0x00000002   PAD
    0x0800ad28   0x0800ad28   0x0000005e   Code   RO         2117    .text.osKernelStart  cmsis_os2.o
    0x0800ad86   0x0800ad86   0x00000002   PAD
    0x0800ad88   0x0800ad88   0x000000cc   Code   RO         2133    .text.osThreadNew   cmsis_os2.o
    0x0800ae54   0x0800ae54   0x00000004   PAD
    0x0800ae58   0x0800ae58   0x00000086   Code   RO         1944    .text.prvAddCurrentTaskToDelayedList  tasks.o
    0x0800aede   0x0800aede   0x00000002   PAD
    0x0800aee0   0x0800aee0   0x000002b2   Code   RO         1934    .text.prvAddNewTaskToReadyList  tasks.o
    0x0800b192   0x0800b192   0x00000006   PAD
    0x0800b198   0x0800b198   0x00000086   Code   RO         1968    .text.prvIdleTask   tasks.o
    0x0800b21e   0x0800b21e   0x00000002   PAD
    0x0800b220   0x0800b220   0x00000124   Code   RO         1932    .text.prvInitialiseNewTask  tasks.o
    0x0800b344   0x0800b344   0x00000004   PAD
    0x0800b348   0x0800b348   0x00000028   Code   RO         2312    .text.prvPortStartFirstTask  port.o
    0x0800b370   0x0800b370   0x00000040   Code   RO         2302    .text.prvTaskExitError  port.o
    0x0800b3b0   0x0800b3b0   0x0000032e   Code   RO         2057    .text.prvTimerTask  timers.o
    0x0800b6de   0x0800b6de   0x00000002   PAD
    0x0800b6e0   0x0800b6e0   0x0000007a   Code   RO         1827    .text.prvUnlockQueue  queue.o
    0x0800b75a   0x0800b75a   0x00000006   PAD
    0x0800b760   0x0800b760   0x000001de   Code   RO         2276    .text.pvPortMalloc  heap_4.o
    0x0800b93e   0x0800b93e   0x00000002   PAD
    0x0800b940   0x0800b940   0x0000002c   Code   RO         2300    .text.pxPortInitialiseStack  port.o
    0x0800b96c   0x0800b96c   0x00000004   PAD
    0x0800b970   0x0800b970   0x0000002c   Code   RO         2422    .text.send_packet   rs00.o
    0x0800b99c   0x0800b99c   0x00000004   PAD
    0x0800b9a0   0x0800b9a0   0x0000002a   Code   RO         1789    .text.uxListRemove  list.o
    0x0800b9ca   0x0800b9ca   0x00000006   PAD
    0x0800b9d0   0x0800b9d0   0x0000001c   Code   RO         2259    .text.vApplicationGetIdleTaskMemory  cmsis_os2.o
    0x0800b9ec   0x0800b9ec   0x00000004   PAD
    0x0800b9f0   0x0800b9f0   0x0000001c   Code   RO         2261    .text.vApplicationGetTimerTaskMemory  cmsis_os2.o
    0x0800ba0c   0x0800ba0c   0x00000004   PAD
    0x0800ba10   0x0800ba10   0x00000002   Code   RO           40    .text.vApplicationMallocFailedHook  freertos.o
    0x0800ba12   0x0800ba12   0x00000006   PAD
    0x0800ba18   0x0800ba18   0x00000002   Code   RO           38    .text.vApplicationStackOverflowHook  freertos.o
    0x0800ba1a   0x0800ba1a   0x00000006   PAD
    0x0800ba20   0x0800ba20   0x00000016   Code   RO         1781    .text.vListInitialise  list.o
    0x0800ba36   0x0800ba36   0x00000002   PAD
    0x0800ba38   0x0800ba38   0x00000006   Code   RO         1783    .text.vListInitialiseItem  list.o
    0x0800ba3e   0x0800ba3e   0x00000002   PAD
    0x0800ba40   0x0800ba40   0x00000062   Code   RO         1787    .text.vListInsert   list.o
    0x0800baa2   0x0800baa2   0x00000006   PAD
    0x0800baa8   0x0800baa8   0x00000014   Code   RO         2310    .text.vPortEnableVFP  port.o
    0x0800babc   0x0800babc   0x00000004   PAD
    0x0800bac0   0x0800bac0   0x0000004a   Code   RO         2316    .text.vPortEnterCritical  port.o
    0x0800bb0a   0x0800bb0a   0x00000006   PAD
    0x0800bb10   0x0800bb10   0x0000002e   Code   RO         2318    .text.vPortExitCritical  port.o
    0x0800bb3e   0x0800bb3e   0x00000002   PAD
    0x0800bb40   0x0800bb40   0x000000d8   Code   RO         2278    .text.vPortFree     heap_4.o
    0x0800bc18   0x0800bc18   0x00000034   Code   RO         2308    .text.vPortSetupTimerInterrupt  port.o
    0x0800bc4c   0x0800bc4c   0x00000004   PAD
    0x0800bc50   0x0800bc50   0x0000005e   Code   RO         2324    .text.vPortValidateInterruptPriority  port.o
    0x0800bcae   0x0800bcae   0x00000002   PAD
    0x0800bcb0   0x0800bcb0   0x0000012a   Code   RO         1865    .text.vQueueAddToRegistry  queue.o
    0x0800bdda   0x0800bdda   0x00000006   PAD
    0x0800bde0   0x0800bde0   0x00000064   Code   RO         1869    .text.vQueueWaitForMessageRestricted  queue.o
    0x0800be44   0x0800be44   0x00000004   PAD
    0x0800be48   0x0800be48   0x00000096   Code   RO         1948    .text.vTaskDelay    tasks.o
    0x0800bede   0x0800bede   0x00000002   PAD
    0x0800bee0   0x0800bee0   0x00000012   Code   RO         2000    .text.vTaskInternalSetTimeOutState  tasks.o
    0x0800bef2   0x0800bef2   0x00000006   PAD
    0x0800bef8   0x0800bef8   0x0000000e   Code   RO         2004    .text.vTaskMissedYield  tasks.o
    0x0800bf06   0x0800bf06   0x00000002   PAD
    0x0800bf08   0x0800bf08   0x00000036   Code   RO         1988    .text.vTaskPlaceOnEventList  tasks.o
    0x0800bf3e   0x0800bf3e   0x00000002   PAD
    0x0800bf40   0x0800bf40   0x000000a2   Code   RO         1992    .text.vTaskPlaceOnEventListRestricted  tasks.o
    0x0800bfe2   0x0800bfe2   0x00000006   PAD
    0x0800bfe8   0x0800bfe8   0x00000104   Code   RO         1966    .text.vTaskStartScheduler  tasks.o
    0x0800c0ec   0x0800c0ec   0x00000004   PAD
    0x0800c0f0   0x0800c0f0   0x00000010   Code   RO         1942    .text.vTaskSuspendAll  tasks.o
    0x0800c100   0x0800c100   0x000000e4   Code   RO         1960    .text.vTaskSwitchContext  tasks.o
    0x0800c1e4   0x0800c1e4   0x00000004   PAD
    0x0800c1e8   0x0800c1e8   0x0000009c   Code   RO         2426    .text.write_float   rs00.o
    0x0800c284   0x0800c284   0x00000004   PAD
    0x0800c288   0x0800c288   0x000001ba   Code   RO         2306    .text.xPortStartScheduler  port.o
    0x0800c442   0x0800c442   0x00000006   PAD
    0x0800c448   0x0800c448   0x0000002e   Code   RO         2322    .text.xPortSysTickHandler  port.o
    0x0800c476   0x0800c476   0x00000002   PAD
    0x0800c478   0x0800c478   0x000000d4   Code   RO         1801    .text.xQueueGenericCreateStatic  queue.o
    0x0800c54c   0x0800c54c   0x00000004   PAD
    0x0800c550   0x0800c550   0x000001be   Code   RO         1833    .text.xQueueReceive  queue.o
    0x0800c70e   0x0800c70e   0x00000002   PAD
    0x0800c710   0x0800c710   0x000000a6   Code   RO         2002    .text.xTaskCheckForTimeOut  tasks.o
    0x0800c7b6   0x0800c7b6   0x00000002   PAD
    0x0800c7b8   0x0800c7b8   0x00000060   Code   RO         1936    .text.xTaskCreate   tasks.o
    0x0800c818   0x0800c818   0x0000009e   Code   RO         1930    .text.xTaskCreateStatic  tasks.o
    0x0800c8b6   0x0800c8b6   0x00000002   PAD
    0x0800c8b8   0x0800c8b8   0x000000e4   Code   RO         1940    .text.xTaskDelayUntil  tasks.o
    0x0800c99c   0x0800c99c   0x00000004   PAD
    0x0800c9a0   0x0800c9a0   0x0000001c   Code   RO         2016    .text.xTaskGetSchedulerState  tasks.o
    0x0800c9bc   0x0800c9bc   0x00000004   PAD
    0x0800c9c0   0x0800c9c0   0x0000000c   Code   RO         1974    .text.xTaskGetTickCount  tasks.o
    0x0800c9cc   0x0800c9cc   0x00000004   PAD
    0x0800c9d0   0x0800c9d0   0x00000012   Code   RO         1976    .text.xTaskGetTickCountFromISR  tasks.o
    0x0800c9e2   0x0800c9e2   0x00000006   PAD
    0x0800c9e8   0x0800c9e8   0x0000017e   Code   RO         1972    .text.xTaskIncrementTick  tasks.o
    0x0800cb66   0x0800cb66   0x00000002   PAD
    0x0800cb68   0x0800cb68   0x000000f0   Code   RO         1994    .text.xTaskRemoveFromEventList  tasks.o
    0x0800cc58   0x0800cc58   0x00000142   Code   RO         1946    .text.xTaskResumeAll  tasks.o
    0x0800cd9a   0x0800cd9a   0x00000006   PAD
    0x0800cda0   0x0800cda0   0x000000b4   Code   RO         2055    .text.xTimerCreateTimerTask  timers.o
    0x0800ce54   0x0800ce54   0x0000001a   Code   RO         2776    x$fpl$fpinit        fz_wv.l(fpinit.o)
    0x0800ce6e   0x0800ce6e   0x00000002   PAD
    0x0800ce70   0x0800ce70   0x0000004c   Data   RO         1529    .rodata..L__const.HAL_FDCAN_Init.CvtEltSize  stm32h7xx_hal_fdcan.o
    0x0800cebc   0x0800cebc   0x00000006   Data   RO         1674    .rodata..Lswitch.table.UART_SetConfig.7  stm32h7xx_hal_uart.o
    0x0800cec2   0x0800cec2   0x00000006   Data   RO         1675    .rodata..Lswitch.table.UART_SetConfig.9  stm32h7xx_hal_uart.o
    0x0800cec8   0x0800cec8   0x00000010   Data   RO         1731    .rodata.D1CorePrescTable  system_stm32h7xx.o
    0x0800ced8   0x0800ced8   0x00000018   Data   RO         1673    .rodata.UARTPrescTable  stm32h7xx_hal_uart.o
    0x0800cef0   0x0800cef0   0x00000024   Data   RO           51    .rodata.chassisTask_attributes  freertos.o
    0x0800cf14   0x0800cf14   0x00000024   Data   RO           53    .rodata.commTask_attributes  freertos.o
    0x0800cf38   0x0800cf38   0x00000010   Data   RO         1530    .rodata.cst16       stm32h7xx_hal_fdcan.o
    0x0800cf48   0x0800cf48   0x00000010   Data   RO         1716    .rodata.cst8        stm32h7xx_hal_uart_ex.o
    0x0800cf58   0x0800cf58   0x00000038   Data   RO         2544    .rodata.dm_motor_config  up_main.o
    0x0800cf90   0x0800cf90   0x0000000c   Data   RO         2541    .rodata.fdcan_config  up_main.o
    0x0800cf9c   0x0800cf9c   0x00000024   Data   RO           52    .rodata.liftTask_attributes  freertos.o
    0x0800cfc0   0x0800cfc0   0x00000028   Data   RO         2546    .rodata.m2006_motor_config  up_main.o
    0x0800cfe8   0x0800cfe8   0x00000040   Data   RO         2634    .rodata.motor_config  chassis_main.o
    0x0800d028   0x0800d028   0x00000040   Data   RO         2548    .rodata.rs_motor_config  up_main.o
    0x0800d068   0x0800d068   0x00000008   Data   RO         2547    .rodata.std_rx_ids  up_main.o
    0x0800d070   0x0800d070   0x0000001e   Data   RO           50    .rodata.str1.1      freertos.o
    0x0800d08e   0x0800d08e   0x00000005   Data   RO         2099    .rodata.str1.1      timers.o
    0x0800d093   0x0800d093   0x00000001   PAD
    0x0800d094   0x0800d094   0x00000004   Data   RO         2043    .rodata.uxTopUsedPriority  tasks.o
    0x0800d098   0x0800d098   0x00000020   Data   RO         2837    Region$$Table       anon$$obj.o


    Execution Region RW_IRAM1 (Exec base: 0x20000000, Load base: 0x0800d0b8, Size: 0x00000000, Max: 0x00020000, ABSOLUTE)

    **** No section assigned to this execution region ****


    Execution Region RW_IRAM2 (Exec base: 0x24000000, Load base: 0x0800d0b8, Size: 0x00013728, Max: 0x00050000, ABSOLUTE)

    Exec Addr    Load Addr    Size         Type   Attr      Idx    E Section Name        Object

    0x24000000   0x0800d0b8   0x00000008   Data   RW         1124    .data..L_MergedGlobals  stm32h7xx_hal.o
    0x24000008   0x0800d0c0   0x00000008   Data   RW         1732    .data..L_MergedGlobals  system_stm32h7xx.o
    0x24000010   0x0800d0c8   0x00000002   Data   RW         2632    .data.chassis_target_vx  chassis_main.o
    0x24000012   0x0800d0ca   0x00000002   PAD
    0x24000014   0x0800d0cc   0x00000004   Data   RW         2326    .data.uxCriticalNesting  port.o
    0x24000018        -       0x00000060   Zero   RW         2702    .bss                c_w.l(libspace.o)
    0x24000078        -       0x0000000c   Zero   RW           54    .bss..L_MergedGlobals  freertos.o
    0x24000084        -       0x00000074   Zero   RW         2045    .bss..L_MergedGlobals  tasks.o
    0x240000f8        -       0x0000003c   Zero   RW         2100    .bss..L_MergedGlobals  timers.o
    0x24000134        -       0x0000001c   Zero   RW         2291    .bss..L_MergedGlobals  heap_4.o
    0x24000150        -       0x00000008   Zero   RW         2327    .bss..L_MergedGlobals  port.o
    0x24000158        -       0x00000070   Zero   RW         2549    .bss..L_MergedGlobals  up_main.o
    0x240001c8        -       0x00000014   Zero   RW         2635    .bss..L_MergedGlobals  chassis_main.o
    0x240001dc        -       0x00000028   Zero   RW         2046    .bss..L_MergedGlobals.1  tasks.o
    0x24000204        -       0x00000004   Zero   RW           89    .bss.HAL_RCC_FDCAN_CLK_ENABLED  fdcan.o
    0x24000208        -       0x00000004   Zero   RW         2263    .bss.KernelState    cmsis_os2.o
    0x2400020c        -       0x00000288   Zero   RW         2543    .bss.dm_app         up_main.o
    0x24000494        -       0x00000078   Zero   RW          108    .bss.hdma_usart1_rx  usart.o
    0x2400050c        -       0x00000078   Zero   RW          109    .bss.hdma_usart1_tx  usart.o
    0x24000584        -       0x00000078   Zero   RW          110    .bss.hdma_usart2_rx  usart.o
    0x240005fc        -       0x00000078   Zero   RW          111    .bss.hdma_usart2_tx  usart.o
    0x24000674        -       0x000000a0   Zero   RW           86    .bss.hfdcan1        fdcan.o
    0x24000714        -       0x000000a0   Zero   RW           87    .bss.hfdcan2        fdcan.o
    0x240007b4        -       0x000000a0   Zero   RW           88    .bss.hfdcan3        fdcan.o
    0x24000854        -       0x0000004c   Zero   RW          174    .bss.htim6          stm32h7xx_hal_timebase_tim.o
    0x240008a0        -       0x00000094   Zero   RW          106    .bss.huart1         usart.o
    0x24000934        -       0x00000094   Zero   RW          107    .bss.huart2         usart.o
    0x240009c8        -       0x00000088   Zero   RW         2545    .bss.m2006_motors   up_main.o
    0x24000a50        -       0x000000b0   Zero   RW         2633    .bss.motors         chassis_main.o
    0x24000b00        -       0x000000a0   Zero   RW         2098    .bss.prvCheckForValidListAndQueue.ucStaticTimerQueueStorage  timers.o
    0x24000ba0        -       0x00000050   Zero   RW         2097    .bss.prvCheckForValidListAndQueue.xStaticTimerQueue  timers.o
    0x24000bf0        -       0x00000004   Zero   RW         2042    .bss.pxCurrentTCB   tasks.o
    0x24000bf4        -       0x00000460   Zero   RW         2044    .bss.pxReadyTasksLists  tasks.o
    0x24001054        -       0x00000388   Zero   RW         2542    .bss.rs_app         up_main.o
    0x240013dc        -       0x00000210   Zero   RW         2513    .bss.rs_bus         fdcan_task.o
    0x240015ec        -       0x0000023c   Zero   RW         2514    .bss.std_can        fdcan_task.o
    0x24001828        -       0x00000001   Zero   RW         2512    .bss.task_ready     fdcan_task.o
    0x24001829        -       0x00010000   Zero   RW         2290    .bss.ucHeap         heap_4.o
    0x24011829   0x0800d0d0   0x00000003   PAD
    0x2401182c        -       0x00000004   Zero   RW         1123    .bss.uwTick         stm32h7xx_hal.o
    0x24011830        -       0x00000400   Zero   RW         2265    .bss.vApplicationGetIdleTaskMemory.Idle_Stack  cmsis_os2.o
    0x24011c30        -       0x0000005c   Zero   RW         2264    .bss.vApplicationGetIdleTaskMemory.Idle_TCB  cmsis_os2.o
    0x24011c8c        -       0x00000800   Zero   RW         2267    .bss.vApplicationGetTimerTaskMemory.Timer_Stack  cmsis_os2.o
    0x2401248c        -       0x0000005c   Zero   RW         2266    .bss.vApplicationGetTimerTaskMemory.Timer_TCB  cmsis_os2.o
    0x240124e8        -       0x00000040   Zero   RW         1871    .bss.xQueueRegistry  queue.o
    0x24012528        -       0x00000200   Zero   RW            2    HEAP                startup_stm32h723xx.o
    0x24012728        -       0x00001000   Zero   RW            1    STACK               startup_stm32h723xx.o


==============================================================================

Image component sizes


      Code (inc. data)   RO Data    RW Data    ZI Data      Debug   Object Name

      1218         36          0          0          0      13353   c610_2006.o
       520          4         64          2        196       8583   chassis_main.o
       668          0          0          0       3260      62582   cmsis_os2.o
      1036          0          0          0          0       9798   dm_2006_bus.o
      2108         28          0          0          0      16017   dm_app.o
      1284         32          0          0          0       8915   dm_motor.o
       100          0          0          0          0       5367   dma.o
       682          0          0          0        484      10792   fdcan.o
       336          0          0          0       1101       6690   fdcan_task.o
       184          0        138          0         12       4081   freertos.o
        86          0          0          0          0       2244   gpio.o
       694          0          0          0      65564       6057   heap_4.o
       168          0          0          0          0       2309   list.o
       428          0          0          0          0      10037   main.o
      1058         16          0          4          8       4088   port.o
      1178          0          0          0         64      30402   queue.o
      2870        128          0          0          0      21771   rs00.o
      2352         30          0          0          0      15497   rs_app.o
       566          0          0          0          0       7320   rs_bus.o
        72         30        716          0       4608        816   startup_stm32h723xx.o
       138          0          0          8          4      15861   stm32h7xx_hal.o
       308          0          0          0          0      12457   stm32h7xx_hal_cortex.o
      6090         12          0          0          0      17969   stm32h7xx_hal_dma.o
      4074          0         92          0          0      63317   stm32h7xx_hal_fdcan.o
       502          0          0          0          0       7088   stm32h7xx_hal_gpio.o
        42          0          0          0          0       5404   stm32h7xx_hal_msp.o
        76          0          0          0          0       9619   stm32h7xx_hal_pwr_ex.o
      2552         16          0          0          0      11370   stm32h7xx_hal_rcc.o
      3946        138          0          0          0      19844   stm32h7xx_hal_rcc_ex.o
      1066          0          0          0          0      65294   stm32h7xx_hal_tim.o
         6          0          0          0          0      26663   stm32h7xx_hal_tim_ex.o
       164          0          0          0         76       9720   stm32h7xx_hal_timebase_tim.o
      4476        330         36          0          0      43684   stm32h7xx_hal_uart.o
       348          0         16          0          0      11502   stm32h7xx_hal_uart_ex.o
       132          0          0          0          0      10217   stm32h7xx_it.o
       254          0         16          8          0       5688   system_stm32h7xx.o
      3802          8          4          0       1280      44270   tasks.o
       994         20          5          0        300      17220   timers.o
      1692          4        180          0       1800      17190   up_main.o
       766          0          0          0        776      11935   usart.o
       670         36          0          0          0       7680   vesc_can.o
       466          4          0          0          0       8253   vesc_motor.o

    ----------------------------------------------------------------------
     51060        968       1300         24      79536     688964   Object Totals
         0          0         32          0          0          0   (incl. Generated)
       888         96          1          2          3          0   (incl. Padding)

    ----------------------------------------------------------------------

      Code (inc. data)   RO Data    RW Data    ZI Data      Debug   Library Member Name

         8          0          0          0          0         68   __main.o
         0          0          0          0          0          0   __rtentry.o
        12          0          0          0          0          0   __rtentry2.o
         6          0          0          0          0          0   __rtentry4.o
        52          8          0          0          0          0   __scatter.o
        26          0          0          0          0          0   __scatter_copy.o
        28          0          0          0          0          0   __scatter_zi.o
        16          0          0          0          0         68   aeabi_memset4.o
        18          0          0          0          0         80   exit.o
         6          0          0          0          0        152   heapauxi.o
         0          0          0          0          0          0   indicate_semi.o
         2          0          0          0          0          0   libinit.o
         6          0          0          0          0          0   libinit2.o
         2          0          0          0          0          0   libshutdown.o
         2          0          0          0          0          0   libshutdown2.o
         8          4          0          0         96         68   libspace.o
       116          0          0          0          0         84   llsdiv.o
       240          0          0          0          0        100   lludivv7m.o
        68          0          0          0          0         68   rt_memclr.o
        78          0          0          0          0         80   rt_memclr_w.o
       138          0          0          0          0         68   rt_memcpy_v6.o
       100          0          0          0          0         80   rt_memcpy_w.o
         2          0          0          0          0          0   rtexit.o
        10          0          0          0          0          0   rtexit2.o
        12          4          0          0          0         68   sys_exit.o
        74          0          0          0          0         80   sys_stackheap_outer.o
         2          0          0          0          0         68   use_no_semi.o
        26          0          0          0          0        116   fpinit.o

    ----------------------------------------------------------------------
      1072         16          0          0         96       1248   Library Totals
        14          0          0          0          0          0   (incl. Padding)

    ----------------------------------------------------------------------

      Code (inc. data)   RO Data    RW Data    ZI Data      Debug   Library Name

      1032         16          0          0         96       1132   c_w.l
        26          0          0          0          0        116   fz_wv.l

    ----------------------------------------------------------------------
      1072         16          0          0         96       1248   Library Totals

    ----------------------------------------------------------------------

==============================================================================


      Code (inc. data)   RO Data    RW Data    ZI Data      Debug   

     52132        984       1300         24      79632     688892   Grand Totals
     52132        984       1300         24      79632     688892   ELF Image Totals
     52132        984       1300         24          0          0   ROM Totals

==============================================================================

    Total RO  Size (Code + RO Data)                53432 (  52.18kB)
    Total RW  Size (RW Data + ZI Data)             79656 (  77.79kB)
    Total ROM Size (Code + RO Data + RW Data)      53456 (  52.20kB)

==============================================================================

