/home/husky/TR/install/yolo_3d_detect_pkg/lib/python3.12/site-packages/yolo_3d_detect_pkg/vision_detector.py
/home/husky/TR/install/yolo_3d_detect_pkg/lib/python3.12/site-packages/yolo_3d_detect_pkg/block_geometry.py
/home/husky/TR/install/yolo_3d_detect_pkg/lib/python3.12/site-packages/yolo_3d_detect_pkg/__init__.py
/home/husky/TR/install/yolo_3d_detect_pkg/lib/python3.12/site-packages/yolo_3d_detect_pkg/block_detector.py
/home/husky/TR/install/yolo_3d_detect_pkg/lib/python3.12/site-packages/yolo_3d_detect_pkg/__pycache__/vision_detector.cpython-312.pyc
/home/husky/TR/install/yolo_3d_detect_pkg/lib/python3.12/site-packages/yolo_3d_detect_pkg/__pycache__/block_geometry.cpython-312.pyc
/home/husky/TR/install/yolo_3d_detect_pkg/lib/python3.12/site-packages/yolo_3d_detect_pkg/__pycache__/__init__.cpython-312.pyc
/home/husky/TR/install/yolo_3d_detect_pkg/lib/python3.12/site-packages/yolo_3d_detect_pkg/__pycache__/block_detector.cpython-312.pyc
/home/husky/TR/install/yolo_3d_detect_pkg/share/ament_index/resource_index/packages/yolo_3d_detect_pkg
/home/husky/TR/install/yolo_3d_detect_pkg/share/yolo_3d_detect_pkg/package.xml
/home/husky/TR/install/yolo_3d_detect_pkg/share/yolo_3d_detect_pkg/config/vision.yaml
/home/husky/TR/install/yolo_3d_detect_pkg/share/yolo_3d_detect_pkg/model
/home/husky/TR/install/yolo_3d_detect_pkg/share/yolo_3d_detect_pkg/model/README.md
/home/husky/TR/install/yolo_3d_detect_pkg/lib/python3.12/site-packages/yolo_3d_detect_pkg-0.1.0-py3.12.egg-info/top_level.txt
/home/husky/TR/install/yolo_3d_detect_pkg/lib/python3.12/site-packages/yolo_3d_detect_pkg-0.1.0-py3.12.egg-info/requires.txt
/home/husky/TR/install/yolo_3d_detect_pkg/lib/python3.12/site-packages/yolo_3d_detect_pkg-0.1.0-py3.12.egg-info/dependency_links.txt
/home/husky/TR/install/yolo_3d_detect_pkg/lib/python3.12/site-packages/yolo_3d_detect_pkg-0.1.0-py3.12.egg-info/entry_points.txt
/home/husky/TR/install/yolo_3d_detect_pkg/lib/python3.12/site-packages/yolo_3d_detect_pkg-0.1.0-py3.12.egg-info/PKG-INFO
/home/husky/TR/install/yolo_3d_detect_pkg/lib/python3.12/site-packages/yolo_3d_detect_pkg-0.1.0-py3.12.egg-info/SOURCES.txt
/home/husky/TR/install/yolo_3d_detect_pkg/lib/python3.12/site-packages/yolo_3d_detect_pkg-0.1.0-py3.12.egg-info/zip-safe
/home/husky/TR/install/yolo_3d_detect_pkg/lib/yolo_3d_detect_pkg/block_detector
/home/husky/TR/install/yolo_3d_detect_pkg/lib/yolo_3d_detect_pkg/vision_detector
