[0.009s] Invoking command in '/home/husky/TR/build/livox_ros_driver2': CMAKE_PREFIX_PATH=${CMAKE_PREFIX_PATH}:/opt/ros/jazzy DEBUGINFOD_URLS=https://debuginfod.ubuntu.com /usr/bin/cmake /home/husky/TR/src/livox_ros_driver2 -DCMAKE_INSTALL_PREFIX=/home/husky/TR/install/livox_ros_driver2
[0.020s] -- livox_ros_driver2 version: 1.2.6
[0.020s] -- Found ament_cmake_auto: 2.5.6 (/opt/ros/jazzy/share/ament_cmake_auto/cmake)
[0.151s] -- Using all available rosidl_typesupport_c: rosidl_typesupport_fastrtps_c;rosidl_typesupport_introspection_c
[0.174s] -- Using all available rosidl_typesupport_cpp: rosidl_typesupport_fastrtps_cpp;rosidl_typesupport_introspection_cpp
[0.193s] -- Found rosidl_adapter: 4.6.9 (/opt/ros/jazzy/share/rosidl_adapter/cmake)
[0.235s] -- Found rmw_implementation_cmake: 7.3.3 (/opt/ros/jazzy/share/rmw_implementation_cmake/cmake)
[0.235s] -- Found rmw_fastrtps_cpp: 8.4.4 (/opt/ros/jazzy/share/rmw_fastrtps_cpp/cmake)
[0.281s] -- Using RMW implementation 'rmw_fastrtps_cpp' as default
[0.412s] [33mCMake Warning (dev) at /usr/lib/x86_64-linux-gnu/cmake/pcl/Modules/FindFLANN.cmake:45 (find_package):
[0.412s]   Policy CMP0144 is not set: find_package uses upper-case <PACKAGENAME>_ROOT
[0.412s]   variables.  Run "cmake --help-policy CMP0144" for policy details.  Use the
[0.412s]   cmake_policy command to set the policy and suppress this warning.
[0.412s] 
[0.412s]   CMake variable FLANN_ROOT is set to:
[0.412s] 
[0.412s]     /usr
[0.412s] 
[0.412s]   For compatibility, find_package is ignoring the variable, but code in a
[0.412s]   .cmake module might still use it.
[0.412s] Call Stack (most recent call first):
[0.413s]   /usr/lib/x86_64-linux-gnu/cmake/pcl/PCLConfig.cmake:261 (find_package)
[0.413s]   /usr/lib/x86_64-linux-gnu/cmake/pcl/PCLConfig.cmake:306 (find_flann)
[0.413s]   /usr/lib/x86_64-linux-gnu/cmake/pcl/PCLConfig.cmake:570 (find_external_library)
[0.413s]   /opt/ros/jazzy/share/pcl_conversions/cmake/ament_cmake_export_dependencies-extras.cmake:21 (find_package)
[0.413s]   /opt/ros/jazzy/share/pcl_conversions/cmake/pcl_conversionsConfig.cmake:41 (include)
[0.413s]   /opt/ros/jazzy/share/ament_cmake_auto/cmake/ament_auto_find_build_dependencies.cmake:67 (find_package)
[0.413s]   CMakeLists.txt:225 (ament_auto_find_build_dependencies)
[0.413s] This warning is for project developers.  Use -Wno-dev to suppress it.
[0.413s] [0m
[0.413s] -- Found flann version 1.9.2
[0.745s] -- OpenNI found (version: 1.5.4.0, include: /usr/include/ni, lib: /usr/lib/libOpenNI.so;libusb::libusb)
[0.750s] -- OpenNI2 found (version: 2.2.0.33, include: /usr/include/openni2, lib: /usr/lib/x86_64-linux-gnu/libOpenNI2.so;libusb::libusb)
[1.111s] -- OpenNI found (version: 1.5.4.0, include: /usr/include/ni, lib: /usr/lib/libOpenNI.so;libusb::libusb)
[1.116s] -- OpenNI2 found (version: 2.2.0.33, include: /usr/include/openni2, lib: /usr/lib/x86_64-linux-gnu/libOpenNI2.so;libusb::libusb)
[1.431s] -- Found Qhull version 8.0.2
[1.752s] -- OpenNI found (version: 1.5.4.0, include: /usr/include/ni, lib: /usr/lib/libOpenNI.so;libusb::libusb)
[2.120s] [0m/usr/include/apr-1.0[0m
[2.120s] [0mapr-1[0m
[2.243s] -- Found ament_cmake_ros: 0.12.1 (/opt/ros/jazzy/share/ament_cmake_ros/cmake)
[2.336s] -- Using all available rosidl_typesupport_c: rosidl_typesupport_fastrtps_c;rosidl_typesupport_introspection_c
[2.461s] -- Using all available rosidl_typesupport_cpp: rosidl_typesupport_fastrtps_cpp;rosidl_typesupport_introspection_cpp
[2.462s] -- Found python_cmake_module: 0.11.1 (/opt/ros/jazzy/share/python_cmake_module/cmake)
[2.643s] -- Found Python3: /usr/bin/python3 (found version "3.12.3") found components: Interpreter Development NumPy Development.Module Development.Embed 
[2.690s] -- Found Python3: /usr/bin/python3 (found version "3.12.3") found components: Interpreter 
[2.699s] -- Found ament_lint_auto: 0.17.5 (/opt/ros/jazzy/share/ament_lint_auto/cmake)
[2.705s] -- Added test 'copyright' to check source files copyright and LICENSE
[2.711s] -- Added test 'cppcheck' to perform static code analysis on C / C++ code
[2.711s] -- Configured cppcheck include dirs: /home/husky/TR/src/livox_ros_driver2/3rdparty;/home/husky/TR/src/livox_ros_driver2/src
[2.711s] -- Configured cppcheck exclude dirs and/or files: 
[2.716s] -- Added test 'cpplint' to check C / C++ code against the Google style
[2.717s] -- Configured cpplint exclude dirs and/or files: 
[2.717s] -- Added test 'flake8' to check Python code syntax and style conventions
[2.717s] -- Configured 'flake8' exclude dirs and/or files: 
[2.719s] -- Added test 'lint_cmake' to check CMake code style
[2.720s] -- Added test 'pep257' to check Python code against some of the docstring style conventions in PEP 257
[2.725s] -- Added test 'uncrustify' to check C / C++ code style
[2.725s] -- Configured uncrustify additional arguments: 
[2.726s] -- Added test 'xmllint' to check XML markup files
[2.727s] -- Configuring done (2.7s)
[2.791s] -- Generating done (0.0s)
[2.803s] -- Build files have been written to: /home/husky/TR/build/livox_ros_driver2
[2.822s] Invoked command in '/home/husky/TR/build/livox_ros_driver2' returned '0': CMAKE_PREFIX_PATH=${CMAKE_PREFIX_PATH}:/opt/ros/jazzy DEBUGINFOD_URLS=https://debuginfod.ubuntu.com /usr/bin/cmake /home/husky/TR/src/livox_ros_driver2 -DCMAKE_INSTALL_PREFIX=/home/husky/TR/install/livox_ros_driver2
[2.823s] Invoking command in '/home/husky/TR/build/livox_ros_driver2': CMAKE_PREFIX_PATH=${CMAKE_PREFIX_PATH}:/opt/ros/jazzy DEBUGINFOD_URLS=https://debuginfod.ubuntu.com /usr/bin/cmake --build /home/husky/TR/build/livox_ros_driver2 -- -j32 -l32
[2.872s] [  1%] [34m[1mGenerating Rust code for ROS interfaces[0m
[2.873s] [  3%] [34m[1mGenerating type hashes for ROS interfaces[0m
[2.874s] [  4%] [32mBuilding CXX object CMakeFiles/livox_ros_driver2_node.dir/rclcpp_components/node_main_livox_ros_driver2_node.cpp.o[0m
[2.878s] [  4%] Built target ament_cmake_python_copy_livox_ros_driver2
[3.016s] running egg_info
[3.016s] creating livox_ros_driver2.egg-info
[3.028s] writing livox_ros_driver2.egg-info/PKG-INFO
[3.028s] writing dependency_links to livox_ros_driver2.egg-info/dependency_links.txt
[3.028s] writing top-level names to livox_ros_driver2.egg-info/top_level.txt
[3.028s] writing manifest file 'livox_ros_driver2.egg-info/SOURCES.txt'
[3.061s] reading manifest file 'livox_ros_driver2.egg-info/SOURCES.txt'
[3.061s] writing manifest file 'livox_ros_driver2.egg-info/SOURCES.txt'
[3.066s] [  4%] Built target livox_interfaces2__rosidl_generator_type_description
[3.076s] [  6%] [34m[1mGenerating C code for ROS interfaces[0m
[3.078s] [  6%] Built target livox_interfaces2__rs
[3.083s] [  6%] Built target ament_cmake_python_build_livox_ros_driver2_egg
[3.085s] [  7%] [34m[1mGenerating C++ code for ROS interfaces[0m
[3.319s] [  7%] Built target livox_interfaces2__cpp
[3.338s] [  9%] [32mBuilding C object CMakeFiles/livox_interfaces2__rosidl_generator_c.dir/rosidl_generator_c/livox_ros_driver2/msg/detail/custom_point__description.c.o[0m
[3.339s] [ 12%] [32mBuilding C object CMakeFiles/livox_interfaces2__rosidl_generator_c.dir/rosidl_generator_c/livox_ros_driver2/msg/detail/custom_msg__description.c.o[0m
[3.339s] [ 12%] [32mBuilding C object CMakeFiles/livox_interfaces2__rosidl_generator_c.dir/rosidl_generator_c/livox_ros_driver2/msg/detail/custom_msg__functions.c.o[0m
[3.339s] [ 14%] [32mBuilding C object CMakeFiles/livox_interfaces2__rosidl_generator_c.dir/rosidl_generator_c/livox_ros_driver2/msg/detail/custom_msg__type_support.c.o[0m
[3.339s] [ 17%] [32mBuilding C object CMakeFiles/livox_interfaces2__rosidl_generator_c.dir/rosidl_generator_c/livox_ros_driver2/msg/detail/custom_point__functions.c.o[0m
[3.339s] [ 17%] [32mBuilding C object CMakeFiles/livox_interfaces2__rosidl_generator_c.dir/rosidl_generator_c/livox_ros_driver2/msg/detail/custom_point__type_support.c.o[0m
[3.379s] [ 19%] [32m[1mLinking C shared library liblivox_ros_driver2__rosidl_generator_c.so[0m
[3.411s] [ 19%] Built target livox_interfaces2__rosidl_generator_c
[3.420s] [ 20%] [34m[1mGenerating C type support dispatch for ROS interfaces[0m
[3.421s] [ 22%] [34m[1mGenerating C type support for eProsima Fast-RTPS[0m
[3.421s] [ 26%] [34m[1mGenerating C++ type support for eProsima Fast-RTPS[0m
[3.421s] [ 26%] [34m[1mGenerating C++ introspection for ROS interfaces[0m
[3.421s] [ 26%] [34m[1mGenerating C++ type support dispatch for ROS interfaces[0m
[3.421s] [ 28%] [34m[1mGenerating C introspection for ROS interfaces[0m
[3.636s] [ 33%] [32mBuilding CXX object CMakeFiles/livox_interfaces2__rosidl_typesupport_cpp.dir/rosidl_typesupport_cpp/livox_ros_driver2/msg/custom_point__type_support.cpp.o[0m
[3.636s] [ 33%] [32mBuilding CXX object CMakeFiles/livox_interfaces2__rosidl_typesupport_c.dir/rosidl_typesupport_c/livox_ros_driver2/msg/custom_msg__type_support.cpp.o[0m
[3.636s] [ 33%] [32mBuilding CXX object CMakeFiles/livox_interfaces2__rosidl_typesupport_cpp.dir/rosidl_typesupport_cpp/livox_ros_driver2/msg/custom_msg__type_support.cpp.o[0m
[3.636s] [ 34%] [32mBuilding CXX object CMakeFiles/livox_interfaces2__rosidl_typesupport_c.dir/rosidl_typesupport_c/livox_ros_driver2/msg/custom_point__type_support.cpp.o[0m
[3.648s] [ 38%] [32mBuilding CXX object CMakeFiles/livox_interfaces2__rosidl_typesupport_introspection_cpp.dir/rosidl_typesupport_introspection_cpp/livox_ros_driver2/msg/detail/custom_point__type_support.cpp.o[0m
[3.648s] [ 38%] [32mBuilding CXX object CMakeFiles/livox_interfaces2__rosidl_typesupport_introspection_cpp.dir/rosidl_typesupport_introspection_cpp/livox_ros_driver2/msg/detail/custom_msg__type_support.cpp.o[0m
[3.650s] [ 39%] [32mBuilding C object CMakeFiles/livox_interfaces2__rosidl_typesupport_introspection_c.dir/rosidl_typesupport_introspection_c/livox_ros_driver2/msg/detail/custom_point__type_support.c.o[0m
[3.650s] [ 41%] [32mBuilding C object CMakeFiles/livox_interfaces2__rosidl_typesupport_introspection_c.dir/rosidl_typesupport_introspection_c/livox_ros_driver2/msg/detail/custom_msg__type_support.c.o[0m
[3.667s] [ 46%] [32mBuilding CXX object CMakeFiles/livox_interfaces2__rosidl_typesupport_fastrtps_cpp.dir/rosidl_typesupport_fastrtps_cpp/livox_ros_driver2/msg/detail/dds_fastrtps/custom_point__type_support.cpp.o[0m
[3.667s] [ 46%] [32mBuilding CXX object CMakeFiles/livox_interfaces2__rosidl_typesupport_fastrtps_c.dir/rosidl_typesupport_fastrtps_c/livox_ros_driver2/msg/detail/custom_point__type_support_c.cpp.o[0m
[3.667s] [ 46%] [32mBuilding CXX object CMakeFiles/livox_interfaces2__rosidl_typesupport_fastrtps_cpp.dir/rosidl_typesupport_fastrtps_cpp/livox_ros_driver2/msg/detail/dds_fastrtps/custom_msg__type_support.cpp.o[0m
[3.670s] [ 47%] [32mBuilding CXX object CMakeFiles/livox_interfaces2__rosidl_typesupport_fastrtps_c.dir/rosidl_typesupport_fastrtps_c/livox_ros_driver2/msg/detail/custom_msg__type_support_c.cpp.o[0m
[3.679s] [ 49%] [32m[1mLinking CXX shared library liblivox_ros_driver2__rosidl_typesupport_c.so[0m
[3.684s] [ 50%] [32m[1mLinking C shared library liblivox_ros_driver2__rosidl_typesupport_introspection_c.so[0m
[3.711s] [ 50%] Built target livox_interfaces2__rosidl_typesupport_c
[3.711s] [ 50%] Built target livox_interfaces2__rosidl_typesupport_introspection_c
[3.854s] [ 52%] [32m[1mLinking CXX shared library liblivox_ros_driver2__rosidl_typesupport_cpp.so[0m
[3.890s] [ 52%] Built target livox_interfaces2__rosidl_typesupport_cpp
[3.893s] [ 53%] [32m[1mLinking CXX shared library liblivox_ros_driver2__rosidl_typesupport_introspection_cpp.so[0m
[3.912s] [ 60%] [32mBuilding CXX object CMakeFiles/livox_ros_driver2.dir/src/comm/cache_index.cpp.o[0m
[3.913s] [ 60%] [32mBuilding CXX object CMakeFiles/livox_ros_driver2.dir/src/comm/lidar_imu_data_queue.cpp.o[0m
[3.913s] [ 60%] [32mBuilding CXX object CMakeFiles/livox_ros_driver2.dir/src/lddc.cpp.o[0m
[3.913s] [ 60%] [32mBuilding CXX object CMakeFiles/livox_ros_driver2.dir/src/driver_node.cpp.o[0m
[3.913s] [ 65%] [32mBuilding CXX object CMakeFiles/livox_ros_driver2.dir/src/lds.cpp.o[0m
[3.913s] [ 65%] [32mBuilding CXX object CMakeFiles/livox_ros_driver2.dir/src/livox_ros_driver2.cpp.o[0m
[3.913s] [ 65%] [32mBuilding CXX object CMakeFiles/livox_ros_driver2.dir/src/lds_lidar.cpp.o[0m
[3.913s] [ 68%] [32mBuilding CXX object CMakeFiles/livox_ros_driver2.dir/src/parse_cfg_file/parse_cfg_file.cpp.o[0m
[3.913s] [ 68%] [32mBuilding CXX object CMakeFiles/livox_ros_driver2.dir/src/comm/comm.cpp.o[0m
[3.913s] [ 69%] [32mBuilding CXX object CMakeFiles/livox_ros_driver2.dir/src/comm/pub_handler.cpp.o[0m
[3.914s] [ 71%] [32mBuilding CXX object CMakeFiles/livox_ros_driver2.dir/src/comm/ldq.cpp.o[0m
[3.914s] [ 73%] [32mBuilding CXX object CMakeFiles/livox_ros_driver2.dir/src/comm/semaphore.cpp.o[0m
[3.915s] [ 76%] [32mBuilding CXX object CMakeFiles/livox_ros_driver2.dir/src/call_back/lidar_common_callback.cpp.o[0m
[3.915s] [ 76%] [32mBuilding CXX object CMakeFiles/livox_ros_driver2.dir/src/call_back/livox_lidar_callback.cpp.o[0m
[3.916s] [ 77%] [32mBuilding CXX object CMakeFiles/livox_ros_driver2.dir/src/parse_cfg_file/parse_livox_lidar_cfg.cpp.o[0m
[3.957s] [ 77%] Built target livox_interfaces2__rosidl_typesupport_introspection_cpp
[4.000s] [ 79%] [32m[1mLinking CXX shared library liblivox_ros_driver2__rosidl_typesupport_fastrtps_c.so[0m
[4.040s] [ 80%] [32m[1mLinking CXX shared library liblivox_ros_driver2__rosidl_typesupport_fastrtps_cpp.so[0m
[4.050s] [ 80%] Built target livox_interfaces2__rosidl_typesupport_fastrtps_c
[4.101s] [ 80%] Built target livox_interfaces2__rosidl_typesupport_fastrtps_cpp
[4.122s] [ 80%] Built target livox_interfaces2
[4.141s] [ 82%] [34m[1mGenerating Python code for ROS interfaces[0m
[4.585s] [ 82%] Built target livox_interfaces2__py
[4.602s] [ 85%] [32mBuilding C object CMakeFiles/livox_interfaces2__rosidl_generator_py.dir/rosidl_generator_py/livox_ros_driver2/msg/_custom_point_s.c.o[0m
[4.603s] [ 85%] [32mBuilding C object CMakeFiles/livox_interfaces2__rosidl_generator_py.dir/rosidl_generator_py/livox_ros_driver2/msg/_custom_msg_s.c.o[0m
[4.701s] [ 87%] [32m[1mLinking C shared library liblivox_interfaces2__rosidl_generator_py.so[0m
[4.734s] [ 87%] Built target livox_interfaces2__rosidl_generator_py
[4.749s] [ 90%] [32mBuilding C object CMakeFiles/livox_ros_driver2_s__rosidl_typesupport_c.dir/rosidl_generator_py/livox_ros_driver2/_livox_ros_driver2_s.ep.rosidl_typesupport_c.c.o[0m
[4.750s] [ 90%] [32mBuilding C object CMakeFiles/livox_ros_driver2_s__rosidl_typesupport_fastrtps_c.dir/rosidl_generator_py/livox_ros_driver2/_livox_ros_driver2_s.ep.rosidl_typesupport_fastrtps_c.c.o[0m
[4.752s] [ 92%] [32mBuilding C object CMakeFiles/livox_ros_driver2_s__rosidl_typesupport_introspection_c.dir/rosidl_generator_py/livox_ros_driver2/_livox_ros_driver2_s.ep.rosidl_typesupport_introspection_c.c.o[0m
[4.822s] [ 93%] [32m[1mLinking C shared module rosidl_generator_py/livox_ros_driver2/livox_ros_driver2_s__rosidl_typesupport_fastrtps_c.so[0m
[4.822s] [ 95%] [32m[1mLinking C shared module rosidl_generator_py/livox_ros_driver2/livox_ros_driver2_s__rosidl_typesupport_c.so[0m
[4.823s] [ 96%] [32m[1mLinking C shared module rosidl_generator_py/livox_ros_driver2/livox_ros_driver2_s__rosidl_typesupport_introspection_c.so[0m
[4.848s] [ 96%] Built target livox_ros_driver2_s__rosidl_typesupport_fastrtps_c
[4.848s] [ 96%] Built target livox_ros_driver2_s__rosidl_typesupport_introspection_c
[4.848s] [ 96%] Built target livox_ros_driver2_s__rosidl_typesupport_c
[5.461s] [ 98%] [32m[1mLinking CXX executable livox_ros_driver2_node[0m
[5.553s] [ 98%] Built target livox_ros_driver2_node
[10.782s] [100%] [32m[1mLinking CXX shared library liblivox_ros_driver2.so[0m
[11.280s] [100%] Built target livox_ros_driver2
[11.291s] Invoked command in '/home/husky/TR/build/livox_ros_driver2' returned '0': CMAKE_PREFIX_PATH=${CMAKE_PREFIX_PATH}:/opt/ros/jazzy DEBUGINFOD_URLS=https://debuginfod.ubuntu.com /usr/bin/cmake --build /home/husky/TR/build/livox_ros_driver2 -- -j32 -l32
[11.300s] Invoking command in '/home/husky/TR/build/livox_ros_driver2': CMAKE_PREFIX_PATH=${CMAKE_PREFIX_PATH}:/opt/ros/jazzy DEBUGINFOD_URLS=https://debuginfod.ubuntu.com /usr/bin/cmake --install /home/husky/TR/build/livox_ros_driver2
[11.307s] -- Install configuration: ""
[11.307s] -- Installing: /home/husky/TR/install/livox_ros_driver2/share/ament_index/resource_index/rosidl_interfaces/livox_ros_driver2
[11.307s] -- Installing: /home/husky/TR/install/livox_ros_driver2/share/livox_ros_driver2/msg/CustomPoint.json
[11.308s] -- Installing: /home/husky/TR/install/livox_ros_driver2/share/livox_ros_driver2/msg/CustomMsg.json
[11.308s] -- Installing: /home/husky/TR/install/livox_ros_driver2/include/livox_ros_driver2/livox_ros_driver2
[11.308s] -- Installing: /home/husky/TR/install/livox_ros_driver2/include/livox_ros_driver2/livox_ros_driver2/msg
[11.308s] -- Installing: /home/husky/TR/install/livox_ros_driver2/include/livox_ros_driver2/livox_ros_driver2/msg/rosidl_generator_c__visibility_control.h
[11.308s] -- Installing: /home/husky/TR/install/livox_ros_driver2/include/livox_ros_driver2/livox_ros_driver2/msg/custom_msg.h
[11.308s] -- Installing: /home/husky/TR/install/livox_ros_driver2/include/livox_ros_driver2/livox_ros_driver2/msg/custom_point.h
[11.308s] -- Installing: /home/husky/TR/install/livox_ros_driver2/include/livox_ros_driver2/livox_ros_driver2/msg/detail
[11.308s] -- Installing: /home/husky/TR/install/livox_ros_driver2/include/livox_ros_driver2/livox_ros_driver2/msg/detail/custom_msg__type_support.h
[11.308s] -- Installing: /home/husky/TR/install/livox_ros_driver2/include/livox_ros_driver2/livox_ros_driver2/msg/detail/custom_msg__struct.h
[11.309s] -- Installing: /home/husky/TR/install/livox_ros_driver2/include/livox_ros_driver2/livox_ros_driver2/msg/detail/custom_point__functions.h
[11.309s] -- Installing: /home/husky/TR/install/livox_ros_driver2/include/livox_ros_driver2/livox_ros_driver2/msg/detail/custom_msg__description.c
[11.309s] -- Installing: /home/husky/TR/install/livox_ros_driver2/include/livox_ros_driver2/livox_ros_driver2/msg/detail/custom_msg__functions.c
[11.309s] -- Installing: /home/husky/TR/install/livox_ros_driver2/include/livox_ros_driver2/livox_ros_driver2/msg/detail/custom_point__type_support.c
[11.309s] -- Installing: /home/husky/TR/install/livox_ros_driver2/include/livox_ros_driver2/livox_ros_driver2/msg/detail/custom_msg__functions.h
[11.309s] -- Installing: /home/husky/TR/install/livox_ros_driver2/include/livox_ros_driver2/livox_ros_driver2/msg/detail/custom_point__description.c
[11.309s] -- Installing: /home/husky/TR/install/livox_ros_driver2/include/livox_ros_driver2/livox_ros_driver2/msg/detail/custom_msg__type_support.c
[11.309s] -- Installing: /home/husky/TR/install/livox_ros_driver2/include/livox_ros_driver2/livox_ros_driver2/msg/detail/custom_point__struct.h
[11.309s] -- Installing: /home/husky/TR/install/livox_ros_driver2/include/livox_ros_driver2/livox_ros_driver2/msg/detail/custom_point__functions.c
[11.310s] -- Installing: /home/husky/TR/install/livox_ros_driver2/include/livox_ros_driver2/livox_ros_driver2/msg/detail/custom_point__type_support.h
[11.310s] -- Installing: /home/husky/TR/install/livox_ros_driver2/share/livox_ros_driver2/environment/library_path.sh
[11.310s] -- Installing: /home/husky/TR/install/livox_ros_driver2/share/livox_ros_driver2/environment/library_path.dsv
[11.310s] -- Installing: /home/husky/TR/install/livox_ros_driver2/lib/liblivox_ros_driver2__rosidl_generator_c.so
[11.310s] -- Set non-toolchain portion of runtime path of "/home/husky/TR/install/livox_ros_driver2/lib/liblivox_ros_driver2__rosidl_generator_c.so" to ""
[11.310s] -- Up-to-date: /home/husky/TR/install/livox_ros_driver2/include/livox_ros_driver2/livox_ros_driver2
[11.311s] -- Up-to-date: /home/husky/TR/install/livox_ros_driver2/include/livox_ros_driver2/livox_ros_driver2/msg
[11.311s] -- Installing: /home/husky/TR/install/livox_ros_driver2/include/livox_ros_driver2/livox_ros_driver2/msg/rosidl_typesupport_fastrtps_c__visibility_control.h
[11.311s] -- Up-to-date: /home/husky/TR/install/livox_ros_driver2/include/livox_ros_driver2/livox_ros_driver2/msg/detail
[11.311s] -- Installing: /home/husky/TR/install/livox_ros_driver2/include/livox_ros_driver2/livox_ros_driver2/msg/detail/custom_msg__rosidl_typesupport_fastrtps_c.h
[11.311s] -- Installing: /home/husky/TR/install/livox_ros_driver2/include/livox_ros_driver2/livox_ros_driver2/msg/detail/custom_point__rosidl_typesupport_fastrtps_c.h
[11.311s] -- Installing: /home/husky/TR/install/livox_ros_driver2/lib/liblivox_ros_driver2__rosidl_typesupport_fastrtps_c.so
[11.311s] -- Set non-toolchain portion of runtime path of "/home/husky/TR/install/livox_ros_driver2/lib/liblivox_ros_driver2__rosidl_typesupport_fastrtps_c.so" to ""
[11.311s] -- Up-to-date: /home/husky/TR/install/livox_ros_driver2/include/livox_ros_driver2/livox_ros_driver2
[11.311s] -- Up-to-date: /home/husky/TR/install/livox_ros_driver2/include/livox_ros_driver2/livox_ros_driver2/msg
[11.312s] -- Installing: /home/husky/TR/install/livox_ros_driver2/include/livox_ros_driver2/livox_ros_driver2/msg/rosidl_typesupport_introspection_c__visibility_control.h
[11.312s] -- Up-to-date: /home/husky/TR/install/livox_ros_driver2/include/livox_ros_driver2/livox_ros_driver2/msg/detail
[11.312s] -- Installing: /home/husky/TR/install/livox_ros_driver2/include/livox_ros_driver2/livox_ros_driver2/msg/detail/custom_msg__rosidl_typesupport_introspection_c.h
[11.312s] -- Up-to-date: /home/husky/TR/install/livox_ros_driver2/include/livox_ros_driver2/livox_ros_driver2/msg/detail/custom_point__type_support.c
[11.312s] -- Up-to-date: /home/husky/TR/install/livox_ros_driver2/include/livox_ros_driver2/livox_ros_driver2/msg/detail/custom_msg__type_support.c
[11.312s] -- Installing: /home/husky/TR/install/livox_ros_driver2/include/livox_ros_driver2/livox_ros_driver2/msg/detail/custom_point__rosidl_typesupport_introspection_c.h
[11.312s] -- Installing: /home/husky/TR/install/livox_ros_driver2/lib/liblivox_ros_driver2__rosidl_typesupport_introspection_c.so
[11.312s] -- Set non-toolchain portion of runtime path of "/home/husky/TR/install/livox_ros_driver2/lib/liblivox_ros_driver2__rosidl_typesupport_introspection_c.so" to ""
[11.312s] -- Installing: /home/husky/TR/install/livox_ros_driver2/lib/liblivox_ros_driver2__rosidl_typesupport_c.so
[11.313s] -- Set non-toolchain portion of runtime path of "/home/husky/TR/install/livox_ros_driver2/lib/liblivox_ros_driver2__rosidl_typesupport_c.so" to ""
[11.313s] -- Up-to-date: /home/husky/TR/install/livox_ros_driver2/include/livox_ros_driver2/livox_ros_driver2
[11.313s] -- Up-to-date: /home/husky/TR/install/livox_ros_driver2/include/livox_ros_driver2/livox_ros_driver2/msg
[11.313s] -- Installing: /home/husky/TR/install/livox_ros_driver2/include/livox_ros_driver2/livox_ros_driver2/msg/rosidl_generator_cpp__visibility_control.hpp
[11.313s] -- Installing: /home/husky/TR/install/livox_ros_driver2/include/livox_ros_driver2/livox_ros_driver2/msg/custom_point.hpp
[11.313s] -- Installing: /home/husky/TR/install/livox_ros_driver2/include/livox_ros_driver2/livox_ros_driver2/msg/custom_msg.hpp
[11.313s] -- Up-to-date: /home/husky/TR/install/livox_ros_driver2/include/livox_ros_driver2/livox_ros_driver2/msg/detail
[11.313s] -- Installing: /home/husky/TR/install/livox_ros_driver2/include/livox_ros_driver2/livox_ros_driver2/msg/detail/custom_msg__struct.hpp
[11.313s] -- Installing: /home/husky/TR/install/livox_ros_driver2/include/livox_ros_driver2/livox_ros_driver2/msg/detail/custom_point__builder.hpp
[11.313s] -- Installing: /home/husky/TR/install/livox_ros_driver2/include/livox_ros_driver2/livox_ros_driver2/msg/detail/custom_point__traits.hpp
[11.313s] -- Installing: /home/husky/TR/install/livox_ros_driver2/include/livox_ros_driver2/livox_ros_driver2/msg/detail/custom_point__struct.hpp
[11.314s] -- Installing: /home/husky/TR/install/livox_ros_driver2/include/livox_ros_driver2/livox_ros_driver2/msg/detail/custom_msg__builder.hpp
[11.314s] -- Installing: /home/husky/TR/install/livox_ros_driver2/include/livox_ros_driver2/livox_ros_driver2/msg/detail/custom_msg__type_support.hpp
[11.314s] -- Installing: /home/husky/TR/install/livox_ros_driver2/include/livox_ros_driver2/livox_ros_driver2/msg/detail/custom_msg__traits.hpp
[11.314s] -- Installing: /home/husky/TR/install/livox_ros_driver2/include/livox_ros_driver2/livox_ros_driver2/msg/detail/custom_point__type_support.hpp
[11.314s] -- Up-to-date: /home/husky/TR/install/livox_ros_driver2/include/livox_ros_driver2/livox_ros_driver2
[11.314s] -- Up-to-date: /home/husky/TR/install/livox_ros_driver2/include/livox_ros_driver2/livox_ros_driver2/msg
[11.314s] -- Installing: /home/husky/TR/install/livox_ros_driver2/include/livox_ros_driver2/livox_ros_driver2/msg/rosidl_typesupport_fastrtps_cpp__visibility_control.h
[11.314s] -- Up-to-date: /home/husky/TR/install/livox_ros_driver2/include/livox_ros_driver2/livox_ros_driver2/msg/detail
[11.314s] -- Installing: /home/husky/TR/install/livox_ros_driver2/include/livox_ros_driver2/livox_ros_driver2/msg/detail/custom_point__rosidl_typesupport_fastrtps_cpp.hpp
[11.314s] -- Installing: /home/husky/TR/install/livox_ros_driver2/include/livox_ros_driver2/livox_ros_driver2/msg/detail/custom_msg__rosidl_typesupport_fastrtps_cpp.hpp
[11.314s] -- Installing: /home/husky/TR/install/livox_ros_driver2/include/livox_ros_driver2/livox_ros_driver2/msg/detail/dds_fastrtps
[11.315s] -- Installing: /home/husky/TR/install/livox_ros_driver2/lib/liblivox_ros_driver2__rosidl_typesupport_fastrtps_cpp.so
[11.315s] -- Set non-toolchain portion of runtime path of "/home/husky/TR/install/livox_ros_driver2/lib/liblivox_ros_driver2__rosidl_typesupport_fastrtps_cpp.so" to ""
[11.315s] -- Up-to-date: /home/husky/TR/install/livox_ros_driver2/include/livox_ros_driver2/livox_ros_driver2
[11.315s] -- Up-to-date: /home/husky/TR/install/livox_ros_driver2/include/livox_ros_driver2/livox_ros_driver2/msg
[11.315s] -- Up-to-date: /home/husky/TR/install/livox_ros_driver2/include/livox_ros_driver2/livox_ros_driver2/msg/detail
[11.315s] -- Installing: /home/husky/TR/install/livox_ros_driver2/include/livox_ros_driver2/livox_ros_driver2/msg/detail/custom_point__type_support.cpp
[11.315s] -- Installing: /home/husky/TR/install/livox_ros_driver2/include/livox_ros_driver2/livox_ros_driver2/msg/detail/custom_msg__rosidl_typesupport_introspection_cpp.hpp
[11.315s] -- Installing: /home/husky/TR/install/livox_ros_driver2/include/livox_ros_driver2/livox_ros_driver2/msg/detail/custom_msg__type_support.cpp
[11.316s] -- Installing: /home/husky/TR/install/livox_ros_driver2/include/livox_ros_driver2/livox_ros_driver2/msg/detail/custom_point__rosidl_typesupport_introspection_cpp.hpp
[11.316s] -- Installing: /home/husky/TR/install/livox_ros_driver2/lib/liblivox_ros_driver2__rosidl_typesupport_introspection_cpp.so
[11.316s] -- Set non-toolchain portion of runtime path of "/home/husky/TR/install/livox_ros_driver2/lib/liblivox_ros_driver2__rosidl_typesupport_introspection_cpp.so" to ""
[11.316s] -- Installing: /home/husky/TR/install/livox_ros_driver2/lib/liblivox_ros_driver2__rosidl_typesupport_cpp.so
[11.317s] -- Set non-toolchain portion of runtime path of "/home/husky/TR/install/livox_ros_driver2/lib/liblivox_ros_driver2__rosidl_typesupport_cpp.so" to ""
[11.317s] -- Installing: /home/husky/TR/install/livox_ros_driver2/share/livox_ros_driver2/environment/pythonpath.sh
[11.317s] -- Installing: /home/husky/TR/install/livox_ros_driver2/share/livox_ros_driver2/environment/pythonpath.dsv
[11.317s] -- Installing: /home/husky/TR/install/livox_ros_driver2/lib/python3.12/site-packages/livox_ros_driver2-1.0.0-py3.12.egg-info
[11.317s] -- Installing: /home/husky/TR/install/livox_ros_driver2/lib/python3.12/site-packages/livox_ros_driver2-1.0.0-py3.12.egg-info/top_level.txt
[11.317s] -- Installing: /home/husky/TR/install/livox_ros_driver2/lib/python3.12/site-packages/livox_ros_driver2-1.0.0-py3.12.egg-info/dependency_links.txt
[11.317s] -- Installing: /home/husky/TR/install/livox_ros_driver2/lib/python3.12/site-packages/livox_ros_driver2-1.0.0-py3.12.egg-info/PKG-INFO
[11.317s] -- Installing: /home/husky/TR/install/livox_ros_driver2/lib/python3.12/site-packages/livox_ros_driver2-1.0.0-py3.12.egg-info/SOURCES.txt
[11.317s] -- Installing: /home/husky/TR/install/livox_ros_driver2/lib/python3.12/site-packages/livox_ros_driver2
[11.318s] -- Installing: /home/husky/TR/install/livox_ros_driver2/lib/python3.12/site-packages/livox_ros_driver2/livox_ros_driver2_s__rosidl_typesupport_fastrtps_c.so
[11.318s] -- Installing: /home/husky/TR/install/livox_ros_driver2/lib/python3.12/site-packages/livox_ros_driver2/livox_ros_driver2_s__rosidl_typesupport_introspection_c.so
[11.318s] -- Installing: /home/husky/TR/install/livox_ros_driver2/lib/python3.12/site-packages/livox_ros_driver2/msg
[11.318s] -- Installing: /home/husky/TR/install/livox_ros_driver2/lib/python3.12/site-packages/livox_ros_driver2/msg/_custom_point_s.c
[11.318s] -- Installing: /home/husky/TR/install/livox_ros_driver2/lib/python3.12/site-packages/livox_ros_driver2/msg/_custom_msg.py
[11.318s] -- Installing: /home/husky/TR/install/livox_ros_driver2/lib/python3.12/site-packages/livox_ros_driver2/msg/__init__.py
[11.318s] -- Installing: /home/husky/TR/install/livox_ros_driver2/lib/python3.12/site-packages/livox_ros_driver2/msg/_custom_msg_s.c
[11.318s] -- Installing: /home/husky/TR/install/livox_ros_driver2/lib/python3.12/site-packages/livox_ros_driver2/msg/_custom_point.py
[11.318s] -- Installing: /home/husky/TR/install/livox_ros_driver2/lib/python3.12/site-packages/livox_ros_driver2/_livox_ros_driver2_s.ep.rosidl_typesupport_fastrtps_c.c
[11.319s] -- Installing: /home/husky/TR/install/livox_ros_driver2/lib/python3.12/site-packages/livox_ros_driver2/__init__.py
[11.319s] -- Installing: /home/husky/TR/install/livox_ros_driver2/lib/python3.12/site-packages/livox_ros_driver2/_livox_ros_driver2_s.ep.rosidl_typesupport_c.c
[11.319s] -- Installing: /home/husky/TR/install/livox_ros_driver2/lib/python3.12/site-packages/livox_ros_driver2/_livox_ros_driver2_s.ep.rosidl_typesupport_introspection_c.c
[11.319s] -- Installing: /home/husky/TR/install/livox_ros_driver2/lib/python3.12/site-packages/livox_ros_driver2/livox_ros_driver2_s__rosidl_typesupport_c.so
[11.348s] Listing '/home/husky/TR/install/livox_ros_driver2/lib/python3.12/site-packages/livox_ros_driver2'...
[11.349s] Compiling '/home/husky/TR/install/livox_ros_driver2/lib/python3.12/site-packages/livox_ros_driver2/__init__.py'...
[11.349s] Listing '/home/husky/TR/install/livox_ros_driver2/lib/python3.12/site-packages/livox_ros_driver2/msg'...
[11.349s] Compiling '/home/husky/TR/install/livox_ros_driver2/lib/python3.12/site-packages/livox_ros_driver2/msg/__init__.py'...
[11.349s] Compiling '/home/husky/TR/install/livox_ros_driver2/lib/python3.12/site-packages/livox_ros_driver2/msg/_custom_msg.py'...
[11.349s] Compiling '/home/husky/TR/install/livox_ros_driver2/lib/python3.12/site-packages/livox_ros_driver2/msg/_custom_point.py'...
[11.353s] -- Installing: /home/husky/TR/install/livox_ros_driver2/lib/python3.12/site-packages/livox_ros_driver2/livox_ros_driver2_s__rosidl_typesupport_fastrtps_c.so
[11.354s] -- Set non-toolchain portion of runtime path of "/home/husky/TR/install/livox_ros_driver2/lib/python3.12/site-packages/livox_ros_driver2/livox_ros_driver2_s__rosidl_typesupport_fastrtps_c.so" to ""
[11.354s] -- Installing: /home/husky/TR/install/livox_ros_driver2/lib/python3.12/site-packages/livox_ros_driver2/livox_ros_driver2_s__rosidl_typesupport_introspection_c.so
[11.354s] -- Set non-toolchain portion of runtime path of "/home/husky/TR/install/livox_ros_driver2/lib/python3.12/site-packages/livox_ros_driver2/livox_ros_driver2_s__rosidl_typesupport_introspection_c.so" to ""
[11.354s] -- Installing: /home/husky/TR/install/livox_ros_driver2/lib/python3.12/site-packages/livox_ros_driver2/livox_ros_driver2_s__rosidl_typesupport_c.so
[11.355s] -- Set non-toolchain portion of runtime path of "/home/husky/TR/install/livox_ros_driver2/lib/python3.12/site-packages/livox_ros_driver2/livox_ros_driver2_s__rosidl_typesupport_c.so" to ""
[11.355s] -- Installing: /home/husky/TR/install/livox_ros_driver2/lib/liblivox_interfaces2__rosidl_generator_py.so
[11.355s] -- Set non-toolchain portion of runtime path of "/home/husky/TR/install/livox_ros_driver2/lib/liblivox_interfaces2__rosidl_generator_py.so" to ""
[11.355s] -- Installing: /home/husky/TR/install/livox_ros_driver2/share/ament_index/resource_index/rust_packages/livox_ros_driver2
[11.355s] -- Installing: /home/husky/TR/install/livox_ros_driver2/share/livox_ros_driver2/rust
[11.356s] -- Installing: /home/husky/TR/install/livox_ros_driver2/share/livox_ros_driver2/rust/build.rs
[11.356s] -- Installing: /home/husky/TR/install/livox_ros_driver2/share/livox_ros_driver2/rust/src
[11.356s] -- Installing: /home/husky/TR/install/livox_ros_driver2/share/livox_ros_driver2/rust/src/lib.rs
[11.356s] -- Installing: /home/husky/TR/install/livox_ros_driver2/share/livox_ros_driver2/rust/src/msg.rs
[11.356s] -- Installing: /home/husky/TR/install/livox_ros_driver2/share/livox_ros_driver2/rust/src/msg
[11.356s] -- Installing: /home/husky/TR/install/livox_ros_driver2/share/livox_ros_driver2/rust/src/msg/rmw.rs
[11.356s] -- Installing: /home/husky/TR/install/livox_ros_driver2/share/livox_ros_driver2/rust/Cargo.toml
[11.356s] -- Installing: /home/husky/TR/install/livox_ros_driver2/share/livox_ros_driver2/msg/CustomPoint.idl
[11.356s] -- Installing: /home/husky/TR/install/livox_ros_driver2/share/livox_ros_driver2/msg/CustomMsg.idl
[11.357s] -- Installing: /home/husky/TR/install/livox_ros_driver2/share/livox_ros_driver2/msg/CustomPoint.msg
[11.357s] -- Installing: /home/husky/TR/install/livox_ros_driver2/share/livox_ros_driver2/msg/CustomMsg.msg
[11.357s] -- Installing: /home/husky/TR/install/livox_ros_driver2/lib/livox_ros_driver2/livox_ros_driver2_node
[11.358s] -- Set non-toolchain portion of runtime path of "/home/husky/TR/install/livox_ros_driver2/lib/livox_ros_driver2/livox_ros_driver2_node" to ""
[11.358s] -- Installing: /home/husky/TR/install/livox_ros_driver2/lib/liblivox_ros_driver2.so
[11.361s] -- Set non-toolchain portion of runtime path of "/home/husky/TR/install/livox_ros_driver2/lib/liblivox_ros_driver2.so" to ""
[11.362s] -- Installing: /home/husky/TR/install/livox_ros_driver2/share/livox_ros_driver2/config
[11.362s] -- Installing: /home/husky/TR/install/livox_ros_driver2/share/livox_ros_driver2/config/MID360_config.json
[11.362s] -- Installing: /home/husky/TR/install/livox_ros_driver2/share/livox_ros_driver2/config/display_point_cloud_ROS2.rviz
[11.362s] -- Installing: /home/husky/TR/install/livox_ros_driver2/share/livox_ros_driver2/config/mixed_HAP_MID360_config.json
[11.362s] -- Installing: /home/husky/TR/install/livox_ros_driver2/share/livox_ros_driver2/config/display_point_cloud_ROS1.rviz
[11.362s] -- Installing: /home/husky/TR/install/livox_ros_driver2/share/livox_ros_driver2/config/MID360s_config.json
[11.362s] -- Installing: /home/husky/TR/install/livox_ros_driver2/share/livox_ros_driver2/config/HAP_config.json
[11.362s] -- Installing: /home/husky/TR/install/livox_ros_driver2/share/livox_ros_driver2/launch_ROS2
[11.362s] -- Installing: /home/husky/TR/install/livox_ros_driver2/share/livox_ros_driver2/launch_ROS2/rviz_mixed.py
[11.362s] -- Installing: /home/husky/TR/install/livox_ros_driver2/share/livox_ros_driver2/launch_ROS2/msg_MID360_launch.py
[11.362s] -- Installing: /home/husky/TR/install/livox_ros_driver2/share/livox_ros_driver2/launch_ROS2/rviz_HAP_launch.py
[11.362s] -- Installing: /home/husky/TR/install/livox_ros_driver2/share/livox_ros_driver2/launch_ROS2/msg_MID360s_launch.py
[11.363s] -- Installing: /home/husky/TR/install/livox_ros_driver2/share/livox_ros_driver2/launch_ROS2/msg_HAP_launch.py
[11.363s] -- Installing: /home/husky/TR/install/livox_ros_driver2/share/livox_ros_driver2/launch_ROS2/rviz_MID360_launch.py
[11.363s] -- Installing: /home/husky/TR/install/livox_ros_driver2/share/livox_ros_driver2/launch_ROS2/rviz_MID360s_launch.py
[11.363s] -- Installing: /home/husky/TR/install/livox_ros_driver2/share/livox_ros_driver2/launch_ROS2/__pycache__
[11.363s] -- Installing: /home/husky/TR/install/livox_ros_driver2/share/livox_ros_driver2/launch_ROS2/__pycache__/rviz_MID360_launch.cpython-312.pyc
[11.363s] -- Installing: /home/husky/TR/install/livox_ros_driver2/share/ament_index/resource_index/package_run_dependencies/livox_ros_driver2
[11.363s] -- Installing: /home/husky/TR/install/livox_ros_driver2/share/ament_index/resource_index/parent_prefix_path/livox_ros_driver2
[11.363s] -- Installing: /home/husky/TR/install/livox_ros_driver2/share/livox_ros_driver2/environment/ament_prefix_path.sh
[11.363s] -- Installing: /home/husky/TR/install/livox_ros_driver2/share/livox_ros_driver2/environment/ament_prefix_path.dsv
[11.364s] -- Installing: /home/husky/TR/install/livox_ros_driver2/share/livox_ros_driver2/environment/path.sh
[11.364s] -- Installing: /home/husky/TR/install/livox_ros_driver2/share/livox_ros_driver2/environment/path.dsv
[11.364s] -- Installing: /home/husky/TR/install/livox_ros_driver2/share/livox_ros_driver2/local_setup.bash
[11.364s] -- Installing: /home/husky/TR/install/livox_ros_driver2/share/livox_ros_driver2/local_setup.sh
[11.364s] -- Installing: /home/husky/TR/install/livox_ros_driver2/share/livox_ros_driver2/local_setup.zsh
[11.364s] -- Installing: /home/husky/TR/install/livox_ros_driver2/share/livox_ros_driver2/local_setup.dsv
[11.364s] -- Installing: /home/husky/TR/install/livox_ros_driver2/share/livox_ros_driver2/package.dsv
[11.364s] -- Installing: /home/husky/TR/install/livox_ros_driver2/share/ament_index/resource_index/packages/livox_ros_driver2
[11.365s] -- Installing: /home/husky/TR/install/livox_ros_driver2/share/ament_index/resource_index/rclcpp_components/livox_ros_driver2
[11.365s] -- Installing: /home/husky/TR/install/livox_ros_driver2/share/livox_ros_driver2/cmake/export_livox_interfaces2__rosidl_generator_cExport.cmake
[11.365s] -- Installing: /home/husky/TR/install/livox_ros_driver2/share/livox_ros_driver2/cmake/export_livox_interfaces2__rosidl_generator_cExport-noconfig.cmake
[11.365s] -- Installing: /home/husky/TR/install/livox_ros_driver2/share/livox_ros_driver2/cmake/export_livox_interfaces2__rosidl_typesupport_fastrtps_cExport.cmake
[11.365s] -- Installing: /home/husky/TR/install/livox_ros_driver2/share/livox_ros_driver2/cmake/export_livox_interfaces2__rosidl_typesupport_fastrtps_cExport-noconfig.cmake
[11.365s] -- Installing: /home/husky/TR/install/livox_ros_driver2/share/livox_ros_driver2/cmake/livox_interfaces2__rosidl_typesupport_introspection_cExport.cmake
[11.365s] -- Installing: /home/husky/TR/install/livox_ros_driver2/share/livox_ros_driver2/cmake/livox_interfaces2__rosidl_typesupport_introspection_cExport-noconfig.cmake
[11.366s] -- Installing: /home/husky/TR/install/livox_ros_driver2/share/livox_ros_driver2/cmake/livox_interfaces2__rosidl_typesupport_cExport.cmake
[11.366s] -- Installing: /home/husky/TR/install/livox_ros_driver2/share/livox_ros_driver2/cmake/livox_interfaces2__rosidl_typesupport_cExport-noconfig.cmake
[11.366s] -- Installing: /home/husky/TR/install/livox_ros_driver2/share/livox_ros_driver2/cmake/export_livox_interfaces2__rosidl_generator_cppExport.cmake
[11.366s] -- Installing: /home/husky/TR/install/livox_ros_driver2/share/livox_ros_driver2/cmake/export_livox_interfaces2__rosidl_typesupport_fastrtps_cppExport.cmake
[11.366s] -- Installing: /home/husky/TR/install/livox_ros_driver2/share/livox_ros_driver2/cmake/export_livox_interfaces2__rosidl_typesupport_fastrtps_cppExport-noconfig.cmake
[11.366s] -- Installing: /home/husky/TR/install/livox_ros_driver2/share/livox_ros_driver2/cmake/livox_interfaces2__rosidl_typesupport_introspection_cppExport.cmake
[11.366s] -- Installing: /home/husky/TR/install/livox_ros_driver2/share/livox_ros_driver2/cmake/livox_interfaces2__rosidl_typesupport_introspection_cppExport-noconfig.cmake
[11.366s] -- Installing: /home/husky/TR/install/livox_ros_driver2/share/livox_ros_driver2/cmake/livox_interfaces2__rosidl_typesupport_cppExport.cmake
[11.367s] -- Installing: /home/husky/TR/install/livox_ros_driver2/share/livox_ros_driver2/cmake/livox_interfaces2__rosidl_typesupport_cppExport-noconfig.cmake
[11.367s] -- Installing: /home/husky/TR/install/livox_ros_driver2/share/livox_ros_driver2/cmake/export_livox_interfaces2__rosidl_generator_pyExport.cmake
[11.367s] -- Installing: /home/husky/TR/install/livox_ros_driver2/share/livox_ros_driver2/cmake/export_livox_interfaces2__rosidl_generator_pyExport-noconfig.cmake
[11.367s] -- Installing: /home/husky/TR/install/livox_ros_driver2/share/livox_ros_driver2/cmake/rosidl_cmake-extras.cmake
[11.367s] -- Installing: /home/husky/TR/install/livox_ros_driver2/share/livox_ros_driver2/cmake/ament_cmake_export_dependencies-extras.cmake
[11.367s] -- Installing: /home/husky/TR/install/livox_ros_driver2/share/livox_ros_driver2/cmake/ament_cmake_export_include_directories-extras.cmake
[11.367s] -- Installing: /home/husky/TR/install/livox_ros_driver2/share/livox_ros_driver2/cmake/ament_cmake_export_libraries-extras.cmake
[11.367s] -- Installing: /home/husky/TR/install/livox_ros_driver2/share/livox_ros_driver2/cmake/ament_cmake_export_targets-extras.cmake
[11.368s] -- Installing: /home/husky/TR/install/livox_ros_driver2/share/livox_ros_driver2/cmake/rosidl_cmake_export_typesupport_targets-extras.cmake
[11.368s] -- Installing: /home/husky/TR/install/livox_ros_driver2/share/livox_ros_driver2/cmake/rosidl_cmake_export_typesupport_libraries-extras.cmake
[11.368s] -- Installing: /home/husky/TR/install/livox_ros_driver2/share/livox_ros_driver2/cmake/rosidl_cmake_aggregate_target-extras.cmake
[11.368s] -- Installing: /home/husky/TR/install/livox_ros_driver2/share/livox_ros_driver2/cmake/livox_ros_driver2Config.cmake
[11.368s] -- Installing: /home/husky/TR/install/livox_ros_driver2/share/livox_ros_driver2/cmake/livox_ros_driver2Config-version.cmake
[11.368s] -- Installing: /home/husky/TR/install/livox_ros_driver2/share/livox_ros_driver2/package.xml
[11.370s] Invoked command in '/home/husky/TR/build/livox_ros_driver2' returned '0': CMAKE_PREFIX_PATH=${CMAKE_PREFIX_PATH}:/opt/ros/jazzy DEBUGINFOD_URLS=https://debuginfod.ubuntu.com /usr/bin/cmake --install /home/husky/TR/build/livox_ros_driver2
