-- The C compiler identification is GNU 12.4.0
-- The CXX compiler identification is GNU 12.4.0
-- Detecting C compiler ABI info
-- Detecting C compiler ABI info - done
-- Check for working C compiler: /usr/bin/cc - skipped
-- Detecting C compile features
-- Detecting C compile features - done
-- Detecting CXX compiler ABI info
-- Detecting CXX compiler ABI info - done
-- Check for working CXX compiler: /usr/bin/c++ - skipped
-- Detecting CXX compile features
-- Detecting CXX compile features - done
-- Found ament_cmake: 2.5.6 (/opt/ros/jazzy/share/ament_cmake/cmake)
-- Found Python3: /usr/bin/python3 (found version "3.12.3") found components: Interpreter 
-- Found geometry_msgs: 5.3.8 (/opt/ros/jazzy/share/geometry_msgs/cmake)
-- Found rosidl_generator_c: 4.6.9 (/opt/ros/jazzy/share/rosidl_generator_c/cmake)
-- Found rosidl_generator_cpp: 4.6.9 (/opt/ros/jazzy/share/rosidl_generator_cpp/cmake)
-- Using all available rosidl_typesupport_c: rosidl_typesupport_fastrtps_c;rosidl_typesupport_introspection_c
-- Using all available rosidl_typesupport_cpp: rosidl_typesupport_fastrtps_cpp;rosidl_typesupport_introspection_cpp
-- Found rclcpp: 28.1.21 (/opt/ros/jazzy/share/rclcpp/cmake)
-- Found rmw_implementation_cmake: 7.3.3 (/opt/ros/jazzy/share/rmw_implementation_cmake/cmake)
-- Found rmw_fastrtps_cpp: 8.4.4 (/opt/ros/jazzy/share/rmw_fastrtps_cpp/cmake)
-- Found OpenSSL: /usr/lib/x86_64-linux-gnu/libcrypto.so (found version "3.0.13")  
-- Found FastRTPS: /opt/ros/jazzy/include (Required is at least version "2.13") 
-- Using RMW implementation 'rmw_fastrtps_cpp' as default
-- Found ament_cmake_gtest: 2.5.6 (/opt/ros/jazzy/share/ament_cmake_gtest/cmake)
-- Found gtest sources under '/opt/ros/jazzy/src/gtest_vendor': C++ tests using 'Google Test' will be built
-- Performing Test CMAKE_HAVE_LIBC_PTHREAD
-- Performing Test CMAKE_HAVE_LIBC_PTHREAD - Success
-- Found Threads: TRUE  
-- Configuring done (1.1s)
-- Generating done (0.0s)
-- Build files have been written to: /home/husky/TR/build/competition_gateway
[ 10%] [32mBuilding CXX object gtest/CMakeFiles/gtest_main.dir/src/gtest_main.cc.o[0m
[ 30%] [32mBuilding CXX object CMakeFiles/serial_protocol.dir/src/serial_protocol.cpp.o[0m
[ 30%] [32mBuilding CXX object gtest/CMakeFiles/gtest.dir/src/gtest-all.cc.o[0m
[ 40%] [32m[1mLinking CXX static library libserial_protocol.a[0m
[ 40%] Built target serial_protocol
[ 50%] [32mBuilding CXX object CMakeFiles/serial_gateway.dir/src/serial_gateway.cpp.o[0m
[ 60%] [32m[1mLinking CXX static library libgtest_main.a[0m
[ 60%] Built target gtest_main
[ 70%] [32m[1mLinking CXX static library libgtest.a[0m
[ 70%] Built target gtest
[ 80%] [32mBuilding CXX object CMakeFiles/test_serial_protocol.dir/test/test_serial_protocol.cpp.o[0m
[ 90%] [32m[1mLinking CXX executable test_serial_protocol[0m
[ 90%] Built target test_serial_protocol
[100%] [32m[1mLinking CXX executable serial_gateway[0m
[100%] Built target serial_gateway
-- Install configuration: ""
-- Installing: /home/husky/TR/install/competition_gateway/lib/libserial_protocol.a
-- Installing: /home/husky/TR/install/competition_gateway/lib/competition_gateway/serial_gateway
-- Set non-toolchain portion of runtime path of "/home/husky/TR/install/competition_gateway/lib/competition_gateway/serial_gateway" to ""
-- Installing: /home/husky/TR/install/competition_gateway/include
-- Installing: /home/husky/TR/install/competition_gateway/include/competition_gateway
-- Installing: /home/husky/TR/install/competition_gateway/include/competition_gateway/serial_protocol.hpp
-- Installing: /home/husky/TR/install/competition_gateway/share/competition_gateway
-- Installing: /home/husky/TR/install/competition_gateway/share/competition_gateway/serial_gateway.yaml
-- Installing: /home/husky/TR/install/competition_gateway/share/ament_index/resource_index/package_run_dependencies/competition_gateway
-- Installing: /home/husky/TR/install/competition_gateway/share/ament_index/resource_index/parent_prefix_path/competition_gateway
-- Installing: /home/husky/TR/install/competition_gateway/share/competition_gateway/environment/ament_prefix_path.sh
-- Installing: /home/husky/TR/install/competition_gateway/share/competition_gateway/environment/ament_prefix_path.dsv
-- Installing: /home/husky/TR/install/competition_gateway/share/competition_gateway/environment/path.sh
-- Installing: /home/husky/TR/install/competition_gateway/share/competition_gateway/environment/path.dsv
-- Installing: /home/husky/TR/install/competition_gateway/share/competition_gateway/local_setup.bash
-- Installing: /home/husky/TR/install/competition_gateway/share/competition_gateway/local_setup.sh
-- Installing: /home/husky/TR/install/competition_gateway/share/competition_gateway/local_setup.zsh
-- Installing: /home/husky/TR/install/competition_gateway/share/competition_gateway/local_setup.dsv
-- Installing: /home/husky/TR/install/competition_gateway/share/competition_gateway/package.dsv
-- Installing: /home/husky/TR/install/competition_gateway/share/ament_index/resource_index/packages/competition_gateway
-- Installing: /home/husky/TR/install/competition_gateway/share/competition_gateway/cmake/competition_gatewayConfig.cmake
-- Installing: /home/husky/TR/install/competition_gateway/share/competition_gateway/cmake/competition_gatewayConfig-version.cmake
-- Installing: /home/husky/TR/install/competition_gateway/share/competition_gateway/package.xml
