[0.009s] Invoking command in '/home/husky/TR/build/competition_gateway': CMAKE_PREFIX_PATH=${CMAKE_PREFIX_PATH}:/opt/ros/jazzy DEBUGINFOD_URLS=https://debuginfod.ubuntu.com /usr/bin/cmake /home/husky/TR/src/competition_gateway -DCMAKE_EXPORT_COMPILE_COMMANDS=ON -DCMAKE_INSTALL_PREFIX=/home/husky/TR/install/competition_gateway
[0.073s] -- The C compiler identification is GNU 12.4.0
[0.115s] -- The CXX compiler identification is GNU 12.4.0
[0.129s] -- Detecting C compiler ABI info
[0.197s] -- Detecting C compiler ABI info - done
[0.202s] -- Check for working C compiler: /usr/bin/cc - skipped
[0.204s] -- Detecting C compile features
[0.204s] -- Detecting C compile features - done
[0.211s] -- Detecting CXX compiler ABI info
[0.281s] -- Detecting CXX compiler ABI info - done
[0.287s] -- Check for working CXX compiler: /usr/bin/c++ - skipped
[0.287s] -- Detecting CXX compile features
[0.287s] -- Detecting CXX compile features - done
[0.294s] -- Found ament_cmake: 2.5.6 (/opt/ros/jazzy/share/ament_cmake/cmake)
[0.406s] -- Found Python3: /usr/bin/python3 (found version "3.12.3") found components: Interpreter 
[0.518s] -- Found geometry_msgs: 5.3.8 (/opt/ros/jazzy/share/geometry_msgs/cmake)
[0.576s] -- Found rosidl_generator_c: 4.6.9 (/opt/ros/jazzy/share/rosidl_generator_c/cmake)
[0.591s] -- Found rosidl_generator_cpp: 4.6.9 (/opt/ros/jazzy/share/rosidl_generator_cpp/cmake)
[0.609s] -- Using all available rosidl_typesupport_c: rosidl_typesupport_fastrtps_c;rosidl_typesupport_introspection_c
[0.629s] -- Using all available rosidl_typesupport_cpp: rosidl_typesupport_fastrtps_cpp;rosidl_typesupport_introspection_cpp
[0.673s] -- Found rclcpp: 28.1.21 (/opt/ros/jazzy/share/rclcpp/cmake)
[0.741s] -- Found rmw_implementation_cmake: 7.3.3 (/opt/ros/jazzy/share/rmw_implementation_cmake/cmake)
[0.745s] -- Found rmw_fastrtps_cpp: 8.4.4 (/opt/ros/jazzy/share/rmw_fastrtps_cpp/cmake)
[0.830s] -- Found OpenSSL: /usr/lib/x86_64-linux-gnu/libcrypto.so (found version "3.0.13")  
[0.844s] -- Found FastRTPS: /opt/ros/jazzy/include (Required is at least version "2.13") 
[0.861s] -- Using RMW implementation 'rmw_fastrtps_cpp' as default
[0.940s] -- Found ament_cmake_gtest: 2.5.6 (/opt/ros/jazzy/share/ament_cmake_gtest/cmake)
[0.944s] -- Found gtest sources under '/opt/ros/jazzy/src/gtest_vendor': C++ tests using 'Google Test' will be built
[0.946s] -- Performing Test CMAKE_HAVE_LIBC_PTHREAD
[1.015s] -- Performing Test CMAKE_HAVE_LIBC_PTHREAD - Success
[1.016s] -- Found Threads: TRUE  
[1.075s] -- Configuring done (1.1s)
[1.086s] -- Generating done (0.0s)
[1.090s] -- Build files have been written to: /home/husky/TR/build/competition_gateway
[1.098s] Invoked command in '/home/husky/TR/build/competition_gateway' returned '0': CMAKE_PREFIX_PATH=${CMAKE_PREFIX_PATH}:/opt/ros/jazzy DEBUGINFOD_URLS=https://debuginfod.ubuntu.com /usr/bin/cmake /home/husky/TR/src/competition_gateway -DCMAKE_EXPORT_COMPILE_COMMANDS=ON -DCMAKE_INSTALL_PREFIX=/home/husky/TR/install/competition_gateway
[1.099s] Invoking command in '/home/husky/TR/build/competition_gateway': CMAKE_PREFIX_PATH=${CMAKE_PREFIX_PATH}:/opt/ros/jazzy DEBUGINFOD_URLS=https://debuginfod.ubuntu.com /usr/bin/cmake --build /home/husky/TR/build/competition_gateway -- -j32 -l32
[1.144s] [ 10%] [32mBuilding CXX object gtest/CMakeFiles/gtest_main.dir/src/gtest_main.cc.o[0m
[1.144s] [ 30%] [32mBuilding CXX object CMakeFiles/serial_protocol.dir/src/serial_protocol.cpp.o[0m
[1.144s] [ 30%] [32mBuilding CXX object gtest/CMakeFiles/gtest.dir/src/gtest-all.cc.o[0m
[1.198s] [ 40%] [32m[1mLinking CXX static library libserial_protocol.a[0m
[1.225s] [ 40%] Built target serial_protocol
[1.242s] [ 50%] [32mBuilding CXX object CMakeFiles/serial_gateway.dir/src/serial_gateway.cpp.o[0m
[1.746s] [ 60%] [32m[1mLinking CXX static library libgtest_main.a[0m
[1.773s] [ 60%] Built target gtest_main
[2.951s] In file included from [01m[K/opt/ros/jazzy/include/rclcpp/rclcpp/logging.hpp:24[m[K,
[2.951s]                  from [01m[K/opt/ros/jazzy/include/rclcpp/rclcpp/copy_all_parameter_values.hpp:27[m[K,
[2.951s]                  from [01m[K/opt/ros/jazzy/include/rclcpp/rclcpp/rclcpp.hpp:175[m[K,
[2.951s]                  from [01m[K/home/husky/TR/src/competition_gateway/src/serial_gateway.cpp:18[m[K:
[2.951s] [01m[K/home/husky/TR/src/competition_gateway/src/serial_gateway.cpp:[m[K In member function ‘[01m[Kvoid competition_gateway::serial_gateway_t::SerialGateway_Open()[m[K’:
[2.951s] [01m[K/home/husky/TR/src/competition_gateway/src/serial_gateway.cpp:150:37:[m[K [01;35m[Kwarning: [m[Kformat ‘[01m[K%d[m[K’ expects argument of type ‘[01m[Kint[m[K’, but argument 6 has type ‘[01m[Klong int[m[K’ [[01;35m[K]8;;https://gcc.gnu.org/onlinedocs/gcc/Warning-Options.html#index-Wformat=-Wformat=]8;;[m[K]
[2.951s]   150 |     RCLCPP_INFO(this->get_logger(), [01;35m[K"串口网关已打开 %s，波特率 %d。"[m[K, serial_device.c_str(), [32m[Kbaudrate[m[K);
[2.951s]       |                                     [01;35m[K^~~~~~~~~~~~~~~~~~~~~~~~~~~~~~~~[m[K                         [32m[K~~~~~~~~[m[K
[2.951s]       |                                                                                              [32m[K|[m[K
[2.951s]       |                                                                                              [32m[Klong int[m[K
[2.951s] [01m[K/home/husky/TR/src/competition_gateway/src/serial_gateway.cpp:150:65:[m[K [01;36m[Knote: [m[Kformat string is defined here
[2.951s]   150 | RCLCPP_INFO(this->get_logger(), "串口网关已打开 %s，波特率 [01;36m[K%d[m[K。", serial_device.c_str(), baudrate);
[2.952s]       |                                                            [01;36m[K~^[m[K
[2.952s]       |                                                             [01;36m[K|[m[K
[2.952s]       |                                                             [01;36m[Kint[m[K
[2.952s]       |                                                            [32m[K%ld[m[K
[3.700s] [ 70%] [32m[1mLinking CXX static library libgtest.a[0m
[3.750s] [ 70%] Built target gtest
[3.768s] [ 80%] [32mBuilding CXX object CMakeFiles/test_serial_protocol.dir/test/test_serial_protocol.cpp.o[0m
[4.370s] [ 90%] [32m[1mLinking CXX executable test_serial_protocol[0m
[4.460s] [ 90%] Built target test_serial_protocol
[9.357s] [100%] [32m[1mLinking CXX executable serial_gateway[0m
[9.669s] [100%] Built target serial_gateway
[9.679s] Invoked command in '/home/husky/TR/build/competition_gateway' returned '0': CMAKE_PREFIX_PATH=${CMAKE_PREFIX_PATH}:/opt/ros/jazzy DEBUGINFOD_URLS=https://debuginfod.ubuntu.com /usr/bin/cmake --build /home/husky/TR/build/competition_gateway -- -j32 -l32
[9.688s] Invoking command in '/home/husky/TR/build/competition_gateway': CMAKE_PREFIX_PATH=${CMAKE_PREFIX_PATH}:/opt/ros/jazzy DEBUGINFOD_URLS=https://debuginfod.ubuntu.com /usr/bin/cmake --install /home/husky/TR/build/competition_gateway
[9.695s] -- Install configuration: ""
[9.695s] -- Installing: /home/husky/TR/install/competition_gateway/lib/libserial_protocol.a
[9.695s] -- Installing: /home/husky/TR/install/competition_gateway/lib/competition_gateway/serial_gateway
[9.701s] -- Set non-toolchain portion of runtime path of "/home/husky/TR/install/competition_gateway/lib/competition_gateway/serial_gateway" to ""
[9.701s] -- Installing: /home/husky/TR/install/competition_gateway/include
[9.701s] -- Installing: /home/husky/TR/install/competition_gateway/include/competition_gateway
[9.701s] -- Installing: /home/husky/TR/install/competition_gateway/include/competition_gateway/serial_protocol.hpp
[9.701s] -- Installing: /home/husky/TR/install/competition_gateway/share/competition_gateway
[9.702s] -- Installing: /home/husky/TR/install/competition_gateway/share/competition_gateway/serial_gateway.yaml
[9.702s] -- Installing: /home/husky/TR/install/competition_gateway/share/ament_index/resource_index/package_run_dependencies/competition_gateway
[9.702s] -- Installing: /home/husky/TR/install/competition_gateway/share/ament_index/resource_index/parent_prefix_path/competition_gateway
[9.702s] -- Installing: /home/husky/TR/install/competition_gateway/share/competition_gateway/environment/ament_prefix_path.sh
[9.702s] -- Installing: /home/husky/TR/install/competition_gateway/share/competition_gateway/environment/ament_prefix_path.dsv
[9.702s] -- Installing: /home/husky/TR/install/competition_gateway/share/competition_gateway/environment/path.sh
[9.702s] -- Installing: /home/husky/TR/install/competition_gateway/share/competition_gateway/environment/path.dsv
[9.702s] -- Installing: /home/husky/TR/install/competition_gateway/share/competition_gateway/local_setup.bash
[9.703s] -- Installing: /home/husky/TR/install/competition_gateway/share/competition_gateway/local_setup.sh
[9.703s] -- Installing: /home/husky/TR/install/competition_gateway/share/competition_gateway/local_setup.zsh
[9.703s] -- Installing: /home/husky/TR/install/competition_gateway/share/competition_gateway/local_setup.dsv
[9.703s] -- Installing: /home/husky/TR/install/competition_gateway/share/competition_gateway/package.dsv
[9.703s] -- Installing: /home/husky/TR/install/competition_gateway/share/ament_index/resource_index/packages/competition_gateway
[9.703s] -- Installing: /home/husky/TR/install/competition_gateway/share/competition_gateway/cmake/competition_gatewayConfig.cmake
[9.703s] -- Installing: /home/husky/TR/install/competition_gateway/share/competition_gateway/cmake/competition_gatewayConfig-version.cmake
[9.703s] -- Installing: /home/husky/TR/install/competition_gateway/share/competition_gateway/package.xml
[9.705s] Invoked command in '/home/husky/TR/build/competition_gateway' returned '0': CMAKE_PREFIX_PATH=${CMAKE_PREFIX_PATH}:/opt/ros/jazzy DEBUGINFOD_URLS=https://debuginfod.ubuntu.com /usr/bin/cmake --install /home/husky/TR/build/competition_gateway
