running egg_info
writing ../../build/fyt_pos/fyt_pos.egg-info/PKG-INFO
writing dependency_links to ../../build/fyt_pos/fyt_pos.egg-info/dependency_links.txt
writing entry points to ../../build/fyt_pos/fyt_pos.egg-info/entry_points.txt
writing requirements to ../../build/fyt_pos/fyt_pos.egg-info/requires.txt
writing top-level names to ../../build/fyt_pos/fyt_pos.egg-info/top_level.txt
reading manifest file '../../build/fyt_pos/fyt_pos.egg-info/SOURCES.txt'
writing manifest file '../../build/fyt_pos/fyt_pos.egg-info/SOURCES.txt'
running build
running build_py
copying fyt_pos/simple_position.py -> /home/husky/TR/build/fyt_pos/build/lib/fyt_pos
running install
running install_lib
copying /home/husky/TR/build/fyt_pos/build/lib/fyt_pos/simple_position.py -> /home/husky/TR/install/fyt_pos/lib/python3.12/site-packages/fyt_pos
byte-compiling /home/husky/TR/install/fyt_pos/lib/python3.12/site-packages/fyt_pos/simple_position.py to simple_position.cpython-312.pyc
running install_data
copying config/field.yaml -> /home/husky/TR/install/fyt_pos/share/fyt_pos/config
copying launch/simple_position.launch.py -> /home/husky/TR/install/fyt_pos/share/fyt_pos/launch
running install_egg_info
removing '/home/husky/TR/install/fyt_pos/lib/python3.12/site-packages/fyt_pos-0.1.0-py3.12.egg-info' (and everything under it)
Copying ../../build/fyt_pos/fyt_pos.egg-info to /home/husky/TR/install/fyt_pos/lib/python3.12/site-packages/fyt_pos-0.1.0-py3.12.egg-info
running install_scripts
Installing field_localizer script to /home/husky/TR/install/fyt_pos/lib/fyt_pos
Installing field_visualizer script to /home/husky/TR/install/fyt_pos/lib/fyt_pos
Installing simple_position script to /home/husky/TR/install/fyt_pos/lib/fyt_pos
writing list of installed files to '/home/husky/TR/build/fyt_pos/install.log'
