[0.066s] DEBUG:colcon:Command line arguments: ['/usr/bin/colcon', 'build', '--packages-select', 'fast_lio', '--event-handlers', 'console_direct+']
[0.066s] DEBUG:colcon:Parsed command line arguments: Namespace(log_base=None, log_level=None, verb_name='build', build_base='build', install_base='install', merge_install=False, symlink_install=False, test_result_base=None, continue_on_error=False, executor='parallel', parallel_workers=32, event_handlers=['console_direct+'], ignore_user_meta=False, metas=['./colcon.meta'], base_paths=['.'], packages_ignore=None, packages_ignore_regex=None, paths=None, packages_up_to=None, packages_up_to_regex=None, packages_above=None, packages_above_and_dependencies=None, packages_above_depth=None, packages_select_by_dep=None, packages_skip_by_dep=None, packages_skip_up_to=None, packages_select_build_failed=False, packages_skip_build_finished=False, packages_select_test_failures=False, packages_skip_test_passed=False, packages_select=['fast_lio'], packages_skip=None, packages_select_regex=None, packages_skip_regex=None, packages_start=None, packages_end=None, allow_overriding=[], cmake_args=None, cmake_target=None, cmake_target_skip_unavailable=False, cmake_clean_cache=False, cmake_clean_first=False, cmake_force_configure=False, ament_cmake_args=None, catkin_cmake_args=None, catkin_skip_building_tests=False, verb_parser=<colcon_defaults.argument_parser.defaults.DefaultArgumentsDecorator object at 0x70f71e85f110>, verb_extension=<colcon_core.verb.build.BuildVerb object at 0x70f71e85ef30>, main=<bound method BuildVerb.main of <colcon_core.verb.build.BuildVerb object at 0x70f71e85ef30>>)
[0.093s] Level 1:colcon.colcon_core.package_discovery:discover_packages(colcon_meta) check parameters
[0.093s] Level 1:colcon.colcon_core.package_discovery:discover_packages(recursive) check parameters
[0.093s] Level 1:colcon.colcon_core.package_discovery:discover_packages(ignore) check parameters
[0.093s] Level 1:colcon.colcon_core.package_discovery:discover_packages(path) check parameters
[0.093s] Level 1:colcon.colcon_core.package_discovery:discover_packages(colcon_meta) discover
[0.093s] Level 1:colcon.colcon_core.package_discovery:discover_packages(recursive) discover
[0.093s] INFO:colcon.colcon_core.package_discovery:Crawling recursively for packages in '/home/husky/TR'
[0.093s] Level 1:colcon.colcon_core.package_identification:_identify(.) by extensions ['ignore', 'ignore_ament_install']
[0.093s] Level 1:colcon.colcon_core.package_identification:_identify(.) by extension 'ignore'
[0.093s] Level 1:colcon.colcon_core.package_identification:_identify(.) by extension 'ignore_ament_install'
[0.093s] Level 1:colcon.colcon_core.package_identification:_identify(.) by extensions ['colcon_pkg']
[0.093s] Level 1:colcon.colcon_core.package_identification:_identify(.) by extension 'colcon_pkg'
[0.093s] Level 1:colcon.colcon_core.package_identification:_identify(.) by extensions ['colcon_meta']
[0.093s] Level 1:colcon.colcon_core.package_identification:_identify(.) by extension 'colcon_meta'
[0.093s] Level 1:colcon.colcon_core.package_identification:_identify(.) by extensions ['ros']
[0.093s] Level 1:colcon.colcon_core.package_identification:_identify(.) by extension 'ros'
[0.109s] Level 1:colcon.colcon_core.package_identification:_identify(.) by extensions ['cmake', 'python']
[0.109s] Level 1:colcon.colcon_core.package_identification:_identify(.) by extension 'cmake'
[0.109s] Level 1:colcon.colcon_core.package_identification:_identify(.) by extension 'python'
[0.109s] Level 1:colcon.colcon_core.package_identification:_identify(.) by extensions ['python_setup_py']
[0.109s] Level 1:colcon.colcon_core.package_identification:_identify(.) by extension 'python_setup_py'
[0.109s] Level 1:colcon.colcon_core.package_identification:_identify(build) by extensions ['ignore', 'ignore_ament_install']
[0.109s] Level 1:colcon.colcon_core.package_identification:_identify(build) by extension 'ignore'
[0.109s] Level 1:colcon.colcon_core.package_identification:_identify(build) ignored
[0.109s] Level 1:colcon.colcon_core.package_identification:_identify(docs) by extensions ['ignore', 'ignore_ament_install']
[0.109s] Level 1:colcon.colcon_core.package_identification:_identify(docs) by extension 'ignore'
[0.109s] Level 1:colcon.colcon_core.package_identification:_identify(docs) by extension 'ignore_ament_install'
[0.109s] Level 1:colcon.colcon_core.package_identification:_identify(docs) by extensions ['colcon_pkg']
[0.109s] Level 1:colcon.colcon_core.package_identification:_identify(docs) by extension 'colcon_pkg'
[0.109s] Level 1:colcon.colcon_core.package_identification:_identify(docs) by extensions ['colcon_meta']
[0.109s] Level 1:colcon.colcon_core.package_identification:_identify(docs) by extension 'colcon_meta'
[0.109s] Level 1:colcon.colcon_core.package_identification:_identify(docs) by extensions ['ros']
[0.109s] Level 1:colcon.colcon_core.package_identification:_identify(docs) by extension 'ros'
[0.109s] Level 1:colcon.colcon_core.package_identification:_identify(docs) by extensions ['cmake', 'python']
[0.109s] Level 1:colcon.colcon_core.package_identification:_identify(docs) by extension 'cmake'
[0.109s] Level 1:colcon.colcon_core.package_identification:_identify(docs) by extension 'python'
[0.110s] Level 1:colcon.colcon_core.package_identification:_identify(docs) by extensions ['python_setup_py']
[0.110s] Level 1:colcon.colcon_core.package_identification:_identify(docs) by extension 'python_setup_py'
[0.110s] Level 1:colcon.colcon_core.package_identification:_identify(install) by extensions ['ignore', 'ignore_ament_install']
[0.110s] Level 1:colcon.colcon_core.package_identification:_identify(install) by extension 'ignore'
[0.110s] Level 1:colcon.colcon_core.package_identification:_identify(install) ignored
[0.110s] Level 1:colcon.colcon_core.package_identification:_identify(log) by extensions ['ignore', 'ignore_ament_install']
[0.110s] Level 1:colcon.colcon_core.package_identification:_identify(log) by extension 'ignore'
[0.110s] Level 1:colcon.colcon_core.package_identification:_identify(log) ignored
[0.110s] Level 1:colcon.colcon_core.package_identification:_identify(src) by extensions ['ignore', 'ignore_ament_install']
[0.110s] Level 1:colcon.colcon_core.package_identification:_identify(src) by extension 'ignore'
[0.110s] Level 1:colcon.colcon_core.package_identification:_identify(src) by extension 'ignore_ament_install'
[0.110s] Level 1:colcon.colcon_core.package_identification:_identify(src) by extensions ['colcon_pkg']
[0.110s] Level 1:colcon.colcon_core.package_identification:_identify(src) by extension 'colcon_pkg'
[0.110s] Level 1:colcon.colcon_core.package_identification:_identify(src) by extensions ['colcon_meta']
[0.110s] Level 1:colcon.colcon_core.package_identification:_identify(src) by extension 'colcon_meta'
[0.110s] Level 1:colcon.colcon_core.package_identification:_identify(src) by extensions ['ros']
[0.110s] Level 1:colcon.colcon_core.package_identification:_identify(src) by extension 'ros'
[0.110s] Level 1:colcon.colcon_core.package_identification:_identify(src) by extensions ['cmake', 'python']
[0.110s] Level 1:colcon.colcon_core.package_identification:_identify(src) by extension 'cmake'
[0.110s] Level 1:colcon.colcon_core.package_identification:_identify(src) by extension 'python'
[0.110s] Level 1:colcon.colcon_core.package_identification:_identify(src) by extensions ['python_setup_py']
[0.110s] Level 1:colcon.colcon_core.package_identification:_identify(src) by extension 'python_setup_py'
[0.110s] Level 1:colcon.colcon_core.package_identification:_identify(src/FAST_LIO2_ROS2) by extensions ['ignore', 'ignore_ament_install']
[0.110s] Level 1:colcon.colcon_core.package_identification:_identify(src/FAST_LIO2_ROS2) by extension 'ignore'
[0.110s] Level 1:colcon.colcon_core.package_identification:_identify(src/FAST_LIO2_ROS2) by extension 'ignore_ament_install'
[0.110s] Level 1:colcon.colcon_core.package_identification:_identify(src/FAST_LIO2_ROS2) by extensions ['colcon_pkg']
[0.110s] Level 1:colcon.colcon_core.package_identification:_identify(src/FAST_LIO2_ROS2) by extension 'colcon_pkg'
[0.110s] Level 1:colcon.colcon_core.package_identification:_identify(src/FAST_LIO2_ROS2) by extensions ['colcon_meta']
[0.111s] Level 1:colcon.colcon_core.package_identification:_identify(src/FAST_LIO2_ROS2) by extension 'colcon_meta'
[0.111s] Level 1:colcon.colcon_core.package_identification:_identify(src/FAST_LIO2_ROS2) by extensions ['ros']
[0.111s] Level 1:colcon.colcon_core.package_identification:_identify(src/FAST_LIO2_ROS2) by extension 'ros'
[0.111s] Level 1:colcon.colcon_core.package_identification:_identify(src/FAST_LIO2_ROS2) by extensions ['cmake', 'python']
[0.111s] Level 1:colcon.colcon_core.package_identification:_identify(src/FAST_LIO2_ROS2) by extension 'cmake'
[0.111s] Level 1:colcon.colcon_core.package_identification:_identify(src/FAST_LIO2_ROS2) by extension 'python'
[0.111s] Level 1:colcon.colcon_core.package_identification:_identify(src/FAST_LIO2_ROS2) by extensions ['python_setup_py']
[0.111s] Level 1:colcon.colcon_core.package_identification:_identify(src/FAST_LIO2_ROS2) by extension 'python_setup_py'
[0.111s] Level 1:colcon.colcon_core.package_identification:_identify(src/FAST_LIO2_ROS2/fastlio2) by extensions ['ignore', 'ignore_ament_install']
[0.111s] Level 1:colcon.colcon_core.package_identification:_identify(src/FAST_LIO2_ROS2/fastlio2) by extension 'ignore'
[0.111s] Level 1:colcon.colcon_core.package_identification:_identify(src/FAST_LIO2_ROS2/fastlio2) by extension 'ignore_ament_install'
[0.111s] Level 1:colcon.colcon_core.package_identification:_identify(src/FAST_LIO2_ROS2/fastlio2) by extensions ['colcon_pkg']
[0.111s] Level 1:colcon.colcon_core.package_identification:_identify(src/FAST_LIO2_ROS2/fastlio2) by extension 'colcon_pkg'
[0.111s] Level 1:colcon.colcon_core.package_identification:_identify(src/FAST_LIO2_ROS2/fastlio2) by extensions ['colcon_meta']
[0.111s] Level 1:colcon.colcon_core.package_identification:_identify(src/FAST_LIO2_ROS2/fastlio2) by extension 'colcon_meta'
[0.111s] Level 1:colcon.colcon_core.package_identification:_identify(src/FAST_LIO2_ROS2/fastlio2) by extensions ['ros']
[0.111s] Level 1:colcon.colcon_core.package_identification:_identify(src/FAST_LIO2_ROS2/fastlio2) by extension 'ros'
[0.113s] DEBUG:colcon.colcon_core.package_identification:Package 'src/FAST_LIO2_ROS2/fastlio2' with type 'ros.ament_cmake' and name 'fast_lio'
[0.113s] Level 1:colcon.colcon_core.package_identification:_identify(src/FAST_LIO2_ROS2/hba) by extensions ['ignore', 'ignore_ament_install']
[0.113s] Level 1:colcon.colcon_core.package_identification:_identify(src/FAST_LIO2_ROS2/hba) by extension 'ignore'
[0.113s] Level 1:colcon.colcon_core.package_identification:_identify(src/FAST_LIO2_ROS2/hba) by extension 'ignore_ament_install'
[0.113s] Level 1:colcon.colcon_core.package_identification:_identify(src/FAST_LIO2_ROS2/hba) by extensions ['colcon_pkg']
[0.113s] Level 1:colcon.colcon_core.package_identification:_identify(src/FAST_LIO2_ROS2/hba) by extension 'colcon_pkg'
[0.113s] Level 1:colcon.colcon_core.package_identification:_identify(src/FAST_LIO2_ROS2/hba) by extensions ['colcon_meta']
[0.113s] Level 1:colcon.colcon_core.package_identification:_identify(src/FAST_LIO2_ROS2/hba) by extension 'colcon_meta'
[0.113s] Level 1:colcon.colcon_core.package_identification:_identify(src/FAST_LIO2_ROS2/hba) by extensions ['ros']
[0.113s] Level 1:colcon.colcon_core.package_identification:_identify(src/FAST_LIO2_ROS2/hba) by extension 'ros'
[0.113s] DEBUG:colcon.colcon_core.package_identification:Package 'src/FAST_LIO2_ROS2/hba' with type 'ros.ament_cmake' and name 'hba'
[0.114s] Level 1:colcon.colcon_core.package_identification:_identify(src/FAST_LIO2_ROS2/interface) by extensions ['ignore', 'ignore_ament_install']
[0.114s] Level 1:colcon.colcon_core.package_identification:_identify(src/FAST_LIO2_ROS2/interface) by extension 'ignore'
[0.114s] Level 1:colcon.colcon_core.package_identification:_identify(src/FAST_LIO2_ROS2/interface) by extension 'ignore_ament_install'
[0.114s] Level 1:colcon.colcon_core.package_identification:_identify(src/FAST_LIO2_ROS2/interface) by extensions ['colcon_pkg']
[0.114s] Level 1:colcon.colcon_core.package_identification:_identify(src/FAST_LIO2_ROS2/interface) by extension 'colcon_pkg'
[0.114s] Level 1:colcon.colcon_core.package_identification:_identify(src/FAST_LIO2_ROS2/interface) by extensions ['colcon_meta']
[0.114s] Level 1:colcon.colcon_core.package_identification:_identify(src/FAST_LIO2_ROS2/interface) by extension 'colcon_meta'
[0.114s] Level 1:colcon.colcon_core.package_identification:_identify(src/FAST_LIO2_ROS2/interface) by extensions ['ros']
[0.114s] Level 1:colcon.colcon_core.package_identification:_identify(src/FAST_LIO2_ROS2/interface) by extension 'ros'
[0.114s] DEBUG:colcon.colcon_core.package_identification:Package 'src/FAST_LIO2_ROS2/interface' with type 'ros.ament_cmake' and name 'interface'
[0.114s] Level 1:colcon.colcon_core.package_identification:_identify(src/FAST_LIO2_ROS2/localizer) by extensions ['ignore', 'ignore_ament_install']
[0.114s] Level 1:colcon.colcon_core.package_identification:_identify(src/FAST_LIO2_ROS2/localizer) by extension 'ignore'
[0.114s] Level 1:colcon.colcon_core.package_identification:_identify(src/FAST_LIO2_ROS2/localizer) by extension 'ignore_ament_install'
[0.114s] Level 1:colcon.colcon_core.package_identification:_identify(src/FAST_LIO2_ROS2/localizer) by extensions ['colcon_pkg']
[0.114s] Level 1:colcon.colcon_core.package_identification:_identify(src/FAST_LIO2_ROS2/localizer) by extension 'colcon_pkg'
[0.114s] Level 1:colcon.colcon_core.package_identification:_identify(src/FAST_LIO2_ROS2/localizer) by extensions ['colcon_meta']
[0.114s] Level 1:colcon.colcon_core.package_identification:_identify(src/FAST_LIO2_ROS2/localizer) by extension 'colcon_meta'
[0.114s] Level 1:colcon.colcon_core.package_identification:_identify(src/FAST_LIO2_ROS2/localizer) by extensions ['ros']
[0.114s] Level 1:colcon.colcon_core.package_identification:_identify(src/FAST_LIO2_ROS2/localizer) by extension 'ros'
[0.115s] DEBUG:colcon.colcon_core.package_identification:Package 'src/FAST_LIO2_ROS2/localizer' with type 'ros.ament_cmake' and name 'localizer'
[0.115s] Level 1:colcon.colcon_core.package_identification:_identify(src/FAST_LIO2_ROS2/pgo) by extensions ['ignore', 'ignore_ament_install']
[0.115s] Level 1:colcon.colcon_core.package_identification:_identify(src/FAST_LIO2_ROS2/pgo) by extension 'ignore'
[0.115s] Level 1:colcon.colcon_core.package_identification:_identify(src/FAST_LIO2_ROS2/pgo) by extension 'ignore_ament_install'
[0.115s] Level 1:colcon.colcon_core.package_identification:_identify(src/FAST_LIO2_ROS2/pgo) by extensions ['colcon_pkg']
[0.115s] Level 1:colcon.colcon_core.package_identification:_identify(src/FAST_LIO2_ROS2/pgo) by extension 'colcon_pkg'
[0.115s] Level 1:colcon.colcon_core.package_identification:_identify(src/FAST_LIO2_ROS2/pgo) by extensions ['colcon_meta']
[0.115s] Level 1:colcon.colcon_core.package_identification:_identify(src/FAST_LIO2_ROS2/pgo) by extension 'colcon_meta'
[0.115s] Level 1:colcon.colcon_core.package_identification:_identify(src/FAST_LIO2_ROS2/pgo) by extensions ['ros']
[0.115s] Level 1:colcon.colcon_core.package_identification:_identify(src/FAST_LIO2_ROS2/pgo) by extension 'ros'
[0.116s] DEBUG:colcon.colcon_core.package_identification:Package 'src/FAST_LIO2_ROS2/pgo' with type 'ros.ament_cmake' and name 'pgo'
[0.116s] Level 1:colcon.colcon_core.package_identification:_identify(src/common_launch_pkg) by extensions ['ignore', 'ignore_ament_install']
[0.116s] Level 1:colcon.colcon_core.package_identification:_identify(src/common_launch_pkg) by extension 'ignore'
[0.116s] Level 1:colcon.colcon_core.package_identification:_identify(src/common_launch_pkg) by extension 'ignore_ament_install'
[0.116s] Level 1:colcon.colcon_core.package_identification:_identify(src/common_launch_pkg) by extensions ['colcon_pkg']
[0.116s] Level 1:colcon.colcon_core.package_identification:_identify(src/common_launch_pkg) by extension 'colcon_pkg'
[0.116s] Level 1:colcon.colcon_core.package_identification:_identify(src/common_launch_pkg) by extensions ['colcon_meta']
[0.116s] Level 1:colcon.colcon_core.package_identification:_identify(src/common_launch_pkg) by extension 'colcon_meta'
[0.116s] Level 1:colcon.colcon_core.package_identification:_identify(src/common_launch_pkg) by extensions ['ros']
[0.116s] Level 1:colcon.colcon_core.package_identification:_identify(src/common_launch_pkg) by extension 'ros'
[0.117s] DEBUG:colcon.colcon_core.package_identification:Package 'src/common_launch_pkg' with type 'ros.ament_python' and name 'common_launch_pkg'
[0.117s] Level 1:colcon.colcon_core.package_identification:_identify(src/competition_gateway) by extensions ['ignore', 'ignore_ament_install']
[0.117s] Level 1:colcon.colcon_core.package_identification:_identify(src/competition_gateway) by extension 'ignore'
[0.117s] Level 1:colcon.colcon_core.package_identification:_identify(src/competition_gateway) by extension 'ignore_ament_install'
[0.117s] Level 1:colcon.colcon_core.package_identification:_identify(src/competition_gateway) by extensions ['colcon_pkg']
[0.117s] Level 1:colcon.colcon_core.package_identification:_identify(src/competition_gateway) by extension 'colcon_pkg'
[0.117s] Level 1:colcon.colcon_core.package_identification:_identify(src/competition_gateway) by extensions ['colcon_meta']
[0.117s] Level 1:colcon.colcon_core.package_identification:_identify(src/competition_gateway) by extension 'colcon_meta'
[0.117s] Level 1:colcon.colcon_core.package_identification:_identify(src/competition_gateway) by extensions ['ros']
[0.117s] Level 1:colcon.colcon_core.package_identification:_identify(src/competition_gateway) by extension 'ros'
[0.117s] DEBUG:colcon.colcon_core.package_identification:Package 'src/competition_gateway' with type 'ros.ament_cmake' and name 'competition_gateway'
[0.117s] Level 1:colcon.colcon_core.package_identification:_identify(src/fyt_pos) by extensions ['ignore', 'ignore_ament_install']
[0.117s] Level 1:colcon.colcon_core.package_identification:_identify(src/fyt_pos) by extension 'ignore'
[0.117s] Level 1:colcon.colcon_core.package_identification:_identify(src/fyt_pos) by extension 'ignore_ament_install'
[0.117s] Level 1:colcon.colcon_core.package_identification:_identify(src/fyt_pos) by extensions ['colcon_pkg']
[0.117s] Level 1:colcon.colcon_core.package_identification:_identify(src/fyt_pos) by extension 'colcon_pkg'
[0.117s] Level 1:colcon.colcon_core.package_identification:_identify(src/fyt_pos) by extensions ['colcon_meta']
[0.117s] Level 1:colcon.colcon_core.package_identification:_identify(src/fyt_pos) by extension 'colcon_meta'
[0.118s] Level 1:colcon.colcon_core.package_identification:_identify(src/fyt_pos) by extensions ['ros']
[0.118s] Level 1:colcon.colcon_core.package_identification:_identify(src/fyt_pos) by extension 'ros'
[0.118s] DEBUG:colcon.colcon_core.package_identification:Package 'src/fyt_pos' with type 'ros.ament_python' and name 'fyt_pos'
[0.118s] Level 1:colcon.colcon_core.package_identification:_identify(src/livox_ros_driver2) by extensions ['ignore', 'ignore_ament_install']
[0.118s] Level 1:colcon.colcon_core.package_identification:_identify(src/livox_ros_driver2) by extension 'ignore'
[0.118s] Level 1:colcon.colcon_core.package_identification:_identify(src/livox_ros_driver2) by extension 'ignore_ament_install'
[0.118s] Level 1:colcon.colcon_core.package_identification:_identify(src/livox_ros_driver2) by extensions ['colcon_pkg']
[0.118s] Level 1:colcon.colcon_core.package_identification:_identify(src/livox_ros_driver2) by extension 'colcon_pkg'
[0.118s] Level 1:colcon.colcon_core.package_identification:_identify(src/livox_ros_driver2) by extensions ['colcon_meta']
[0.118s] Level 1:colcon.colcon_core.package_identification:_identify(src/livox_ros_driver2) by extension 'colcon_meta'
[0.118s] Level 1:colcon.colcon_core.package_identification:_identify(src/livox_ros_driver2) by extensions ['ros']
[0.119s] Level 1:colcon.colcon_core.package_identification:_identify(src/livox_ros_driver2) by extension 'ros'
[0.119s] DEBUG:colcon.colcon_core.package_identification:Package 'src/livox_ros_driver2' with type 'ros.ament_cmake' and name 'livox_ros_driver2'
[0.119s] Level 1:colcon.colcon_core.package_identification:_identify(src/yolo_3d_detect_pkg) by extensions ['ignore', 'ignore_ament_install']
[0.119s] Level 1:colcon.colcon_core.package_identification:_identify(src/yolo_3d_detect_pkg) by extension 'ignore'
[0.119s] Level 1:colcon.colcon_core.package_identification:_identify(src/yolo_3d_detect_pkg) by extension 'ignore_ament_install'
[0.119s] Level 1:colcon.colcon_core.package_identification:_identify(src/yolo_3d_detect_pkg) by extensions ['colcon_pkg']
[0.119s] Level 1:colcon.colcon_core.package_identification:_identify(src/yolo_3d_detect_pkg) by extension 'colcon_pkg'
[0.119s] Level 1:colcon.colcon_core.package_identification:_identify(src/yolo_3d_detect_pkg) by extensions ['colcon_meta']
[0.119s] Level 1:colcon.colcon_core.package_identification:_identify(src/yolo_3d_detect_pkg) by extension 'colcon_meta'
[0.119s] Level 1:colcon.colcon_core.package_identification:_identify(src/yolo_3d_detect_pkg) by extensions ['ros']
[0.119s] Level 1:colcon.colcon_core.package_identification:_identify(src/yolo_3d_detect_pkg) by extension 'ros'
[0.120s] DEBUG:colcon.colcon_core.package_identification:Package 'src/yolo_3d_detect_pkg' with type 'ros.ament_python' and name 'yolo_3d_detect_pkg'
[0.120s] Level 1:colcon.colcon_core.package_discovery:discover_packages(recursive) using defaults
[0.120s] Level 1:colcon.colcon_core.package_discovery:discover_packages(ignore) discover
[0.120s] Level 1:colcon.colcon_core.package_discovery:discover_packages(ignore) using defaults
[0.120s] Level 1:colcon.colcon_core.package_discovery:discover_packages(path) discover
[0.120s] Level 1:colcon.colcon_core.package_discovery:discover_packages(path) using defaults
[0.132s] INFO:colcon.colcon_core.package_selection:Skipping not selected package 'competition_gateway' in 'src/competition_gateway'
[0.132s] INFO:colcon.colcon_core.package_selection:Skipping not selected package 'fyt_pos' in 'src/fyt_pos'
[0.132s] INFO:colcon.colcon_core.package_selection:Skipping not selected package 'interface' in 'src/FAST_LIO2_ROS2/interface'
[0.132s] INFO:colcon.colcon_core.package_selection:Skipping not selected package 'livox_ros_driver2' in 'src/livox_ros_driver2'
[0.132s] INFO:colcon.colcon_core.package_selection:Skipping not selected package 'yolo_3d_detect_pkg' in 'src/yolo_3d_detect_pkg'
[0.132s] INFO:colcon.colcon_core.package_selection:Skipping not selected package 'common_launch_pkg' in 'src/common_launch_pkg'
[0.132s] INFO:colcon.colcon_core.package_selection:Skipping not selected package 'hba' in 'src/FAST_LIO2_ROS2/hba'
[0.132s] INFO:colcon.colcon_core.package_selection:Skipping not selected package 'localizer' in 'src/FAST_LIO2_ROS2/localizer'
[0.132s] INFO:colcon.colcon_core.package_selection:Skipping not selected package 'pgo' in 'src/FAST_LIO2_ROS2/pgo'
[0.132s] Level 1:colcon.colcon_core.package_discovery:discover_packages(prefix_path) check parameters
[0.132s] Level 1:colcon.colcon_core.package_discovery:discover_packages(prefix_path) discover
[0.135s] DEBUG:colcon.colcon_installed_package_information.package_discovery:Found 430 installed packages in /opt/ros/jazzy
[0.136s] Level 1:colcon.colcon_core.package_discovery:discover_packages(prefix_path) using defaults
[0.169s] Level 5:colcon.colcon_core.verb:set package 'fast_lio' build argument 'cmake_args' from command line to 'None'
[0.169s] Level 5:colcon.colcon_core.verb:set package 'fast_lio' build argument 'cmake_target' from command line to 'None'
[0.169s] Level 5:colcon.colcon_core.verb:set package 'fast_lio' build argument 'cmake_target_skip_unavailable' from command line to 'False'
[0.169s] Level 5:colcon.colcon_core.verb:set package 'fast_lio' build argument 'cmake_clean_cache' from command line to 'False'
[0.169s] Level 5:colcon.colcon_core.verb:set package 'fast_lio' build argument 'cmake_clean_first' from command line to 'False'
[0.169s] Level 5:colcon.colcon_core.verb:set package 'fast_lio' build argument 'cmake_force_configure' from command line to 'False'
[0.169s] Level 5:colcon.colcon_core.verb:set package 'fast_lio' build argument 'ament_cmake_args' from command line to 'None'
[0.169s] Level 5:colcon.colcon_core.verb:set package 'fast_lio' build argument 'catkin_cmake_args' from command line to 'None'
[0.169s] Level 5:colcon.colcon_core.verb:set package 'fast_lio' build argument 'catkin_skip_building_tests' from command line to 'False'
[0.169s] DEBUG:colcon.colcon_core.verb:Building package 'fast_lio' with the following arguments: {'ament_cmake_args': None, 'build_base': '/home/husky/TR/build/fast_lio', 'catkin_cmake_args': None, 'catkin_skip_building_tests': False, 'cmake_args': None, 'cmake_clean_cache': False, 'cmake_clean_first': False, 'cmake_force_configure': False, 'cmake_target': None, 'cmake_target_skip_unavailable': False, 'install_base': '/home/husky/TR/install/fast_lio', 'merge_install': False, 'path': '/home/husky/TR/src/FAST_LIO2_ROS2/fastlio2', 'symlink_install': False, 'test_result_base': None}
[0.169s] INFO:colcon.colcon_core.executor:Executing jobs using 'parallel' executor
[0.170s] DEBUG:colcon.colcon_parallel_executor.executor.parallel:run_until_complete
[0.170s] INFO:colcon.colcon_ros.task.ament_cmake.build:Building ROS package in '/home/husky/TR/src/FAST_LIO2_ROS2/fastlio2' with build type 'ament_cmake'
[0.170s] INFO:colcon.colcon_cmake.task.cmake.build:Building CMake package in '/home/husky/TR/src/FAST_LIO2_ROS2/fastlio2'
[0.172s] INFO:colcon.colcon_core.plugin_system:Skipping extension 'colcon_core.shell.bat': Not used on non-Windows systems
[0.172s] INFO:colcon.colcon_core.shell:Skip shell extension 'powershell' for command environment: Not usable outside of PowerShell
[0.172s] DEBUG:colcon.colcon_core.shell:Skip shell extension 'dsv' for command environment
[0.181s] DEBUG:colcon.colcon_core.event_handler.log_command:Invoking command in '/home/husky/TR/build/fast_lio': AMENT_PREFIX_PATH=/home/husky/TR/install/livox_ros_driver2:${AMENT_PREFIX_PATH} CMAKE_PREFIX_PATH=/home/husky/TR/install/livox_ros_driver2:/opt/ros/jazzy/opt/gz_sim_vendor:/opt/ros/jazzy/opt/gz_sensors_vendor:/opt/ros/jazzy/opt/gz_physics_vendor:/opt/ros/jazzy/opt/sdformat_vendor:/opt/ros/jazzy/opt/gz_gui_vendor:/opt/ros/jazzy/opt/gz_transport_vendor:/opt/ros/jazzy/opt/gz_rendering_vendor:/opt/ros/jazzy/opt/gz_plugin_vendor:/opt/ros/jazzy/opt/gz_fuel_tools_vendor:/opt/ros/jazzy/opt/gz_msgs_vendor:/opt/ros/jazzy/opt/gz_common_vendor:/opt/ros/jazzy/opt/gz_math_vendor:/opt/ros/jazzy/opt/gz_utils_vendor:/opt/ros/jazzy/opt/gz_tools_vendor:/opt/ros/jazzy/opt/gz_ogre_next_vendor:/opt/ros/jazzy/opt/gz_dartsim_vendor:/opt/ros/jazzy/opt/gz_cmake_vendor:/opt/ros/jazzy DEBUGINFOD_URLS=https://debuginfod.ubuntu.com LD_LIBRARY_PATH=/home/husky/TR/install/livox_ros_driver2/lib:${LD_LIBRARY_PATH} PYTHONPATH=/home/husky/TR/install/livox_ros_driver2/lib/python3.12/site-packages:${PYTHONPATH} /usr/bin/cmake /home/husky/TR/src/FAST_LIO2_ROS2/fastlio2 -DCMAKE_INSTALL_PREFIX=/home/husky/TR/install/fast_lio
[5.803s] DEBUG:colcon.colcon_core.event_handler.log_command:Invoked command in '/home/husky/TR/build/fast_lio' returned '1': AMENT_PREFIX_PATH=/home/husky/TR/install/livox_ros_driver2:${AMENT_PREFIX_PATH} CMAKE_PREFIX_PATH=/home/husky/TR/install/livox_ros_driver2:/opt/ros/jazzy/opt/gz_sim_vendor:/opt/ros/jazzy/opt/gz_sensors_vendor:/opt/ros/jazzy/opt/gz_physics_vendor:/opt/ros/jazzy/opt/sdformat_vendor:/opt/ros/jazzy/opt/gz_gui_vendor:/opt/ros/jazzy/opt/gz_transport_vendor:/opt/ros/jazzy/opt/gz_rendering_vendor:/opt/ros/jazzy/opt/gz_plugin_vendor:/opt/ros/jazzy/opt/gz_fuel_tools_vendor:/opt/ros/jazzy/opt/gz_msgs_vendor:/opt/ros/jazzy/opt/gz_common_vendor:/opt/ros/jazzy/opt/gz_math_vendor:/opt/ros/jazzy/opt/gz_utils_vendor:/opt/ros/jazzy/opt/gz_tools_vendor:/opt/ros/jazzy/opt/gz_ogre_next_vendor:/opt/ros/jazzy/opt/gz_dartsim_vendor:/opt/ros/jazzy/opt/gz_cmake_vendor:/opt/ros/jazzy DEBUGINFOD_URLS=https://debuginfod.ubuntu.com LD_LIBRARY_PATH=/home/husky/TR/install/livox_ros_driver2/lib:${LD_LIBRARY_PATH} PYTHONPATH=/home/husky/TR/install/livox_ros_driver2/lib/python3.12/site-packages:${PYTHONPATH} /usr/bin/cmake /home/husky/TR/src/FAST_LIO2_ROS2/fastlio2 -DCMAKE_INSTALL_PREFIX=/home/husky/TR/install/fast_lio
[5.817s] Level 1:colcon.colcon_core.environment:create_environment_scripts_only(fast_lio)
[5.818s] Level 1:colcon.colcon_core.environment:checking '/home/husky/TR/install/fast_lio' for CMake module files
[5.818s] Level 1:colcon.colcon_core.environment:checking '/home/husky/TR/install/fast_lio' for CMake config files
[5.819s] Level 1:colcon.colcon_core.environment:checking '/home/husky/TR/install/fast_lio/bin'
[5.819s] Level 1:colcon.colcon_core.environment:checking '/home/husky/TR/install/fast_lio/lib/pkgconfig/fast_lio.pc'
[5.819s] Level 1:colcon.colcon_core.environment:checking '/home/husky/TR/install/fast_lio/lib/python3.12/site-packages'
[5.819s] Level 1:colcon.colcon_core.environment:checking '/home/husky/TR/install/fast_lio/bin'
[5.819s] INFO:colcon.colcon_core.shell:Creating package script '/home/husky/TR/install/fast_lio/share/fast_lio/package.ps1'
[5.820s] INFO:colcon.colcon_core.shell:Creating package descriptor '/home/husky/TR/install/fast_lio/share/fast_lio/package.dsv'
[5.820s] INFO:colcon.colcon_core.shell:Creating package script '/home/husky/TR/install/fast_lio/share/fast_lio/package.sh'
[5.820s] INFO:colcon.colcon_core.shell:Creating package script '/home/husky/TR/install/fast_lio/share/fast_lio/package.bash'
[5.821s] INFO:colcon.colcon_core.shell:Creating package script '/home/husky/TR/install/fast_lio/share/fast_lio/package.zsh'
[5.821s] Level 1:colcon.colcon_core.environment:create_file_with_runtime_dependencies(/home/husky/TR/install/fast_lio/share/colcon-core/packages/fast_lio)
[5.831s] DEBUG:colcon.colcon_parallel_executor.executor.parallel:closing loop
[5.831s] DEBUG:colcon.colcon_parallel_executor.executor.parallel:loop closed
[5.831s] DEBUG:colcon.colcon_parallel_executor.executor.parallel:run_until_complete finished with '1'
[5.831s] DEBUG:colcon.colcon_core.event_reactor:joining thread
[5.836s] INFO:colcon.colcon_core.plugin_system:Skipping extension 'colcon_notification.desktop_notification.terminal_notifier': Not used on non-Darwin systems
[5.836s] INFO:colcon.colcon_core.plugin_system:Skipping extension 'colcon_notification.desktop_notification.win32': Not used on non-Windows systems
[5.836s] INFO:colcon.colcon_notification.desktop_notification:Sending desktop notification using 'notify2'
[5.836s] DEBUG:colcon.colcon_notification.desktop_notification.notify2:Failed to initialize notify2: org.freedesktop.DBus.Error.AccessDenied: Failed to open socket: Operation not permitted
[5.836s] DEBUG:colcon.colcon_core.event_reactor:joined thread
[5.836s] INFO:colcon.colcon_core.shell:Creating prefix script '/home/husky/TR/install/local_setup.ps1'
[5.837s] INFO:colcon.colcon_core.shell:Creating prefix util module '/home/husky/TR/install/_local_setup_util_ps1.py'
[5.837s] INFO:colcon.colcon_core.shell:Creating prefix chain script '/home/husky/TR/install/setup.ps1'
[5.838s] INFO:colcon.colcon_core.shell:Creating prefix script '/home/husky/TR/install/local_setup.sh'
[5.839s] INFO:colcon.colcon_core.shell:Creating prefix util module '/home/husky/TR/install/_local_setup_util_sh.py'
[5.839s] INFO:colcon.colcon_core.shell:Creating prefix chain script '/home/husky/TR/install/setup.sh'
[5.839s] INFO:colcon.colcon_core.shell:Creating prefix script '/home/husky/TR/install/local_setup.bash'
[5.840s] INFO:colcon.colcon_core.shell:Creating prefix chain script '/home/husky/TR/install/setup.bash'
[5.840s] INFO:colcon.colcon_core.shell:Creating prefix script '/home/husky/TR/install/local_setup.zsh'
[5.840s] INFO:colcon.colcon_core.shell:Creating prefix chain script '/home/husky/TR/install/setup.zsh'
