running egg_info
creating ../../build/common_launch_pkg/common_launch_pkg.egg-info
writing ../../build/common_launch_pkg/common_launch_pkg.egg-info/PKG-INFO
writing dependency_links to ../../build/common_launch_pkg/common_launch_pkg.egg-info/dependency_links.txt
writing requirements to ../../build/common_launch_pkg/common_launch_pkg.egg-info/requires.txt
writing top-level names to ../../build/common_launch_pkg/common_launch_pkg.egg-info/top_level.txt
writing manifest file '../../build/common_launch_pkg/common_launch_pkg.egg-info/SOURCES.txt'
reading manifest file '../../build/common_launch_pkg/common_launch_pkg.egg-info/SOURCES.txt'
writing manifest file '../../build/common_launch_pkg/common_launch_pkg.egg-info/SOURCES.txt'
running build
running build_py
creating /home/husky/TR/build/common_launch_pkg/build
creating /home/husky/TR/build/common_launch_pkg/build/lib
creating /home/husky/TR/build/common_launch_pkg/build/lib/common_launch_pkg
copying common_launch_pkg/__init__.py -> /home/husky/TR/build/common_launch_pkg/build/lib/common_launch_pkg
running install
running install_lib
creating /home/husky/TR/install/common_launch_pkg/lib/python3.12/site-packages/common_launch_pkg
copying /home/husky/TR/build/common_launch_pkg/build/lib/common_launch_pkg/__init__.py -> /home/husky/TR/install/common_launch_pkg/lib/python3.12/site-packages/common_launch_pkg
byte-compiling /home/husky/TR/install/common_launch_pkg/lib/python3.12/site-packages/common_launch_pkg/__init__.py to __init__.cpython-312.pyc
running install_data
creating /home/husky/TR/install/common_launch_pkg/share/ament_index
creating /home/husky/TR/install/common_launch_pkg/share/ament_index/resource_index
creating /home/husky/TR/install/common_launch_pkg/share/ament_index/resource_index/packages
copying resource/common_launch_pkg -> /home/husky/TR/install/common_launch_pkg/share/ament_index/resource_index/packages
copying package.xml -> /home/husky/TR/install/common_launch_pkg/share/common_launch_pkg
creating /home/husky/TR/install/common_launch_pkg/share/common_launch_pkg/launch
copying launch/common_launch.py -> /home/husky/TR/install/common_launch_pkg/share/common_launch_pkg/launch
running install_egg_info
Copying ../../build/common_launch_pkg/common_launch_pkg.egg-info to /home/husky/TR/install/common_launch_pkg/lib/python3.12/site-packages/common_launch_pkg-0.1.0-py3.12.egg-info
running install_scripts
writing list of installed files to '/home/husky/TR/build/common_launch_pkg/install.log'
