[0.462s] Invoking command in '/home/husky/TR/src/common_launch_pkg': AMENT_PREFIX_PATH=/home/husky/TR/install/yolo_3d_detect_pkg:/home/husky/TR/install/fyt_pos:/home/husky/TR/install/competition_gateway:${AMENT_PREFIX_PATH} CMAKE_PREFIX_PATH=/home/husky/TR/install/competition_gateway:${CMAKE_PREFIX_PATH} DEBUGINFOD_URLS=https://debuginfod.ubuntu.com PYTHONPATH=/home/husky/TR/build/common_launch_pkg/prefix_override:/usr/lib/python3/dist-packages/colcon_core/task/python/colcon_distutils_commands:/home/husky/TR/install/common_launch_pkg/lib/python3.12/site-packages:/home/husky/TR/install/yolo_3d_detect_pkg/lib/python3.12/site-packages:/home/husky/TR/install/fyt_pos/lib/python3.12/site-packages:${PYTHONPATH} /usr/bin/python3 -W ignore:setup.py install is deprecated -W ignore:easy_install command is deprecated setup.py egg_info --egg-base ../../build/common_launch_pkg build --build-base /home/husky/TR/build/common_launch_pkg/build install --record /home/husky/TR/build/common_launch_pkg/install.log --install-scripts $base/lib/common_launch_pkg --single-version-externally-managed install_data
[0.606s] running egg_info
[0.606s] creating ../../build/common_launch_pkg/common_launch_pkg.egg-info
[0.616s] writing ../../build/common_launch_pkg/common_launch_pkg.egg-info/PKG-INFO
[0.616s] writing dependency_links to ../../build/common_launch_pkg/common_launch_pkg.egg-info/dependency_links.txt
[0.616s] writing requirements to ../../build/common_launch_pkg/common_launch_pkg.egg-info/requires.txt
[0.616s] writing top-level names to ../../build/common_launch_pkg/common_launch_pkg.egg-info/top_level.txt
[0.616s] writing manifest file '../../build/common_launch_pkg/common_launch_pkg.egg-info/SOURCES.txt'
[0.638s] reading manifest file '../../build/common_launch_pkg/common_launch_pkg.egg-info/SOURCES.txt'
[0.639s] writing manifest file '../../build/common_launch_pkg/common_launch_pkg.egg-info/SOURCES.txt'
[0.639s] running build
[0.639s] running build_py
[0.639s] creating /home/husky/TR/build/common_launch_pkg/build
[0.639s] creating /home/husky/TR/build/common_launch_pkg/build/lib
[0.639s] creating /home/husky/TR/build/common_launch_pkg/build/lib/common_launch_pkg
[0.639s] copying common_launch_pkg/__init__.py -> /home/husky/TR/build/common_launch_pkg/build/lib/common_launch_pkg
[0.639s] running install
[0.643s] running install_lib
[0.653s] creating /home/husky/TR/install/common_launch_pkg/lib/python3.12/site-packages/common_launch_pkg
[0.653s] copying /home/husky/TR/build/common_launch_pkg/build/lib/common_launch_pkg/__init__.py -> /home/husky/TR/install/common_launch_pkg/lib/python3.12/site-packages/common_launch_pkg
[0.654s] byte-compiling /home/husky/TR/install/common_launch_pkg/lib/python3.12/site-packages/common_launch_pkg/__init__.py to __init__.cpython-312.pyc
[0.654s] running install_data
[0.654s] creating /home/husky/TR/install/common_launch_pkg/share/ament_index
[0.654s] creating /home/husky/TR/install/common_launch_pkg/share/ament_index/resource_index
[0.654s] creating /home/husky/TR/install/common_launch_pkg/share/ament_index/resource_index/packages
[0.654s] copying resource/common_launch_pkg -> /home/husky/TR/install/common_launch_pkg/share/ament_index/resource_index/packages
[0.654s] copying package.xml -> /home/husky/TR/install/common_launch_pkg/share/common_launch_pkg
[0.654s] creating /home/husky/TR/install/common_launch_pkg/share/common_launch_pkg/launch
[0.654s] copying launch/common_launch.py -> /home/husky/TR/install/common_launch_pkg/share/common_launch_pkg/launch
[0.655s] running install_egg_info
[0.666s] Copying ../../build/common_launch_pkg/common_launch_pkg.egg-info to /home/husky/TR/install/common_launch_pkg/lib/python3.12/site-packages/common_launch_pkg-0.1.0-py3.12.egg-info
[0.666s] running install_scripts
[0.750s] writing list of installed files to '/home/husky/TR/build/common_launch_pkg/install.log'
[0.768s] Invoked command in '/home/husky/TR/src/common_launch_pkg' returned '0': AMENT_PREFIX_PATH=/home/husky/TR/install/yolo_3d_detect_pkg:/home/husky/TR/install/fyt_pos:/home/husky/TR/install/competition_gateway:${AMENT_PREFIX_PATH} CMAKE_PREFIX_PATH=/home/husky/TR/install/competition_gateway:${CMAKE_PREFIX_PATH} DEBUGINFOD_URLS=https://debuginfod.ubuntu.com PYTHONPATH=/home/husky/TR/build/common_launch_pkg/prefix_override:/usr/lib/python3/dist-packages/colcon_core/task/python/colcon_distutils_commands:/home/husky/TR/install/common_launch_pkg/lib/python3.12/site-packages:/home/husky/TR/install/yolo_3d_detect_pkg/lib/python3.12/site-packages:/home/husky/TR/install/fyt_pos/lib/python3.12/site-packages:${PYTHONPATH} /usr/bin/python3 -W ignore:setup.py install is deprecated -W ignore:easy_install command is deprecated setup.py egg_info --egg-base ../../build/common_launch_pkg build --build-base /home/husky/TR/build/common_launch_pkg/build install --record /home/husky/TR/build/common_launch_pkg/install.log --install-scripts $base/lib/common_launch_pkg --single-version-externally-managed install_data
