Component: Arm Compiler for Embedded 6.24 Tool: armlink [5f371500]

==============================================================================

Section Cross References

    startup_stm32f407xx.o(STACK) refers (Special) to heapauxi.o(.text) for __use_two_region_memory
    startup_stm32f407xx.o(HEAP) refers (Special) to heapauxi.o(.text) for __use_two_region_memory
    startup_stm32f407xx.o(RESET) refers (Special) to heapauxi.o(.text) for __use_two_region_memory
    startup_stm32f407xx.o(RESET) refers to startup_stm32f407xx.o(STACK) for __initial_sp
    startup_stm32f407xx.o(RESET) refers to startup_stm32f407xx.o(.text) for Reset_Handler
    startup_stm32f407xx.o(RESET) refers to stm32f4xx_it.o(.text.NMI_Handler) for NMI_Handler
    startup_stm32f407xx.o(RESET) refers to stm32f4xx_it.o(.text.HardFault_Handler) for HardFault_Handler
    startup_stm32f407xx.o(RESET) refers to stm32f4xx_it.o(.text.MemManage_Handler) for MemManage_Handler
    startup_stm32f407xx.o(RESET) refers to stm32f4xx_it.o(.text.BusFault_Handler) for BusFault_Handler
    startup_stm32f407xx.o(RESET) refers to stm32f4xx_it.o(.text.UsageFault_Handler) for UsageFault_Handler
    startup_stm32f407xx.o(RESET) refers to port.o(.text.SVC_Handler) for SVC_Handler
    startup_stm32f407xx.o(RESET) refers to stm32f4xx_it.o(.text.DebugMon_Handler) for DebugMon_Handler
    startup_stm32f407xx.o(RESET) refers to port.o(.text.PendSV_Handler) for PendSV_Handler
    startup_stm32f407xx.o(RESET) refers to stm32f4xx_it.o(.text.SysTick_Handler) for SysTick_Handler
    startup_stm32f407xx.o(RESET) refers to stm32f4xx_it.o(.text.USART1_IRQHandler) for USART1_IRQHandler
    startup_stm32f407xx.o(RESET) refers to stm32f4xx_it.o(.text.DMA2_Stream2_IRQHandler) for DMA2_Stream2_IRQHandler
    startup_stm32f407xx.o(RESET) refers to stm32f4xx_it.o(.text.DMA2_Stream3_IRQHandler) for DMA2_Stream3_IRQHandler
    startup_stm32f407xx.o(RESET) refers to stm32f4xx_it.o(.text.DMA2_Stream4_IRQHandler) for DMA2_Stream4_IRQHandler
    startup_stm32f407xx.o(RESET) refers to stm32f4xx_it.o(.text.DMA2_Stream7_IRQHandler) for DMA2_Stream7_IRQHandler
    startup_stm32f407xx.o(RESET) refers to stm32f4xx_it.o(.text.USART6_IRQHandler) for USART6_IRQHandler
    startup_stm32f407xx.o(.text) refers (Special) to heapauxi.o(.text) for __use_two_region_memory
    startup_stm32f407xx.o(.text) refers to system_stm32f4xx.o(.text.SystemInit) for SystemInit
    startup_stm32f407xx.o(.text) refers to __main.o(!!!main) for __main
    startup_stm32f407xx.o(.text) refers to startup_stm32f407xx.o(HEAP) for Heap_Mem
    startup_stm32f407xx.o(.text) refers to startup_stm32f407xx.o(STACK) for Stack_Mem
    main.o(.text.main) refers to stm32f4xx_hal.o(.text.HAL_Init) for HAL_Init
    main.o(.text.main) refers to main.o(.text.SystemClock_Config) for SystemClock_Config
    main.o(.text.main) refers to gpio.o(.text.MX_GPIO_Init) for MX_GPIO_Init
    main.o(.text.main) refers to dma.o(.text.MX_DMA_Init) for MX_DMA_Init
    main.o(.text.main) refers to adc.o(.text.MX_ADC1_Init) for MX_ADC1_Init
    main.o(.text.main) refers to adc.o(.text.MX_ADC2_Init) for MX_ADC2_Init
    main.o(.text.main) refers to usart.o(.text.MX_USART1_UART_Init) for MX_USART1_UART_Init
    main.o(.text.main) refers to usart.o(.text.MX_USART6_UART_Init) for MX_USART6_UART_Init
    main.o(.text.main) refers to stm32f4xx_hal.o(.text.HAL_Delay) for HAL_Delay
    main.o(.text.main) refers to mymain.o(.text.MyMain_Init) for MyMain_Init
    main.o(.text.main) refers to cmsis_os2.o(.text.osKernelInitialize) for osKernelInitialize
    main.o(.text.main) refers to freertos.o(.text.MX_FREERTOS_Init) for MX_FREERTOS_Init
    main.o(.text.main) refers to cmsis_os2.o(.text.osKernelStart) for osKernelStart
    main.o(.ARM.exidx.text.main) refers to main.o(.text.main) for [Anonymous Symbol]
    main.o(.text.SystemClock_Config) refers to rt_memclr_w.o(.text) for __aeabi_memclr4
    main.o(.text.SystemClock_Config) refers to stm32f4xx_hal_rcc.o(.text.HAL_RCC_OscConfig) for HAL_RCC_OscConfig
    main.o(.text.SystemClock_Config) refers to stm32f4xx_hal_rcc.o(.text.HAL_RCC_ClockConfig) for HAL_RCC_ClockConfig
    main.o(.ARM.exidx.text.SystemClock_Config) refers to main.o(.text.SystemClock_Config) for [Anonymous Symbol]
    main.o(.ARM.exidx.text.Error_Handler) refers to main.o(.text.Error_Handler) for [Anonymous Symbol]
    gpio.o(.text.MX_GPIO_Init) refers to stm32f4xx_hal_gpio.o(.text.HAL_GPIO_WritePin) for HAL_GPIO_WritePin
    gpio.o(.text.MX_GPIO_Init) refers to stm32f4xx_hal_gpio.o(.text.HAL_GPIO_Init) for HAL_GPIO_Init
    gpio.o(.ARM.exidx.text.MX_GPIO_Init) refers to gpio.o(.text.MX_GPIO_Init) for [Anonymous Symbol]
    freertos.o(.text.MX_FREERTOS_Init) refers to freertos.o(.text.StartRemoteTask) for StartRemoteTask
    freertos.o(.text.MX_FREERTOS_Init) refers to freertos.o(.rodata.remoteTask_attributes) for remoteTask_attributes
    freertos.o(.text.MX_FREERTOS_Init) refers to cmsis_os2.o(.text.osThreadNew) for osThreadNew
[...]
    [Anonymous Symbol]                       0x08002b70   Section        0  remote.o(.text.Remote_TransmitInit)
    [Anonymous Symbol]                       0x08002bac   Section        0  remoteinput.o(.text.Remote_Update)
    remote_key_ports                         0x08003350   Number         0  remoteinput.o(.text.Remote_Update)
    remote_key_pins                          0x08003380   Number         0  remoteinput.o(.text.Remote_Update)
    [Anonymous Symbol]                       0x080033a0   Section        0  port.o(.text.SVC_Handler)
    pxCurrentTCBConst2                       0x080033c0   Number         0  port.o(.text.SVC_Handler)
    [Anonymous Symbol]                       0x080033c4   Section        0  freertos.o(.text.StartDebugTask)
    [Anonymous Symbol]                       0x080033d0   Section        0  freertos.o(.text.StartRemoteTask)
    [Anonymous Symbol]                       0x080033e0   Section        0  stm32f4xx_it.o(.text.SysTick_Handler)
    [Anonymous Symbol]                       0x08003404   Section        0  main.o(.text.SystemClock_Config)
    [Anonymous Symbol]                       0x080034b0   Section        0  system_stm32f4xx.o(.text.SystemInit)
    UART_DMAAbortOnError                     0x080034c5   Thumb Code    10  stm32f4xx_hal_uart.o(.text.UART_DMAAbortOnError)
    [Anonymous Symbol]                       0x080034c4   Section        0  stm32f4xx_hal_uart.o(.text.UART_DMAAbortOnError)
    UART_DMAError                            0x080034d1   Thumb Code   380  stm32f4xx_hal_uart.o(.text.UART_DMAError)
    [Anonymous Symbol]                       0x080034d0   Section        0  stm32f4xx_hal_uart.o(.text.UART_DMAError)
    UART_DMATransmitCplt                     0x0800364d   Thumb Code   176  stm32f4xx_hal_uart.o(.text.UART_DMATransmitCplt)
    [Anonymous Symbol]                       0x0800364c   Section        0  stm32f4xx_hal_uart.o(.text.UART_DMATransmitCplt)
    UART_DMATxHalfCplt                       0x080036fd   Thumb Code     6  stm32f4xx_hal_uart.o(.text.UART_DMATxHalfCplt)
    [Anonymous Symbol]                       0x080036fc   Section        0  stm32f4xx_hal_uart.o(.text.UART_DMATxHalfCplt)
    UART_Receive_IT                          0x08003705   Thumb Code   254  stm32f4xx_hal_uart.o(.text.UART_Receive_IT)
    [Anonymous Symbol]                       0x08003704   Section        0  stm32f4xx_hal_uart.o(.text.UART_Receive_IT)
    UART_SetConfig                           0x08003805   Thumb Code   230  stm32f4xx_hal_uart.o(.text.UART_SetConfig)
    [Anonymous Symbol]                       0x08003804   Section        0  stm32f4xx_hal_uart.o(.text.UART_SetConfig)
    [Anonymous Symbol]                       0x080038ec   Section        0  stm32f4xx_it.o(.text.USART1_IRQHandler)
    [Anonymous Symbol]                       0x080038f8   Section        0  stm32f4xx_it.o(.text.USART6_IRQHandler)
    [Anonymous Symbol]                       0x08003904   Section        0  stm32f4xx_it.o(.text.UsageFault_Handler)
    [Anonymous Symbol]                       0x08003908   Section        0  main.o(.text.main)
    [Anonymous Symbol]                       0x08003944   Section        0  cmsis_os2.o(.text.osDelay)
    [Anonymous Symbol]                       0x08003964   Section        0  cmsis_os2.o(.text.osKernelInitialize)
    [Anonymous Symbol]                       0x0800398c   Section        0  cmsis_os2.o(.text.osKernelStart)
    [Anonymous Symbol]                       0x080039c8   Section        0  cmsis_os2.o(.text.osThreadNew)
    prvAddNewTaskToReadyList                 0x08003a5d   Thumb Code   650  tasks.o(.text.prvAddNewTaskToReadyList)
    [Anonymous Symbol]                       0x08003a5c   Section        0  tasks.o(.text.prvAddNewTaskToReadyList)
    prvIdleTask                              0x08003ce9   Thumb Code   134  tasks.o(.text.prvIdleTask)
    [Anonymous Symbol]                       0x08003ce8   Section        0  tasks.o(.text.prvIdleTask)
    prvInitialiseNewTask                     0x08003d71   Thumb Code   260  tasks.o(.text.prvInitialiseNewTask)
    [Anonymous Symbol]                       0x08003d70   Section        0  tasks.o(.text.prvInitialiseNewTask)
    prvPortStartFirstTask                    0x08003e75   Thumb Code    34  port.o(.text.prvPortStartFirstTask)
    [Anonymous Symbol]                       0x08003e74   Section        0  port.o(.text.prvPortStartFirstTask)
    prvTaskExitError                         0x08003e9d   Thumb Code    62  port.o(.text.prvTaskExitError)
    [Anonymous Symbol]                       0x08003e9c   Section        0  port.o(.text.prvTaskExitError)
    prvTimerTask                             0x08003edd   Thumb Code   890  timers.o(.text.prvTimerTask)
    [Anonymous Symbol]                       0x08003edc   Section        0  timers.o(.text.prvTimerTask)
    prvUnlockQueue                           0x08004259   Thumb Code   116  queue.o(.text.prvUnlockQueue)
    [Anonymous Symbol]                       0x08004258   Section        0  queue.o(.text.prvUnlockQueue)
    [Anonymous Symbol]                       0x080042cc   Section        0  heap_4.o(.text.pvPortMalloc)
    [Anonymous Symbol]                       0x080044b4   Section        0  port.o(.text.pxPortInitialiseStack)
    [Anonymous Symbol]                       0x080044d8   Section        0  list.o(.text.uxListRemove)
    [Anonymous Symbol]                       0x080044fc   Section        0  cmsis_os2.o(.text.vApplicationGetIdleTaskMemory)
    [Anonymous Symbol]                       0x08004518   Section        0  cmsis_os2.o(.text.vApplicationGetTimerTaskMemory)
    [Anonymous Symbol]                       0x08004534   Section        0  list.o(.text.vListInitialise)
    [Anonymous Symbol]                       0x0800454c   Section        0  list.o(.text.vListInitialiseItem)
    [Anonymous Symbol]                       0x08004554   Section        0  list.o(.text.vListInsert)
    [Anonymous Symbol]                       0x080045b8   Section        0  list.o(.text.vListInsertEnd)
    vPortEnableVFP                           0x080045d5   Thumb Code    14  port.o(.text.vPortEnableVFP)
    [Anonymous Symbol]                       0x080045d4   Section        0  port.o(.text.vPortEnableVFP)
    [Anonymous Symbol]                       0x080045e8   Section        0  port.o(.text.vPortEnterCritical)
    [Anonymous Symbol]                       0x08004630   Section        0  port.o(.text.vPortExitCritical)
    [Anonymous Symbol]                       0x08004660   Section        0  heap_4.o(.text.vPortFree)
    [Anonymous Symbol]                       0x08004740   Section        0  port.o(.text.vPortSetupTimerInterrupt)
    [Anonymous Symbol]                       0x08004774   Section        0  queue.o(.text.vQueueAddToRegistry)
    [Anonymous Symbol]                       0x080047cc   Section        0  queue.o(.text.vQueueWaitForMessageRestricted)
    [Anonymous Symbol]                       0x08004820   Section        0  tasks.o(.text.vTaskDelay)
    [Anonymous Symbol]                       0x080048a0   Section        0  tasks.o(.text.vTaskInternalSetTimeOutState)
    [Anonymous Symbol]                       0x080048b4   Section        0  tasks.o(.text.vTaskMissedYield)
    [Anonymous Symbol]                       0x080048c4   Section        0  tasks.o(.text.vTaskPlaceOnEventList)
    [Anonymous Symbol]                       0x08004938   Section        0  tasks.o(.text.vTaskPlaceOnEventListRestricted)
    [Anonymous Symbol]                       0x080049b4   Section        0  tasks.o(.text.vTaskStartScheduler)
    [Anonymous Symbol]                       0x08004aa4   Section        0  tasks.o(.text.vTaskSuspendAll)
    [Anonymous Symbol]                       0x08004ab4   Section        0  tasks.o(.text.vTaskSwitchContext)
    [Anonymous Symbol]                       0x08004b80   Section        0  port.o(.text.xPortStartScheduler)
    [Anonymous Symbol]                       0x08004d08   Section        0  port.o(.text.xPortSysTickHandler)
    [Anonymous Symbol]                       0x08004d38   Section        0  queue.o(.text.xQueueGenericCreateStatic)
    [Anonymous Symbol]                       0x08004e14   Section        0  queue.o(.text.xQueueGenericSend)
    [Anonymous Symbol]                       0x080050d4   Section        0  queue.o(.text.xQueueReceive)
    [Anonymous Symbol]                       0x08005314   Section        0  tasks.o(.text.xTaskCheckForTimeOut)
    [Anonymous Symbol]                       0x080053b0   Section        0  tasks.o(.text.xTaskCreate)
    [Anonymous Symbol]                       0x08005410   Section        0  tasks.o(.text.xTaskCreateStatic)
    [Anonymous Symbol]                       0x08005488   Section        0  tasks.o(.text.xTaskGetSchedulerState)
    [Anonymous Symbol]                       0x080054a8   Section        0  tasks.o(.text.xTaskGetTickCount)
    [Anonymous Symbol]                       0x080054b4   Section        0  tasks.o(.text.xTaskIncrementTick)
    [Anonymous Symbol]                       0x080055b8   Section        0  tasks.o(.text.xTaskPriorityDisinherit)
    [Anonymous Symbol]                       0x08005648   Section        0  tasks.o(.text.xTaskRemoveFromEventList)
    [Anonymous Symbol]                       0x080056bc   Section        0  tasks.o(.text.xTaskResumeAll)
    [Anonymous Symbol]                       0x080057ac   Section        0  timers.o(.text.xTimerCreateTimerTask)
    $v0                                      0x08005860   Number         0  fpinit.o(x$fpl$fpinit)
    x$fpl$fpinit                             0x08005860   Section       26  fpinit.o(x$fpl$fpinit)
    DMA_CalcBaseAndBitshift.flagBitshiftOffset 0x08005892   Data           8  stm32f4xx_hal_dma.o(.rodata.cst8)
    [Anonymous Symbol]                       0x08005892   Section        0  stm32f4xx_hal_dma.o(.rodata.cst8)
    [Anonymous Symbol]                       0x080058e4   Section        0  freertos.o(.rodata.str1.1)
    .L.str.1                                 0x080058f9   Data           5  timers.o(.rodata.str1.1)
    [Anonymous Symbol]                       0x080058f9   Section        0  timers.o(.rodata.str1.1)
    .L_MergedGlobals                         0x20000000   Data           8  stm32f4xx_hal.o(.data..L_MergedGlobals)
    [Anonymous Symbol]                       0x20000000   Section        0  stm32f4xx_hal.o(.data..L_MergedGlobals)
    uxCriticalNesting                        0x2000000c   Data           4  port.o(.data.uxCriticalNesting)
    [Anonymous Symbol]                       0x2000000c   Section        0  port.o(.data.uxCriticalNesting)
    .bss                                     0x20000010   Section       96  libspace.o(.bss)
    .L_MergedGlobals                         0x20000070   Data           8  freertos.o(.bss..L_MergedGlobals)
    [Anonymous Symbol]                       0x20000070   Section        0  freertos.o(.bss..L_MergedGlobals)
    .L_MergedGlobals                         0x20000078   Data          56  remote.o(.bss..L_MergedGlobals)
    left_shoulder_pressed                    0x20000078   Data           1  remote.o(.bss..L_MergedGlobals)
    [Anonymous Symbol]                       0x20000078   Section        0  remote.o(.bss..L_MergedGlobals)
    right_shoulder_pressed                   0x20000079   Data           1  remote.o(.bss..L_MergedGlobals)
    remote_next_tx_ms                        0x20000088   Data           4  remote.o(.bss..L_MergedGlobals)
    remote_tx_buffer                         0x2000008c   Data          10  remote.o(.bss..L_MergedGlobals)
    .L_MergedGlobals                         0x200000b0   Data          80  remoteinput.o(.bss..L_MergedGlobals)
    remote_sw_count.0                        0x200000b0   Data           1  remoteinput.o(.bss..L_MergedGlobals)
    [Anonymous Symbol]                       0x200000b0   Section        0  remoteinput.o(.bss..L_MergedGlobals)
    remote_sw_count.1                        0x200000b1   Data           1  remoteinput.o(.bss..L_MergedGlobals)
    remote_sw_count.2                        0x200000b2   Data           1  remoteinput.o(.bss..L_MergedGlobals)
    remote_sw_count.3                        0x200000b3   Data           1  remoteinput.o(.bss..L_MergedGlobals)
    remote_sw_count.4                        0x200000b4   Data           1  remoteinput.o(.bss..L_MergedGlobals)
    remote_sw_count.5                        0x200000b5   Data           1  remoteinput.o(.bss..L_MergedGlobals)
    remote_beep_active                       0x200000b6   Data           1  remoteinput.o(.bss..L_MergedGlobals)
    remote_shoulder_ready                    0x200000b8   Data           1  remoteinput.o(.bss..L_MergedGlobals)
    remote_shoulder.0                        0x200000ba   Data           2  remoteinput.o(.bss..L_MergedGlobals)
    remote_shoulder.1                        0x200000bc   Data           2  remoteinput.o(.bss..L_MergedGlobals)
    remote_beep_stop_ms                      0x200000c4   Data           4  remoteinput.o(.bss..L_MergedGlobals)
    remote_last_sw                           0x200000c8   Data           6  remoteinput.o(.bss..L_MergedGlobals)
    remote_sw_candidate                      0x200000ce   Data           6  remoteinput.o(.bss..L_MergedGlobals)
    remote_last_key                          0x200000dc   Data          12  remoteinput.o(.bss..L_MergedGlobals)
    remote_key_candidate                     0x200000e8   Data          12  remoteinput.o(.bss..L_MergedGlobals)
    remote_key_count                         0x200000f4   Data          12  remoteinput.o(.bss..L_MergedGlobals)
    .L_MergedGlobals                         0x20000100   Data         120  tasks.o(.bss..L_MergedGlobals)
    [Anonymous Symbol]                       0x20000100   Section        0  tasks.o(.bss..L_MergedGlobals)
    uxTaskNumber                             0x20000104   Data           4  tasks.o(.bss..L_MergedGlobals)
    uxDeletedTasksWaitingCleanUp             0x20000108   Data           4  tasks.o(.bss..L_MergedGlobals)
    uxCurrentNumberOfTasks                   0x2000010c   Data           4  tasks.o(.bss..L_MergedGlobals)
    xSchedulerRunning                        0x20000110   Data           4  tasks.o(.bss..L_MergedGlobals)
    uxSchedulerSuspended                     0x20000114   Data           4  tasks.o(.bss..L_MergedGlobals)
    xTickCount                               0x20000118   Data           4  tasks.o(.bss..L_MergedGlobals)
    pxDelayedTaskList                        0x2000011c   Data           4  tasks.o(.bss..L_MergedGlobals)
    pxOverflowDelayedTaskList                0x20000120   Data           4  tasks.o(.bss..L_MergedGlobals)
    uxTopReadyPriority                       0x20000124   Data           4  tasks.o(.bss..L_MergedGlobals)
    xIdleTaskHandle                          0x20000128   Data           4  tasks.o(.bss..L_MergedGlobals)
    xNextTaskUnblockTime                     0x2000012c   Data           4  tasks.o(.bss..L_MergedGlobals)
    xYieldPending                            0x20000130   Data           4  tasks.o(.bss..L_MergedGlobals)
    xPendedTicks                             0x20000134   Data           4  tasks.o(.bss..L_MergedGlobals)
    xNumOfOverflows                          0x20000138   Data           4  tasks.o(.bss..L_MergedGlobals)
    xTasksWaitingTermination                 0x2000013c   Data          20  tasks.o(.bss..L_MergedGlobals)
    xSuspendedTaskList                       0x20000150   Data          20  tasks.o(.bss..L_MergedGlobals)
    xPendingReadyList                        0x20000164   Data          20  tasks.o(.bss..L_MergedGlobals)
    .L_MergedGlobals                         0x20000178   Data          60  timers.o(.bss..L_MergedGlobals)
    xTimerQueue                              0x20000178   Data           4  timers.o(.bss..L_MergedGlobals)
    [Anonymous Symbol]                       0x20000178   Section        0  timers.o(.bss..L_MergedGlobals)
    xTimerTaskHandle                         0x2000017c   Data           4  timers.o(.bss..L_MergedGlobals)
    pxCurrentTimerList                       0x20000180   Data           4  timers.o(.bss..L_MergedGlobals)
    pxOverflowTimerList                      0x20000184   Data           4  timers.o(.bss..L_MergedGlobals)
    prvSampleTimeNow.xLastTime               0x20000188   Data           4  timers.o(.bss..L_MergedGlobals)
    xActiveTimerList1                        0x2000018c   Data          20  timers.o(.bss..L_MergedGlobals)
    xActiveTimerList2                        0x200001a0   Data          20  timers.o(.bss..L_MergedGlobals)
    .L_MergedGlobals                         0x200001b4   Data          32  heap_4.o(.bss..L_MergedGlobals)
    xBlockAllocatedBit                       0x200001b4   Data           1  heap_4.o(.bss..L_MergedGlobals)
    [Anonymous Symbol]                       0x200001b4   Section        0  heap_4.o(.bss..L_MergedGlobals)
    pxEnd                                    0x200001b8   Data           4  heap_4.o(.bss..L_MergedGlobals)
    xFreeBytesRemaining                      0x200001bc   Data           4  heap_4.o(.bss..L_MergedGlobals)
    xMinimumEverFreeBytesRemaining           0x200001c0   Data           4  heap_4.o(.bss..L_MergedGlobals)
    xNumberOfSuccessfulAllocations           0x200001c4   Data           4  heap_4.o(.bss..L_MergedGlobals)
    xNumberOfSuccessfulFrees                 0x200001c8   Data           4  heap_4.o(.bss..L_MergedGlobals)
    xStart                                   0x200001cc   Data           8  heap_4.o(.bss..L_MergedGlobals)
    .L_MergedGlobals                         0x200001d4   Data           8  port.o(.bss..L_MergedGlobals)
    ucMaxSysCallPriority                     0x200001d4   Data           1  port.o(.bss..L_MergedGlobals)
    [Anonymous Symbol]                       0x200001d4   Section        0  port.o(.bss..L_MergedGlobals)
    ulMaxPRIGROUPValue                       0x200001d8   Data           4  port.o(.bss..L_MergedGlobals)
    .L_MergedGlobals.2                       0x200001dc   Data          40  tasks.o(.bss..L_MergedGlobals.2)
    xDelayedTaskList1                        0x200001dc   Data          20  tasks.o(.bss..L_MergedGlobals.2)
    [Anonymous Symbol]                       0x200001dc   Section        0  tasks.o(.bss..L_MergedGlobals.2)
    xDelayedTaskList2                        0x200001f0   Data          20  tasks.o(.bss..L_MergedGlobals.2)
    KernelState                              0x20000204   Data           4  cmsis_os2.o(.bss.KernelState)
    [Anonymous Symbol]                       0x20000204   Section        0  cmsis_os2.o(.bss.KernelState)
    debug_frame                              0x20000208   Data          36  mymain.o(.bss.debug_frame)
    [Anonymous Symbol]                       0x20000208   Section        0  mymain.o(.bss.debug_frame)
    prvCheckForValidListAndQueue.ucStaticTimerQueueStorage 0x200004cc   Data         160  timers.o(.bss.prvCheckForValidListAndQueue.ucStaticTimerQueueStorage)
    [Anonymous Symbol]                       0x200004cc   Section        0  timers.o(.bss.prvCheckForValidListAndQueue.ucStaticTimerQueueStorage)
    prvCheckForValidListAndQueue.xStaticTimerQueue 0x2000056c   Data          80  timers.o(.bss.prvCheckForValidListAndQueue.xStaticTimerQueue)
    [Anonymous Symbol]                       0x2000056c   Section        0  timers.o(.bss.prvCheckForValidListAndQueue.xStaticTimerQueue)
    pxReadyTasksLists                        0x200005bc   Data        1120  tasks.o(.bss.pxReadyTasksLists)
    [Anonymous Symbol]                       0x200005bc   Section        0  tasks.o(.bss.pxReadyTasksLists)
    ucHeap                                   0x20000a1c   Data       15360  heap_4.o(.bss.ucHeap)
    [Anonymous Symbol]                       0x20000a1c   Section        0  heap_4.o(.bss.ucHeap)
    vApplicationGetIdleTaskMemory.Idle_Stack 0x20004620   Data         512  cmsis_os2.o(.bss.vApplicationGetIdleTaskMemory.Idle_Stack)
    [Anonymous Symbol]                       0x20004620   Section        0  cmsis_os2.o(.bss.vApplicationGetIdleTaskMemory.Idle_Stack)
    vApplicationGetIdleTaskMemory.Idle_TCB   0x20004820   Data          92  cmsis_os2.o(.bss.vApplicationGetIdleTaskMemory.Idle_TCB)
    [Anonymous Symbol]                       0x20004820   Section        0  cmsis_os2.o(.bss.vApplicationGetIdleTaskMemory.Idle_TCB)
    vApplicationGetTimerTaskMemory.Timer_Stack 0x2000487c   Data        1024  cmsis_os2.o(.bss.vApplicationGetTimerTaskMemory.Timer_Stack)
    [Anonymous Symbol]                       0x2000487c   Section        0  cmsis_os2.o(.bss.vApplicationGetTimerTaskMemory.Timer_Stack)
    vApplicationGetTimerTaskMemory.Timer_TCB 0x20004c7c   Data          92  cmsis_os2.o(.bss.vApplicationGetTimerTaskMemory.Timer_TCB)
    [Anonymous Symbol]                       0x20004c7c   Section        0  cmsis_os2.o(.bss.vApplicationGetTimerTaskMemory.Timer_TCB)
    Heap_Mem                                 0x20004d18   Data         512  startup_stm32f407xx.o(HEAP)
    HEAP                                     0x20004d18   Section      512  startup_stm32f407xx.o(HEAP)
    Stack_Mem                                0x20004f18   Data        1024  startup_stm32f407xx.o(STACK)
    STACK                                    0x20004f18   Section     1024  startup_stm32f407xx.o(STACK)
    __initial_sp                             0x20005318   Data           0  startup_stm32f407xx.o(STACK)

    Global Symbols

    Symbol Name                              Value     Ov Type        Size  Object(Section)

    BuildAttributes$$THM_ISAv4$E$P$D$K$B$S$7EM$VFPi3$EXTD16$VFPS$VFMA$PE$A:L22UL41UL21$X:L11$S22US41US21$IEEE1$IW$~IW$USESV6$~STKCKD$USESV7$~SHL$OTIME$ROPI$EBA8$UX$STANDARDLIB$REQ8$PRES8$EABIv2 0x00000000   Number         0  anon$$obj.o ABSOLUTE
    __ARM_exceptions_init                     - Undefined Weak Reference
    __alloca_initialize                       - Undefined Weak Reference
    __arm_preinit_                            - Undefined Weak Reference
    __arm_relocate_pie_                       - Undefined Weak Reference
    __cpp_initialize__aeabi_                  - Undefined Weak Reference
    __cxa_finalize                            - Undefined Weak Reference
    __rt_locale                               - Undefined Weak Reference
    __sigvec_lookup                           - Undefined Weak Reference
    _atexit_init                              - Undefined Weak Reference
    _call_atexit_fns                          - Undefined Weak Reference
    _clock_init                               - Undefined Weak Reference
    _fp_trap_init                             - Undefined Weak Reference
    _fp_trap_shutdown                         - Undefined Weak Reference
    _get_lc_collate                           - Undefined Weak Reference
    _get_lc_ctype                             - Undefined Weak Reference
    _get_lc_monetary                          - Undefined Weak Reference
    _get_lc_numeric                           - Undefined Weak Reference
    _get_lc_time                              - Undefined Weak Reference
    _getenv_init                              - Undefined Weak Reference
    _handle_redirection                       - Undefined Weak Reference
    _init_alloc                               - Undefined Weak Reference
    _init_user_alloc                          - Undefined Weak Reference
    _initio                                   - Undefined Weak Reference
    _rand_init                                - Undefined Weak Reference
    _signal_finish                            - Undefined Weak Reference
    _signal_init                              - Undefined Weak Reference
    _terminate_alloc                          - Undefined Weak Reference
    _terminate_user_alloc                     - Undefined Weak Reference
    _terminateio                              - Undefined Weak Reference
    __Vectors_Size                           0x00000188   Number         0  startup_stm32f407xx.o ABSOLUTE
    __Vectors                                0x08000000   Data           4  startup_stm32f407xx.o(RESET)
    __Vectors_End                            0x08000188   Data           0  startup_stm32f407xx.o(RESET)
    __main                                   0x08000189   Thumb Code     8  __main.o(!!!main)
    __scatterload                            0x08000191   Thumb Code     0  __scatter.o(!!!scatter)
    __scatterload_rt2                        0x08000191   Thumb Code    84  __scatter.o(!!!scatter)
    __scatterload_rt2_thumb_only             0x08000191   Thumb Code     0  __scatter.o(!!!scatter)
    __scatterload_loop                       0x0800019b   Thumb Code     0  __scatter.o(!!!scatter)
    __scatterload_copy                       0x080001ed   Thumb Code    26  __scatter_copy.o(!!handler_copy)
    __scatterload_null                       0x08000209   Thumb Code     2  __scatter.o(!!handler_null)
    __scatterload_zeroinit                   0x0800020d   Thumb Code    28  __scatter_zi.o(!!handler_zi)
    __rt_lib_init                            0x08000229   Thumb Code     0  libinit.o(.ARM.Collect$$libinit$$00000000)
    __rt_lib_init_fp_1                       0x0800022b   Thumb Code     0  libinit2.o(.ARM.Collect$$libinit$$00000001)
    __rt_lib_init_alloca_1                   0x0800022f   Thumb Code     0  libinit2.o(.ARM.Collect$$libinit$$00000030)
    __rt_lib_init_argv_1                     0x0800022f   Thumb Code     0  libinit2.o(.ARM.Collect$$libinit$$0000002E)
    __rt_lib_init_atexit_1                   0x0800022f   Thumb Code     0  libinit2.o(.ARM.Collect$$libinit$$0000001D)
    __rt_lib_init_clock_1                    0x0800022f   Thumb Code     0  libinit2.o(.ARM.Collect$$libinit$$00000023)
    __rt_lib_init_cpp_1                      0x0800022f   Thumb Code     0  libinit2.o(.ARM.Collect$$libinit$$00000034)
    __rt_lib_init_exceptions_1               0x0800022f   Thumb Code     0  libinit2.o(.ARM.Collect$$libinit$$00000032)
    __rt_lib_init_fp_trap_1                  0x0800022f   Thumb Code     0  libinit2.o(.ARM.Collect$$libinit$$00000021)
    __rt_lib_init_getenv_1                   0x0800022f   Thumb Code     0  libinit2.o(.ARM.Collect$$libinit$$00000025)
    __rt_lib_init_heap_1                     0x0800022f   Thumb Code     0  libinit2.o(.ARM.Collect$$libinit$$0000000C)
    __rt_lib_init_lc_collate_1               0x0800022f   Thumb Code     0  libinit2.o(.ARM.Collect$$libinit$$00000013)
    __rt_lib_init_lc_ctype_1                 0x0800022f   Thumb Code     0  libinit2.o(.ARM.Collect$$libinit$$00000015)
    __rt_lib_init_lc_monetary_1              0x0800022f   Thumb Code     0  libinit2.o(.ARM.Collect$$libinit$$00000017)
    __rt_lib_init_lc_numeric_1               0x0800022f   Thumb Code     0  libinit2.o(.ARM.Collect$$libinit$$00000019)
    __rt_lib_init_lc_time_1                  0x0800022f   Thumb Code     0  libinit2.o(.ARM.Collect$$libinit$$0000001B)
    __rt_lib_init_preinit_1                  0x0800022f   Thumb Code     0  libinit2.o(.ARM.Collect$$libinit$$00000006)
    __rt_lib_init_rand_1                     0x0800022f   Thumb Code     0  libinit2.o(.ARM.Collect$$libinit$$00000010)
    __rt_lib_init_relocate_pie_1             0x0800022f   Thumb Code     0  libinit2.o(.ARM.Collect$$libinit$$00000004)
    __rt_lib_init_return                     0x0800022f   Thumb Code     0  libinit2.o(.ARM.Collect$$libinit$$00000035)
    __rt_lib_init_signal_1                   0x0800022f   Thumb Code     0  libinit2.o(.ARM.Collect$$libinit$$0000001F)
    __rt_lib_init_stdio_1                    0x0800022f   Thumb Code     0  libinit2.o(.ARM.Collect$$libinit$$00000027)
    __rt_lib_init_user_alloc_1               0x0800022f   Thumb Code     0  libinit2.o(.ARM.Collect$$libinit$$0000000E)
    __rt_lib_shutdown                        0x08000231   Thumb Code     0  libshutdown.o(.ARM.Collect$$libshutdown$$00000000)
    __rt_lib_shutdown_cpp_1                  0x08000233   Thumb Code     0  libshutdown2.o(.ARM.Collect$$libshutdown$$00000002)
    __rt_lib_shutdown_fp_trap_1              0x08000233   Thumb Code     0  libshutdown2.o(.ARM.Collect$$libshutdown$$00000007)
    __rt_lib_shutdown_heap_1                 0x08000233   Thumb Code     0  libshutdown2.o(.ARM.Collect$$libshutdown$$0000000F)
    __rt_lib_shutdown_return                 0x08000233   Thumb Code     0  libshutdown2.o(.ARM.Collect$$libshutdown$$00000010)
    __rt_lib_shutdown_signal_1               0x08000233   Thumb Code     0  libshutdown2.o(.ARM.Collect$$libshutdown$$0000000A)
    __rt_lib_shutdown_stdio_1                0x08000233   Thumb Code     0  libshutdown2.o(.ARM.Collect$$libshutdown$$00000004)
    __rt_lib_shutdown_user_alloc_1           0x08000233   Thumb Code     0  libshutdown2.o(.ARM.Collect$$libshutdown$$0000000C)
    __rt_entry                               0x08000235   Thumb Code     0  __rtentry.o(.ARM.Collect$$rtentry$$00000000)
    __rt_entry_presh_1                       0x08000235   Thumb Code     0  __rtentry2.o(.ARM.Collect$$rtentry$$00000002)
    __rt_entry_sh                            0x08000235   Thumb Code     0  __rtentry4.o(.ARM.Collect$$rtentry$$00000004)
    __rt_entry_li                            0x0800023b   Thumb Code     0  __rtentry2.o(.ARM.Collect$$rtentry$$0000000A)
    __rt_entry_postsh_1                      0x0800023b   Thumb Code     0  __rtentry2.o(.ARM.Collect$$rtentry$$00000009)
    __rt_entry_main                          0x0800023f   Thumb Code     0  __rtentry2.o(.ARM.Collect$$rtentry$$0000000D)
    __rt_entry_postli_1                      0x0800023f   Thumb Code     0  __rtentry2.o(.ARM.Collect$$rtentry$$0000000C)
    __rt_exit                                0x08000247   Thumb Code     0  rtexit.o(.ARM.Collect$$rtexit$$00000000)
    __rt_exit_ls                             0x08000249   Thumb Code     0  rtexit2.o(.ARM.Collect$$rtexit$$00000003)
    __rt_exit_prels_1                        0x08000249   Thumb Code     0  rtexit2.o(.ARM.Collect$$rtexit$$00000002)
    __rt_exit_exit                           0x0800024d   Thumb Code     0  rtexit2.o(.ARM.Collect$$rtexit$$00000004)
    Reset_Handler                            0x08000255   Thumb Code     8  startup_stm32f407xx.o(.text)
    ADC_IRQHandler                           0x0800026f   Thumb Code     0  startup_stm32f407xx.o(.text)
    CAN1_RX0_IRQHandler                      0x0800026f   Thumb Code     0  startup_stm32f407xx.o(.text)
    CAN1_RX1_IRQHandler                      0x0800026f   Thumb Code     0  startup_stm32f407xx.o(.text)
    CAN1_SCE_IRQHandler                      0x0800026f   Thumb Code     0  startup_stm32f407xx.o(.text)
    CAN1_TX_IRQHandler                       0x0800026f   Thumb Code     0  startup_stm32f407xx.o(.text)
    CAN2_RX0_IRQHandler                      0x0800026f   Thumb Code     0  startup_stm32f407xx.o(.text)
    CAN2_RX1_IRQHandler                      0x0800026f   Thumb Code     0  startup_stm32f407xx.o(.text)
    CAN2_SCE_IRQHandler                      0x0800026f   Thumb Code     0  startup_stm32f407xx.o(.text)
    CAN2_TX_IRQHandler                       0x0800026f   Thumb Code     0  startup_stm32f407xx.o(.text)
    DCMI_IRQHandler                          0x0800026f   Thumb Code     0  startup_stm32f407xx.o(.text)
    DMA1_Stream0_IRQHandler                  0x0800026f   Thumb Code     0  startup_stm32f407xx.o(.text)
    DMA1_Stream1_IRQHandler                  0x0800026f   Thumb Code     0  startup_stm32f407xx.o(.text)
    DMA1_Stream2_IRQHandler                  0x0800026f   Thumb Code     0  startup_stm32f407xx.o(.text)
    DMA1_Stream3_IRQHandler                  0x0800026f   Thumb Code     0  startup_stm32f407xx.o(.text)
    DMA1_Stream4_IRQHandler                  0x0800026f   Thumb Code     0  startup_stm32f407xx.o(.text)
    DMA1_Stream5_IRQHandler                  0x0800026f   Thumb Code     0  startup_stm32f407xx.o(.text)
    DMA1_Stream6_IRQHandler                  0x0800026f   Thumb Code     0  startup_stm32f407xx.o(.text)
    DMA1_Stream7_IRQHandler                  0x0800026f   Thumb Code     0  startup_stm32f407xx.o(.text)
    DMA2_Stream0_IRQHandler                  0x0800026f   Thumb Code     0  startup_stm32f407xx.o(.text)
    DMA2_Stream1_IRQHandler                  0x0800026f   Thumb Code     0  startup_stm32f407xx.o(.text)
    DMA2_Stream5_IRQHandler                  0x0800026f   Thumb Code     0  startup_stm32f407xx.o(.text)
    DMA2_Stream6_IRQHandler                  0x0800026f   Thumb Code     0  startup_stm32f407xx.o(.text)
    ETH_IRQHandler                           0x0800026f   Thumb Code     0  startup_stm32f407xx.o(.text)
    ETH_WKUP_IRQHandler                      0x0800026f   Thumb Code     0  startup_stm32f407xx.o(.text)
    EXTI0_IRQHandler                         0x0800026f   Thumb Code     0  startup_stm32f407xx.o(.text)
    EXTI15_10_IRQHandler                     0x0800026f   Thumb Code     0  startup_stm32f407xx.o(.text)
    EXTI1_IRQHandler                         0x0800026f   Thumb Code     0  startup_stm32f407xx.o(.text)
    EXTI2_IRQHandler                         0x0800026f   Thumb Code     0  startup_stm32f407xx.o(.text)
    EXTI3_IRQHandler                         0x0800026f   Thumb Code     0  startup_stm32f407xx.o(.text)
    EXTI4_IRQHandler                         0x0800026f   Thumb Code     0  startup_stm32f407xx.o(.text)
    EXTI9_5_IRQHandler                       0x0800026f   Thumb Code     0  startup_stm32f407xx.o(.text)
    FLASH_IRQHandler                         0x0800026f   Thumb Code     0  startup_stm32f407xx.o(.text)
    FMC_IRQHandler                           0x0800026f   Thumb Code     0  startup_stm32f407xx.o(.text)
    FPU_IRQHandler                           0x0800026f   Thumb Code     0  startup_stm32f407xx.o(.text)
    HASH_RNG_IRQHandler                      0x0800026f   Thumb Code     0  startup_stm32f407xx.o(.text)
    I2C1_ER_IRQHandler                       0x0800026f   Thumb Code     0  startup_stm32f407xx.o(.text)
    I2C1_EV_IRQHandler                       0x0800026f   Thumb Code     0  startup_stm32f407xx.o(.text)
    I2C2_ER_IRQHandler                       0x0800026f   Thumb Code     0  startup_stm32f407xx.o(.text)
    I2C2_EV_IRQHandler                       0x0800026f   Thumb Code     0  startup_stm32f407xx.o(.text)
    I2C3_ER_IRQHandler                       0x0800026f   Thumb Code     0  startup_stm32f407xx.o(.text)
    I2C3_EV_IRQHandler                       0x0800026f   Thumb Code     0  startup_stm32f407xx.o(.text)
    OTG_FS_IRQHandler                        0x0800026f   Thumb Code     0  startup_stm32f407xx.o(.text)
    OTG_FS_WKUP_IRQHandler                   0x0800026f   Thumb Code     0  startup_stm32f407xx.o(.text)
    OTG_HS_EP1_IN_IRQHandler                 0x0800026f   Thumb Code     0  startup_stm32f407xx.o(.text)
    OTG_HS_EP1_OUT_IRQHandler                0x0800026f   Thumb Code     0  startup_stm32f407xx.o(.text)
    OTG_HS_IRQHandler                        0x0800026f   Thumb Code     0  startup_stm32f407xx.o(.text)
    OTG_HS_WKUP_IRQHandler                   0x0800026f   Thumb Code     0  startup_stm32f407xx.o(.text)
    PVD_IRQHandler                           0x0800026f   Thumb Code     0  startup_stm32f407xx.o(.text)
    RCC_IRQHandler                           0x0800026f   Thumb Code     0  startup_stm32f407xx.o(.text)
    RTC_Alarm_IRQHandler                     0x0800026f   Thumb Code     0  startup_stm32f407xx.o(.text)
    RTC_WKUP_IRQHandler                      0x0800026f   Thumb Code     0  startup_stm32f407xx.o(.text)
    SDIO_IRQHandler                          0x0800026f   Thumb Code     0  startup_stm32f407xx.o(.text)
    SPI1_IRQHandler                          0x0800026f   Thumb Code     0  startup_stm32f407xx.o(.text)
    SPI2_IRQHandler                          0x0800026f   Thumb Code     0  startup_stm32f407xx.o(.text)
    SPI3_IRQHandler                          0x0800026f   Thumb Code     0  startup_stm32f407xx.o(.text)
    TAMP_STAMP_IRQHandler                    0x0800026f   Thumb Code     0  startup_stm32f407xx.o(.text)
    TIM1_BRK_TIM9_IRQHandler                 0x0800026f   Thumb Code     0  startup_stm32f407xx.o(.text)
    TIM1_CC_IRQHandler                       0x0800026f   Thumb Code     0  startup_stm32f407xx.o(.text)
    TIM1_TRG_COM_TIM11_IRQHandler            0x0800026f   Thumb Code     0  startup_stm32f407xx.o(.text)
    TIM1_UP_TIM10_IRQHandler                 0x0800026f   Thumb Code     0  startup_stm32f407xx.o(.text)
    TIM2_IRQHandler                          0x0800026f   Thumb Code     0  startup_stm32f407xx.o(.text)
    TIM3_IRQHandler                          0x0800026f   Thumb Code     0  startup_stm32f407xx.o(.text)
    TIM4_IRQHandler                          0x0800026f   Thumb Code     0  startup_stm32f407xx.o(.text)
    TIM5_IRQHandler                          0x0800026f   Thumb Code     0  startup_stm32f407xx.o(.text)
    TIM6_DAC_IRQHandler                      0x0800026f   Thumb Code     0  startup_stm32f407xx.o(.text)
    TIM7_IRQHandler                          0x0800026f   Thumb Code     0  startup_stm32f407xx.o(.text)
    TIM8_BRK_TIM12_IRQHandler                0x0800026f   Thumb Code     0  startup_stm32f407xx.o(.text)
    TIM8_CC_IRQHandler                       0x0800026f   Thumb Code     0  startup_stm32f407xx.o(.text)
    TIM8_TRG_COM_TIM14_IRQHandler            0x0800026f   Thumb Code     0  startup_stm32f407xx.o(.text)
    TIM8_UP_TIM13_IRQHandler                 0x0800026f   Thumb Code     0  startup_stm32f407xx.o(.text)
    UART4_IRQHandler                         0x0800026f   Thumb Code     0  startup_stm32f407xx.o(.text)
    UART5_IRQHandler                         0x0800026f   Thumb Code     0  startup_stm32f407xx.o(.text)
    USART2_IRQHandler                        0x0800026f   Thumb Code     0  startup_stm32f407xx.o(.text)
    USART3_IRQHandler                        0x0800026f   Thumb Code     0  startup_stm32f407xx.o(.text)
    WWDG_IRQHandler                          0x0800026f   Thumb Code     0  startup_stm32f407xx.o(.text)
    __user_initial_stackheap                 0x08000271   Thumb Code     0  startup_stm32f407xx.o(.text)
    __aeabi_uldivmod                         0x08000295   Thumb Code     0  lludivv7m.o(.text)
    _ll_udiv                                 0x08000295   Thumb Code   240  lludivv7m.o(.text)
    __aeabi_memcpy                           0x08000385   Thumb Code     0  rt_memcpy_v6.o(.text)
    __rt_memcpy                              0x08000385   Thumb Code   138  rt_memcpy_v6.o(.text)
    _memcpy_lastbytes                        0x080003eb   Thumb Code     0  rt_memcpy_v6.o(.text)
    __aeabi_memset4                          0x0800040f   Thumb Code    16  aeabi_memset4.o(.text)
    __aeabi_memset8                          0x0800040f   Thumb Code     0  aeabi_memset4.o(.text)
    __aeabi_memclr4                          0x0800041f   Thumb Code     0  rt_memclr_w.o(.text)
    __aeabi_memclr8                          0x0800041f   Thumb Code     0  rt_memclr_w.o(.text)
    __rt_memclr_w                            0x0800041f   Thumb Code     0  rt_memclr_w.o(.text)
    _memset_w                                0x08000423   Thumb Code    74  rt_memclr_w.o(.text)
    __use_two_region_memory                  0x0800046d   Thumb Code     2  heapauxi.o(.text)
    __rt_heap_escrow$2region                 0x0800046f   Thumb Code     2  heapauxi.o(.text)
    __rt_heap_expand$2region                 0x08000471   Thumb Code     2  heapauxi.o(.text)
    __aeabi_memcpy4                          0x08000473   Thumb Code     0  rt_memcpy_w.o(.text)
    __aeabi_memcpy8                          0x08000473   Thumb Code     0  rt_memcpy_w.o(.text)
    __rt_memcpy_w                            0x08000473   Thumb Code   100  rt_memcpy_w.o(.text)
    _memcpy_lastbytes_aligned                0x080004bb   Thumb Code     0  rt_memcpy_w.o(.text)
    __user_setup_stackheap                   0x080004d7   Thumb Code    74  sys_stackheap_outer.o(.text)
    exit                                     0x08000521   Thumb Code    18  exit.o(.text)
    __user_libspace                          0x08000535   Thumb Code     8  libspace.o(.text)
    __user_perproc_libspace                  0x08000535   Thumb Code     0  libspace.o(.text)
    __user_perthread_libspace                0x08000535   Thumb Code     0  libspace.o(.text)
    _sys_exit                                0x0800053d   Thumb Code     8  sys_exit.o(.text)
    __I$use$semihosting                      0x08000549   Thumb Code     0  use_no_semi.o(.text)
    __use_no_semihosting_swi                 0x08000549   Thumb Code     2  use_no_semi.o(.text)
    __semihosting_library_function           0x0800054b   Thumb Code     0  indicate_semi.o(.text)
    BusFault_Handler                         0x080005d9   Thumb Code     2  stm32f4xx_it.o(.text.BusFault_Handler)
    DMA2_Stream2_IRQHandler                  0x080005dd   Thumb Code    12  stm32f4xx_it.o(.text.DMA2_Stream2_IRQHandler)
    DMA2_Stream3_IRQHandler                  0x080005e9   Thumb Code    12  stm32f4xx_it.o(.text.DMA2_Stream3_IRQHandler)
    DMA2_Stream4_IRQHandler                  0x080005f5   Thumb Code    12  stm32f4xx_it.o(.text.DMA2_Stream4_IRQHandler)
    DMA2_Stream7_IRQHandler                  0x08000601   Thumb Code    12  stm32f4xx_it.o(.text.DMA2_Stream7_IRQHandler)
    DebugMon_Handler                         0x0800060d   Thumb Code     2  stm32f4xx_it.o(.text.DebugMon_Handler)
    Error_Handler                            0x08000611   Thumb Code     6  main.o(.text.Error_Handler)
    HAL_ADC_ConfigChannel                    0x08000619   Thumb Code   316  stm32f4xx_hal_adc.o(.text.HAL_ADC_ConfigChannel)
    HAL_ADC_ConvCpltCallback                 0x08000755   Thumb Code     2  stm32f4xx_hal_adc.o(.text.HAL_ADC_ConvCpltCallback)
    HAL_ADC_ConvHalfCpltCallback             0x08000759   Thumb Code     2  stm32f4xx_hal_adc.o(.text.HAL_ADC_ConvHalfCpltCallback)
    HAL_ADC_ErrorCallback                    0x0800075d   Thumb Code     2  stm32f4xx_hal_adc.o(.text.HAL_ADC_ErrorCallback)
    HAL_ADC_Init                             0x08000761   Thumb Code   348  stm32f4xx_hal_adc.o(.text.HAL_ADC_Init)
    HAL_ADC_MspInit                          0x080008bd   Thumb Code   366  adc.o(.text.HAL_ADC_MspInit)
    HAL_ADC_Start_DMA                        0x08000a2d   Thumb Code   416  stm32f4xx_hal_adc.o(.text.HAL_ADC_Start_DMA)
    HAL_DMA_Abort                            0x08000bcd   Thumb Code   142  stm32f4xx_hal_dma.o(.text.HAL_DMA_Abort)
    HAL_DMA_Abort_IT                         0x08000c5d   Thumb Code    36  stm32f4xx_hal_dma.o(.text.HAL_DMA_Abort_IT)
    HAL_DMA_IRQHandler                       0x08000c81   Thumb Code   452  stm32f4xx_hal_dma.o(.text.HAL_DMA_IRQHandler)
    HAL_DMA_Init                             0x08000e45   Thumb Code   354  stm32f4xx_hal_dma.o(.text.HAL_DMA_Init)
    HAL_DMA_Start_IT                         0x08000fa9   Thumb Code   162  stm32f4xx_hal_dma.o(.text.HAL_DMA_Start_IT)
    HAL_Delay                                0x0800104d   Thumb Code    40  stm32f4xx_hal.o(.text.HAL_Delay)
    HAL_GPIO_Init                            0x08001075   Thumb Code   414  stm32f4xx_hal_gpio.o(.text.HAL_GPIO_Init)
    HAL_GPIO_ReadPin                         0x08001215   Thumb Code    10  stm32f4xx_hal_gpio.o(.text.HAL_GPIO_ReadPin)
    HAL_GPIO_WritePin                        0x08001221   Thumb Code    10  stm32f4xx_hal_gpio.o(.text.HAL_GPIO_WritePin)
    HAL_GetTick                              0x0800122d   Thumb Code    12  stm32f4xx_hal.o(.text.HAL_GetTick)
    HAL_IncTick                              0x08001239   Thumb Code    26  stm32f4xx_hal.o(.text.HAL_IncTick)
    HAL_Init                                 0x08001255   Thumb Code    54  stm32f4xx_hal.o(.text.HAL_Init)
    HAL_InitTick                             0x0800128d   Thumb Code    72  stm32f4xx_hal.o(.text.HAL_InitTick)
    HAL_MspInit                              0x080012d5   Thumb Code    66  stm32f4xx_hal_msp.o(.text.HAL_MspInit)
    HAL_NVIC_EnableIRQ                       0x08001319   Thumb Code    34  stm32f4xx_hal_cortex.o(.text.HAL_NVIC_EnableIRQ)
    HAL_NVIC_SetPriority                     0x0800133d   Thumb Code    86  stm32f4xx_hal_cortex.o(.text.HAL_NVIC_SetPriority)
    HAL_NVIC_SetPriorityGrouping             0x08001395   Thumb Code    32  stm32f4xx_hal_cortex.o(.text.HAL_NVIC_SetPriorityGrouping)
    HAL_RCC_ClockConfig                      0x080013b5   Thumb Code   356  stm32f4xx_hal_rcc.o(.text.HAL_RCC_ClockConfig)
    HAL_RCC_GetPCLK1Freq                     0x08001519   Thumb Code    38  stm32f4xx_hal_rcc.o(.text.HAL_RCC_GetPCLK1Freq)
    HAL_RCC_GetPCLK2Freq                     0x08001541   Thumb Code    38  stm32f4xx_hal_rcc.o(.text.HAL_RCC_GetPCLK2Freq)
    HAL_RCC_GetSysClockFreq                  0x08001569   Thumb Code   110  stm32f4xx_hal_rcc.o(.text.HAL_RCC_GetSysClockFreq)
    HAL_RCC_OscConfig                        0x080015d9   Thumb Code   940  stm32f4xx_hal_rcc.o(.text.HAL_RCC_OscConfig)
    HAL_SYSTICK_Config                       0x08001985   Thumb Code    44  stm32f4xx_hal_cortex.o(.text.HAL_SYSTICK_Config)
    HAL_UARTEx_RxEventCallback               0x080019b1   Thumb Code     2  stm32f4xx_hal_uart.o(.text.HAL_UARTEx_RxEventCallback)
    HAL_UART_ErrorCallback                   0x080019b5   Thumb Code     2  stm32f4xx_hal_uart.o(.text.HAL_UART_ErrorCallback)
    HAL_UART_IRQHandler                      0x080019b9   Thumb Code  1428  stm32f4xx_hal_uart.o(.text.HAL_UART_IRQHandler)
    HAL_UART_Init                            0x08001f4d   Thumb Code    96  stm32f4xx_hal_uart.o(.text.HAL_UART_Init)
    HAL_UART_MspInit                         0x08001fad   Thumb Code   358  usart.o(.text.HAL_UART_MspInit)
    HAL_UART_RxCpltCallback                  0x08002115   Thumb Code     2  stm32f4xx_hal_uart.o(.text.HAL_UART_RxCpltCallback)
    HAL_UART_Transmit_DMA                    0x08002119   Thumb Code   212  stm32f4xx_hal_uart.o(.text.HAL_UART_Transmit_DMA)
    HAL_UART_Transmit_IT                     0x080021ed   Thumb Code    62  stm32f4xx_hal_uart.o(.text.HAL_UART_Transmit_IT)
    HAL_UART_TxCpltCallback                  0x0800222d   Thumb Code     2  stm32f4xx_hal_uart.o(.text.HAL_UART_TxCpltCallback)
    HAL_UART_TxHalfCpltCallback              0x08002231   Thumb Code     2  stm32f4xx_hal_uart.o(.text.HAL_UART_TxHalfCpltCallback)
    HardFault_Handler                        0x08002235   Thumb Code     2  stm32f4xx_it.o(.text.HardFault_Handler)
    MX_ADC1_Init                             0x08002239   Thumb Code   144  adc.o(.text.MX_ADC1_Init)
    MX_ADC2_Init                             0x080022c9   Thumb Code   200  adc.o(.text.MX_ADC2_Init)
    MX_DMA_Init                              0x08002391   Thumb Code   104  dma.o(.text.MX_DMA_Init)
    MX_FREERTOS_Init                         0x080023f9   Thumb Code    60  freertos.o(.text.MX_FREERTOS_Init)
    MX_GPIO_Init                             0x08002435   Thumb Code   308  gpio.o(.text.MX_GPIO_Init)
    MX_USART1_UART_Init                      0x08002569   Thumb Code    60  usart.o(.text.MX_USART1_UART_Init)
    MX_USART6_UART_Init                      0x080025a5   Thumb Code    60  usart.o(.text.MX_USART6_UART_Init)
    MemManage_Handler                        0x080025e1   Thumb Code     2  stm32f4xx_it.o(.text.MemManage_Handler)
    MyMain_Debug                             0x080025e5   Thumb Code   182  mymain.o(.text.MyMain_Debug)
    MyMain_Init                              0x0800269d   Thumb Code    14  mymain.o(.text.MyMain_Init)
    NMI_Handler                              0x080026ad   Thumb Code     2  stm32f4xx_it.o(.text.NMI_Handler)
    PendSV_Handler                           0x080026b1   Thumb Code   100  port.o(.text.PendSV_Handler)
    Remote_Init                              0x08002715   Thumb Code   764  remoteinput.o(.text.Remote_Init)
    Remote_Send                              0x08002a11   Thumb Code   350  remote.o(.text.Remote_Send)
    Remote_TransmitInit                      0x08002b71   Thumb Code    60  remote.o(.text.Remote_TransmitInit)
    Remote_Update                            0x08002bad   Thumb Code  1956  remoteinput.o(.text.Remote_Update)
    SVC_Handler                              0x080033a1   Thumb Code    36  port.o(.text.SVC_Handler)
    StartDebugTask                           0x080033c5   Thumb Code    12  freertos.o(.text.StartDebugTask)
    StartRemoteTask                          0x080033d1   Thumb Code    16  freertos.o(.text.StartRemoteTask)
    SysTick_Handler                          0x080033e1   Thumb Code    34  stm32f4xx_it.o(.text.SysTick_Handler)
    SystemClock_Config                       0x08003405   Thumb Code   172  main.o(.text.SystemClock_Config)
    SystemInit                               0x080034b1   Thumb Code    18  system_stm32f4xx.o(.text.SystemInit)
    USART1_IRQHandler                        0x080038ed   Thumb Code    12  stm32f4xx_it.o(.text.USART1_IRQHandler)
    USART6_IRQHandler                        0x080038f9   Thumb Code    12  stm32f4xx_it.o(.text.USART6_IRQHandler)
    UsageFault_Handler                       0x08003905   Thumb Code     2  stm32f4xx_it.o(.text.UsageFault_Handler)
    main                                     0x08003909   Thumb Code    58  main.o(.text.main)
    osDelay                                  0x08003945   Thumb Code    32  cmsis_os2.o(.text.osDelay)
    osKernelInitialize                       0x08003965   Thumb Code    40  cmsis_os2.o(.text.osKernelInitialize)
    osKernelStart                            0x0800398d   Thumb Code    60  cmsis_os2.o(.text.osKernelStart)
    osThreadNew                              0x080039c9   Thumb Code   148  cmsis_os2.o(.text.osThreadNew)
    pvPortMalloc                             0x080042cd   Thumb Code   488  heap_4.o(.text.pvPortMalloc)
    pxPortInitialiseStack                    0x080044b5   Thumb Code    36  port.o(.text.pxPortInitialiseStack)
    uxListRemove                             0x080044d9   Thumb Code    34  list.o(.text.uxListRemove)
    vApplicationGetIdleTaskMemory            0x080044fd   Thumb Code    26  cmsis_os2.o(.text.vApplicationGetIdleTaskMemory)
    vApplicationGetTimerTaskMemory           0x08004519   Thumb Code    28  cmsis_os2.o(.text.vApplicationGetTimerTaskMemory)
    vListInitialise                          0x08004535   Thumb Code    22  list.o(.text.vListInitialise)
    vListInitialiseItem                      0x0800454d   Thumb Code     6  list.o(.text.vListInitialiseItem)
    vListInsert                              0x08004555   Thumb Code    98  list.o(.text.vListInsert)
    vListInsertEnd                           0x080045b9   Thumb Code    26  list.o(.text.vListInsertEnd)
    vPortEnterCritical                       0x080045e9   Thumb Code    70  port.o(.text.vPortEnterCritical)
    vPortExitCritical                        0x08004631   Thumb Code    46  port.o(.text.vPortExitCritical)
    vPortFree                                0x08004661   Thumb Code   222  heap_4.o(.text.vPortFree)
    vPortSetupTimerInterrupt                 0x08004741   Thumb Code    52  port.o(.text.vPortSetupTimerInterrupt)
    vQueueAddToRegistry                      0x08004775   Thumb Code    88  queue.o(.text.vQueueAddToRegistry)
    vQueueWaitForMessageRestricted           0x080047cd   Thumb Code    82  queue.o(.text.vQueueWaitForMessageRestricted)
    vTaskDelay                               0x08004821   Thumb Code   128  tasks.o(.text.vTaskDelay)
    vTaskInternalSetTimeOutState             0x080048a1   Thumb Code    18  tasks.o(.text.vTaskInternalSetTimeOutState)
    vTaskMissedYield                         0x080048b5   Thumb Code    14  tasks.o(.text.vTaskMissedYield)
    vTaskPlaceOnEventList                    0x080048c5   Thumb Code   116  tasks.o(.text.vTaskPlaceOnEventList)
    vTaskPlaceOnEventListRestricted          0x08004939   Thumb Code   122  tasks.o(.text.vTaskPlaceOnEventListRestricted)
    vTaskStartScheduler                      0x080049b5   Thumb Code   232  tasks.o(.text.vTaskStartScheduler)
    vTaskSuspendAll                          0x08004aa5   Thumb Code    16  tasks.o(.text.vTaskSuspendAll)
    vTaskSwitchContext                       0x08004ab5   Thumb Code   204  tasks.o(.text.vTaskSwitchContext)
    xPortStartScheduler                      0x08004b81   Thumb Code   392  port.o(.text.xPortStartScheduler)
    xPortSysTickHandler                      0x08004d09   Thumb Code    46  port.o(.text.xPortSysTickHandler)
    xQueueGenericCreateStatic                0x08004d39   Thumb Code   218  queue.o(.text.xQueueGenericCreateStatic)
    xQueueGenericSend                        0x08004e15   Thumb Code   704  queue.o(.text.xQueueGenericSend)
    xQueueReceive                            0x080050d5   Thumb Code   574  queue.o(.text.xQueueReceive)
    xTaskCheckForTimeOut                     0x08005315   Thumb Code   154  tasks.o(.text.xTaskCheckForTimeOut)
    xTaskCreate                              0x080053b1   Thumb Code    96  tasks.o(.text.xTaskCreate)
    xTaskCreateStatic                        0x08005411   Thumb Code   118  tasks.o(.text.xTaskCreateStatic)
    xTaskGetSchedulerState                   0x08005489   Thumb Code    30  tasks.o(.text.xTaskGetSchedulerState)
    xTaskGetTickCount                        0x080054a9   Thumb Code    12  tasks.o(.text.xTaskGetTickCount)
    xTaskIncrementTick                       0x080054b5   Thumb Code   260  tasks.o(.text.xTaskIncrementTick)
    xTaskPriorityDisinherit                  0x080055b9   Thumb Code   142  tasks.o(.text.xTaskPriorityDisinherit)
    xTaskRemoveFromEventList                 0x08005649   Thumb Code   114  tasks.o(.text.xTaskRemoveFromEventList)
    xTaskResumeAll                           0x080056bd   Thumb Code   238  tasks.o(.text.xTaskResumeAll)
    xTimerCreateTimerTask                    0x080057ad   Thumb Code   172  timers.o(.text.xTimerCreateTimerTask)
    _fp_init                                 0x08005861   Thumb Code    26  fpinit.o(x$fpl$fpinit)
    __fplib_config_fpu_vfp                   0x08005879   Thumb Code     0  fpinit.o(x$fpl$fpinit)
    __fplib_config_pureend_doubles           0x08005879   Thumb Code     0  fpinit.o(x$fpl$fpinit)
    AHBPrescTable                            0x0800587a   Data          16  system_stm32f4xx.o(.rodata.AHBPrescTable)
    APBPrescTable                            0x0800588a   Data           8  system_stm32f4xx.o(.rodata.APBPrescTable)
    debugTask_attributes                     0x0800589c   Data          36  freertos.o(.rodata.debugTask_attributes)
    remoteTask_attributes                    0x080058c0   Data          36  freertos.o(.rodata.remoteTask_attributes)
    Region$$Table$$Base                      0x08005900   Number         0  anon$$obj.o(Region$$Table)
    Region$$Table$$Limit                     0x08005920   Number         0  anon$$obj.o(Region$$Table)
    uwTickFreq                               0x20000000   Data           1  stm32f4xx_hal.o(.data..L_MergedGlobals)
    uwTickPrio                               0x20000004   Data           4  stm32f4xx_hal.o(.data..L_MergedGlobals)
    SystemCoreClock                          0x20000008   Data           4  system_stm32f4xx.o(.data.SystemCoreClock)
    __libspace_start                         0x20000010   Data          96  libspace.o(.bss)
    __temporary_stack_top$libspace           0x20000070   Data           0  libspace.o(.bss)
    remoteTaskHandle                         0x20000070   Data           4  freertos.o(.bss..L_MergedGlobals)
    debugTaskHandle                          0x20000074   Data           4  freertos.o(.bss..L_MergedGlobals)
    remote_tx_error_count                    0x2000007c   Data           4  remote.o(.bss..L_MergedGlobals)
    remote_tx_frame_count                    0x20000080   Data           4  remote.o(.bss..L_MergedGlobals)
    remote_tx_busy_skip_count                0x20000084   Data           4  remote.o(.bss..L_MergedGlobals)
    remote_data                              0x20000096   Data          26  remote.o(.bss..L_MergedGlobals)
    remote_adc_state                         0x200000b7   Data           1  remoteinput.o(.bss..L_MergedGlobals)
    remote_shoulder_adc                      0x200000be   Data           4  remoteinput.o(.bss..L_MergedGlobals)
    remote_axis_adc                          0x200000d4   Data           8  remoteinput.o(.bss..L_MergedGlobals)
    pxCurrentTCB                             0x20000100   Data           4  tasks.o(.bss..L_MergedGlobals)
    hadc1                                    0x2000022c   Data          72  adc.o(.bss.hadc1)
    hadc2                                    0x20000274   Data          72  adc.o(.bss.hadc2)
    hdma_adc1                                0x200002bc   Data          96  adc.o(.bss.hdma_adc1)
    hdma_adc2                                0x2000031c   Data          96  adc.o(.bss.hdma_adc2)
    hdma_usart1_rx                           0x2000037c   Data          96  usart.o(.bss.hdma_usart1_rx)
    hdma_usart1_tx                           0x200003dc   Data          96  usart.o(.bss.hdma_usart1_tx)
    huart1                                   0x2000043c   Data          72  usart.o(.bss.huart1)
    huart6                                   0x20000484   Data          72  usart.o(.bss.huart6)
    uwTick                                   0x2000461c   Data           4  stm32f4xx_hal.o(.bss.uwTick)
    xQueueRegistry                           0x20004cd8   Data          64  queue.o(.bss.xQueueRegistry)



==============================================================================

Memory Map of the image

  Image Entry point : 0x08000189

  Load Region LR_IROM1 (Base: 0x08000000, Size: 0x00005930, Max: 0x00080000, ABSOLUTE)

    Execution Region ER_IROM1 (Exec base: 0x08000000, Load base: 0x08000000, Size: 0x00005920, Max: 0x00080000, ABSOLUTE)

    Exec Addr    Load Addr    Size         Type   Attr      Idx    E Section Name        Object

    0x08000000   0x08000000   0x00000188   Data   RO            3    RESET               startup_stm32f407xx.o
    0x08000188   0x08000188   0x00000008   Code   RO         1379  * !!!main             c_w.l(__main.o)
    0x08000190   0x08000190   0x0000005c   Code   RO         1556    !!!scatter          c_w.l(__scatter.o)
    0x080001ec   0x080001ec   0x0000001a   Code   RO         1560    !!handler_copy      c_w.l(__scatter_copy.o)
    0x08000206   0x08000206   0x00000002   PAD
    0x08000208   0x08000208   0x00000002   Code   RO         1557    !!handler_null      c_w.l(__scatter.o)
    0x0800020a   0x0800020a   0x00000002   PAD
    0x0800020c   0x0800020c   0x0000001c   Code   RO         1562    !!handler_zi        c_w.l(__scatter_zi.o)
    0x08000228   0x08000228   0x00000002   Code   RO         1418    .ARM.Collect$$libinit$$00000000  c_w.l(libinit.o)
    0x0800022a   0x0800022a   0x00000004   Code   RO         1430    .ARM.Collect$$libinit$$00000001  c_w.l(libinit2.o)
    0x0800022e   0x0800022e   0x00000000   Code   RO         1433    .ARM.Collect$$libinit$$00000004  c_w.l(libinit2.o)
    0x0800022e   0x0800022e   0x00000000   Code   RO         1435    .ARM.Collect$$libinit$$00000006  c_w.l(libinit2.o)
    0x0800022e   0x0800022e   0x00000000   Code   RO         1438    .ARM.Collect$$libinit$$0000000C  c_w.l(libinit2.o)
    0x0800022e   0x0800022e   0x00000000   Code   RO         1440    .ARM.Collect$$libinit$$0000000E  c_w.l(libinit2.o)
    0x0800022e   0x0800022e   0x00000000   Code   RO         1442    .ARM.Collect$$libinit$$00000010  c_w.l(libinit2.o)
    0x0800022e   0x0800022e   0x00000000   Code   RO         1445    .ARM.Collect$$libinit$$00000013  c_w.l(libinit2.o)
    0x0800022e   0x0800022e   0x00000000   Code   RO         1447    .ARM.Collect$$libinit$$00000015  c_w.l(libinit2.o)
    0x0800022e   0x0800022e   0x00000000   Code   RO         1449    .ARM.Collect$$libinit$$00000017  c_w.l(libinit2.o)
    0x0800022e   0x0800022e   0x00000000   Code   RO         1451    .ARM.Collect$$libinit$$00000019  c_w.l(libinit2.o)
    0x0800022e   0x0800022e   0x00000000   Code   RO         1453    .ARM.Collect$$libinit$$0000001B  c_w.l(libinit2.o)
    0x0800022e   0x0800022e   0x00000000   Code   RO         1455    .ARM.Collect$$libinit$$0000001D  c_w.l(libinit2.o)
    0x0800022e   0x0800022e   0x00000000   Code   RO         1457    .ARM.Collect$$libinit$$0000001F  c_w.l(libinit2.o)
    0x0800022e   0x0800022e   0x00000000   Code   RO         1459    .ARM.Collect$$libinit$$00000021  c_w.l(libinit2.o)
    0x0800022e   0x0800022e   0x00000000   Code   RO         1461    .ARM.Collect$$libinit$$00000023  c_w.l(libinit2.o)
    0x0800022e   0x0800022e   0x00000000   Code   RO         1463    .ARM.Collect$$libinit$$00000025  c_w.l(libinit2.o)
    0x0800022e   0x0800022e   0x00000000   Code   RO         1465    .ARM.Collect$$libinit$$00000027  c_w.l(libinit2.o)
    0x0800022e   0x0800022e   0x00000000   Code   RO         1469    .ARM.Collect$$libinit$$0000002E  c_w.l(libinit2.o)
    0x0800022e   0x0800022e   0x00000000   Code   RO         1471    .ARM.Collect$$libinit$$00000030  c_w.l(libinit2.o)
    0x0800022e   0x0800022e   0x00000000   Code   RO         1473    .ARM.Collect$$libinit$$00000032  c_w.l(libinit2.o)
    0x0800022e   0x0800022e   0x00000000   Code   RO         1475    .ARM.Collect$$libinit$$00000034  c_w.l(libinit2.o)
    0x0800022e   0x0800022e   0x00000002   Code   RO         1476    .ARM.Collect$$libinit$$00000035  c_w.l(libinit2.o)
    0x08000230   0x08000230   0x00000002   Code   RO         1511    .ARM.Collect$$libshutdown$$00000000  c_w.l(libshutdown.o)
    0x08000232   0x08000232   0x00000000   Code   RO         1539    .ARM.Collect$$libshutdown$$00000002  c_w.l(libshutdown2.o)
    0x08000232   0x08000232   0x00000000   Code   RO         1541    .ARM.Collect$$libshutdown$$00000004  c_w.l(libshutdown2.o)
    0x08000232   0x08000232   0x00000000   Code   RO         1544    .ARM.Collect$$libshutdown$$00000007  c_w.l(libshutdown2.o)
    0x08000232   0x08000232   0x00000000   Code   RO         1547    .ARM.Collect$$libshutdown$$0000000A  c_w.l(libshutdown2.o)
    0x08000232   0x08000232   0x00000000   Code   RO         1549    .ARM.Collect$$libshutdown$$0000000C  c_w.l(libshutdown2.o)
    0x08000232   0x08000232   0x00000000   Code   RO         1552    .ARM.Collect$$libshutdown$$0000000F  c_w.l(libshutdown2.o)
    0x08000232   0x08000232   0x00000002   Code   RO         1553    .ARM.Collect$$libshutdown$$00000010  c_w.l(libshutdown2.o)
    0x08000234   0x08000234   0x00000000   Code   RO         1381    .ARM.Collect$$rtentry$$00000000  c_w.l(__rtentry.o)
    0x08000234   0x08000234   0x00000000   Code   RO         1389    .ARM.Collect$$rtentry$$00000002  c_w.l(__rtentry2.o)
    0x08000234   0x08000234   0x00000006   Code   RO         1401    .ARM.Collect$$rtentry$$00000004  c_w.l(__rtentry4.o)
    0x0800023a   0x0800023a   0x00000000   Code   RO         1391    .ARM.Collect$$rtentry$$00000009  c_w.l(__rtentry2.o)
    0x0800023a   0x0800023a   0x00000004   Code   RO         1392    .ARM.Collect$$rtentry$$0000000A  c_w.l(__rtentry2.o)
    0x0800023e   0x0800023e   0x00000000   Code   RO         1394    .ARM.Collect$$rtentry$$0000000C  c_w.l(__rtentry2.o)
    0x0800023e   0x0800023e   0x00000008   Code   RO         1395    .ARM.Collect$$rtentry$$0000000D  c_w.l(__rtentry2.o)
    0x08000246   0x08000246   0x00000002   Code   RO         1422    .ARM.Collect$$rtexit$$00000000  c_w.l(rtexit.o)
    0x08000248   0x08000248   0x00000000   Code   RO         1482    .ARM.Collect$$rtexit$$00000002  c_w.l(rtexit2.o)
    0x08000248   0x08000248   0x00000004   Code   RO         1483    .ARM.Collect$$rtexit$$00000003  c_w.l(rtexit2.o)
    0x0800024c   0x0800024c   0x00000006   Code   RO         1484    .ARM.Collect$$rtexit$$00000004  c_w.l(rtexit2.o)
    0x08000252   0x08000252   0x00000002   PAD
    0x08000254   0x08000254   0x00000040   Code   RO            4    .text               startup_stm32f407xx.o
    0x08000294   0x08000294   0x000000f0   Code   RO         1365    .text               c_w.l(lludivv7m.o)
    0x08000384   0x08000384   0x0000008a   Code   RO         1367    .text               c_w.l(rt_memcpy_v6.o)
    0x0800040e   0x0800040e   0x00000010   Code   RO         1371    .text               c_w.l(aeabi_memset4.o)
    0x0800041e   0x0800041e   0x0000004e   Code   RO         1375    .text               c_w.l(rt_memclr_w.o)
    0x0800046c   0x0800046c   0x00000006   Code   RO         1377    .text               c_w.l(heapauxi.o)
    0x08000472   0x08000472   0x00000064   Code   RO         1386    .text               c_w.l(rt_memcpy_w.o)
    0x080004d6   0x080004d6   0x0000004a   Code   RO         1405    .text               c_w.l(sys_stackheap_outer.o)
    0x08000520   0x08000520   0x00000012   Code   RO         1407    .text               c_w.l(exit.o)
    0x08000532   0x08000532   0x00000002   PAD
    0x08000534   0x08000534   0x00000008   Code   RO         1419    .text               c_w.l(libspace.o)
    0x0800053c   0x0800053c   0x0000000c   Code   RO         1477    .text               c_w.l(sys_exit.o)
    0x08000548   0x08000548   0x00000002   Code   RO         1500    .text               c_w.l(use_no_semi.o)
    0x0800054a   0x0800054a   0x00000000   Code   RO         1502    .text               c_w.l(indicate_semi.o)
    0x0800054a   0x0800054a   0x00000002   PAD
    0x0800054c   0x0800054c   0x0000006e   Code   RO          210    .text.ADC_DMAConvCplt  stm32f4xx_hal_adc.o
    0x080005ba   0x080005ba   0x00000002   PAD
    0x080005bc   0x080005bc   0x00000012   Code   RO          214    .text.ADC_DMAError  stm32f4xx_hal_adc.o
    0x080005ce   0x080005ce   0x00000002   PAD
    0x080005d0   0x080005d0   0x00000006   Code   RO          212    .text.ADC_DMAHalfConvCplt  stm32f4xx_hal_adc.o
    0x080005d6   0x080005d6   0x00000002   PAD
    0x080005d8   0x080005d8   0x00000002   Code   RO          106    .text.BusFault_Handler  stm32f4xx_it.o
    0x080005da   0x080005da   0x00000002   PAD
    0x080005dc   0x080005dc   0x0000000c   Code   RO          118    .text.DMA2_Stream2_IRQHandler  stm32f4xx_it.o
    0x080005e8   0x080005e8   0x0000000c   Code   RO          120    .text.DMA2_Stream3_IRQHandler  stm32f4xx_it.o
    0x080005f4   0x080005f4   0x0000000c   Code   RO          122    .text.DMA2_Stream4_IRQHandler  stm32f4xx_it.o
    0x08000600   0x08000600   0x0000000c   Code   RO          124    .text.DMA2_Stream7_IRQHandler  stm32f4xx_it.o
    0x0800060c   0x0800060c   0x00000002   Code   RO          110    .text.DebugMon_Handler  stm32f4xx_it.o
    0x0800060e   0x0800060e   0x00000002   PAD
    0x08000610   0x08000610   0x00000006   Code   RO           15    .text.Error_Handler  main.o
    0x08000616   0x08000616   0x00000002   PAD
    0x08000618   0x08000618   0x0000013c   Code   RO          222    .text.HAL_ADC_ConfigChannel  stm32f4xx_hal_adc.o
    0x08000754   0x08000754   0x00000002   Code   RO          202    .text.HAL_ADC_ConvCpltCallback  stm32f4xx_hal_adc.o
    0x08000756   0x08000756   0x00000002   PAD
    0x08000758   0x08000758   0x00000002   Code   RO          220    .text.HAL_ADC_ConvHalfCpltCallback  stm32f4xx_hal_adc.o
    0x0800075a   0x0800075a   0x00000002   PAD
    0x0800075c   0x0800075c   0x00000002   Code   RO          206    .text.HAL_ADC_ErrorCallback  stm32f4xx_hal_adc.o
    0x0800075e   0x0800075e   0x00000002   PAD
    0x08000760   0x08000760   0x0000015c   Code   RO          180    .text.HAL_ADC_Init  stm32f4xx_hal_adc.o
    0x080008bc   0x080008bc   0x0000016e   Code   RO           55    .text.HAL_ADC_MspInit  adc.o
    0x08000a2a   0x08000a2a   0x00000002   PAD
    0x08000a2c   0x08000a2c   0x000001a0   Code   RO          208    .text.HAL_ADC_Start_DMA  stm32f4xx_hal_adc.o
    0x08000bcc   0x08000bcc   0x0000008e   Code   RO          432    .text.HAL_DMA_Abort  stm32f4xx_hal_dma.o
    0x08000c5a   0x08000c5a   0x00000002   PAD
    0x08000c5c   0x08000c5c   0x00000024   Code   RO          434    .text.HAL_DMA_Abort_IT  stm32f4xx_hal_dma.o
    0x08000c80   0x08000c80   0x000001c4   Code   RO          438    .text.HAL_DMA_IRQHandler  stm32f4xx_hal_dma.o
    0x08000e44   0x08000e44   0x00000162   Code   RO          424    .text.HAL_DMA_Init  stm32f4xx_hal_dma.o
    0x08000fa6   0x08000fa6   0x00000002   PAD
    0x08000fa8   0x08000fa8   0x000000a2   Code   RO          430    .text.HAL_DMA_Start_IT  stm32f4xx_hal_dma.o
    0x0800104a   0x0800104a   0x00000002   PAD
    0x0800104c   0x0800104c   0x00000028   Code   RO          591    .text.HAL_Delay     stm32f4xx_hal.o
    0x08001074   0x08001074   0x0000019e   Code   RO          386    .text.HAL_GPIO_Init  stm32f4xx_hal_gpio.o
    0x08001212   0x08001212   0x00000002   PAD
    0x08001214   0x08001214   0x0000000a   Code   RO          390    .text.HAL_GPIO_ReadPin  stm32f4xx_hal_gpio.o
    0x0800121e   0x0800121e   0x00000002   PAD
    0x08001220   0x08001220   0x0000000a   Code   RO          392    .text.HAL_GPIO_WritePin  stm32f4xx_hal_gpio.o
    0x0800122a   0x0800122a   0x00000002   PAD
    0x0800122c   0x0800122c   0x0000000c   Code   RO          583    .text.HAL_GetTick   stm32f4xx_hal.o
    0x08001238   0x08001238   0x0000001a   Code   RO          581    .text.HAL_IncTick   stm32f4xx_hal.o
    0x08001252   0x08001252   0x00000002   PAD
    0x08001254   0x08001254   0x00000036   Code   RO          571    .text.HAL_Init      stm32f4xx_hal.o
    0x0800128a   0x0800128a   0x00000002   PAD
    0x0800128c   0x0800128c   0x00000048   Code   RO          573    .text.HAL_InitTick  stm32f4xx_hal.o
    0x080012d4   0x080012d4   0x00000042   Code   RO          133    .text.HAL_MspInit   stm32f4xx_hal_msp.o
    0x08001316   0x08001316   0x00000002   PAD
    0x08001318   0x08001318   0x00000022   Code   RO          523    .text.HAL_NVIC_EnableIRQ  stm32f4xx_hal_cortex.o
    0x0800133a   0x0800133a   0x00000002   PAD
    0x0800133c   0x0800133c   0x00000056   Code   RO          521    .text.HAL_NVIC_SetPriority  stm32f4xx_hal_cortex.o
    0x08001392   0x08001392   0x00000002   PAD
    0x08001394   0x08001394   0x00000020   Code   RO          519    .text.HAL_NVIC_SetPriorityGrouping  stm32f4xx_hal_cortex.o
    0x080013b4   0x080013b4   0x00000164   Code   RO          280    .text.HAL_RCC_ClockConfig  stm32f4xx_hal_rcc.o
    0x08001518   0x08001518   0x00000026   Code   RO          292    .text.HAL_RCC_GetPCLK1Freq  stm32f4xx_hal_rcc.o
    0x0800153e   0x0800153e   0x00000002   PAD
    0x08001540   0x08001540   0x00000026   Code   RO          294    .text.HAL_RCC_GetPCLK2Freq  stm32f4xx_hal_rcc.o
    0x08001566   0x08001566   0x00000002   PAD
    0x08001568   0x08001568   0x0000006e   Code   RO          282    .text.HAL_RCC_GetSysClockFreq  stm32f4xx_hal_rcc.o
    0x080015d6   0x080015d6   0x00000002   PAD
    0x080015d8   0x080015d8   0x000003ac   Code   RO          278    .text.HAL_RCC_OscConfig  stm32f4xx_hal_rcc.o
    0x08001984   0x08001984   0x0000002c   Code   RO          531    .text.HAL_SYSTICK_Config  stm32f4xx_hal_cortex.o
    0x080019b0   0x080019b0   0x00000002   Code   RO          747    .text.HAL_UARTEx_RxEventCallback  stm32f4xx_hal_uart.o
    0x080019b2   0x080019b2   0x00000002   PAD
    0x080019b4   0x080019b4   0x00000002   Code   RO          745    .text.HAL_UART_ErrorCallback  stm32f4xx_hal_uart.o
    0x080019b6   0x080019b6   0x00000002   PAD
    0x080019b8   0x080019b8   0x00000594   Code   RO          739    .text.HAL_UART_IRQHandler  stm32f4xx_hal_uart.o
    0x08001f4c   0x08001f4c   0x00000060   Code   RO          661    .text.HAL_UART_Init  stm32f4xx_hal_uart.o
    0x08001fac   0x08001fac   0x00000166   Code   RO           84    .text.HAL_UART_MspInit  usart.o
    0x08002112   0x08002112   0x00000002   PAD
    0x08002114   0x08002114   0x00000002   Code   RO          753    .text.HAL_UART_RxCpltCallback  stm32f4xx_hal_uart.o
    0x08002116   0x08002116   0x00000002   PAD
    0x08002118   0x08002118   0x000000d4   Code   RO          687    .text.HAL_UART_Transmit_DMA  stm32f4xx_hal_uart.o
    0x080021ec   0x080021ec   0x0000003e   Code   RO          681    .text.HAL_UART_Transmit_IT  stm32f4xx_hal_uart.o
    0x0800222a   0x0800222a   0x00000002   PAD
    0x0800222c   0x0800222c   0x00000002   Code   RO          749    .text.HAL_UART_TxCpltCallback  stm32f4xx_hal_uart.o
    0x0800222e   0x0800222e   0x00000002   PAD
    0x08002230   0x08002230   0x00000002   Code   RO          751    .text.HAL_UART_TxHalfCpltCallback  stm32f4xx_hal_uart.o
    0x08002232   0x08002232   0x00000002   PAD
    0x08002234   0x08002234   0x00000002   Code   RO          102    .text.HardFault_Handler  stm32f4xx_it.o
    0x08002236   0x08002236   0x00000002   PAD
    0x08002238   0x08002238   0x00000090   Code   RO           51    .text.MX_ADC1_Init  adc.o
    0x080022c8   0x080022c8   0x000000c8   Code   RO           53    .text.MX_ADC2_Init  adc.o
    0x08002390   0x08002390   0x00000068   Code   RO           71    .text.MX_DMA_Init   dma.o
    0x080023f8   0x080023f8   0x0000003c   Code   RO           34    .text.MX_FREERTOS_Init  freertos.o
    0x08002434   0x08002434   0x00000134   Code   RO           25    .text.MX_GPIO_Init  gpio.o
    0x08002568   0x08002568   0x0000003c   Code   RO           80    .text.MX_USART1_UART_Init  usart.o
    0x080025a4   0x080025a4   0x0000003c   Code   RO           82    .text.MX_USART6_UART_Init  usart.o
    0x080025e0   0x080025e0   0x00000002   Code   RO          104    .text.MemManage_Handler  stm32f4xx_it.o
    0x080025e2   0x080025e2   0x00000002   PAD
    0x080025e4   0x080025e4   0x000000b6   Code   RO          144    .text.MyMain_Debug  mymain.o
    0x0800269a   0x0800269a   0x00000002   PAD
    0x0800269c   0x0800269c   0x0000000e   Code   RO          142    .text.MyMain_Init   mymain.o
    0x080026aa   0x080026aa   0x00000002   PAD
    0x080026ac   0x080026ac   0x00000002   Code   RO          100    .text.NMI_Handler   stm32f4xx_it.o
    0x080026ae   0x080026ae   0x00000002   PAD
    0x080026b0   0x080026b0   0x00000064   Code   RO         1348    .text.PendSV_Handler  port.o
    0x08002714   0x08002714   0x000002fc   Code   RO          167    .text.Remote_Init   remoteinput.o
    0x08002a10   0x08002a10   0x0000015e   Code   RO          156    .text.Remote_Send   remote.o
    0x08002b6e   0x08002b6e   0x00000002   PAD
    0x08002b70   0x08002b70   0x0000003c   Code   RO          154    .text.Remote_TransmitInit  remote.o
    0x08002bac   0x08002bac   0x000007ec   Code   RO          169    .text.Remote_Update  remoteinput.o
    0x08003398   0x08003398   0x00000008   PAD
    0x080033a0   0x080033a0   0x00000024   Code   RO         1332    .text.SVC_Handler   port.o
    0x080033c4   0x080033c4   0x0000000c   Code   RO           38    .text.StartDebugTask  freertos.o
    0x080033d0   0x080033d0   0x00000010   Code   RO           36    .text.StartRemoteTask  freertos.o
    0x080033e0   0x080033e0   0x00000022   Code   RO          112    .text.SysTick_Handler  stm32f4xx_it.o
    0x08003402   0x08003402   0x00000002   PAD
    0x08003404   0x08003404   0x000000ac   Code   RO           13    .text.SystemClock_Config  main.o
    0x080034b0   0x080034b0   0x00000012   Code   RO          783    .text.SystemInit    system_stm32f4xx.o
    0x080034c2   0x080034c2   0x00000002   PAD
    0x080034c4   0x080034c4   0x0000000a   Code   RO          743    .text.UART_DMAAbortOnError  stm32f4xx_hal_uart.o
    0x080034ce   0x080034ce   0x00000002   PAD
    0x080034d0   0x080034d0   0x0000017c   Code   RO          693    .text.UART_DMAError  stm32f4xx_hal_uart.o
    0x0800364c   0x0800364c   0x000000b0   Code   RO          689    .text.UART_DMATransmitCplt  stm32f4xx_hal_uart.o
    0x080036fc   0x080036fc   0x00000006   Code   RO          691    .text.UART_DMATxHalfCplt  stm32f4xx_hal_uart.o
    0x08003702   0x08003702   0x00000002   PAD
    0x08003704   0x08003704   0x000000fe   Code   RO          741    .text.UART_Receive_IT  stm32f4xx_hal_uart.o
    0x08003802   0x08003802   0x00000002   PAD
    0x08003804   0x08003804   0x000000e6   Code   RO          665    .text.UART_SetConfig  stm32f4xx_hal_uart.o
    0x080038ea   0x080038ea   0x00000002   PAD
    0x080038ec   0x080038ec   0x0000000c   Code   RO          114    .text.USART1_IRQHandler  stm32f4xx_it.o
    0x080038f8   0x080038f8   0x0000000c   Code   RO          116    .text.USART6_IRQHandler  stm32f4xx_it.o
    0x08003904   0x08003904   0x00000002   Code   RO          108    .text.UsageFault_Handler  stm32f4xx_it.o
    0x08003906   0x08003906   0x00000002   PAD
    0x08003908   0x08003908   0x0000003a   Code   RO           11    .text.main          main.o
    0x08003942   0x08003942   0x00000002   PAD
    0x08003944   0x08003944   0x00000020   Code   RO         1203    .text.osDelay       cmsis_os2.o
    0x08003964   0x08003964   0x00000028   Code   RO         1145    .text.osKernelInitialize  cmsis_os2.o
    0x0800398c   0x0800398c   0x0000003c   Code   RO         1151    .text.osKernelStart  cmsis_os2.o
    0x080039c8   0x080039c8   0x00000094   Code   RO         1167    .text.osThreadNew   cmsis_os2.o
    0x08003a5c   0x08003a5c   0x0000028a   Code   RO          980    .text.prvAddNewTaskToReadyList  tasks.o
    0x08003ce6   0x08003ce6   0x00000002   PAD
    0x08003ce8   0x08003ce8   0x00000086   Code   RO         1012    .text.prvIdleTask   tasks.o
    0x08003d6e   0x08003d6e   0x00000002   PAD
    0x08003d70   0x08003d70   0x00000104   Code   RO          978    .text.prvInitialiseNewTask  tasks.o
    0x08003e74   0x08003e74   0x00000028   Code   RO         1340    .text.prvPortStartFirstTask  port.o
    0x08003e9c   0x08003e9c   0x0000003e   Code   RO         1330    .text.prvTaskExitError  port.o
    0x08003eda   0x08003eda   0x00000002   PAD
    0x08003edc   0x08003edc   0x0000037a   Code   RO         1097    .text.prvTimerTask  timers.o
    0x08004256   0x08004256   0x00000002   PAD
    0x08004258   0x08004258   0x00000074   Code   RO          879    .text.prvUnlockQueue  queue.o
    0x080042cc   0x080042cc   0x000001e8   Code   RO         1306    .text.pvPortMalloc  heap_4.o
    0x080044b4   0x080044b4   0x00000024   Code   RO         1328    .text.pxPortInitialiseStack  port.o
    0x080044d8   0x080044d8   0x00000022   Code   RO          843    .text.uxListRemove  list.o
    0x080044fa   0x080044fa   0x00000002   PAD
    0x080044fc   0x080044fc   0x0000001a   Code   RO         1289    .text.vApplicationGetIdleTaskMemory  cmsis_os2.o
    0x08004516   0x08004516   0x00000002   PAD
    0x08004518   0x08004518   0x0000001c   Code   RO         1291    .text.vApplicationGetTimerTaskMemory  cmsis_os2.o
    0x08004534   0x08004534   0x00000016   Code   RO          835    .text.vListInitialise  list.o
    0x0800454a   0x0800454a   0x00000002   PAD
    0x0800454c   0x0800454c   0x00000006   Code   RO          837    .text.vListInitialiseItem  list.o
    0x08004552   0x08004552   0x00000002   PAD
    0x08004554   0x08004554   0x00000062   Code   RO          841    .text.vListInsert   list.o
    0x080045b6   0x080045b6   0x00000002   PAD
    0x080045b8   0x080045b8   0x0000001a   Code   RO          839    .text.vListInsertEnd  list.o
    0x080045d2   0x080045d2   0x00000002   PAD
    0x080045d4   0x080045d4   0x00000014   Code   RO         1338    .text.vPortEnableVFP  port.o
    0x080045e8   0x080045e8   0x00000046   Code   RO         1344    .text.vPortEnterCritical  port.o
    0x0800462e   0x0800462e   0x00000002   PAD
    0x08004630   0x08004630   0x0000002e   Code   RO         1346    .text.vPortExitCritical  port.o
    0x0800465e   0x0800465e   0x00000002   PAD
    0x08004660   0x08004660   0x000000de   Code   RO         1308    .text.vPortFree     heap_4.o
    0x0800473e   0x0800473e   0x00000002   PAD
    0x08004740   0x08004740   0x00000034   Code   RO         1336    .text.vPortSetupTimerInterrupt  port.o
    0x08004774   0x08004774   0x00000058   Code   RO          913    .text.vQueueAddToRegistry  queue.o
    0x080047cc   0x080047cc   0x00000052   Code   RO          917    .text.vQueueWaitForMessageRestricted  queue.o
    0x0800481e   0x0800481e   0x00000002   PAD
    0x08004820   0x08004820   0x00000080   Code   RO          992    .text.vTaskDelay    tasks.o
    0x080048a0   0x080048a0   0x00000012   Code   RO         1042    .text.vTaskInternalSetTimeOutState  tasks.o
    0x080048b2   0x080048b2   0x00000002   PAD
    0x080048b4   0x080048b4   0x0000000e   Code   RO         1046    .text.vTaskMissedYield  tasks.o
    0x080048c2   0x080048c2   0x00000002   PAD
    0x080048c4   0x080048c4   0x00000074   Code   RO         1030    .text.vTaskPlaceOnEventList  tasks.o
    0x08004938   0x08004938   0x0000007a   Code   RO         1034    .text.vTaskPlaceOnEventListRestricted  tasks.o
    0x080049b2   0x080049b2   0x00000002   PAD
    0x080049b4   0x080049b4   0x000000f0   Code   RO         1010    .text.vTaskStartScheduler  tasks.o
    0x08004aa4   0x08004aa4   0x00000010   Code   RO          988    .text.vTaskSuspendAll  tasks.o
    0x08004ab4   0x08004ab4   0x000000cc   Code   RO         1004    .text.vTaskSwitchContext  tasks.o
    0x08004b80   0x08004b80   0x00000188   Code   RO         1334    .text.xPortStartScheduler  port.o
    0x08004d08   0x08004d08   0x0000002e   Code   RO         1350    .text.xPortSysTickHandler  port.o
    0x08004d36   0x08004d36   0x00000002   PAD
    0x08004d38   0x08004d38   0x000000da   Code   RO          855    .text.xQueueGenericCreateStatic  queue.o
    0x08004e12   0x08004e12   0x00000002   PAD
    0x08004e14   0x08004e14   0x000002c0   Code   RO          869    .text.xQueueGenericSend  queue.o
    0x080050d4   0x080050d4   0x0000023e   Code   RO          885    .text.xQueueReceive  queue.o
    0x08005312   0x08005312   0x00000002   PAD
    0x08005314   0x08005314   0x0000009a   Code   RO         1044    .text.xTaskCheckForTimeOut  tasks.o
    0x080053ae   0x080053ae   0x00000002   PAD
    0x080053b0   0x080053b0   0x00000060   Code   RO          982    .text.xTaskCreate   tasks.o
    0x08005410   0x08005410   0x00000076   Code   RO          976    .text.xTaskCreateStatic  tasks.o
    0x08005486   0x08005486   0x00000002   PAD
    0x08005488   0x08005488   0x0000001e   Code   RO         1058    .text.xTaskGetSchedulerState  tasks.o
    0x080054a6   0x080054a6   0x00000002   PAD
    0x080054a8   0x080054a8   0x0000000c   Code   RO         1018    .text.xTaskGetTickCount  tasks.o
    0x080054b4   0x080054b4   0x00000104   Code   RO         1016    .text.xTaskIncrementTick  tasks.o
    0x080055b8   0x080055b8   0x0000008e   Code   RO         1062    .text.xTaskPriorityDisinherit  tasks.o
    0x08005646   0x08005646   0x00000002   PAD
    0x08005648   0x08005648   0x00000072   Code   RO         1036    .text.xTaskRemoveFromEventList  tasks.o
    0x080056ba   0x080056ba   0x00000002   PAD
    0x080056bc   0x080056bc   0x000000ee   Code   RO          990    .text.xTaskResumeAll  tasks.o
    0x080057aa   0x080057aa   0x00000002   PAD
    0x080057ac   0x080057ac   0x000000b4   Code   RO         1095    .text.xTimerCreateTimerTask  timers.o
    0x08005860   0x08005860   0x0000001a   Code   RO         1494    x$fpl$fpinit        fz_wm.l(fpinit.o)
    0x0800587a   0x0800587a   0x00000010   Data   RO          788    .rodata.AHBPrescTable  system_stm32f4xx.o
    0x0800588a   0x0800588a   0x00000008   Data   RO          789    .rodata.APBPrescTable  system_stm32f4xx.o
    0x08005892   0x08005892   0x00000008   Data   RO          448    .rodata.cst8        stm32f4xx_hal_dma.o
    0x0800589a   0x0800589a   0x00000002   PAD
    0x0800589c   0x0800589c   0x00000024   Data   RO           42    .rodata.debugTask_attributes  freertos.o
    0x080058c0   0x080058c0   0x00000024   Data   RO           41    .rodata.remoteTask_attributes  freertos.o
    0x080058e4   0x080058e4   0x00000015   Data   RO           40    .rodata.str1.1      freertos.o
    0x080058f9   0x080058f9   0x00000005   Data   RO         1135    .rodata.str1.1      timers.o
    0x080058fe   0x080058fe   0x00000002   PAD
    0x08005900   0x08005900   0x00000020   Data   RO         1555    Region$$Table       anon$$obj.o


    Execution Region RW_IRAM1 (Exec base: 0x20000000, Load base: 0x08005920, Size: 0x00005318, Max: 0x0001c000, ABSOLUTE)

    Exec Addr    Load Addr    Size         Type   Attr      Idx    E Section Name        Object

    0x20000000   0x08005920   0x00000008   Data   RW          626    .data..L_MergedGlobals  stm32f4xx_hal.o
    0x20000008   0x08005928   0x00000004   Data   RW          787    .data.SystemCoreClock  system_stm32f4xx.o
    0x2000000c   0x0800592c   0x00000004   Data   RW         1354    .data.uxCriticalNesting  port.o
    0x20000010        -       0x00000060   Zero   RW         1420    .bss                c_w.l(libspace.o)
    0x20000070        -       0x00000008   Zero   RW           43    .bss..L_MergedGlobals  freertos.o
    0x20000078        -       0x00000038   Zero   RW          158    .bss..L_MergedGlobals  remote.o
    0x200000b0        -       0x00000050   Zero   RW          171    .bss..L_MergedGlobals  remoteinput.o
    0x20000100        -       0x00000078   Zero   RW         1085    .bss..L_MergedGlobals  tasks.o
    0x20000178        -       0x0000003c   Zero   RW         1136    .bss..L_MergedGlobals  timers.o
    0x200001b4        -       0x00000020   Zero   RW         1319    .bss..L_MergedGlobals  heap_4.o
    0x200001d4        -       0x00000008   Zero   RW         1355    .bss..L_MergedGlobals  port.o
    0x200001dc        -       0x00000028   Zero   RW         1086    .bss..L_MergedGlobals.2  tasks.o
    0x20000204        -       0x00000004   Zero   RW         1293    .bss.KernelState    cmsis_os2.o
    0x20000208        -       0x00000024   Zero   RW          146    .bss.debug_frame    mymain.o
    0x2000022c        -       0x00000048   Zero   RW           59    .bss.hadc1          adc.o
    0x20000274        -       0x00000048   Zero   RW           60    .bss.hadc2          adc.o
    0x200002bc        -       0x00000060   Zero   RW           61    .bss.hdma_adc1      adc.o
    0x2000031c        -       0x00000060   Zero   RW           62    .bss.hdma_adc2      adc.o
    0x2000037c        -       0x00000060   Zero   RW           91    .bss.hdma_usart1_rx  usart.o
    0x200003dc        -       0x00000060   Zero   RW           90    .bss.hdma_usart1_tx  usart.o
    0x2000043c        -       0x00000048   Zero   RW           88    .bss.huart1         usart.o
    0x20000484        -       0x00000048   Zero   RW           89    .bss.huart6         usart.o
    0x200004cc        -       0x000000a0   Zero   RW         1134    .bss.prvCheckForValidListAndQueue.ucStaticTimerQueueStorage  timers.o
    0x2000056c        -       0x00000050   Zero   RW         1133    .bss.prvCheckForValidListAndQueue.xStaticTimerQueue  timers.o
    0x200005bc        -       0x00000460   Zero   RW         1084    .bss.pxReadyTasksLists  tasks.o
    0x20000a1c        -       0x00003c00   Zero   RW         1318    .bss.ucHeap         heap_4.o
    0x2000461c        -       0x00000004   Zero   RW          625    .bss.uwTick         stm32f4xx_hal.o
    0x20004620        -       0x00000200   Zero   RW         1295    .bss.vApplicationGetIdleTaskMemory.Idle_Stack  cmsis_os2.o
    0x20004820        -       0x0000005c   Zero   RW         1294    .bss.vApplicationGetIdleTaskMemory.Idle_TCB  cmsis_os2.o
    0x2000487c        -       0x00000400   Zero   RW         1297    .bss.vApplicationGetTimerTaskMemory.Timer_Stack  cmsis_os2.o
    0x20004c7c        -       0x0000005c   Zero   RW         1296    .bss.vApplicationGetTimerTaskMemory.Timer_TCB  cmsis_os2.o
    0x20004cd8        -       0x00000040   Zero   RW          919    .bss.xQueueRegistry  queue.o
    0x20004d18        -       0x00000200   Zero   RW            2    HEAP                startup_stm32f407xx.o
    0x20004f18        -       0x00000400   Zero   RW            1    STACK               startup_stm32f407xx.o


    Execution Region RW_IRAM2 (Exec base: 0x2001c000, Load base: 0x08005930, Size: 0x00000000, Max: 0x00004000, ABSOLUTE)

    **** No section assigned to this execution region ****


==============================================================================

Image component sizes


      Code (inc. data)   RO Data    RW Data    ZI Data      Debug   Object Name

       710          0          0          0        336       6102   adc.o
       334          0          0          0       1724      43189   cmsis_os2.o
       104          0          0          0          0       3491   dma.o
        88          0         93          0          8       3034   freertos.o
       308          0          0          0          0       2332   gpio.o
       710          0          0          0      15392       5891   heap_4.o
       186          0          0          0          0       2368   list.o
       236          0          0          0          0       3201   main.o
       196          0          0          0         36       3830   mymain.o
       900         16          0          4          8       4397   port.o
      1782          0          0          0         64      30822   queue.o
       410          0          0          0         56       3532   remote.o
      2792         72          0          0         80      13970   remoteinput.o
        64         26        392          0       1536        848   startup_stm32f407xx.o
       204          0          0          8          4       7328   stm32f4xx_hal.o
      1220          0          0          0          0      12282   stm32f4xx_hal_adc.o
       196          0          0          0          0      10746   stm32f4xx_hal_cortex.o
      1146          6          8          0          0      10594   stm32f4xx_hal_dma.o
       434          0          0          0          0       5456   stm32f4xx_hal_gpio.o
        66          0          0          0          0       3551   stm32f4xx_hal_msp.o
      1482          4          0          0          0       7598   stm32f4xx_hal_rcc.o
      2864          0          0          0          0      32822   stm32f4xx_hal_uart.o
       118          0          0          0          0       4764   stm32f4xx_it.o
        18          0         24          4          0       2617   system_stm32f4xx.o
      3066          8          0          0       1280      44766   tasks.o
      1070         18          5          0        300      16644   timers.o
       478          0          0          0        336       7463   usart.o

    ----------------------------------------------------------------------
     21332        158        558         16      21160     293638   Object Totals
         0          0         32          0          0          0   (incl. Generated)
       150          8          4          0          0          0   (incl. Padding)

    ----------------------------------------------------------------------

      Code (inc. data)   RO Data    RW Data    ZI Data      Debug   Library Member Name

         8          0          0          0          0         68   __main.o
         0          0          0          0          0          0   __rtentry.o
        12          0          0          0          0          0   __rtentry2.o
         6          0          0          0          0          0   __rtentry4.o
        94          8          0          0          0          0   __scatter.o
        26          0          0          0          0          0   __scatter_copy.o
        28          0          0          0          0          0   __scatter_zi.o
        16          0          0          0          0         68   aeabi_memset4.o
        18          0          0          0          0         80   exit.o
         6          0          0          0          0        152   heapauxi.o
         0          0          0          0          0          0   indicate_semi.o
         2          0          0          0          0          0   libinit.o
         6          0          0          0          0          0   libinit2.o
         2          0          0          0          0          0   libshutdown.o
         2          0          0          0          0          0   libshutdown2.o
         8          4          0          0         96         68   libspace.o
       240          0          0          0          0        100   lludivv7m.o
        78          0          0          0          0         80   rt_memclr_w.o
       138          0          0          0          0         68   rt_memcpy_v6.o
       100          0          0          0          0         80   rt_memcpy_w.o
         2          0          0          0          0          0   rtexit.o
        10          0          0          0          0          0   rtexit2.o
        12          4          0          0          0         68   sys_exit.o
        74          0          0          0          0         80   sys_stackheap_outer.o
         2          0          0          0          0         68   use_no_semi.o
        26          0          0          0          0        116   fpinit.o

    ----------------------------------------------------------------------
       926         16          0          0         96       1096   Library Totals
        10          0          0          0          0          0   (incl. Padding)

    ----------------------------------------------------------------------

      Code (inc. data)   RO Data    RW Data    ZI Data      Debug   Library Name

       890         16          0          0         96        980   c_w.l
        26          0          0          0          0        116   fz_wm.l

    ----------------------------------------------------------------------
       926         16          0          0         96       1096   Library Totals

    ----------------------------------------------------------------------

==============================================================================


      Code (inc. data)   RO Data    RW Data    ZI Data      Debug   

     22258        174        558         16      21256     293886   Grand Totals
     22258        174        558         16      21256     293886   ELF Image Totals
     22258        174        558         16          0          0   ROM Totals

==============================================================================

    Total RO  Size (Code + RO Data)                22816 (  22.28kB)
    Total RW  Size (RW Data + ZI Data)             21272 (  20.77kB)
    Total ROM Size (Code + RO Data + RW Data)      22832 (  22.30kB)

==============================================================================

