<html>
<body>
<pre>
<h1>µVision Build Log</h1>
<h2>Tool Versions:</h2>
IDE-Version: ¶ÃVision V5.43.1.0
Copyright (C) 2025 ARM Ltd and ARM Germany GmbH. All rights reserved.
License Information: A 2428032193@qq.com, A, LIC=NQQMA-1LLLU-KPPZY-IRNPZ-7RG72-3GXLH
 
Tool Versions:
Toolchain:       MDK-ARM Plus  Version: 5.43.0.0
Toolchain Path:  D:\keil5\ARM\ARMCC\Bin
C Compiler:      Armcc.exe V5.06 update 7 (build 960)
Assembler:       Armasm.exe V5.06 update 7 (build 960)
Linker/Locator:  ArmLink.exe V5.06 update 7 (build 960)
Library Manager: ArmAr.exe V5.06 update 7 (build 960)
Hex Converter:   FromElf.exe V5.06 update 7 (build 960)
CPU DLL:         SARMCM3.DLL V5.43.0.0
Dialog DLL:      DCM.DLL V1.17.5.0
Target DLL:      CMSIS_AGDI.dll V1.33.24.0
Dialog DLL:      TCM.DLL V1.56.6.0
 
<h2>Project:</h2>
D:\◊¿√Ê\ Ó∆⁄≈‡—µ\ Ó∆⁄≈‡—µ-B◊È\≈‡—µ“£øÿ\MDK-ARM\b-remote control.uvprojx
Project File Date:  08/14/2026

<h2>Output:</h2>
*** Using Compiler 'V5.06 update 7 (build 960)', folder: 'D:\keil5\ARM\ARMCC\Bin'
Rebuild target 'b-remote control'
assembling startup_stm32f407xx.s...
compiling croutine.c...
compiling event_groups.c...
compiling list.c...
compiling queue.c...
compiling stm32f4xx_it.c...
compiling mymain.c...
compiling stm32f4xx_hal_dma_ex.c...
compiling RemoteInput.c...
compiling freertos.c...
compiling stm32f4xx_hal_dma.c...
compiling stream_buffer.c...
compiling timers.c...
compiling system_stm32f4xx.c...
compiling gpio.c...
compiling Remote.c...
compiling adc.c...
compiling stm32f4xx_hal_adc.c...
compiling stm32f4xx_hal_uart.c...
compiling stm32f4xx_hal_flash_ex.c...
compiling stm32f4xx_hal_cortex.c...
compiling stm32f4xx_hal_rcc_ex.c...
compiling dma.c...
compiling usart.c...
compiling stm32f4xx_hal_gpio.c...
compiling stm32f4xx_hal_tim_ex.c...
compiling stm32f4xx_hal_pwr_ex.c...
compiling stm32f4xx_hal_msp.c...
compiling heap_4.c...
compiling stm32f4xx_hal_exti.c...
compiling stm32f4xx_hal_adc_ex.c...
compiling stm32f4xx_hal_timebase_tim.c...
compiling tasks.c...
compiling main.c...
compiling stm32f4xx_hal.c...
compiling stm32f4xx_hal_flash_ramfunc.c...
compiling stm32f4xx_hal_pwr.c...
compiling stm32f4xx_hal_flash.c...
compiling stm32f4xx_hal_rcc.c...
compiling port.c...
compiling stm32f4xx_hal_tim.c...
compiling cmsis_os2.c...
linking...
Program Size: Code=19080 RO-data=740 RW-data=236 ZI-data=21084  
FromELF: creating hex file...
"b-remote control\b-remote control.axf" - 0 Error(s), 0 Warning(s).

<h2>Software Packages used:</h2>

Package Vendor: ARM
                http://www.keil.com/pack/ARM.CMSIS.5.0.1.pack
                ARM::CMSIS@5.0.1
                CMSIS (Cortex Microcontroller Software Interface Standard)
   * Component: CORE Version: 5.0.1

Package Vendor: Keil
                https://www.keil.com/pack/Keil.STM32F4xx_DFP.3.1.1.pack
                Keil::STM32F4xx_DFP@3.1.1
                STMicroelectronics STM32F4 Series Device Support

<h2>Collection of Component include folders:</h2>
  ./RTE/_b-remote_control
  D:/keil5/ARM/PACK/ARM/CMSIS/5.0.1/CMSIS/Include

<h2>Collection of Component Files used:</h2>

   * Component: ARM::CMSIS:CORE@5.0.1
Build Time Elapsed:  00:00:20
</pre>
</body>
</html>
