[0.008s] Invoking command in '/home/husky/TR/build/livox_ros_driver2': CMAKE_PREFIX_PATH=${CMAKE_PREFIX_PATH}:/opt/ros/jazzy DEBUGINFOD_URLS=https://debuginfod.ubuntu.com /usr/bin/cmake /home/husky/TR/src/livox_ros_driver2 -DCMAKE_INSTALL_PREFIX=/home/husky/TR/install/livox_ros_driver2
[0.050s] -- The C compiler identification is GNU 12.4.0
[0.091s] -- The CXX compiler identification is GNU 12.4.0
[0.105s] -- Detecting C compiler ABI info
[0.174s] -- Detecting C compiler ABI info - done
[0.179s] -- Check for working C compiler: /usr/bin/cc - skipped
[0.180s] -- Detecting C compile features
[0.180s] -- Detecting C compile features - done
[0.186s] -- Detecting CXX compiler ABI info
[0.261s] -- Detecting CXX compiler ABI info - done
[0.268s] -- Check for working CXX compiler: /usr/bin/c++ - skipped
[0.268s] -- Detecting CXX compile features
[0.268s] -- Detecting CXX compile features - done
[0.269s] -- livox_ros_driver2 version: 1.2.6
[0.273s] -- Found ament_cmake_auto: 2.5.6 (/opt/ros/jazzy/share/ament_cmake_auto/cmake)
[0.389s] -- Found Python3: /usr/bin/python3 (found version "3.12.3") found components: Interpreter 
[0.553s] -- Using all available rosidl_typesupport_c: rosidl_typesupport_fastrtps_c;rosidl_typesupport_introspection_c
[0.607s] -- Using all available rosidl_typesupport_cpp: rosidl_typesupport_fastrtps_cpp;rosidl_typesupport_introspection_cpp
[0.658s] -- Found rosidl_adapter: 4.6.9 (/opt/ros/jazzy/share/rosidl_adapter/cmake)
[0.735s] -- Found rmw_implementation_cmake: 7.3.3 (/opt/ros/jazzy/share/rmw_implementation_cmake/cmake)
[0.738s] -- Found rmw_fastrtps_cpp: 8.4.4 (/opt/ros/jazzy/share/rmw_fastrtps_cpp/cmake)
[0.814s] -- Found OpenSSL: /usr/lib/x86_64-linux-gnu/libcrypto.so (found version "3.0.13")  
[0.828s] -- Found FastRTPS: /opt/ros/jazzy/include (Required is at least version "2.13") 
[0.844s] -- Using RMW implementation 'rmw_fastrtps_cpp' as default
[1.080s] [33mCMake Warning (dev) at /usr/lib/x86_64-linux-gnu/cmake/pcl/Modules/FindFLANN.cmake:45 (find_package):
[1.080s]   Policy CMP0144 is not set: find_package uses upper-case <PACKAGENAME>_ROOT
[1.081s]   variables.  Run "cmake --help-policy CMP0144" for policy details.  Use the
[1.081s]   cmake_policy command to set the policy and suppress this warning.
[1.081s] 
[1.081s]   CMake variable FLANN_ROOT is set to:
[1.081s] 
[1.081s]     /usr
[1.081s] 
[1.081s]   For compatibility, find_package is ignoring the variable, but code in a
[1.081s]   .cmake module might still use it.
[1.081s] Call Stack (most recent call first):
[1.081s]   /usr/lib/x86_64-linux-gnu/cmake/pcl/PCLConfig.cmake:261 (find_package)
[1.081s]   /usr/lib/x86_64-linux-gnu/cmake/pcl/PCLConfig.cmake:306 (find_flann)
[1.081s]   /usr/lib/x86_64-linux-gnu/cmake/pcl/PCLConfig.cmake:570 (find_external_library)
[1.081s]   /opt/ros/jazzy/share/pcl_conversions/cmake/ament_cmake_export_dependencies-extras.cmake:21 (find_package)
[1.081s]   /opt/ros/jazzy/share/pcl_conversions/cmake/pcl_conversionsConfig.cmake:41 (include)
[1.081s]   /opt/ros/jazzy/share/ament_cmake_auto/cmake/ament_auto_find_build_dependencies.cmake:67 (find_package)
[1.082s]   CMakeLists.txt:225 (ament_auto_find_build_dependencies)
[1.082s] This warning is for project developers.  Use -Wno-dev to suppress it.
[1.082s] [0m
[1.082s] -- Found flann version 1.9.2
[1.322s] -- Found OpenMP_CXX: -fopenmp (found version "4.5") 
[1.323s] -- Found OpenMP: TRUE (found version "4.5") found components: CXX 
[2.343s] -- Checking for module 'libusb-1.0'
[2.355s] --   Found libusb-1.0, version 1.0.27
[2.386s] -- Found libusb: /usr/lib/x86_64-linux-gnu/libusb-1.0.so  
[2.388s] -- OpenNI found (version: 1.5.4.0, include: /usr/include/ni, lib: /usr/lib/libOpenNI.so;libusb::libusb)
[2.438s] -- OpenNI2 found (version: 2.2.0.33, include: /usr/include/openni2, lib: /usr/lib/x86_64-linux-gnu/libOpenNI2.so;libusb::libusb)
[2.439s] -- Found Pcap: /usr/lib/x86_64-linux-gnu/libpcap.so  
[2.451s] -- Found ZLIB: /usr/lib/x86_64-linux-gnu/libz.so (found version "1.3")  
[2.466s] -- Found PNG: /usr/lib/x86_64-linux-gnu/libpng.so (found version "1.6.43") 
[2.782s] -- OpenNI found (version: 1.5.4.0, include: /usr/include/ni, lib: /usr/lib/libOpenNI.so;libusb::libusb)
[2.787s] -- OpenNI2 found (version: 2.2.0.33, include: /usr/include/openni2, lib: /usr/lib/x86_64-linux-gnu/libOpenNI2.so;libusb::libusb)
[3.100s] -- Found Qhull version 8.0.2
[3.413s] -- OpenNI found (version: 1.5.4.0, include: /usr/include/ni, lib: /usr/lib/libOpenNI.so;libusb::libusb)
[3.712s] -- Found PCL_COMMON: /usr/lib/x86_64-linux-gnu/libpcl_common.so  
[3.713s] -- Found PCL_KDTREE: /usr/lib/x86_64-linux-gnu/libpcl_kdtree.so  
[3.714s] -- Found PCL_OCTREE: /usr/lib/x86_64-linux-gnu/libpcl_octree.so  
[3.714s] -- Found PCL_SEARCH: /usr/lib/x86_64-linux-gnu/libpcl_search.so  
[3.715s] -- Found PCL_SAMPLE_CONSENSUS: /usr/lib/x86_64-linux-gnu/libpcl_sample_consensus.so  
[3.716s] -- Found PCL_FILTERS: /usr/lib/x86_64-linux-gnu/libpcl_filters.so  
[3.716s] -- Found PCL_2D: /usr/include/pcl-1.14  
[3.716s] -- Found PCL_GEOMETRY: /usr/include/pcl-1.14  
[3.717s] -- Found PCL_IO: /usr/lib/x86_64-linux-gnu/libpcl_io.so  
[3.718s] -- Found PCL_FEATURES: /usr/lib/x86_64-linux-gnu/libpcl_features.so  
[3.718s] -- Found PCL_ML: /usr/lib/x86_64-linux-gnu/libpcl_ml.so  
[3.719s] -- Found PCL_SEGMENTATION: /usr/lib/x86_64-linux-gnu/libpcl_segmentation.so  
[3.720s] -- Found PCL_VISUALIZATION: /usr/lib/x86_64-linux-gnu/libpcl_visualization.so  
[3.720s] -- Found PCL_SURFACE: /usr/lib/x86_64-linux-gnu/libpcl_surface.so  
[3.721s] -- Found PCL_REGISTRATION: /usr/lib/x86_64-linux-gnu/libpcl_registration.so  
[3.722s] -- Found PCL_KEYPOINTS: /usr/lib/x86_64-linux-gnu/libpcl_keypoints.so  
[3.723s] -- Found PCL_TRACKING: /usr/lib/x86_64-linux-gnu/libpcl_tracking.so  
[3.723s] -- Found PCL_RECOGNITION: /usr/lib/x86_64-linux-gnu/libpcl_recognition.so  
[3.724s] -- Found PCL_STEREO: /usr/lib/x86_64-linux-gnu/libpcl_stereo.so  
[3.725s] -- Found PCL_APPS: /usr/lib/x86_64-linux-gnu/libpcl_apps.so  
[3.725s] -- Found PCL_IN_HAND_SCANNER: /usr/include/pcl-1.14  
[3.725s] -- Found PCL_MODELER: /usr/include/pcl-1.14  
[3.726s] -- Found PCL_POINT_CLOUD_EDITOR: /usr/include/pcl-1.14  
[3.726s] -- Found PCL_OUTOFCORE: /usr/lib/x86_64-linux-gnu/libpcl_outofcore.so  
[3.727s] -- Found PCL_PEOPLE: /usr/lib/x86_64-linux-gnu/libpcl_people.so  
[3.768s] -- Found PkgConfig: /usr/bin/pkg-config (found version "1.8.1") 
[3.769s] -- Checking for module 'apr-1'
[3.784s] --   Found apr-1, version 1.7.2
[3.816s] [0m/usr/include/apr-1.0[0m
[3.816s] [0mapr-1[0m
[4.194s] -- Found ament_cmake_ros: 0.12.1 (/opt/ros/jazzy/share/ament_cmake_ros/cmake)
[4.534s] -- Using all available rosidl_typesupport_c: rosidl_typesupport_fastrtps_c;rosidl_typesupport_introspection_c
[4.975s] -- Using all available rosidl_typesupport_cpp: rosidl_typesupport_fastrtps_cpp;rosidl_typesupport_introspection_cpp
[4.981s] -- Found python_cmake_module: 0.11.1 (/opt/ros/jazzy/share/python_cmake_module/cmake)
[5.074s] -- Found PythonExtra: /usr/bin/python3  
[5.371s] -- Found Python3: /usr/bin/python3 (found version "3.12.3") found components: Interpreter Development NumPy Development.Module Development.Embed 
[5.434s] -- Found Python3: /usr/bin/python3 (found version "3.12.3") found components: Interpreter 
[5.448s] -- Found ament_lint_auto: 0.17.5 (/opt/ros/jazzy/share/ament_lint_auto/cmake)
[5.487s] -- Added test 'copyright' to check source files copyright and LICENSE
[5.493s] -- Added test 'cppcheck' to perform static code analysis on C / C++ code
[5.494s] -- Configured cppcheck include dirs: /home/husky/TR/src/livox_ros_driver2/3rdparty;/home/husky/TR/src/livox_ros_driver2/src
[5.494s] -- Configured cppcheck exclude dirs and/or files: 
[5.500s] -- Added test 'cpplint' to check C / C++ code against the Google style
[5.500s] -- Configured cpplint exclude dirs and/or files: 
[5.501s] -- Added test 'flake8' to check Python code syntax and style conventions
[5.501s] -- Configured 'flake8' exclude dirs and/or files: 
[5.503s] -- Added test 'lint_cmake' to check CMake code style
[5.504s] -- Added test 'pep257' to check Python code against some of the docstring style conventions in PEP 257
[5.510s] -- Added test 'uncrustify' to check C / C++ code style
[5.510s] -- Configured uncrustify additional arguments: 
[5.511s] -- Added test 'xmllint' to check XML markup files
[5.514s] -- Configuring done (5.5s)
[5.521s] [0mCMake Error: The following variables are used in this project, but they are set to NOTFOUND.
[5.521s] Please set them or make sure they are set and tested correctly in the CMake files:
[5.521s] /home/husky/TR/src/livox_ros_driver2/LIVOX_INTERFACES_INCLUDE_DIRECTORIES
[5.522s]    used as include directory in directory /home/husky/TR/src/livox_ros_driver2
[5.522s] [0m
[5.589s] -- Generating done (0.1s)
[5.592s] [0mCMake Generate step failed.  Build files cannot be regenerated correctly.[0m
[5.612s] Invoked command in '/home/husky/TR/build/livox_ros_driver2' returned '1': CMAKE_PREFIX_PATH=${CMAKE_PREFIX_PATH}:/opt/ros/jazzy DEBUGINFOD_URLS=https://debuginfod.ubuntu.com /usr/bin/cmake /home/husky/TR/src/livox_ros_driver2 -DCMAKE_INSTALL_PREFIX=/home/husky/TR/install/livox_ros_driver2
